Placing Sensors
[cost_icnn] bounded observer + shifted softplus with quadratic floor: V >= eps*d^2, eps=1.451
Placing Sensors
[Episode 1/900] Steps: 720 | Reward:   -7.60 | Battery:  33.51% | Loss: 
Placing Sensors
[Episode 2/900] Steps:  89 | Reward:  -17.52 | Battery:   0.00% | Loss: 
Placing Sensors
[Episode 3/900] Steps:  82 | Reward:  -17.46 | Battery:   0.00% | Loss: 
Placing Sensors
[Episode 4/900] Steps:  76 | Reward:  -17.68 | Battery:   0.00% | Loss: 
Placing Sensors
[Episode 5/900] Steps:  79 | Reward:  -17.48 | Battery:   0.00% | Loss: 
Placing Sensors
[Episode 6/900] Steps:  81 | Reward:  -17.37 | Battery:   0.00% | Loss: 
Placing Sensors
[Episode 7/900] Steps:  74 | Reward:  -17.62 | Battery:   0.00% | Loss: 
Placing Sensors
Policy -0.0038 | Value 0.0311 | KL 0.00445 | CF 0.0477 | Std 0.1054 | |a| 0.0192 | EV +0.303 | Rsd 0.457 | Res 0.395 | AE 0.999 | Alpha 0.9555 | MB 32/32
  cert | viol 0.640 | dV -0.078892 | V 0.2411 | inball 0.023 | a*_q05 -0.02061 | a*_q50 0.00308 | dV>=0 0.403 | n=150 | a_used 0.01000 -> 0.00950
  crit | n=1 | viol 1.000 | V 1.3243 | Vmin 0.7656 | agree +0.948 | a*_q05 -0.00626 | a*_q50 -0.00087 | dV>=0 0.617 | beta 0.3039
  bell | direct viol 0.983 | direct dV>=0 0.533 | d_mean -0.00040 | d_std 0.01456 | d_q95 0.01782
[Episode 8/900] Steps: 720 | Reward:   -6.69 | Battery:  56.55% | Loss: 1.7835
Placing Sensors
[Episode 9/900] Steps: 116 | Reward:  -17.50 | Battery:   0.00% | Loss: 
Placing Sensors
[Episode 10/900] Steps:  79 | Reward:  -17.77 | Battery:   0.00% | Loss: 
Placing Sensors
[Episode 11/900] Steps:  67 | Reward:  -17.48 | Battery:   0.00% | Loss: 
Placing Sensors
[Episode 12/900] Steps: 720 | Reward:   -5.96 | Battery:  52.71% | Loss: 
Placing Sensors
[Episode 13/900] Steps:  72 | Reward:  -17.57 | Battery:   0.00% | Loss: 
Placing Sensors
Policy 0.0004 | Value 0.1342 | KL 0.00385 | CF 0.0475 | Std 0.1055 | |a| 0.0186 | EV +0.844 | Rsd 0.561 | Res 0.222 | AE 1.000 | Alpha 0.9162 | MB 28/28
  cert | viol 0.268 | dV -0.270511 | V 0.3778 | inball 0.252 | a*_q05 0.00016 | a*_q50 0.02173 | dV>=0 0.042 | n=150 | a_used 0.00950 -> 0.00873
  crit | n=1 | viol 0.923 | V 1.1370 | Vmin 0.6436 | agree +0.951 | a*_q05 -0.00518 | a*_q50 0.00156 | dV>=0 0.442 | beta 0.3036
  bell | direct viol 0.945 | direct dV>=0 0.451 | d_mean -0.00081 | d_std 0.01402 | d_q95 0.01571
[Episode 14/900] Steps: 720 | Reward:   -7.17 | Battery:  46.49% | Loss: 1.5887
Placing Sensors
[Episode 15/900] Steps: 131 | Reward:  -17.30 | Battery:   0.00% | Loss: 
Placing Sensors
[Episode 16/900] Steps: 105 | Reward:  -17.63 | Battery:   0.00% | Loss: 
Placing Sensors
[Episode 17/900] Steps: 720 | Reward:   -9.52 | Battery:  35.10% | Loss: 
Placing Sensors
[Episode 18/900] Steps:  97 | Reward:  -17.44 | Battery:   0.00% | Loss: 
Placing Sensors
Policy -0.0017 | Value 0.0352 | KL 0.00321 | CF 0.0295 | Std 0.1056 | |a| 0.0179 | EV +0.778 | Rsd 0.442 | Res 0.225 | AE 1.000 | Alpha 0.8785 | MB 28/28
  cert | viol 0.779 | dV -0.098849 | V 0.3283 | inball 0.015 | a*_q05 -0.01405 | a*_q50 0.00226 | dV>=0 0.389 | n=150 | a_used 0.00873 -> 0.00829
  crit | n=1 | viol 1.000 | V 1.3206 | Vmin 0.7605 | agree +0.915 | a*_q05 -0.00536 | a*_q50 0.00026 | dV>=0 0.460 | beta 0.3057
  bell | direct viol 0.966 | direct dV>=0 0.537 | d_mean -0.00101 | d_std 0.01138 | d_q95 0.01623
[Episode 19/900] Steps: 720 | Reward:   -7.64 | Battery:  32.02% | Loss: 1.5825
Placing Sensors
[Episode 20/900] Steps: 720 | Reward:   -9.05 | Battery:  73.41% | Loss: 
Placing Sensors
[Episode 21/900] Steps:  90 | Reward:  -17.62 | Battery:   0.00% | Loss: 
Placing Sensors
[Episode 22/900] Steps: 105 | Reward:  -17.60 | Battery:   0.00% | Loss: 
Placing Sensors
[Episode 23/900] Steps:  70 | Reward:  -17.71 | Battery:   0.00% | Loss: 
Placing Sensors
Policy -0.0020 | Value 0.0183 | KL 0.00230 | CF 0.0140 | Std 0.1057 | |a| 0.0215 | EV +0.849 | Rsd 0.500 | Res 0.205 | AE 1.000 | Alpha 0.8437 | MB 28/28
  cert | viol 0.648 | dV -0.153583 | V 0.4636 | inball 0.062 | a*_q05 -0.00919 | a*_q50 0.00273 | dV>=0 0.269 | n=150 | a_used 0.00829 -> 0.00788
  crit | n=1 | viol 1.000 | V 1.4134 | Vmin 0.5917 | agree +0.827 | a*_q05 -0.00532 | a*_q50 0.00049 | dV>=0 0.431 | beta 0.3065
  bell | direct viol 0.940 | direct dV>=0 0.481 | d_mean -0.00129 | d_std 0.01166 | d_q95 0.01661
[Episode 24/900] Steps: 720 | Reward:  -10.31 | Battery:  28.46% | Loss: 1.4456
Placing Sensors
[Episode 25/900] Steps:  86 | Reward:  -17.65 | Battery:   0.00% | Loss: 
Placing Sensors
[Episode 26/900] Steps:  73 | Reward:  -17.46 | Battery:   0.00% | Loss: 
Placing Sensors
[Episode 27/900] Steps: 720 | Reward:   -7.98 | Battery:  36.88% | Loss: 
Placing Sensors
[Episode 28/900] Steps:  86 | Reward:  -17.46 | Battery:   0.00% | Loss: 
Placing Sensors
Policy -0.0035 | Value 0.0099 | KL 0.00440 | CF 0.0449 | Std 0.1058 | |a| 0.0170 | EV +0.897 | Rsd 0.566 | Res 0.182 | AE 1.000 | Alpha 0.8107 | MB 28/28
  cert | viol 0.407 | dV -0.203045 | V 0.3302 | inball 0.197 | a*_q05 -0.02017 | a*_q50 0.01177 | dV>=0 0.115 | n=150 | a_used 0.00788 -> 0.00748
  crit | n=1 | viol 1.000 | V 1.2187 | Vmin 0.4964 | agree +0.841 | a*_q05 -0.00533 | a*_q50 -0.00032 | dV>=0 0.563 | beta 0.3034
  bell | direct viol 0.862 | direct dV>=0 0.425 | d_mean +0.00074 | d_std 0.01207 | d_q95 0.01496
[Episode 29/900] Steps: 720 | Reward:   -6.02 | Battery:  57.06% | Loss: 1.3686
Placing Sensors
[Episode 30/900] Steps: 720 | Reward:   -4.40 | Battery:  53.27% | Loss: 
Placing Sensors
[Episode 31/900] Steps:  91 | Reward:  -17.57 | Battery:   0.00% | Loss: 
Placing Sensors
[Episode 32/900] Steps:  80 | Reward:  -17.50 | Battery:   0.00% | Loss: 
Placing Sensors
Policy -0.0043 | Value 0.0159 | KL 0.00288 | CF 0.0159 | Std 0.1059 | |a| 0.0208 | EV +0.872 | Rsd 0.526 | Res 0.189 | AE 1.000 | Alpha 0.7804 | MB 28/28
  cert | viol 0.242 | dV -0.179193 | V 0.2590 | inball 0.301 | a*_q05 -0.00115 | a*_q50 0.02559 | dV>=0 0.035 | n=150 | a_used 0.00748 -> 0.00685
  crit | n=1 | viol 0.997 | V 1.0087 | Vmin 0.4498 | agree +0.827 | a*_q05 -0.00668 | a*_q50 -0.00131 | dV>=0 0.662 | beta 0.2971
  bell | direct viol 0.830 | direct dV>=0 0.475 | d_mean +0.00057 | d_std 0.01129 | d_q95 0.01647
[Episode 33/900] Steps: 720 | Reward:   -6.13 | Battery:  44.65% | Loss: 1.2290
Placing Sensors
[Episode 34/900] Steps:  97 | Reward:  -17.61 | Battery:   0.00% | Loss: 
Placing Sensors
[Episode 35/900] Steps: 720 | Reward:   -7.61 | Battery:  34.42% | Loss: 
Placing Sensors
Policy -0.0034 | Value 0.0139 | KL 0.00401 | CF 0.0402 | Std 0.1060 | |a| 0.0189 | EV +0.870 | Rsd 0.501 | Res 0.187 | AE 1.000 | Alpha 0.7525 | MB 24/28
  cert | viol 0.568 | dV -0.124893 | V 0.3003 | inball 0.000 | a*_q05 -0.01782 | a*_q50 0.00488 | dV>=0 0.317 | n=150 | a_used 0.00685 -> 0.00650
  crit | n=1 | viol 0.993 | V 1.1286 | Vmin 0.4493 | agree +0.784 | a*_q05 -0.00353 | a*_q50 0.00054 | dV>=0 0.409 | beta 0.2937
  bell | direct viol 0.826 | direct dV>=0 0.478 | d_mean -0.00090 | d_std 0.00962 | d_q95 0.01714
[Episode 36/900] Steps: 720 | Reward:   -8.85 | Battery:  45.55% | Loss: 1.1935
Placing Sensors
[Episode 37/900] Steps:  73 | Reward:  -17.75 | Battery:   0.00% | Loss: 
Placing Sensors
[Episode 38/900] Steps:  64 | Reward:  -17.79 | Battery:   0.00% | Loss: 
Placing Sensors
[Episode 39/900] Steps: 720 | Reward:   -8.80 | Battery:  29.79% | Loss: 
Placing Sensors
Policy -0.0075 | Value 0.0150 | KL 0.00461 | CF 0.0550 | Std 0.1061 | |a| 0.0197 | EV +0.935 | Rsd 0.579 | Res 0.151 | AE 1.000 | Alpha 0.7249 | MB 28/28
  cert | viol 0.435 | dV -0.174917 | V 0.3441 | inball 0.095 | a*_q05 -0.01778 | a*_q50 0.00765 | dV>=0 0.178 | n=150 | a_used 0.00650 -> 0.00618
  crit | n=1 | viol 0.966 | V 1.1829 | Vmin 0.4011 | agree +0.765 | a*_q05 -0.00381 | a*_q50 0.00052 | dV>=0 0.441 | beta 0.2921
  bell | direct viol 0.767 | direct dV>=0 0.473 | d_mean -0.00018 | d_std 0.01030 | d_q95 0.01540
[Episode 40/900] Steps: 720 | Reward:   -7.20 | Battery:  48.41% | Loss: 1.2074
Placing Sensors
[Episode 41/900] Steps: 106 | Reward:  -17.52 | Battery:   0.00% | Loss: 
Placing Sensors
[Episode 42/900] Steps: 720 | Reward:   -7.29 | Battery:  59.40% | Loss: 
Placing Sensors
[Episode 43/900] Steps:  78 | Reward:  -17.55 | Battery:   0.00% | Loss: 
Placing Sensors
Policy -0.0059 | Value 0.0139 | KL 0.00294 | CF 0.0255 | Std 0.1063 | |a| 0.0190 | EV +0.898 | Rsd 0.583 | Res 0.187 | AE 1.000 | Alpha 0.6975 | MB 28/28
  cert | viol 0.324 | dV -0.241238 | V 0.3798 | inball 0.191 | a*_q05 -0.00141 | a*_q50 0.01359 | dV>=0 0.074 | n=150 | a_used 0.00618 -> 0.00587
  crit | n=1 | viol 0.969 | V 1.1214 | Vmin 0.2687 | agree +0.815 | a*_q05 -0.00515 | a*_q50 0.00032 | dV>=0 0.460 | beta 0.2863
  bell | direct viol 0.746 | direct dV>=0 0.426 | d_mean +0.00051 | d_std 0.01067 | d_q95 0.01647
[Episode 44/900] Steps: 720 | Reward:   -7.00 | Battery:  52.95% | Loss: 1.2773
Placing Sensors
[Episode 45/900] Steps: 720 | Reward:   -5.89 | Battery:  56.58% | Loss: 
Placing Sensors
[Episode 46/900] Steps: 121 | Reward:  -17.38 | Battery:   0.00% | Loss: 
Placing Sensors
[Episode 47/900] Steps: 153 | Reward:  -17.39 | Battery:   0.00% | Loss: 
Placing Sensors
Policy -0.0006 | Value 0.0220 | KL 0.00355 | CF 0.0364 | Std 0.1065 | |a| 0.0205 | EV +0.867 | Rsd 0.615 | Res 0.225 | AE 1.000 | Alpha 0.6698 | MB 28/28
  cert | viol 0.230 | dV -0.206183 | V 0.3013 | inball 0.189 | a*_q05 -0.00504 | a*_q50 0.01363 | dV>=0 0.075 | n=150 | a_used 0.00587 -> 0.00481
  crit | n=1 | viol 0.887 | V 1.0953 | Vmin 0.2764 | agree +0.816 | a*_q05 -0.00465 | a*_q50 0.00039 | dV>=0 0.460 | beta 0.2839
  bell | direct viol 0.696 | direct dV>=0 0.441 | d_mean +0.00087 | d_std 0.01226 | d_q95 0.01993
[Episode 48/900] Steps: 720 | Reward:   -7.09 | Battery:  63.59% | Loss: 1.1915
Placing Sensors
[Episode 49/900] Steps: 720 | Reward:   -5.94 | Battery:  51.97% | Loss: 
Placing Sensors
[Episode 50/900] Steps:  99 | Reward:  -17.44 | Battery:   0.00% | Loss: 
Placing Sensors
Policy -0.0936 | Value 0.0253 | KL 0.00379 | CF 0.0391 | Std 0.1066 | |a| 0.0258 | EV +0.874 | Rsd 0.544 | Res 0.198 | AE 1.000 | Alpha 0.6458 | MB 28/28
  cert | viol 0.436 | dV -0.144446 | V 0.2909 | inball 0.178 | a*_q05 -0.01637 | a*_q50 0.00835 | dV>=0 0.226 | n=150 | a_used 0.00481 -> 0.00457
  crit | n=1 | viol 0.824 | V 0.9560 | Vmin 0.2462 | agree +0.766 | a*_q05 -0.00204 | a*_q50 0.00170 | dV>=0 0.372 | beta 0.2657
  bell | direct viol 0.675 | direct dV>=0 0.496 | d_mean -0.00015 | d_std 0.01072 | d_q95 0.01937
[Episode 51/900] Steps: 720 | Reward:   -8.01 | Battery:  27.41% | Loss: 1.1540
Placing Sensors
[Episode 52/900] Steps: 720 | Reward:   -5.18 | Battery:  72.94% | Loss: 
Placing Sensors
[Episode 53/900] Steps:  85 | Reward:  -17.62 | Battery:   0.00% | Loss: 
Placing Sensors
[Episode 54/900] Steps:  97 | Reward:  -17.44 | Battery:   0.00% | Loss: 
Placing Sensors
[Episode 55/900] Steps: 130 | Reward:  -17.39 | Battery:   0.00% | Loss: 
Placing Sensors
Policy -0.0029 | Value 0.0233 | KL 0.00569 | CF 0.0695 | Std 0.1068 | |a| 0.0235 | EV +0.891 | Rsd 0.643 | Res 0.231 | AE 1.000 | Alpha 0.6195 | MB 28/28
  cert | viol 0.225 | dV -0.193043 | V 0.2845 | inball 0.298 | a*_q05 0.00075 | a*_q50 0.01776 | dV>=0 0.025 | n=150 | a_used 0.00457 -> 0.00422
  crit | n=1 | viol 0.739 | V 0.8644 | Vmin 0.0731 | agree +0.870 | a*_q05 -0.00370 | a*_q50 0.00145 | dV>=0 0.332 | beta 0.2550
  bell | direct viol 0.594 | direct dV>=0 0.402 | d_mean -0.00028 | d_std 0.01391 | d_q95 0.02218
[Episode 56/900] Steps: 720 | Reward:   -5.53 | Battery:  67.52% | Loss: 1.0846
Placing Sensors
[Episode 57/900] Steps: 720 | Reward:   -5.37 | Battery:  56.15% | Loss: 
Placing Sensors
[Episode 58/900] Steps:  98 | Reward:  -17.63 | Battery:   0.00% | Loss: 
Placing Sensors
Policy 0.0517 | Value 0.0125 | KL 0.00719 | CF 0.1108 | Std 0.1070 | |a| 0.0238 | EV +0.879 | Rsd 0.564 | Res 0.216 | AE 1.000 | Alpha 0.5974 | MB 28/28
  cert | viol 0.031 | dV -0.206310 | V 0.2598 | inball 0.318 | a*_q05 0.00591 | a*_q50 0.01883 | dV>=0 0.000 | n=150 | a_used 0.00422 -> 0.00422
  crit | n=1 | viol 0.714 | V 0.7253 | Vmin 0.1788 | agree +0.745 | a*_q05 -0.00185 | a*_q50 0.00198 | dV>=0 0.255 | beta 0.2607
  bell | direct viol 0.596 | direct dV>=0 0.490 | d_mean -0.00177 | d_std 0.00918 | d_q95 0.01746
[Episode 59/900] Steps: 720 | Reward:   -5.35 | Battery:  54.38% | Loss: 1.3550
Placing Sensors
[Episode 60/900] Steps:  66 | Reward:  -17.87 | Battery:   0.00% | Loss: 
Placing Sensors
[Episode 61/900] Steps: 720 | Reward:   -4.77 | Battery:  73.00% | Loss: 
Placing Sensors
[Episode 62/900] Steps: 105 | Reward:  -17.57 | Battery:   0.00% | Loss: 
Placing Sensors
Policy 0.0019 | Value 0.0211 | KL 0.01652 | CF 0.1844 | Std 0.1072 | |a| 0.0148 | EV +0.804 | Rsd 0.569 | Res 0.257 | AE 0.999 | Alpha 0.5750 | MB 28/28
  cert | viol 0.151 | dV -0.216593 | V 0.2973 | inball 0.351 | a*_q05 0.00096 | a*_q50 0.01981 | dV>=0 0.036 | n=150 | a_used 0.00422 -> 0.00414
  crit | n=1 | viol 0.836 | V 0.8311 | Vmin 0.2272 | agree +0.854 | a*_q05 -0.00532 | a*_q50 0.00126 | dV>=0 0.349 | beta 0.2548
  bell | direct viol 0.571 | direct dV>=0 0.399 | d_mean +0.00001 | d_std 0.01276 | d_q95 0.01916
[Episode 63/900] Steps: 720 | Reward:   -5.93 | Battery:  69.26% | Loss: 1.1711
Placing Sensors
[Episode 64/900] Steps: 720 | Reward:   -6.61 | Battery:  44.08% | Loss: 
Placing Sensors
[Episode 65/900] Steps:  62 | Reward:  -17.73 | Battery:   0.00% | Loss: 
Placing Sensors
Policy -0.0046 | Value 0.0120 | KL 0.00664 | CF 0.0827 | Std 0.1074 | |a| 0.0188 | EV +0.901 | Rsd 0.487 | Res 0.154 | AE 1.000 | Alpha 0.5549 | MB 24/24
  cert | viol 0.121 | dV -0.214976 | V 0.3198 | inball 0.261 | a*_q05 -0.00579 | a*_q50 0.01708 | dV>=0 0.045 | n=150 | a_used 0.00414 -> 0.00396
  crit | n=1 | viol 0.863 | V 0.9029 | Vmin 0.2878 | agree +0.805 | a*_q05 -0.00502 | a*_q50 0.00069 | dV>=0 0.419 | beta 0.2494
  bell | direct viol 0.561 | direct dV>=0 0.359 | d_mean +0.00105 | d_std 0.01089 | d_q95 0.01835
[Episode 66/900] Steps: 720 | Reward:   -6.30 | Battery:  57.69% | Loss: 0.8228
Placing Sensors
[Episode 67/900] Steps: 105 | Reward:  -17.54 | Battery:   0.00% | Loss: 
Placing Sensors
[Episode 68/900] Steps: 152 | Reward:  -17.14 | Battery:   0.00% | Loss: 
Placing Sensors
[Episode 69/900] Steps:  84 | Reward:  -17.66 | Battery:   0.00% | Loss: 
Placing Sensors
[Episode 70/900] Steps:  83 | Reward:  -17.48 | Battery:   0.00% | Loss: 
Placing Sensors
[Episode 71/900] Steps: 720 | Reward:   -5.28 | Battery:  42.28% | Loss: 
Placing Sensors
Policy -0.0016 | Value 0.0262 | KL 0.00635 | CF 0.0820 | Std 0.1076 | |a| 0.0200 | EV +0.914 | Rsd 0.681 | Res 0.204 | AE 0.999 | Alpha 0.5309 | MB 32/32
  cert | viol 0.108 | dV -0.231962 | V 0.3138 | inball 0.277 | a*_q05 -0.00720 | a*_q50 0.02402 | dV>=0 0.057 | n=150 | a_used 0.00396 -> 0.00400
  crit | n=1 | viol 0.849 | V 1.0108 | Vmin 0.2419 | agree +0.904 | a*_q05 -0.00454 | a*_q50 0.00085 | dV>=0 0.368 | beta 0.2427
  bell | direct viol 0.576 | direct dV>=0 0.402 | d_mean -0.00022 | d_std 0.01496 | d_q95 0.02104
[Episode 72/900] Steps: 720 | Reward:   -6.20 | Battery:  73.63% | Loss: 0.9523
Placing Sensors
[Episode 73/900] Steps:  82 | Reward:  -17.47 | Battery:   0.00% | Loss: 
Placing Sensors
[Episode 74/900] Steps: 194 | Reward:  -16.93 | Battery:   0.00% | Loss: 
Placing Sensors
[Episode 75/900] Steps:  95 | Reward:  -17.60 | Battery:   0.00% | Loss: 
Placing Sensors
[Episode 76/900] Steps: 720 | Reward:   -6.48 | Battery:  43.65% | Loss: 
Placing Sensors
Policy 0.0139 | Value 0.0154 | KL 0.00956 | CF 0.1258 | Std 0.1078 | |a| 0.0145 | EV +0.935 | Rsd 0.578 | Res 0.154 | AE 0.999 | Alpha 0.5086 | MB 32/32
  cert | viol 0.351 | dV -0.156707 | V 0.3024 | inball 0.107 | a*_q05 -0.01450 | a*_q50 0.00932 | dV>=0 0.187 | n=150 | a_used 0.00400 -> 0.00380
  crit | n=1 | viol 0.865 | V 1.1986 | Vmin 0.4103 | agree +0.781 | a*_q05 -0.00445 | a*_q50 0.00017 | dV>=0 0.479 | beta 0.2440
  bell | direct viol 0.708 | direct dV>=0 0.488 | d_mean -0.00024 | d_std 0.01125 | d_q95 0.01602
[Episode 77/900] Steps: 720 | Reward:   -7.54 | Battery:  53.17% | Loss: 0.8431
Placing Sensors
[Episode 78/900] Steps: 720 | Reward:   -6.65 | Battery:  53.89% | Loss: 
Placing Sensors
Policy -0.0007 | Value 0.0074 | KL 0.00482 | CF 0.0559 | Std 0.1081 | |a| 0.0148 | EV +0.933 | Rsd 0.419 | Res 0.110 | AE 0.999 | Alpha 0.4916 | MB 24/24
  cert | viol 0.149 | dV -0.217051 | V 0.3250 | inball 0.368 | a*_q05 0.00144 | a*_q50 0.01806 | dV>=0 0.025 | n=150 | a_used 0.00380 -> 0.00360
  crit | n=1 | viol 0.783 | V 0.8078 | Vmin 0.3013 | agree +0.711 | a*_q05 -0.00376 | a*_q50 0.00163 | dV>=0 0.312 | beta 0.2365
  bell | direct viol 0.547 | direct dV>=0 0.307 | d_mean +0.00062 | d_std 0.00649 | d_q95 0.01326
[Episode 79/900] Steps: 720 | Reward:   -4.96 | Battery:  69.75% | Loss: 0.9128
Placing Sensors
[Episode 80/900] Steps: 720 | Reward:   -6.66 | Battery:  60.03% | Loss: 
Placing Sensors
[Episode 81/900] Steps: 105 | Reward:  -17.48 | Battery:   0.00% | Loss: 
Placing Sensors
Policy 0.0199 | Value 0.0116 | KL 0.00472 | CF 0.0542 | Std 0.1083 | |a| 0.0162 | EV +0.927 | Rsd 0.548 | Res 0.158 | AE 1.000 | Alpha 0.4739 | MB 28/28
  cert | viol 0.354 | dV -0.201001 | V 0.3702 | inball 0.141 | a*_q05 -0.00587 | a*_q50 0.00664 | dV>=0 0.137 | n=150 | a_used 0.00360 -> 0.00342
  crit | n=1 | viol 0.800 | V 1.0674 | Vmin 0.2984 | agree +0.806 | a*_q05 -0.00462 | a*_q50 0.00085 | dV>=0 0.394 | beta 0.2377
  bell | direct viol 0.679 | direct dV>=0 0.485 | d_mean -0.00072 | d_std 0.00892 | d_q95 0.01515
[Episode 82/900] Steps: 720 | Reward:   -8.61 | Battery:  43.26% | Loss: 0.6621
Placing Sensors
[Episode 83/900] Steps:  98 | Reward:  -17.33 | Battery:   0.00% | Loss: 
Placing Sensors
[Episode 84/900] Steps: 720 | Reward:   -7.61 | Battery:  39.17% | Loss: 
Placing Sensors
[Episode 85/900] Steps: 172 | Reward:  -16.89 | Battery:   0.00% | Loss: 
Placing Sensors
Policy -0.0004 | Value 0.0129 | KL 0.00305 | CF 0.0254 | Std 0.1085 | |a| 0.0164 | EV +0.932 | Rsd 0.513 | Res 0.140 | AE 0.999 | Alpha 0.4551 | MB 28/28
  cert | viol 0.386 | dV -0.132243 | V 0.2655 | inball 0.051 | a*_q05 -0.01531 | a*_q50 0.00769 | dV>=0 0.245 | n=150 | a_used 0.00342 -> 0.00325
  crit | n=1 | viol 0.795 | V 1.1209 | Vmin 0.3938 | agree +0.779 | a*_q05 -0.00406 | a*_q50 0.00061 | dV>=0 0.428 | beta 0.2387
  bell | direct viol 0.682 | direct dV>=0 0.506 | d_mean -0.00070 | d_std 0.01021 | d_q95 0.01656
[Episode 86/900] Steps: 720 | Reward:   -6.83 | Battery:  61.70% | Loss: 0.6964
Placing Sensors
[Episode 87/900] Steps: 720 | Reward:   -7.16 | Battery:  51.02% | Loss: 
Placing Sensors
[Episode 88/900] Steps: 173 | Reward:  -17.16 | Battery:   0.00% | Loss: 
Placing Sensors
Policy -0.0078 | Value 0.0190 | KL 0.00419 | CF 0.0445 | Std 0.1087 | |a| 0.0163 | EV +0.880 | Rsd 0.506 | Res 0.177 | AE 0.999 | Alpha 0.4380 | MB 28/28
  cert | viol 0.278 | dV -0.188361 | V 0.3333 | inball 0.126 | a*_q05 -0.01621 | a*_q50 0.00776 | dV>=0 0.185 | n=150 | a_used 0.00325 -> 0.00308
  crit | n=1 | viol 0.910 | V 1.1762 | Vmin 0.4367 | agree +0.811 | a*_q05 -0.00595 | a*_q50 -0.00015 | dV>=0 0.534 | beta 0.2397
  bell | direct viol 0.627 | direct dV>=0 0.407 | d_mean +0.00152 | d_std 0.00893 | d_q95 0.01538
[Episode 89/900] Steps: 720 | Reward:   -7.47 | Battery:  50.97% | Loss: 0.6651
Placing Sensors
[Episode 90/900] Steps: 107 | Reward:  -17.37 | Battery:   0.00% | Loss: 
Placing Sensors
[Episode 91/900] Steps: 720 | Reward:   -4.96 | Battery:  65.38% | Loss: 
Placing Sensors
[Episode 92/900] Steps: 108 | Reward:  -17.12 | Battery:   0.00% | Loss: 
Placing Sensors
[Episode 93/900] Steps: 103 | Reward:  -17.50 | Battery:   0.00% | Loss: 
Placing Sensors
[Episode 94/900] Steps: 117 | Reward:  -17.22 | Battery:   0.00% | Loss: 
Placing Sensors
Policy 0.0038 | Value 0.0146 | KL 0.00483 | CF 0.0546 | Std 0.1090 | |a| 0.0134 | EV +0.939 | Rsd 0.666 | Res 0.165 | AE 0.999 | Alpha 0.4190 | MB 32/32
  cert | viol 0.138 | dV -0.252406 | V 0.3739 | inball 0.259 | a*_q05 0.00043 | a*_q50 0.02383 | dV>=0 0.040 | n=150 | a_used 0.00308 -> 0.00290
  crit | n=1 | viol 0.876 | V 1.1718 | Vmin 0.2936 | agree +0.862 | a*_q05 -0.00506 | a*_q50 0.00006 | dV>=0 0.493 | beta 0.2375
  bell | direct viol 0.628 | direct dV>=0 0.434 | d_mean +0.00079 | d_std 0.01268 | d_q95 0.01582
[Episode 95/900] Steps: 720 | Reward:   -7.07 | Battery:  55.57% | Loss: 0.7790
Placing Sensors
[Episode 96/900] Steps: 720 | Reward:   -5.93 | Battery:  48.99% | Loss: 
Placing Sensors
[Episode 97/900] Steps:  95 | Reward:  -17.58 | Battery:   0.00% | Loss: 
Placing Sensors
Policy -0.0045 | Value 0.0115 | KL 0.00681 | CF 0.0870 | Std 0.1092 | |a| 0.0115 | EV +0.915 | Rsd 0.497 | Res 0.145 | AE 0.999 | Alpha 0.4040 | MB 24/24
  cert | viol 0.298 | dV -0.138563 | V 0.2446 | inball 0.111 | a*_q05 -0.00945 | a*_q50 0.00797 | dV>=0 0.233 | n=150 | a_used 0.00290 -> 0.00276
  crit | n=1 | viol 0.768 | V 1.0034 | Vmin 0.3904 | agree +0.750 | a*_q05 -0.00536 | a*_q50 0.00076 | dV>=0 0.417 | beta 0.2356
  bell | direct viol 0.557 | direct dV>=0 0.406 | d_mean +0.00081 | d_std 0.00909 | d_q95 0.01581
[Episode 98/900] Steps: 720 | Reward:   -7.05 | Battery:  64.41% | Loss: 0.6853
Placing Sensors
[Episode 99/900] Steps: 720 | Reward:   -6.35 | Battery:  70.81% | Loss: 
Placing Sensors
[Episode 100/900] Steps:  61 | Reward:  -17.87 | Battery:   0.00% | Loss: 
Placing Sensors
Policy -0.0040 | Value 0.0138 | KL 0.00646 | CF 0.0814 | Std 0.1094 | |a| 0.0140 | EV +0.930 | Rsd 0.551 | Res 0.149 | AE 1.000 | Alpha 0.3899 | MB 24/24
  cert | viol 0.050 | dV -0.261667 | V 0.3677 | inball 0.390 | a*_q05 0.00286 | a*_q50 0.01912 | dV>=0 0.004 | n=150 | a_used 0.00276 -> 0.00274
  crit | n=1 | viol 0.704 | V 0.8828 | Vmin 0.2990 | agree +0.836 | a*_q05 -0.00540 | a*_q50 0.00103 | dV>=0 0.417 | beta 0.2291
  bell | direct viol 0.453 | direct dV>=0 0.339 | d_mean +0.00203 | d_std 0.01036 | d_q95 0.01727
[Episode 101/900] Steps: 720 | Reward:   -5.11 | Battery:  79.28% | Loss: 0.5457
Placing Sensors
[Episode 102/900] Steps: 720 | Reward:   -5.55 | Battery:  71.49% | Loss: 
Placing Sensors
Policy -0.0023 | Value 0.0083 | KL 0.00559 | CF 0.0691 | Std 0.1096 | |a| 0.0198 | EV +0.913 | Rsd 0.384 | Res 0.117 | AE 0.999 | Alpha 0.3768 | MB 24/24
  cert | viol 0.102 | dV -0.203289 | V 0.2983 | inball 0.372 | a*_q05 0.00120 | a*_q50 0.01950 | dV>=0 0.026 | n=150 | a_used 0.00274 -> 0.00258
  crit | n=1 | viol 0.678 | V 0.7673 | Vmin 0.3294 | agree +0.729 | a*_q05 -0.00424 | a*_q50 0.00084 | dV>=0 0.392 | beta 0.2242
  bell | direct viol 0.504 | direct dV>=0 0.330 | d_mean +0.00149 | d_std 0.00657 | d_q95 0.01315
[Episode 103/900] Steps: 720 | Reward:   -5.40 | Battery:  67.40% | Loss: 0.5361
Placing Sensors
[Episode 104/900] Steps: 720 | Reward:   -3.37 | Battery:  81.56% | Loss: 
Placing Sensors
Policy -0.0011 | Value 0.0093 | KL 0.00801 | CF 0.1088 | Std 0.1098 | |a| 0.0148 | EV +0.855 | Rsd 0.344 | Res 0.159 | AE 0.999 | Alpha 0.3642 | MB 24/24
  cert | viol 0.108 | dV -0.200385 | V 0.2346 | inball 0.439 | a*_q05 -0.00302 | a*_q50 0.02720 | dV>=0 0.108 | n=150 | a_used 0.00258 -> 0.00245
  crit | n=1 | viol 0.854 | V 0.6679 | Vmin 0.3044 | agree +0.905 | a*_q05 -0.00704 | a*_q50 -0.00068 | dV>=0 0.596 | beta 0.2204
  bell | direct viol 0.396 | direct dV>=0 0.287 | d_mean +0.00337 | d_std 0.00740 | d_q95 0.01491
[Episode 105/900] Steps: 720 | Reward:   -5.27 | Battery:  74.67% | Loss: 0.5896
Placing Sensors
[Episode 106/900] Steps:  69 | Reward:  -17.65 | Battery:   0.00% | Loss: 
Placing Sensors
[Episode 107/900] Steps: 720 | Reward:   -5.38 | Battery:  59.89% | Loss: 
Placing Sensors
Policy -0.0038 | Value 0.0112 | KL 0.00655 | CF 0.0829 | Std 0.1100 | |a| 0.0189 | EV +0.906 | Rsd 0.513 | Res 0.158 | AE 0.999 | Alpha 0.3514 | MB 24/24
  cert | viol 0.128 | dV -0.242398 | V 0.3275 | inball 0.360 | a*_q05 -0.00854 | a*_q50 0.02338 | dV>=0 0.099 | n=150 | a_used 0.00245 -> 0.00233
  crit | n=1 | viol 0.710 | V 0.7726 | Vmin 0.2077 | agree +0.878 | a*_q05 -0.00549 | a*_q50 0.00076 | dV>=0 0.402 | beta 0.2144
  bell | direct viol 0.488 | direct dV>=0 0.398 | d_mean +0.00141 | d_std 0.01169 | d_q95 0.02180
[Episode 108/900] Steps: 720 | Reward:   -5.49 | Battery:  73.01% | Loss: 0.6354
Placing Sensors
[Episode 109/900] Steps: 125 | Reward:  -17.29 | Battery:   0.00% | Loss: 
Placing Sensors
[Episode 110/900] Steps: 720 | Reward:   -5.91 | Battery:  61.87% | Loss: 
Placing Sensors
Policy -0.0145 | Value 0.0152 | KL 0.00682 | CF 0.0823 | Std 0.1102 | |a| 0.0169 | EV +0.894 | Rsd 0.516 | Res 0.169 | AE 1.000 | Alpha 0.3386 | MB 28/28
  cert | viol 0.000 | dV -0.210612 | V 0.2577 | inball 0.338 | a*_q05 0.00658 | a*_q50 0.02170 | dV>=0 0.000 | n=150 | a_used 0.00233 -> 0.00251
  crit | n=1 | viol 0.645 | V 0.7919 | Vmin 0.2023 | agree +0.795 | a*_q05 -0.00422 | a*_q50 0.00100 | dV>=0 0.386 | beta 0.2065
  bell | direct viol 0.463 | direct dV>=0 0.378 | d_mean +0.00111 | d_std 0.01073 | d_q95 0.01974
[Episode 111/900] Steps: 720 | Reward:   -4.44 | Battery:  54.78% | Loss: 0.7780
Placing Sensors
[Episode 112/900] Steps:  70 | Reward:  -17.72 | Battery:   0.00% | Loss: 
Placing Sensors
[Episode 113/900] Steps: 720 | Reward:   -7.96 | Battery:  40.31% | Loss: 
Placing Sensors
[Episode 114/900] Steps:  74 | Reward:  -17.61 | Battery:   0.00% | Loss: 
Placing Sensors
Policy -0.0021 | Value 0.0133 | KL 0.00576 | CF 0.0746 | Std 0.1104 | |a| 0.0145 | EV +0.909 | Rsd 0.534 | Res 0.168 | AE 1.000 | Alpha 0.3262 | MB 28/28
  cert | viol 0.288 | dV -0.148839 | V 0.2762 | inball 0.256 | a*_q05 -0.01005 | a*_q50 0.00784 | dV>=0 0.202 | n=150 | a_used 0.00251 -> 0.00238
  crit | n=1 | viol 0.608 | V 0.9233 | Vmin 0.2757 | agree +0.802 | a*_q05 -0.00404 | a*_q50 0.00144 | dV>=0 0.362 | beta 0.2004
  bell | direct viol 0.563 | direct dV>=0 0.451 | d_mean -0.00090 | d_std 0.01201 | d_q95 0.01857
[Episode 115/900] Steps: 720 | Reward:   -4.08 | Battery:  82.68% | Loss: 0.7296
Placing Sensors
[Episode 116/900] Steps: 720 | Reward:   -7.28 | Battery:  72.08% | Loss: 
Placing Sensors
Policy -0.0004 | Value 0.0099 | KL 0.00607 | CF 0.0828 | Std 0.1106 | |a| 0.0138 | EV +0.947 | Rsd 0.458 | Res 0.106 | AE 0.999 | Alpha 0.3152 | MB 24/24
  cert | viol 0.157 | dV -0.198949 | V 0.3479 | inball 0.195 | a*_q05 -0.00111 | a*_q50 0.01396 | dV>=0 0.109 | n=150 | a_used 0.00238 -> 0.00226
  crit | n=1 | viol 0.604 | V 0.9091 | Vmin 0.3724 | agree +0.861 | a*_q05 -0.00528 | a*_q50 0.00149 | dV>=0 0.331 | beta 0.1960
  bell | direct viol 0.502 | direct dV>=0 0.356 | d_mean +0.00111 | d_std 0.00789 | d_q95 0.01584
[Episode 117/900] Steps: 720 | Reward:   -6.95 | Battery:  66.49% | Loss: 0.5091
Placing Sensors
[Episode 118/900] Steps: 720 | Reward:   -5.65 | Battery:  71.47% | Loss: 
Placing Sensors
Policy -0.0000 | Value 0.0131 | KL 0.00534 | CF 0.0624 | Std 0.1107 | |a| 0.0186 | EV +0.830 | Rsd 0.332 | Res 0.141 | AE 0.999 | Alpha 0.3046 | MB 24/24
  cert | viol 0.256 | dV -0.144674 | V 0.2106 | inball 0.149 | a*_q05 -0.00964 | a*_q50 0.01240 | dV>=0 0.175 | n=150 | a_used 0.00226 -> 0.00215
  crit | n=1 | viol 0.822 | V 0.8438 | Vmin 0.4278 | agree +0.835 | a*_q05 -0.00538 | a*_q50 -0.00068 | dV>=0 0.589 | beta 0.1961
  bell | direct viol 0.557 | direct dV>=0 0.412 | d_mean +0.00146 | d_std 0.00694 | d_q95 0.01434
[Episode 119/900] Steps: 720 | Reward:   -5.90 | Battery:  51.43% | Loss: 0.5928
Placing Sensors
[Episode 120/900] Steps:  95 | Reward:  -17.54 | Battery:   0.00% | Loss: 
Placing Sensors
[Episode 121/900] Steps: 720 | Reward:   -3.98 | Battery:  75.71% | Loss: 
Placing Sensors
[Episode 122/900] Steps:  94 | Reward:  -17.65 | Battery:   0.00% | Loss: 
Placing Sensors
[Episode 123/900] Steps:  94 | Reward:  -17.24 | Battery:   0.00% | Loss: 
Placing Sensors
[Episode 124/900] Steps:  78 | Reward:  -17.52 | Battery:   0.00% | Loss: 
Placing Sensors
Policy 0.0318 | Value 0.0150 | KL 0.00351 | CF 0.0339 | Std 0.1109 | |a| 0.0143 | EV +0.913 | Rsd 0.664 | Res 0.198 | AE 0.999 | Alpha 0.2919 | MB 32/32
  cert | viol 0.056 | dV -0.249728 | V 0.3185 | inball 0.421 | a*_q05 0.00565 | a*_q50 0.02933 | dV>=0 0.000 | n=150 | a_used 0.00215 -> 0.00232
  crit | n=1 | viol 0.804 | V 0.9894 | Vmin 0.3086 | agree +0.910 | a*_q05 -0.00519 | a*_q50 0.00019 | dV>=0 0.477 | beta 0.1952
  bell | direct viol 0.502 | direct dV>=0 0.391 | d_mean +0.00036 | d_std 0.01467 | d_q95 0.01840
[Episode 125/900] Steps: 720 | Reward:   -5.02 | Battery:  77.10% | Loss: 0.6829
Placing Sensors
[Episode 126/900] Steps: 122 | Reward:  -17.38 | Battery:   0.00% | Loss: 
Placing Sensors
[Episode 127/900] Steps: 720 | Reward:   -5.02 | Battery:  70.59% | Loss: 
Placing Sensors
Policy -0.0187 | Value 0.0122 | KL 0.00822 | CF 0.1050 | Std 0.1111 | |a| 0.0143 | EV +0.905 | Rsd 0.518 | Res 0.161 | AE 0.999 | Alpha 0.2813 | MB 28/28
  cert | viol 0.042 | dV -0.261256 | V 0.3493 | inball 0.354 | a*_q05 0.00343 | a*_q50 0.02638 | dV>=0 0.000 | n=150 | a_used 0.00232 -> 0.00248
  crit | n=1 | viol 0.653 | V 0.8082 | Vmin 0.2496 | agree +0.850 | a*_q05 -0.00604 | a*_q50 0.00124 | dV>=0 0.375 | beta 0.1926
  bell | direct viol 0.480 | direct dV>=0 0.371 | d_mean +0.00057 | d_std 0.01156 | d_q95 0.02020
[Episode 128/900] Steps: 720 | Reward:   -6.31 | Battery:  67.71% | Loss: 0.3931
Placing Sensors
[Episode 129/900] Steps: 720 | Reward:   -3.87 | Battery:  79.76% | Loss: 
Placing Sensors
[Episode 130/900] Steps:  99 | Reward:  -17.49 | Battery:   0.00% | Loss: 
Placing Sensors
Policy -0.0109 | Value 0.0151 | KL 0.00964 | CF 0.1399 | Std 0.1113 | |a| 0.0160 | EV +0.924 | Rsd 0.591 | Res 0.163 | AE 0.999 | Alpha 0.2712 | MB 28/28
  cert | viol 0.037 | dV -0.304578 | V 0.3851 | inball 0.464 | a*_q05 0.00519 | a*_q50 0.02836 | dV>=0 0.011 | n=150 | a_used 0.00248 -> 0.00248
  crit | n=1 | viol 0.550 | V 0.8110 | Vmin 0.2439 | agree +0.812 | a*_q05 -0.00467 | a*_q50 0.00212 | dV>=0 0.284 | beta 0.1901
  bell | direct viol 0.333 | direct dV>=0 0.239 | d_mean +0.00276 | d_std 0.01057 | d_q95 0.01901
[Episode 131/900] Steps: 720 | Reward:   -5.96 | Battery:  76.88% | Loss: 1.0574
Placing Sensors
[Episode 132/900] Steps: 720 | Reward:   -6.82 | Battery:  48.07% | Loss: 
Placing Sensors
Policy -0.0031 | Value 0.0121 | KL 0.00434 | CF 0.0445 | Std 0.1114 | |a| 0.0131 | EV +0.896 | Rsd 0.405 | Res 0.141 | AE 0.999 | Alpha 0.2621 | MB 24/24
  cert | viol 0.138 | dV -0.197177 | V 0.2934 | inball 0.199 | a*_q05 -0.01076 | a*_q50 0.01281 | dV>=0 0.101 | n=150 | a_used 0.00248 -> 0.00236
  crit | n=1 | viol 0.545 | V 0.7775 | Vmin 0.2241 | agree +0.739 | a*_q05 -0.00417 | a*_q50 0.00210 | dV>=0 0.325 | beta 0.1869
  bell | direct viol 0.524 | direct dV>=0 0.425 | d_mean -0.00045 | d_std 0.00918 | d_q95 0.01860
[Episode 133/900] Steps: 720 | Reward:   -6.19 | Battery:  62.48% | Loss: 0.4297
Placing Sensors
[Episode 134/900] Steps: 103 | Reward:  -17.38 | Battery:   0.00% | Loss: 
Placing Sensors
[Episode 135/900] Steps: 104 | Reward:  -17.52 | Battery:   0.00% | Loss: 
Placing Sensors
[Episode 136/900] Steps: 103 | Reward:  -17.46 | Battery:   0.00% | Loss: 
Placing Sensors
[Episode 137/900] Steps:  88 | Reward:  -17.62 | Battery:   0.00% | Loss: 
Placing Sensors
[Episode 138/900] Steps: 720 | Reward:   -5.66 | Battery:  53.96% | Loss: 
Placing Sensors
[Episode 139/900] Steps: 154 | Reward:  -17.30 | Battery:   0.00% | Loss: 
Placing Sensors
Policy -0.0044 | Value 0.0247 | KL 0.00763 | CF 0.1010 | Std 0.1116 | |a| 0.0153 | EV +0.903 | Rsd 0.664 | Res 0.224 | AE 0.999 | Alpha 0.2501 | MB 32/32
  cert | viol 0.146 | dV -0.224665 | V 0.3520 | inball 0.258 | a*_q05 0.00119 | a*_q50 0.01946 | dV>=0 0.011 | n=150 | a_used 0.00236 -> 0.00229
  crit | n=1 | viol 0.652 | V 1.1359 | Vmin 0.2468 | agree +0.825 | a*_q05 -0.00426 | a*_q50 0.00128 | dV>=0 0.310 | beta 0.1847
  bell | direct viol 0.558 | direct dV>=0 0.450 | d_mean -0.00144 | d_std 0.01532 | d_q95 0.01927
[Episode 140/900] Steps: 720 | Reward:   -6.40 | Battery:  63.02% | Loss: 0.3613
Placing Sensors
[Episode 141/900] Steps:  97 | Reward:  -17.42 | Battery:   0.00% | Loss: 
Placing Sensors
[Episode 142/900] Steps:  90 | Reward:  -17.57 | Battery:   0.00% | Loss: 
Placing Sensors
[Episode 143/900] Steps: 720 | Reward:   -5.68 | Battery:  79.65% | Loss: 
Placing Sensors
Policy -0.0040 | Value 0.0169 | KL 0.00836 | CF 0.1143 | Std 0.1118 | |a| 0.0146 | EV +0.932 | Rsd 0.658 | Res 0.172 | AE 0.999 | Alpha 0.2406 | MB 28/28
  cert | viol 0.051 | dV -0.262615 | V 0.3594 | inball 0.354 | a*_q05 0.00236 | a*_q50 0.02367 | dV>=0 0.020 | n=150 | a_used 0.00229 -> 0.00216
  crit | n=1 | viol 0.686 | V 0.9877 | Vmin 0.2542 | agree +0.775 | a*_q05 -0.00555 | a*_q50 0.00050 | dV>=0 0.444 | beta 0.1811
  bell | direct viol 0.410 | direct dV>=0 0.324 | d_mean +0.00240 | d_std 0.01216 | d_q95 0.01872
[Episode 144/900] Steps: 720 | Reward:   -5.68 | Battery:  53.61% | Loss: 0.4091
Placing Sensors
[Episode 145/900] Steps: 720 | Reward:   -4.63 | Battery:  74.04% | Loss: 
Placing Sensors
[Episode 146/900] Steps:  93 | Reward:  -17.58 | Battery:   0.00% | Loss: 
Placing Sensors
[Episode 147/900] Steps:  73 | Reward:  -17.60 | Battery:   0.00% | Loss: 
Placing Sensors
Policy -0.0051 | Value 0.0142 | KL 0.00619 | CF 0.0738 | Std 0.1119 | |a| 0.0139 | EV +0.942 | Rsd 0.638 | Res 0.153 | AE 0.999 | Alpha 0.2316 | MB 28/28
  cert | viol 0.076 | dV -0.245884 | V 0.3086 | inball 0.388 | a*_q05 0.00088 | a*_q50 0.02582 | dV>=0 0.044 | n=150 | a_used 0.00216 -> 0.00205
  crit | n=1 | viol 0.666 | V 0.8463 | Vmin 0.2110 | agree +0.857 | a*_q05 -0.00638 | a*_q50 0.00052 | dV>=0 0.444 | beta 0.1790
  bell | direct viol 0.479 | direct dV>=0 0.392 | d_mean +0.00190 | d_std 0.01284 | d_q95 0.02046
[Episode 148/900] Steps: 720 | Reward:   -5.34 | Battery:  78.89% | Loss: 0.3434
Placing Sensors
[Episode 149/900] Steps: 720 | Reward:   -8.03 | Battery:  58.22% | Loss: 
Placing Sensors
Policy -0.0046 | Value 0.0136 | KL 0.00476 | CF 0.0556 | Std 0.1121 | |a| 0.0140 | EV +0.882 | Rsd 0.489 | Res 0.168 | AE 0.999 | Alpha 0.2239 | MB 24/24
  cert | viol 0.311 | dV -0.197914 | V 0.4485 | inball 0.216 | a*_q05 -0.00258 | a*_q50 0.00821 | dV>=0 0.270 | n=150 | a_used 0.00205 -> 0.00195
  crit | n=1 | viol 0.554 | V 1.0625 | Vmin 0.2446 | agree +0.624 | a*_q05 -0.00673 | a*_q50 0.00154 | dV>=0 0.395 | beta 0.1792
  bell | direct viol 0.491 | direct dV>=0 0.373 | d_mean +0.00053 | d_std 0.00944 | d_q95 0.01941
[Episode 150/900] Steps: 720 | Reward:   -7.73 | Battery:  60.73% | Loss: 0.2656
Placing Sensors
[Episode 151/900] Steps: 720 | Reward:   -6.30 | Battery:  55.36% | Loss: 
Placing Sensors
Policy -0.0031 | Value 0.0123 | KL 0.00515 | CF 0.0685 | Std 0.1122 | |a| 0.0156 | EV +0.935 | Rsd 0.476 | Res 0.123 | AE 0.999 | Alpha 0.2164 | MB 24/24
  cert | viol 0.161 | dV -0.192760 | V 0.3159 | inball 0.204 | a*_q05 -0.00360 | a*_q50 0.01395 | dV>=0 0.123 | n=150 | a_used 0.00195 -> 0.00185
  crit | n=1 | viol 0.433 | V 0.8914 | Vmin 0.2499 | agree +0.666 | a*_q05 -0.00375 | a*_q50 0.00281 | dV>=0 0.289 | beta 0.1778
  bell | direct viol 0.495 | direct dV>=0 0.412 | d_mean -0.00027 | d_std 0.00786 | d_q95 0.01611
[Episode 152/900] Steps: 720 | Reward:   -7.47 | Battery:  60.91% | Loss: 0.4479
Placing Sensors
[Episode 153/900] Steps: 720 | Reward:   -5.87 | Battery:  52.62% | Loss: 
Placing Sensors
Policy 0.0012 | Value 0.0086 | KL 0.00392 | CF 0.0410 | Std 0.1124 | |a| 0.0149 | EV +0.906 | Rsd 0.395 | Res 0.122 | AE 0.999 | Alpha 0.2091 | MB 24/24
  cert | viol 0.036 | dV -0.207191 | V 0.2902 | inball 0.359 | a*_q05 0.00289 | a*_q50 0.01910 | dV>=0 0.017 | n=150 | a_used 0.00185 -> 0.00191
  crit | n=1 | viol 0.597 | V 0.8101 | Vmin 0.2750 | agree +0.676 | a*_q05 -0.00431 | a*_q50 0.00117 | dV>=0 0.356 | beta 0.1748
  bell | direct viol 0.457 | direct dV>=0 0.376 | d_mean +0.00138 | d_std 0.00849 | d_q95 0.01759
[Episode 154/900] Steps: 720 | Reward:   -5.77 | Battery:  57.61% | Loss: 0.2328
Placing Sensors
[Episode 155/900] Steps: 720 | Reward:   -4.69 | Battery:  61.53% | Loss: 
Placing Sensors
Policy -0.0023 | Value 0.0199 | KL 0.00490 | CF 0.0535 | Std 0.1125 | |a| 0.0144 | EV +0.923 | Rsd 0.407 | Res 0.125 | AE 0.999 | Alpha 0.2021 | MB 24/24
  cert | viol 0.096 | dV -0.201251 | V 0.2874 | inball 0.329 | a*_q05 -0.00404 | a*_q50 0.02270 | dV>=0 0.063 | n=150 | a_used 0.00191 -> 0.00181
  crit | n=1 | viol 0.754 | V 0.8996 | Vmin 0.3346 | agree +0.721 | a*_q05 -0.00529 | a*_q50 -0.00040 | dV>=0 0.565 | beta 0.1766
  bell | direct viol 0.523 | direct dV>=0 0.423 | d_mean +0.00213 | d_std 0.00728 | d_q95 0.01516
[Episode 156/900] Steps: 720 | Reward:   -6.65 | Battery:  37.02% | Loss: 0.3412
Placing Sensors
[Episode 157/900] Steps: 720 | Reward:   -4.49 | Battery:  67.18% | Loss: 
Placing Sensors
Policy -0.0032 | Value 0.0088 | KL 0.00545 | CF 0.0569 | Std 0.1126 | |a| 0.0160 | EV +0.934 | Rsd 0.433 | Res 0.126 | AE 0.999 | Alpha 0.1953 | MB 24/24
  cert | viol 0.065 | dV -0.270229 | V 0.3561 | inball 0.413 | a*_q05 0.00101 | a*_q50 0.02846 | dV>=0 0.045 | n=150 | a_used 0.00181 -> 0.00182
  crit | n=1 | viol 0.759 | V 0.8218 | Vmin 0.3176 | agree +0.824 | a*_q05 -0.00724 | a*_q50 -0.00015 | dV>=0 0.518 | beta 0.1758
  bell | direct viol 0.408 | direct dV>=0 0.329 | d_mean +0.00284 | d_std 0.00790 | d_q95 0.01591
[Episode 158/900] Steps: 720 | Reward:   -6.30 | Battery:  70.82% | Loss: 0.3769
Placing Sensors
[Episode 159/900] Steps: 104 | Reward:  -17.46 | Battery:   0.00% | Loss: 
Placing Sensors
[Episode 160/900] Steps: 157 | Reward:  -17.14 | Battery:   0.00% | Loss: 
Placing Sensors
[Episode 161/900] Steps: 720 | Reward:   -6.57 | Battery:  53.59% | Loss: 
Placing Sensors
[Episode 162/900] Steps:  81 | Reward:  -17.75 | Battery:   0.00% | Loss: 
Placing Sensors
Policy -0.0033 | Value 0.0232 | KL 0.00716 | CF 0.0893 | Std 0.1127 | |a| 0.0202 | EV +0.895 | Rsd 0.615 | Res 0.200 | AE 0.999 | Alpha 0.1872 | MB 28/28
  cert | viol 0.055 | dV -0.287435 | V 0.3765 | inball 0.334 | a*_q05 0.00192 | a*_q50 0.02649 | dV>=0 0.018 | n=150 | a_used 0.00182 -> 0.00182
  crit | n=1 | viol 0.723 | V 1.1072 | Vmin 0.3003 | agree +0.813 | a*_q05 -0.00562 | a*_q50 0.00038 | dV>=0 0.436 | beta 0.1746
  bell | direct viol 0.490 | direct dV>=0 0.399 | d_mean +0.00060 | d_std 0.01503 | d_q95 0.02157
[Episode 163/900] Steps: 720 | Reward:   -5.05 | Battery:  59.50% | Loss: 0.2980
Placing Sensors
[Episode 164/900] Steps:  91 | Reward:  -17.38 | Battery:   0.00% | Loss: 
Placing Sensors
[Episode 165/900] Steps: 130 | Reward:  -17.26 | Battery:   0.00% | Loss: 
Placing Sensors
[Episode 166/900] Steps:  84 | Reward:  -17.50 | Battery:   0.00% | Loss: 
Placing Sensors
[Episode 167/900] Steps: 720 | Reward:   -4.76 | Battery:  80.26% | Loss: 
Placing Sensors
Policy -0.0011 | Value 0.0110 | KL 0.00524 | CF 0.0581 | Std 0.1128 | |a| 0.0163 | EV +0.928 | Rsd 0.618 | Res 0.167 | AE 0.999 | Alpha 0.1797 | MB 28/28
  cert | viol 0.053 | dV -0.197715 | V 0.2685 | inball 0.372 | a*_q05 0.00187 | a*_q50 0.02494 | dV>=0 0.005 | n=150 | a_used 0.00182 -> 0.00182
  crit | n=1 | viol 0.860 | V 1.0351 | Vmin 0.4150 | agree +0.895 | a*_q05 -0.00558 | a*_q50 -0.00060 | dV>=0 0.617 | beta 0.1764
  bell | direct viol 0.491 | direct dV>=0 0.386 | d_mean +0.00205 | d_std 0.01321 | d_q95 0.01922
[Episode 168/900] Steps: 720 | Reward:   -4.88 | Battery:  64.18% | Loss: 0.4350
Placing Sensors
[Episode 169/900] Steps: 720 | Reward:   -5.43 | Battery:  59.22% | Loss: 
Placing Sensors
Policy 0.0038 | Value 0.0182 | KL 0.00728 | CF 0.0966 | Std 0.1130 | |a| 0.0220 | EV +0.896 | Rsd 0.456 | Res 0.163 | AE 0.999 | Alpha 0.1736 | MB 24/24
  cert | viol 0.000 | dV -0.269996 | V 0.3144 | inball 0.444 | a*_q05 0.00614 | a*_q50 0.03010 | dV>=0 0.000 | n=150 | a_used 0.00182 -> 0.00196
  crit | n=1 | viol 0.739 | V 0.8244 | Vmin 0.3439 | agree +0.601 | a*_q05 -0.00699 | a*_q50 -0.00027 | dV>=0 0.528 | beta 0.1752
  bell | direct viol 0.377 | direct dV>=0 0.282 | d_mean +0.00367 | d_std 0.00712 | d_q95 0.01540
[Episode 170/900] Steps: 720 | Reward:   -4.75 | Battery:  52.02% | Loss: 0.3584
Placing Sensors
[Episode 171/900] Steps: 105 | Reward:  -17.38 | Battery:   0.00% | Loss: 
Placing Sensors
[Episode 172/900] Steps: 105 | Reward:  -17.51 | Battery:   0.00% | Loss: 
Placing Sensors
[Episode 173/900] Steps: 720 | Reward:   -6.08 | Battery:  61.83% | Loss: 
Placing Sensors
Policy -0.0078 | Value 0.0222 | KL 0.01040 | CF 0.1403 | Std 0.1131 | |a| 0.0192 | EV +0.906 | Rsd 0.602 | Res 0.184 | AE 0.999 | Alpha 0.1670 | MB 28/28
  cert | viol 0.106 | dV -0.248954 | V 0.3646 | inball 0.227 | a*_q05 -0.00225 | a*_q50 0.02174 | dV>=0 0.062 | n=150 | a_used 0.00196 -> 0.00186
  crit | n=1 | viol 0.707 | V 1.0723 | Vmin 0.3411 | agree +0.802 | a*_q05 -0.00539 | a*_q50 0.00033 | dV>=0 0.462 | beta 0.1757
  bell | direct viol 0.523 | direct dV>=0 0.426 | d_mean +0.00147 | d_std 0.01273 | d_q95 0.02116
[Episode 174/900] Steps: 720 | Reward:   -6.95 | Battery:  69.81% | Loss: 0.1981
Placing Sensors
[Episode 175/900] Steps: 134 | Reward:  -17.37 | Battery:   0.00% | Loss: 
Placing Sensors
[Episode 176/900] Steps:  92 | Reward:  -17.63 | Battery:   0.00% | Loss: 
Placing Sensors
[Episode 177/900] Steps: 720 | Reward:   -5.11 | Battery:  59.25% | Loss: 
Placing Sensors
Policy -0.0040 | Value 0.0168 | KL 0.00908 | CF 0.1268 | Std 0.1133 | |a| 0.0197 | EV +0.891 | Rsd 0.613 | Res 0.202 | AE 0.999 | Alpha 0.1605 | MB 28/28
  cert | viol 0.132 | dV -0.190234 | V 0.3380 | inball 0.244 | a*_q05 -0.00230 | a*_q50 0.01608 | dV>=0 0.084 | n=150 | a_used 0.00186 -> 0.00177
  crit | n=1 | viol 0.728 | V 1.1048 | Vmin 0.3219 | agree +0.811 | a*_q05 -0.00479 | a*_q50 0.00007 | dV>=0 0.491 | beta 0.1762
  bell | direct viol 0.492 | direct dV>=0 0.405 | d_mean +0.00136 | d_std 0.01294 | d_q95 0.02044
[Episode 178/900] Steps: 720 | Reward:   -7.84 | Battery:  64.43% | Loss: 0.2742
Placing Sensors
[Episode 179/900] Steps: 720 | Reward:   -5.51 | Battery:  58.53% | Loss: 
Placing Sensors
[Episode 180/900] Steps: 105 | Reward:  -17.51 | Battery:   0.00% | Loss: 
Placing Sensors
[Episode 181/900] Steps:  87 | Reward:  -17.46 | Battery:   0.00% | Loss: 
Placing Sensors
[Episode 182/900] Steps: 104 | Reward:  -17.55 | Battery:   0.00% | Loss: 
Placing Sensors
Policy -0.0009 | Value 0.0123 | KL 0.00459 | CF 0.0522 | Std 0.1134 | |a| 0.0205 | EV +0.951 | Rsd 0.660 | Res 0.148 | AE 1.000 | Alpha 0.1540 | MB 28/28
  cert | viol 0.060 | dV -0.260435 | V 0.3479 | inball 0.305 | a*_q05 0.00169 | a*_q50 0.02555 | dV>=0 0.028 | n=150 | a_used 0.00177 -> 0.00168
  crit | n=1 | viol 0.749 | V 1.0902 | Vmin 0.3033 | agree +0.819 | a*_q05 -0.00572 | a*_q50 -0.00036 | dV>=0 0.557 | beta 0.1765
  bell | direct viol 0.485 | direct dV>=0 0.387 | d_mean +0.00229 | d_std 0.01297 | d_q95 0.01986
[Episode 183/900] Steps: 720 | Reward:   -5.95 | Battery:  65.66% | Loss: 0.1975
Placing Sensors
[Episode 184/900] Steps:  82 | Reward:  -17.53 | Battery:   0.00% | Loss: 
Placing Sensors
[Episode 185/900] Steps:  69 | Reward:  -17.85 | Battery:   0.00% | Loss: 
Placing Sensors
[Episode 186/900] Steps: 720 | Reward:   -5.52 | Battery:  72.97% | Loss: 
Placing Sensors
[Episode 187/900] Steps:  62 | Reward:  -17.80 | Battery:   0.00% | Loss: 
Placing Sensors
[Episode 188/900] Steps:  72 | Reward:  -17.59 | Battery:   0.00% | Loss: 
Placing Sensors
[Episode 189/900] Steps: 119 | Reward:  -17.42 | Battery:   0.00% | Loss: 
Placing Sensors
Policy -0.0037 | Value 0.0147 | KL 0.00670 | CF 0.0829 | Std 0.1135 | |a| 0.0200 | EV +0.940 | Rsd 0.720 | Res 0.177 | AE 0.999 | Alpha 0.1475 | MB 32/32
  cert | viol 0.037 | dV -0.243106 | V 0.3305 | inball 0.336 | a*_q05 0.00257 | a*_q50 0.02482 | dV>=0 0.008 | n=150 | a_used 0.00168 -> 0.00170
  crit | n=1 | viol 0.708 | V 1.0882 | Vmin 0.2769 | agree +0.867 | a*_q05 -0.00413 | a*_q50 0.00021 | dV>=0 0.460 | beta 0.1754
  bell | direct viol 0.531 | direct dV>=0 0.467 | d_mean -0.00038 | d_std 0.01671 | d_q95 0.02491
[Episode 190/900] Steps: 720 | Reward:   -5.09 | Battery:  65.70% | Loss: 0.1344
Placing Sensors
[Episode 191/900] Steps: 720 | Reward:   -5.34 | Battery:  76.32% | Loss: 
Placing Sensors
[Episode 192/900] Steps:  83 | Reward:  -17.63 | Battery:   0.00% | Loss: 
Placing Sensors
Policy -0.0045 | Value 0.0158 | KL 0.00738 | CF 0.0961 | Std 0.1137 | |a| 0.0199 | EV +0.940 | Rsd 0.568 | Res 0.142 | AE 0.999 | Alpha 0.1422 | MB 24/24
  cert | viol 0.026 | dV -0.299930 | V 0.3703 | inball 0.527 | a*_q05 0.00307 | a*_q50 0.03168 | dV>=0 0.000 | n=150 | a_used 0.00170 -> 0.00176
  crit | n=1 | viol 0.553 | V 0.7558 | Vmin 0.2257 | agree +0.802 | a*_q05 -0.00551 | a*_q50 0.00138 | dV>=0 0.336 | beta 0.1693
  bell | direct viol 0.312 | direct dV>=0 0.261 | d_mean +0.00263 | d_std 0.01396 | d_q95 0.02500
[Episode 193/900] Steps: 720 | Reward:   -4.18 | Battery:  75.51% | Loss: 0.3843
Placing Sensors
[Episode 194/900] Steps: 720 | Reward:   -5.28 | Battery:  63.75% | Loss: 
Placing Sensors
Policy -0.0006 | Value 0.0163 | KL 0.00578 | CF 0.0736 | Std 0.1137 | |a| 0.0227 | EV +0.868 | Rsd 0.443 | Res 0.162 | AE 0.997 | Alpha 0.1375 | MB 24/24
  cert | viol 0.024 | dV -0.230891 | V 0.3147 | inball 0.439 | a*_q05 0.00342 | a*_q50 0.02332 | dV>=0 0.000 | n=150 | a_used 0.00176 -> 0.00184
  crit | n=1 | viol 0.559 | V 0.7334 | Vmin 0.1920 | agree +0.624 | a*_q05 -0.00556 | a*_q50 0.00109 | dV>=0 0.411 | beta 0.1629
  bell | direct viol 0.429 | direct dV>=0 0.364 | d_mean +0.00181 | d_std 0.01082 | d_q95 0.02126
[Episode 195/900] Steps: 720 | Reward:   -4.97 | Battery:  72.33% | Loss: 0.2996
Placing Sensors
[Episode 196/900] Steps: 720 | Reward:   -6.47 | Battery:  69.67% | Loss: 
Placing Sensors
