Placing Sensors
[cost_plain] critic head: unconstrained linear, spectral_norm = False. V_cost >= 0 is NOT structural in this arm -- watch v_critic_min.
Placing Sensors
[Episode 1/400] Steps: 156 | Reward:  -14.89 | Battery:   0.00% | Loss: 
Placing Sensors
[Episode 2/400] Steps: 720 | Reward:   -7.68 | Battery:  51.07% | Loss: 
Placing Sensors
Policy 0.0036 | Value 0.0528 | KL 0.00200 | CF 0.0176 | Std 0.1054 | |a| 0.0053 | Alpha 0.9185 | MB 28/28
  cert | viol 0.721 | dV -0.125257 | V 0.3443 | inball 0.000 | a*_q05 -0.01373 | a*_q50 0.00263 | dV>=0 0.350 | n=150 | a_used 0.01000 -> 0.00950
  crit | n=1 | viol 0.955 | V 1.1851 | Vmin 0.9307 | agree +0.516 | a*_q05 -0.00652 | a*_q50 0.00046 | dV>=0 0.471 | beta 0.1000
  bell | direct viol 0.978 | direct dV>=0 0.481 | d_mean -0.00119 | d_std 0.00836 | d_q95 0.01687
[Episode 3/400] Steps: 720 | Reward:   -9.42 | Battery:  38.11% | Loss: 1.6896
Placing Sensors
[Episode 4/400] Steps: 111 | Reward:  -14.68 | Battery:   0.00% | Loss: 
Placing Sensors
[Episode 5/400] Steps: 720 | Reward:  -11.23 | Battery:  22.80% | Loss: 
Placing Sensors
Policy -0.0315 | Value 0.0148 | KL 0.00143 | CF 0.0074 | Std 0.1055 | |a| 0.0030 | Alpha 0.8456 | MB 28/28
  cert | viol 0.796 | dV -0.158245 | V 0.4227 | inball 0.000 | a*_q05 -0.01944 | a*_q50 0.00332 | dV>=0 0.343 | n=150 | a_used 0.00950 -> 0.00903
  crit | n=1 | viol 0.959 | V 1.2976 | Vmin 0.8857 | agree +0.443 | a*_q05 -0.00623 | a*_q50 -0.00013 | dV>=0 0.517 | beta 0.1000
  bell | direct viol 0.967 | direct dV>=0 0.488 | d_mean -0.00135 | d_std 0.00795 | d_q95 0.01541
[Episode 6/400] Steps: 720 | Reward:   -9.01 | Battery:  38.49% | Loss: 1.1197
Placing Sensors
[Episode 7/400] Steps:  96 | Reward:  -14.66 | Battery:   0.00% | Loss: 
Placing Sensors
[Episode 8/400] Steps: 720 | Reward:   -6.62 | Battery:  60.12% | Loss: 
Placing Sensors
[Episode 9/400] Steps: 118 | Reward:  -14.67 | Battery:   0.00% | Loss: 
Placing Sensors
[Episode 10/400] Steps:  99 | Reward:  -14.36 | Battery:   0.00% | Loss: 
Placing Sensors
Policy -0.0001 | Value 0.0135 | KL 0.00251 | CF 0.0254 | Std 0.1056 | |a| 0.0057 | Alpha 0.7701 | MB 28/28
  cert | viol 0.722 | dV -0.197440 | V 0.5054 | inball 0.156 | a*_q05 -0.00503 | a*_q50 0.00523 | dV>=0 0.229 | n=150 | a_used 0.00903 -> 0.00857
  crit | n=1 | viol 0.953 | V 1.3060 | Vmin 0.6777 | agree +0.605 | a*_q05 -0.00500 | a*_q50 0.00230 | dV>=0 0.281 | beta 0.1000
  bell | direct viol 0.889 | direct dV>=0 0.469 | d_mean -0.00219 | d_std 0.00991 | d_q95 0.01979
[Episode 11/400] Steps: 720 | Reward:  -11.93 | Battery:  24.20% | Loss: 1.4336
Placing Sensors
[Episode 12/400] Steps: 720 | Reward:   -9.34 | Battery:  75.74% | Loss: 
Placing Sensors
Policy -0.0048 | Value 0.0142 | KL 0.00277 | CF 0.0269 | Std 0.1058 | |a| 0.0053 | Alpha 0.7132 | MB 24/24
  cert | viol 0.596 | dV -0.176621 | V 0.4270 | inball 0.071 | a*_q05 -0.00799 | a*_q50 0.00700 | dV>=0 0.249 | n=150 | a_used 0.00857 -> 0.00815
  crit | n=1 | viol 0.921 | V 1.1380 | Vmin 0.7570 | agree +0.607 | a*_q05 -0.00644 | a*_q50 0.00070 | dV>=0 0.436 | beta 0.1000
  bell | direct viol 0.901 | direct dV>=0 0.493 | d_mean -0.00191 | d_std 0.00954 | d_q95 0.01979
[Episode 13/400] Steps: 720 | Reward:   -9.06 | Battery:  33.42% | Loss: 1.1178
Placing Sensors
[Episode 14/400] Steps: 144 | Reward:  -14.69 | Battery:   0.00% | Loss: 
Placing Sensors
[Episode 15/400] Steps: 720 | Reward:   -7.80 | Battery:  64.52% | Loss: 
Placing Sensors
[Episode 16/400] Steps: 160 | Reward:  -14.22 | Battery:   0.00% | Loss: 
Placing Sensors
[Episode 17/400] Steps: 111 | Reward:  -14.36 | Battery:   0.00% | Loss: 
Placing Sensors
[Episode 18/400] Steps: 116 | Reward:  -14.59 | Battery:   0.00% | Loss: 
Placing Sensors
Policy -0.0016 | Value 0.0133 | KL 0.00216 | CF 0.0156 | Std 0.1060 | |a| 0.0069 | Alpha 0.6421 | MB 32/32
  cert | viol 0.254 | dV -0.250893 | V 0.4001 | inball 0.223 | a*_q05 -0.00052 | a*_q50 0.01626 | dV>=0 0.077 | n=150 | a_used 0.00815 -> 0.00708
  crit | n=1 | viol 0.939 | V 1.2428 | Vmin 0.5688 | agree +0.732 | a*_q05 -0.00616 | a*_q50 0.00187 | dV>=0 0.336 | beta 0.1000
  bell | direct viol 0.834 | direct dV>=0 0.431 | d_mean -0.00061 | d_std 0.01190 | d_q95 0.02356
[Episode 19/400] Steps: 720 | Reward:   -5.71 | Battery:  63.84% | Loss: 1.0244
Placing Sensors
[Episode 20/400] Steps: 720 | Reward:   -6.86 | Battery:  24.09% | Loss: 
Placing Sensors
Policy -0.0042 | Value 0.0238 | KL 0.00348 | CF 0.0397 | Std 0.1062 | |a| 0.0063 | Alpha 0.5947 | MB 24/24
  cert | viol 0.176 | dV -0.216780 | V 0.3012 | inball 0.300 | a*_q05 -0.01274 | a*_q50 0.02248 | dV>=0 0.063 | n=150 | a_used 0.00708 -> 0.00675
  crit | n=1 | viol 0.907 | V 1.0109 | Vmin 0.5868 | agree +0.491 | a*_q05 -0.00645 | a*_q50 -0.00075 | dV>=0 0.548 | beta 0.1000
  bell | direct viol 0.848 | direct dV>=0 0.455 | d_mean +0.00097 | d_std 0.00916 | d_q95 0.01809
[Episode 21/400] Steps: 720 | Reward:   -5.81 | Battery:  71.29% | Loss: 0.9683
Placing Sensors
[Episode 22/400] Steps: 720 | Reward:   -6.97 | Battery:  66.06% | Loss: 
Placing Sensors
[Episode 23/400] Steps:  99 | Reward:  -14.88 | Battery:   0.00% | Loss: 
Placing Sensors
Policy 0.0173 | Value 0.0127 | KL 0.00494 | CF 0.0499 | Std 0.1063 | |a| 0.0126 | Alpha 0.5478 | MB 28/28
  cert | viol 0.459 | dV -0.153982 | V 0.3577 | inball 0.075 | a*_q05 -0.00720 | a*_q50 0.00881 | dV>=0 0.212 | n=150 | a_used 0.00675 -> 0.00641
  crit | n=1 | viol 0.865 | V 1.0707 | Vmin 0.6668 | agree +0.708 | a*_q05 -0.00473 | a*_q50 0.00090 | dV>=0 0.446 | beta 0.1000
  bell | direct viol 0.878 | direct dV>=0 0.433 | d_mean -0.00084 | d_std 0.00973 | d_q95 0.01582
[Episode 24/400] Steps: 720 | Reward:   -9.34 | Battery:  45.84% | Loss: 1.5475
Placing Sensors
[Episode 25/400] Steps: 720 | Reward:   -6.99 | Battery:  63.03% | Loss: 
Placing Sensors
Policy -0.0054 | Value 0.0081 | KL 0.00652 | CF 0.0845 | Std 0.1066 | |a| 0.0152 | Alpha 0.5074 | MB 24/24
  cert | viol 0.478 | dV -0.205991 | V 0.3492 | inball 0.064 | a*_q05 -0.00351 | a*_q50 0.00684 | dV>=0 0.150 | n=150 | a_used 0.00641 -> 0.00609
  crit | n=1 | viol 0.799 | V 1.0046 | Vmin 0.6539 | agree +0.446 | a*_q05 -0.00633 | a*_q50 0.00016 | dV>=0 0.490 | beta 0.1000
  bell | direct viol 0.887 | direct dV>=0 0.448 | d_mean -0.00106 | d_std 0.00996 | d_q95 0.01718
[Episode 26/400] Steps: 720 | Reward:   -8.81 | Battery:  56.10% | Loss: 0.7938
Placing Sensors
[Episode 27/400] Steps: 720 | Reward:   -7.30 | Battery:  51.77% | Loss: 
Placing Sensors
Policy -0.0046 | Value 0.0055 | KL 0.00399 | CF 0.0420 | Std 0.1068 | |a| 0.0197 | Alpha 0.4699 | MB 24/24
  cert | viol 0.349 | dV -0.212998 | V 0.3531 | inball 0.245 | a*_q05 -0.00270 | a*_q50 0.01180 | dV>=0 0.124 | n=150 | a_used 0.00609 -> 0.00579
  crit | n=1 | viol 0.840 | V 0.9975 | Vmin 0.5490 | agree +0.419 | a*_q05 -0.00656 | a*_q50 0.00003 | dV>=0 0.498 | beta 0.1000
  bell | direct viol 0.830 | direct dV>=0 0.428 | d_mean +0.00065 | d_std 0.01238 | d_q95 0.01772
[Episode 28/400] Steps: 720 | Reward:   -6.39 | Battery:  70.13% | Loss: 0.6858
Placing Sensors
[Episode 29/400] Steps: 117 | Reward:  -14.68 | Battery:   0.00% | Loss: 
Placing Sensors
[Episode 30/400] Steps: 720 | Reward:   -5.30 | Battery:  60.59% | Loss: 
Placing Sensors
Policy -0.0174 | Value 0.0108 | KL 0.00367 | CF 0.0370 | Std 0.1070 | |a| 0.0176 | Alpha 0.4325 | MB 28/28
  cert | viol 0.463 | dV -0.112459 | V 0.2824 | inball 0.172 | a*_q05 -0.01133 | a*_q50 0.00682 | dV>=0 0.301 | n=150 | a_used 0.00579 -> 0.00550
  crit | n=1 | viol 0.933 | V 1.0648 | Vmin 0.6010 | agree +0.653 | a*_q05 -0.00551 | a*_q50 -0.00002 | dV>=0 0.503 | beta 0.1000
  bell | direct viol 0.846 | direct dV>=0 0.513 | d_mean -0.00027 | d_std 0.01162 | d_q95 0.01986
[Episode 31/400] Steps: 720 | Reward:   -8.64 | Battery:  23.79% | Loss: 0.4711
Placing Sensors
[Episode 32/400] Steps: 720 | Reward:  -10.30 | Battery:  21.10% | Loss: 
Placing Sensors
Policy -0.0027 | Value 0.0062 | KL 0.00265 | CF 0.0200 | Std 0.1073 | |a| 0.0157 | Alpha 0.4005 | MB 24/24
  cert | viol 0.421 | dV -0.173486 | V 0.3991 | inball 0.090 | a*_q05 -0.01184 | a*_q50 0.00815 | dV>=0 0.195 | n=150 | a_used 0.00550 -> 0.00522
  crit | n=1 | viol 0.854 | V 1.1773 | Vmin 0.7260 | agree +0.486 | a*_q05 -0.00542 | a*_q50 -0.00038 | dV>=0 0.522 | beta 0.1000
  bell | direct viol 0.868 | direct dV>=0 0.475 | d_mean -0.00055 | d_std 0.01013 | d_q95 0.01845
[Episode 33/400] Steps: 720 | Reward:   -6.89 | Battery:  54.14% | Loss: 0.6532
Placing Sensors
[Episode 34/400] Steps: 720 | Reward:   -5.85 | Battery:  72.38% | Loss: 
Placing Sensors
[Episode 35/400] Steps: 170 | Reward:  -14.68 | Battery:   0.00% | Loss: 
Placing Sensors
Policy -0.0007 | Value 0.0134 | KL 0.00589 | CF 0.0749 | Std 0.1075 | |a| 0.0135 | Alpha 0.3676 | MB 28/28
  cert | viol 0.288 | dV -0.218489 | V 0.3816 | inball 0.253 | a*_q05 -0.00643 | a*_q50 0.01305 | dV>=0 0.135 | n=150 | a_used 0.00522 -> 0.00496
  crit | n=1 | viol 0.903 | V 1.1931 | Vmin 0.6839 | agree +0.614 | a*_q05 -0.00714 | a*_q50 0.00023 | dV>=0 0.482 | beta 0.1000
  bell | direct viol 0.791 | direct dV>=0 0.435 | d_mean +0.00061 | d_std 0.01706 | d_q95 0.03000
[Episode 36/400] Steps: 720 | Reward:   -7.63 | Battery:  57.16% | Loss: 0.6918
Placing Sensors
[Episode 37/400] Steps: 720 | Reward:   -7.08 | Battery:  66.32% | Loss: 
Placing Sensors
Policy -0.0051 | Value 0.0079 | KL 0.00505 | CF 0.0610 | Std 0.1077 | |a| 0.0184 | Alpha 0.3404 | MB 24/24
  cert | viol 0.125 | dV -0.238445 | V 0.3411 | inball 0.312 | a*_q05 0.00119 | a*_q50 0.01542 | dV>=0 0.035 | n=150 | a_used 0.00496 -> 0.00475
  crit | n=1 | viol 0.957 | V 1.0981 | Vmin 0.6627 | agree +0.608 | a*_q05 -0.00710 | a*_q50 -0.00125 | dV>=0 0.607 | beta 0.1000
  bell | direct viol 0.793 | direct dV>=0 0.455 | d_mean +0.00206 | d_std 0.01794 | d_q95 0.02805
[Episode 38/400] Steps: 720 | Reward:   -5.43 | Battery:  53.76% | Loss: 0.5942
Placing Sensors
[Episode 39/400] Steps: 720 | Reward:   -6.04 | Battery:  78.29% | Loss: 
Placing Sensors
[Episode 40/400] Steps: 219 | Reward:  -14.43 | Battery:   0.00% | Loss: 
Placing Sensors
Policy -0.0030 | Value 0.0092 | KL 0.00483 | CF 0.0615 | Std 0.1079 | |a| 0.0185 | Alpha 0.3116 | MB 28/28
  cert | viol 0.232 | dV -0.211726 | V 0.3794 | inball 0.296 | a*_q05 -0.00290 | a*_q50 0.01804 | dV>=0 0.094 | n=150 | a_used 0.00475 -> 0.00451
  crit | n=1 | viol 0.827 | V 1.1161 | Vmin 0.5635 | agree +0.577 | a*_q05 -0.00679 | a*_q50 0.00103 | dV>=0 0.409 | beta 0.1000
  bell | direct viol 0.732 | direct dV>=0 0.427 | d_mean +0.00013 | d_std 0.01507 | d_q95 0.02979
[Episode 41/400] Steps: 720 | Reward:   -6.54 | Battery:  55.59% | Loss: 0.4858
Placing Sensors
[Episode 42/400] Steps: 720 | Reward:   -8.09 | Battery:  35.73% | Loss: 
Placing Sensors
Policy -0.0065 | Value 0.0056 | KL 0.00663 | CF 0.0769 | Std 0.1081 | |a| 0.0146 | Alpha 0.2886 | MB 24/24
  cert | viol 0.352 | dV -0.159961 | V 0.3094 | inball 0.144 | a*_q05 -0.01730 | a*_q50 0.01031 | dV>=0 0.184 | n=150 | a_used 0.00451 -> 0.00429
  crit | n=1 | viol 0.869 | V 1.0585 | Vmin 0.5657 | agree +0.477 | a*_q05 -0.00554 | a*_q50 0.00039 | dV>=0 0.461 | beta 0.1000
  bell | direct viol 0.748 | direct dV>=0 0.441 | d_mean +0.00013 | d_std 0.01702 | d_q95 0.03155
[Episode 43/400] Steps: 720 | Reward:   -6.36 | Battery:  56.32% | Loss: 0.4715
Placing Sensors
[Episode 44/400] Steps:  93 | Reward:  -14.39 | Battery:   0.00% | Loss: 
Placing Sensors
[Episode 45/400] Steps: 720 | Reward:   -8.96 | Battery:  30.20% | Loss: 
Placing Sensors
Policy -0.0039 | Value 0.0080 | KL 0.00608 | CF 0.0729 | Std 0.1082 | |a| 0.0139 | Alpha 0.2659 | MB 24/24
  cert | viol 0.492 | dV -0.170034 | V 0.3585 | inball 0.000 | a*_q05 -0.01406 | a*_q50 0.00427 | dV>=0 0.393 | n=150 | a_used 0.00429 -> 0.00407
  crit | n=1 | viol 0.744 | V 1.1728 | Vmin 0.6698 | agree +0.526 | a*_q05 -0.00554 | a*_q50 -0.00011 | dV>=0 0.506 | beta 0.1000
  bell | direct viol 0.745 | direct dV>=0 0.477 | d_mean -0.00137 | d_std 0.01819 | d_q95 0.03311
[Episode 46/400] Steps: 720 | Reward:   -8.82 | Battery:  52.14% | Loss: 0.3438
Placing Sensors
[Episode 47/400] Steps: 720 | Reward:   -7.32 | Battery:  46.76% | Loss: 
Placing Sensors
Policy -0.0013 | Value 0.0049 | KL 0.00335 | CF 0.0358 | Std 0.1084 | |a| 0.0204 | Alpha 0.2463 | MB 24/24
  cert | viol 0.317 | dV -0.210999 | V 0.4227 | inball 0.165 | a*_q05 -0.00963 | a*_q50 0.01099 | dV>=0 0.211 | n=150 | a_used 0.00407 -> 0.00387
  crit | n=1 | viol 0.747 | V 1.0910 | Vmin 0.5919 | agree +0.476 | a*_q05 -0.00666 | a*_q50 0.00020 | dV>=0 0.490 | beta 0.1000
  bell | direct viol 0.716 | direct dV>=0 0.442 | d_mean -0.00066 | d_std 0.01486 | d_q95 0.02827
[Episode 48/400] Steps: 720 | Reward:   -8.54 | Battery:  54.27% | Loss: 0.4386
Placing Sensors
[Episode 49/400] Steps: 720 | Reward:   -6.46 | Battery:  63.93% | Loss: 
Placing Sensors
Policy -0.0056 | Value 0.0111 | KL 0.00707 | CF 0.0883 | Std 0.1085 | |a| 0.0170 | Alpha 0.2281 | MB 24/24
  cert | viol 0.220 | dV -0.260774 | V 0.4482 | inball 0.209 | a*_q05 -0.00231 | a*_q50 0.01487 | dV>=0 0.122 | n=150 | a_used 0.00387 -> 0.00367
  crit | n=1 | viol 0.800 | V 1.1076 | Vmin 0.6190 | agree +0.658 | a*_q05 -0.00702 | a*_q50 -0.00041 | dV>=0 0.518 | beta 0.1000
  bell | direct viol 0.708 | direct dV>=0 0.423 | d_mean +0.00045 | d_std 0.01837 | d_q95 0.02790
[Episode 50/400] Steps: 720 | Reward:   -8.32 | Battery:  67.76% | Loss: 0.3511
Placing Sensors
[Episode 51/400] Steps: 720 | Reward:   -5.94 | Battery:  57.61% | Loss: 
Placing Sensors
Policy -0.0042 | Value 0.0070 | KL 0.00485 | CF 0.0566 | Std 0.1087 | |a| 0.0178 | Alpha 0.2112 | MB 24/24
  cert | viol 0.228 | dV -0.238072 | V 0.3830 | inball 0.216 | a*_q05 -0.01504 | a*_q50 0.01715 | dV>=0 0.152 | n=150 | a_used 0.00367 -> 0.00349
  crit | n=1 | viol 0.797 | V 1.0297 | Vmin 0.5801 | agree +0.613 | a*_q05 -0.00684 | a*_q50 -0.00041 | dV>=0 0.531 | beta 0.1000
  bell | direct viol 0.660 | direct dV>=0 0.456 | d_mean +0.00030 | d_std 0.01603 | d_q95 0.03326
[Episode 52/400] Steps: 720 | Reward:   -8.21 | Battery:  56.00% | Loss: 0.4613
Placing Sensors
[Episode 53/400] Steps: 720 | Reward:   -7.05 | Battery:  59.45% | Loss: 
Placing Sensors
Policy -0.0093 | Value 0.0058 | KL 0.00786 | CF 0.0974 | Std 0.1088 | |a| 0.0207 | Alpha 0.1956 | MB 24/24
  cert | viol 0.127 | dV -0.265577 | V 0.3874 | inball 0.286 | a*_q05 0.00082 | a*_q50 0.01522 | dV>=0 0.039 | n=150 | a_used 0.00349 -> 0.00324
  crit | n=1 | viol 0.673 | V 1.0049 | Vmin 0.5450 | agree +0.490 | a*_q05 -0.00718 | a*_q50 0.00142 | dV>=0 0.435 | beta 0.1000
  bell | direct viol 0.627 | direct dV>=0 0.428 | d_mean +0.00043 | d_std 0.01615 | d_q95 0.03097
[Episode 54/400] Steps: 720 | Reward:   -6.71 | Battery:  67.10% | Loss: 0.2535
Placing Sensors
[Episode 55/400] Steps: 720 | Reward:   -5.46 | Battery:  61.32% | Loss: 
Placing Sensors
Policy -0.0047 | Value 0.0066 | KL 0.00733 | CF 0.0935 | Std 0.1090 | |a| 0.0137 | Alpha 0.1812 | MB 24/24
  cert | viol 0.184 | dV -0.166642 | V 0.2332 | inball 0.234 | a*_q05 -0.01588 | a*_q50 0.01700 | dV>=0 0.120 | n=150 | a_used 0.00324 -> 0.00308
  crit | n=1 | viol 0.914 | V 0.9636 | Vmin 0.5165 | agree +0.509 | a*_q05 -0.00685 | a*_q50 -0.00185 | dV>=0 0.681 | beta 0.1000
  bell | direct viol 0.606 | direct dV>=0 0.449 | d_mean +0.00193 | d_std 0.02112 | d_q95 0.04203
[Episode 56/400] Steps: 720 | Reward:   -5.85 | Battery:  56.35% | Loss: 0.3965
Placing Sensors
[Episode 57/400] Steps:  86 | Reward:  -14.47 | Battery:   0.00% | Loss: 
Placing Sensors
[Episode 58/400] Steps: 720 | Reward:   -9.99 | Battery:  25.18% | Loss: 
Placing Sensors
Policy -0.0058 | Value 0.0079 | KL 0.00761 | CF 0.0903 | Std 0.1091 | |a| 0.0196 | Alpha 0.1670 | MB 24/24
  cert | viol 0.279 | dV -0.175771 | V 0.3812 | inball 0.207 | a*_q05 -0.00853 | a*_q50 0.00513 | dV>=0 0.175 | n=150 | a_used 0.00308 -> 0.00292
  crit | n=1 | viol 0.569 | V 1.0646 | Vmin 0.5141 | agree +0.645 | a*_q05 -0.00518 | a*_q50 0.00211 | dV>=0 0.312 | beta 0.1000
  bell | direct viol 0.585 | direct dV>=0 0.439 | d_mean -0.00186 | d_std 0.01915 | d_q95 0.03909
[Episode 59/400] Steps: 720 | Reward:   -5.91 | Battery:  68.01% | Loss: 0.3363
Placing Sensors
[Episode 60/400] Steps: 720 | Reward:   -6.25 | Battery:  52.13% | Loss: 
Placing Sensors
Policy -0.0030 | Value 0.0127 | KL 0.00562 | CF 0.0675 | Std 0.1092 | |a| 0.0192 | Alpha 0.1547 | MB 24/24
  cert | viol 0.368 | dV -0.171940 | V 0.4331 | inball 0.161 | a*_q05 -0.01062 | a*_q50 0.00613 | dV>=0 0.232 | n=150 | a_used 0.00292 -> 0.00278
  crit | n=1 | viol 0.502 | V 1.0638 | Vmin 0.5044 | agree +0.450 | a*_q05 -0.00497 | a*_q50 0.00295 | dV>=0 0.373 | beta 0.1000
  bell | direct viol 0.574 | direct dV>=0 0.464 | d_mean -0.00272 | d_std 0.02332 | d_q95 0.04773
[Episode 61/400] Steps: 720 | Reward:  -10.79 | Battery:  15.81% | Loss: 0.2664
Placing Sensors
[Episode 62/400] Steps: 126 | Reward:  -14.64 | Battery:   0.00% | Loss: 
Placing Sensors
[Episode 63/400] Steps: 720 | Reward:   -7.77 | Battery:  56.57% | Loss: 
Placing Sensors
[Episode 64/400] Steps:  92 | Reward:  -14.60 | Battery:   0.00% | Loss: 
Placing Sensors
Policy -0.0013 | Value 0.0096 | KL 0.00772 | CF 0.0920 | Std 0.1093 | |a| 0.0223 | Alpha 0.1416 | MB 28/28
  cert | viol 0.162 | dV -0.261277 | V 0.4448 | inball 0.266 | a*_q05 -0.00195 | a*_q50 0.01836 | dV>=0 0.101 | n=150 | a_used 0.00278 -> 0.00264
  crit | n=1 | viol 0.529 | V 1.1550 | Vmin 0.5290 | agree +0.641 | a*_q05 -0.00639 | a*_q50 0.00246 | dV>=0 0.318 | beta 0.1000
  bell | direct viol 0.584 | direct dV>=0 0.441 | d_mean -0.00095 | d_std 0.01957 | d_q95 0.03996
[Episode 65/400] Steps: 720 | Reward:   -6.53 | Battery:  74.70% | Loss: 0.2731
Placing Sensors
[Episode 66/400] Steps: 720 | Reward:   -8.17 | Battery:  50.82% | Loss: 
Placing Sensors
Policy -0.0022 | Value 0.0092 | KL 0.00655 | CF 0.0827 | Std 0.1094 | |a| 0.0241 | Alpha 0.1311 | MB 24/24
  cert | viol 0.441 | dV -0.165950 | V 0.4042 | inball 0.088 | a*_q05 -0.00311 | a*_q50 0.00505 | dV>=0 0.184 | n=150 | a_used 0.00264 -> 0.00250
  crit | n=1 | viol 0.586 | V 1.1110 | Vmin 0.6066 | agree +0.295 | a*_q05 -0.00584 | a*_q50 0.00117 | dV>=0 0.427 | beta 0.1000
  bell | direct viol 0.584 | direct dV>=0 0.442 | d_mean -0.00093 | d_std 0.02136 | d_q95 0.03927
[Episode 67/400] Steps: 720 | Reward:   -8.82 | Battery:  53.47% | Loss: 0.1965
Placing Sensors
[Episode 68/400] Steps: 720 | Reward:   -9.71 | Battery:  38.36% | Loss: 
Placing Sensors
Policy -0.0005 | Value 0.0103 | KL 0.00469 | CF 0.0536 | Std 0.1095 | |a| 0.0160 | Alpha 0.1215 | MB 24/24
  cert | viol 0.267 | dV -0.193383 | V 0.4036 | inball 0.000 | a*_q05 -0.01005 | a*_q50 0.00628 | dV>=0 0.177 | n=150 | a_used 0.00250 -> 0.00238
  crit | n=1 | viol 0.642 | V 1.1399 | Vmin 0.7384 | agree +0.391 | a*_q05 -0.00627 | a*_q50 -0.00050 | dV>=0 0.525 | beta 0.1000
  bell | direct viol 0.576 | direct dV>=0 0.465 | d_mean -0.00089 | d_std 0.02046 | d_q95 0.04147
[Episode 69/400] Steps: 720 | Reward:   -8.25 | Battery:  69.99% | Loss: 0.1899
Placing Sensors
[Episode 70/400] Steps:  89 | Reward:  -14.31 | Battery:   0.00% | Loss: 
Placing Sensors
[Episode 71/400] Steps: 720 | Reward:   -6.93 | Battery:  55.46% | Loss: 
Placing Sensors
Policy -0.0066 | Value 0.0062 | KL 0.00727 | CF 0.0846 | Std 0.1096 | |a| 0.0195 | Alpha 0.1120 | MB 24/24
  cert | viol 0.319 | dV -0.166925 | V 0.3519 | inball 0.130 | a*_q05 -0.01231 | a*_q50 0.00731 | dV>=0 0.214 | n=150 | a_used 0.00238 -> 0.00226
  crit | n=1 | viol 0.678 | V 1.1325 | Vmin 0.6131 | agree +0.634 | a*_q05 -0.00566 | a*_q50 0.00056 | dV>=0 0.448 | beta 0.1000
  bell | direct viol 0.544 | direct dV>=0 0.448 | d_mean -0.00007 | d_std 0.02241 | d_q95 0.04800
[Episode 72/400] Steps: 720 | Reward:   -8.72 | Battery:  38.24% | Loss: 0.1415
Placing Sensors
