Placing Sensors
[cost] critic head: beta*softplus, spectral, beta0 = 0.3, gain target = 0.9
Placing Sensors
[Episode 1/400] Steps: 720 | Reward:   -7.54 | Battery:  46.04% | Loss: 
Placing Sensors
[Episode 2/400] Steps: 161 | Reward:  -14.89 | Battery:   0.00% | Loss: 
Placing Sensors
[Episode 3/400] Steps: 720 | Reward:   -9.07 | Battery:  53.69% | Loss: 
Placing Sensors
Policy 0.0121 | Value 0.0158 | KL 0.00602 | CF 0.0702 | Std 0.1759 | |a| 0.0134 | Alpha 0.8577 | MB 40/40
  cert | viol 0.571 | dV -0.197106 | V 0.4039 | inball 0.123 | a*_q05 -0.00552 | a*_q50 0.00691 | dV>=0 0.134 | n=150 | a_used 0.01000 -> 0.00950
  crit | n=1 | viol 0.846 | V 1.0342 | Vmin 0.9874 | agree +0.312 | a*_q05 -0.00712 | a*_q50 0.00215 | dV>=0 0.403 | beta 0.3043
  bell | direct viol 0.995 | direct dV>=0 0.586 | d_mean -0.00280 | d_std 0.00698 | d_q95 0.01395
[Episode 4/400] Steps: 720 | Reward:   -7.89 | Battery:  48.09% | Loss: 1.2055
Placing Sensors
[Episode 5/400] Steps: 104 | Reward:  -14.71 | Battery:   0.00% | Loss: 
Placing Sensors
[Episode 6/400] Steps: 108 | Reward:  -14.52 | Battery:   0.00% | Loss: 
Placing Sensors
[Episode 7/400] Steps: 165 | Reward:  -14.84 | Battery:   0.00% | Loss: 
Placing Sensors
Policy -0.0051 | Value 0.0263 | KL 0.00501 | CF 0.0620 | Std 0.1793 | |a| 0.0124 | Alpha 0.7356 | MB 20/20
  cert | viol 0.521 | dV -0.183664 | V 0.3364 | inball 0.084 | a*_q05 -0.00650 | a*_q50 0.00903 | dV>=0 0.136 | n=150 | a_used 0.00950 -> 0.00903
  crit | n=1 | viol 0.827 | V 1.0789 | Vmin 0.9046 | agree +0.665 | a*_q05 -0.00553 | a*_q50 0.00473 | dV>=0 0.321 | beta 0.3075
  bell | direct viol 0.981 | direct dV>=0 0.548 | d_mean -0.00481 | d_std 0.00978 | d_q95 0.01671
[Episode 8/400] Steps: 720 | Reward:   -7.63 | Battery:  42.30% | Loss: 0.6419
Placing Sensors
[Episode 9/400] Steps: 177 | Reward:  -15.06 | Battery:   0.00% | Loss: 
Placing Sensors
[Episode 10/400] Steps: 720 | Reward:  -10.08 | Battery:  48.04% | Loss: 
Placing Sensors
[Episode 11/400] Steps: 720 | Reward:  -11.43 | Battery:  26.18% | Loss: 
Placing Sensors
Policy 0.0066 | Value 0.0112 | KL 0.00802 | CF 0.1045 | Std 0.1827 | |a| 0.0155 | Alpha 0.6310 | MB 40/40
  cert | viol 0.845 | dV -0.142630 | V 0.4173 | inball 0.000 | a*_q05 -0.01133 | a*_q50 0.00365 | dV>=0 0.258 | n=150 | a_used 0.00903 -> 0.00857
  crit | n=1 | viol 0.825 | V 1.0983 | Vmin 0.9015 | agree +0.425 | a*_q05 -0.00590 | a*_q50 0.00134 | dV>=0 0.410 | beta 0.3118
  bell | direct viol 0.940 | direct dV>=0 0.534 | d_mean -0.00280 | d_std 0.01531 | d_q95 0.02264
[Episode 12/400] Steps: 720 | Reward:   -6.66 | Battery:  58.91% | Loss: 0.3907
Placing Sensors
[Episode 13/400] Steps:  93 | Reward:  -14.64 | Battery:   0.00% | Loss: 
Placing Sensors
[Episode 14/400] Steps:  84 | Reward:  -14.53 | Battery:   0.00% | Loss: 
Placing Sensors
[Episode 15/400] Steps: 160 | Reward:  -14.60 | Battery:   0.00% | Loss: 
Placing Sensors
Policy -0.0033 | Value 0.0287 | KL 0.00917 | CF 0.1402 | Std 0.1855 | |a| 0.0155 | Alpha 0.5412 | MB 8/8
  cert | viol 0.000 | dV +0.000000 | V 0.0000 | inball 0.000 | a*_q05 nan | a*_q50 nan | dV>=0 0.000 | n=150 | a_used 0.00857 -> 0.00857
  crit | n=1 | viol 0.930 | V 1.5876 | Vmin 1.3689 | agree +0.327 | a*_q05 -0.00004 | a*_q50 0.00453 | dV>=0 0.060 | beta 0.3239
  bell | direct viol 0.982 | direct dV>=0 0.447 | d_mean -0.00679 | d_std 0.00738 | d_q95 0.01793
[Episode 16/400] Steps: 138 | Reward:  -14.87 | Battery:   0.00% | Loss: 0.5330
Placing Sensors
[Episode 17/400] Steps:  96 | Reward:  -14.63 | Battery:   0.00% | Loss: 
Placing Sensors
[Episode 18/400] Steps: 110 | Reward:  -14.65 | Battery:   0.00% | Loss: 
Placing Sensors
[Episode 19/400] Steps: 720 | Reward:  -11.03 | Battery:   8.65% | Loss: 
Placing Sensors
Policy -0.0074 | Value 0.0078 | KL 0.00808 | CF 0.1032 | Std 0.1875 | |a| 0.0184 | Alpha 0.4642 | MB 28/28
  cert | viol 0.858 | dV -0.090442 | V 0.4588 | inball 0.000 | a*_q05 -0.01258 | a*_q50 0.00149 | dV>=0 0.361 | n=150 | a_used 0.00857 -> 0.00815
  crit | n=1 | viol 0.997 | V 1.5794 | Vmin 1.4634 | agree +0.590 | a*_q05 -0.00529 | a*_q50 0.00020 | dV>=0 0.486 | beta 0.3356
  bell | direct viol 0.990 | direct dV>=0 0.524 | d_mean -0.00036 | d_std 0.00727 | d_q95 0.01238
[Episode 20/400] Steps: 720 | Reward:  -11.30 | Battery:  15.06% | Loss: 0.2498
Placing Sensors
[Episode 21/400] Steps: 159 | Reward:  -14.92 | Battery:   0.00% | Loss: 
Placing Sensors
[Episode 22/400] Steps: 720 | Reward:   -7.51 | Battery:  70.56% | Loss: 
Placing Sensors
[Episode 23/400] Steps: 135 | Reward:  -14.82 | Battery:   0.00% | Loss: 
Placing Sensors
Policy 0.0028 | Value 0.0155 | KL 0.00563 | CF 0.0725 | Std 0.1899 | |a| 0.0136 | Alpha 0.3981 | MB 20/20
  cert | viol 0.402 | dV -0.168062 | V 0.3470 | inball 0.082 | a*_q05 -0.00326 | a*_q50 0.01223 | dV>=0 0.142 | n=150 | a_used 0.00815 -> 0.00774
  crit | n=1 | viol 0.981 | V 1.5637 | Vmin 1.3068 | agree +0.667 | a*_q05 -0.00784 | a*_q50 0.00127 | dV>=0 0.424 | beta 0.3444
  bell | direct viol 0.965 | direct dV>=0 0.446 | d_mean -0.00043 | d_std 0.01512 | d_q95 0.01971
[Episode 24/400] Steps: 187 | Reward:  -14.97 | Battery:   0.00% | Loss: 0.3939
Placing Sensors
[Episode 25/400] Steps: 720 | Reward:   -9.10 | Battery:  41.38% | Loss: 
Placing Sensors
[Episode 26/400] Steps: 114 | Reward:  -14.80 | Battery:   0.00% | Loss: 
Placing Sensors
[Episode 27/400] Steps: 104 | Reward:  -14.74 | Battery:   0.00% | Loss: 
Placing Sensors
Policy -0.0081 | Value 0.0092 | KL 0.00486 | CF 0.0628 | Std 0.1920 | |a| 0.0189 | Alpha 0.3415 | MB 20/20
  cert | viol 0.550 | dV -0.165681 | V 0.3896 | inball 0.000 | a*_q05 -0.01459 | a*_q50 0.00645 | dV>=0 0.243 | n=150 | a_used 0.00774 -> 0.00735
  crit | n=1 | viol 0.997 | V 1.5625 | Vmin 1.1833 | agree +0.739 | a*_q05 -0.00726 | a*_q50 0.00044 | dV>=0 0.470 | beta 0.3520
  bell | direct viol 0.937 | direct dV>=0 0.482 | d_mean +0.00012 | d_std 0.01915 | d_q95 0.02946
[Episode 28/400] Steps: 121 | Reward:  -14.52 | Battery:   0.00% | Loss: -0.0065
Placing Sensors
[Episode 29/400] Steps: 114 | Reward:  -14.68 | Battery:   0.00% | Loss: 
Placing Sensors
[Episode 30/400] Steps: 146 | Reward:  -14.88 | Battery:   0.00% | Loss: 
Placing Sensors
[Episode 31/400] Steps: 720 | Reward:   -9.65 | Battery:  36.25% | Loss: 
Placing Sensors
Policy -0.0057 | Value 0.0087 | KL 0.00641 | CF 0.0789 | Std 0.1943 | |a| 0.0207 | Alpha 0.2929 | MB 28/28
  cert | viol 0.669 | dV -0.155128 | V 0.4424 | inball 0.008 | a*_q05 -0.01478 | a*_q50 0.00416 | dV>=0 0.324 | n=150 | a_used 0.00735 -> 0.00698
  crit | n=1 | viol 0.973 | V 1.5038 | Vmin 1.1520 | agree +0.505 | a*_q05 -0.00738 | a*_q50 0.00020 | dV>=0 0.489 | beta 0.3581
  bell | direct viol 0.904 | direct dV>=0 0.473 | d_mean +0.00031 | d_std 0.02105 | d_q95 0.03325
[Episode 32/400] Steps: 720 | Reward:   -9.86 | Battery:  53.88% | Loss: 0.2079
Placing Sensors
[Episode 33/400] Steps: 720 | Reward:   -9.99 | Battery:  50.01% | Loss: 
Placing Sensors
[Episode 34/400] Steps: 720 | Reward:   -8.49 | Battery:  46.12% | Loss: 
Placing Sensors
[Episode 35/400] Steps: 720 | Reward:   -6.30 | Battery:  71.87% | Loss: 
Placing Sensors
Policy 0.0047 | Value 0.0052 | KL 0.00872 | CF 0.1021 | Std 0.1981 | |a| 0.0276 | Alpha 0.2512 | MB 48/48
  cert | viol 0.476 | dV -0.179001 | V 0.3621 | inball 0.130 | a*_q05 -0.01242 | a*_q50 0.00741 | dV>=0 0.181 | n=150 | a_used 0.00698 -> 0.00663
  crit | n=1 | viol 0.978 | V 1.3458 | Vmin 1.0113 | agree +0.524 | a*_q05 -0.00757 | a*_q50 -0.00220 | dV>=0 0.664 | beta 0.3625
  bell | direct viol 0.859 | direct dV>=0 0.442 | d_mean +0.00218 | d_std 0.02201 | d_q95 0.03844
[Episode 36/400] Steps: 720 | Reward:   -6.92 | Battery:  59.65% | Loss: 0.2003
Placing Sensors
[Episode 37/400] Steps: 720 | Reward:   -9.13 | Battery:  57.71% | Loss: 
Placing Sensors
[Episode 38/400] Steps: 109 | Reward:  -14.71 | Battery:   0.00% | Loss: 
Placing Sensors
[Episode 39/400] Steps: 113 | Reward:  -14.60 | Battery:   0.00% | Loss: 
Placing Sensors
Policy -0.0296 | Value 0.0075 | KL 0.00820 | CF 0.1026 | Std 0.2014 | |a| 0.0316 | Alpha 0.2154 | MB 20/20
  cert | viol 0.542 | dV -0.168837 | V 0.4209 | inball 0.019 | a*_q05 -0.00561 | a*_q50 0.00545 | dV>=0 0.167 | n=150 | a_used 0.00663 -> 0.00641
  crit | n=1 | viol 0.977 | V 1.5505 | Vmin 1.0593 | agree +0.541 | a*_q05 -0.00775 | a*_q50 0.00070 | dV>=0 0.442 | beta 0.3689
  bell | direct viol 0.893 | direct dV>=0 0.447 | d_mean +0.00023 | d_std 0.01633 | d_q95 0.02847
[Episode 40/400] Steps: 102 | Reward:  -14.65 | Battery:   0.00% | Loss: -0.1146
Placing Sensors
[Episode 41/400] Steps: 720 | Reward:   -9.90 | Battery:  38.51% | Loss: 
Placing Sensors
[Episode 42/400] Steps: 156 | Reward:  -14.79 | Battery:   0.00% | Loss: 
Placing Sensors
[Episode 43/400] Steps: 115 | Reward:  -14.63 | Battery:   0.00% | Loss: 
Placing Sensors
Policy -0.0029 | Value 0.0046 | KL 0.00979 | CF 0.1255 | Std 0.2031 | |a| 0.0266 | Alpha 0.1848 | MB 28/28
  cert | viol 0.474 | dV -0.142286 | V 0.3526 | inball 0.077 | a*_q05 -0.00822 | a*_q50 0.00725 | dV>=0 0.233 | n=150 | a_used 0.00641 -> 0.00609
  crit | n=1 | viol 0.981 | V 1.4677 | Vmin 1.1010 | agree +0.698 | a*_q05 -0.00637 | a*_q50 -0.00172 | dV>=0 0.639 | beta 0.3744
  bell | direct viol 0.836 | direct dV>=0 0.427 | d_mean +0.00114 | d_std 0.02066 | d_q95 0.03988
[Episode 44/400] Steps: 720 | Reward:   -6.41 | Battery:  52.26% | Loss: -0.0635
Placing Sensors
[Episode 45/400] Steps: 720 | Reward:   -9.51 | Battery:  57.98% | Loss: 
Placing Sensors
[Episode 46/400] Steps:  98 | Reward:  -14.48 | Battery:   0.00% | Loss: 
Placing Sensors
[Episode 47/400] Steps: 720 | Reward:   -7.00 | Battery:  59.11% | Loss: 
Placing Sensors
Policy -0.0049 | Value 0.0090 | KL 0.01387 | CF 0.1827 | Std 0.2053 | |a| 0.0286 | Alpha 0.1585 | MB 28/28
  cert | viol 0.405 | dV -0.204629 | V 0.4320 | inball 0.153 | a*_q05 -0.00767 | a*_q50 0.00914 | dV>=0 0.169 | n=150 | a_used 0.00609 -> 0.00579
  crit | n=1 | viol 0.944 | V 1.4570 | Vmin 1.0170 | agree +0.571 | a*_q05 -0.00788 | a*_q50 -0.00027 | dV>=0 0.527 | beta 0.3775
  bell | direct viol 0.791 | direct dV>=0 0.422 | d_mean +0.00094 | d_std 0.02451 | d_q95 0.04630
[Episode 48/400] Steps: 172 | Reward:  -14.68 | Battery:   0.00% | Loss: 0.2114
Placing Sensors
[Episode 49/400] Steps: 720 | Reward:   -8.89 | Battery:  54.06% | Loss: 
Placing Sensors
[Episode 50/400] Steps: 720 | Reward:   -9.28 | Battery:  57.49% | Loss: 
Placing Sensors
[Episode 51/400] Steps: 720 | Reward:   -7.48 | Battery:  53.96% | Loss: 
Placing Sensors
Policy -0.0084 | Value 0.0047 | KL 0.01067 | CF 0.1409 | Std 0.2083 | |a| 0.0325 | Alpha 0.1359 | MB 48/48
  cert | viol 0.348 | dV -0.220057 | V 0.4161 | inball 0.152 | a*_q05 -0.00345 | a*_q50 0.01092 | dV>=0 0.132 | n=150 | a_used 0.00579 -> 0.00550
  crit | n=1 | viol 0.951 | V 1.4191 | Vmin 0.9955 | agree +0.496 | a*_q05 -0.00775 | a*_q50 -0.00212 | dV>=0 0.636 | beta 0.3810
  bell | direct viol 0.744 | direct dV>=0 0.403 | d_mean +0.00201 | d_std 0.02506 | d_q95 0.04641
[Episode 52/400] Steps: 720 | Reward:   -7.54 | Battery:  64.97% | Loss: 0.0759
Placing Sensors
[Episode 53/400] Steps: 720 | Reward:   -7.67 | Battery:  52.90% | Loss: 
Placing Sensors
[Episode 54/400] Steps: 720 | Reward:   -7.57 | Battery:  49.61% | Loss: 
Placing Sensors
[Episode 55/400] Steps: 720 | Reward:   -7.08 | Battery:  64.53% | Loss: 
Placing Sensors
Policy -0.0037 | Value 0.0052 | KL 0.00959 | CF 0.1117 | Std 0.2109 | |a| 0.0323 | Alpha 0.1166 | MB 48/48
  cert | viol 0.317 | dV -0.231143 | V 0.3926 | inball 0.198 | a*_q05 -0.00822 | a*_q50 0.01424 | dV>=0 0.157 | n=150 | a_used 0.00550 -> 0.00522
  crit | n=1 | viol 0.964 | V 1.3036 | Vmin 0.9104 | agree +0.527 | a*_q05 -0.00745 | a*_q50 -0.00218 | dV>=0 0.621 | beta 0.3832
  bell | direct viol 0.729 | direct dV>=0 0.397 | d_mean +0.00204 | d_std 0.02227 | d_q95 0.04303
[Episode 56/400] Steps: 720 | Reward:   -8.21 | Battery:  38.20% | Loss: 0.0426
Placing Sensors
[Episode 57/400] Steps: 720 | Reward:   -7.53 | Battery:  66.69% | Loss: 
Placing Sensors
[Episode 58/400] Steps: 720 | Reward:   -7.82 | Battery:  60.71% | Loss: 
Placing Sensors
[Episode 59/400] Steps: 720 | Reward:   -7.68 | Battery:  57.02% | Loss: 
Placing Sensors
Policy 0.0033 | Value 0.0049 | KL 0.01115 | CF 0.1426 | Std 0.2133 | |a| 0.0383 | Alpha 0.1000 | MB 48/48
  cert | viol 0.294 | dV -0.209745 | V 0.3644 | inball 0.202 | a*_q05 -0.00190 | a*_q50 0.01288 | dV>=0 0.110 | n=150 | a_used 0.00522 -> 0.00496
  crit | n=1 | viol 0.967 | V 1.3060 | Vmin 0.8917 | agree +0.498 | a*_q05 -0.00740 | a*_q50 -0.00189 | dV>=0 0.626 | beta 0.3841
  bell | direct viol 0.692 | direct dV>=0 0.412 | d_mean +0.00252 | d_std 0.02569 | d_q95 0.05061
[Episode 60/400] Steps: 720 | Reward:   -6.42 | Battery:  57.16% | Loss: 0.2173
Placing Sensors
[Episode 61/400] Steps: 114 | Reward:  -14.56 | Battery:   0.00% | Loss: 
Placing Sensors
[Episode 62/400] Steps: 720 | Reward:  -10.18 | Battery:  46.76% | Loss: 
Placing Sensors
[Episode 63/400] Steps: 720 | Reward:   -8.86 | Battery:  53.97% | Loss: 
Placing Sensors
Policy -0.0045 | Value 0.0069 | KL 0.01153 | CF 0.1392 | Std 0.2150 | |a| 0.0368 | Alpha 0.0858 | MB 36/36
  cert | viol 0.464 | dV -0.182003 | V 0.4306 | inball 0.121 | a*_q05 -0.00990 | a*_q50 0.00591 | dV>=0 0.297 | n=150 | a_used 0.00496 -> 0.00471
  crit | n=1 | viol 0.848 | V 1.3266 | Vmin 0.8688 | agree +0.502 | a*_q05 -0.00711 | a*_q50 0.00040 | dV>=0 0.479 | beta 0.3842
  bell | direct viol 0.676 | direct dV>=0 0.421 | d_mean +0.00008 | d_std 0.02511 | d_q95 0.05006
[Episode 64/400] Steps: 720 | Reward:   -7.27 | Battery:  80.89% | Loss: 0.0893
Placing Sensors
[Episode 65/400] Steps: 720 | Reward:   -8.60 | Battery:  76.31% | Loss: 
Placing Sensors
[Episode 66/400] Steps: 720 | Reward:   -8.19 | Battery:  50.43% | Loss: 
Placing Sensors
[Episode 67/400] Steps: 720 | Reward:   -5.86 | Battery:  62.42% | Loss: 
Placing Sensors
Policy 0.0125 | Value 0.0073 | KL 0.02212 | CF 0.2277 | Std 0.2159 | |a| 0.0440 | Alpha 0.0736 | MB 24/48
  cert | viol 0.275 | dV -0.211102 | V 0.3638 | inball 0.163 | a*_q05 -0.00828 | a*_q50 0.01005 | dV>=0 0.142 | n=150 | a_used 0.00471 -> 0.00448
  crit | n=1 | viol 0.909 | V 1.2732 | Vmin 0.8374 | agree +0.513 | a*_q05 -0.00760 | a*_q50 -0.00195 | dV>=0 0.633 | beta 0.3852
  bell | direct viol 0.603 | direct dV>=0 0.408 | d_mean +0.00214 | d_std 0.03085 | d_q95 0.06012
[Episode 68/400] Steps: 720 | Reward:   -7.43 | Battery:  50.22% | Loss: 0.0053
Placing Sensors
[Episode 69/400] Steps: 720 | Reward:   -9.22 | Battery:  49.15% | Loss: 
Placing Sensors
[Episode 70/400] Steps: 720 | Reward:   -6.31 | Battery:  49.07% | Loss: 
Placing Sensors
[Episode 71/400] Steps: 720 | Reward:   -9.18 | Battery:  46.33% | Loss: 
Placing Sensors
Policy -0.0118 | Value 0.0048 | KL 0.00761 | CF 0.0903 | Std 0.2171 | |a| 0.0278 | Alpha 0.0631 | MB 48/48
  cert | viol 0.321 | dV -0.218493 | V 0.4086 | inball 0.204 | a*_q05 -0.00747 | a*_q50 0.01057 | dV>=0 0.160 | n=150 | a_used 0.00448 -> 0.00425
  crit | n=1 | viol 0.821 | V 1.1678 | Vmin 0.7566 | agree +0.482 | a*_q05 -0.00698 | a*_q50 -0.00110 | dV>=0 0.566 | beta 0.3828
  bell | direct viol 0.618 | direct dV>=0 0.403 | d_mean +0.00034 | d_std 0.02545 | d_q95 0.05043
[Episode 72/400] Steps: 720 | Reward:   -6.67 | Battery:  48.50% | Loss: -0.0443
Placing Sensors
[Episode 73/400] Steps: 720 | Reward:   -8.20 | Battery:  46.98% | Loss: 
Placing Sensors
[Episode 74/400] Steps: 720 | Reward:   -9.12 | Battery:  33.98% | Loss: 
Placing Sensors
[Episode 75/400] Steps: 720 | Reward:   -7.14 | Battery:  61.39% | Loss: 
Placing Sensors
Policy -0.0063 | Value 0.0046 | KL 0.01270 | CF 0.1599 | Std 0.2189 | |a| 0.0400 | Alpha 0.0541 | MB 48/48
  cert | viol 0.419 | dV -0.172042 | V 0.3729 | inball 0.092 | a*_q05 -0.00913 | a*_q50 0.00714 | dV>=0 0.208 | n=150 | a_used 0.00425 -> 0.00404
  crit | n=1 | viol 0.799 | V 1.1511 | Vmin 0.7360 | agree +0.483 | a*_q05 -0.00610 | a*_q50 0.00008 | dV>=0 0.492 | beta 0.3800
  bell | direct viol 0.587 | direct dV>=0 0.438 | d_mean +0.00001 | d_std 0.02697 | d_q95 0.05551
[Episode 76/400] Steps: 720 | Reward:   -8.81 | Battery:  50.54% | Loss: 0.1830
Placing Sensors
[Episode 77/400] Steps: 122 | Reward:  -14.71 | Battery:   0.00% | Loss: 
Placing Sensors
[Episode 78/400] Steps: 720 | Reward:   -9.96 | Battery:  56.13% | Loss: 
Placing Sensors
[Episode 79/400] Steps: 720 | Reward:   -7.21 | Battery:  36.94% | Loss: 
Placing Sensors
Policy -0.0046 | Value 0.0061 | KL 0.01242 | CF 0.1364 | Std 0.2204 | |a| 0.0500 | Alpha 0.0464 | MB 36/36
  cert | viol 0.300 | dV -0.248738 | V 0.4689 | inball 0.185 | a*_q05 -0.01085 | a*_q50 0.01241 | dV>=0 0.191 | n=150 | a_used 0.00404 -> 0.00384
  crit | n=1 | viol 0.679 | V 1.1818 | Vmin 0.6826 | agree +0.471 | a*_q05 -0.00692 | a*_q50 0.00111 | dV>=0 0.451 | beta 0.3756
  bell | direct viol 0.579 | direct dV>=0 0.450 | d_mean -0.00098 | d_std 0.03183 | d_q95 0.06529
[Episode 80/400] Steps: 720 | Reward:   -8.03 | Battery:  59.96% | Loss: -0.0963
Placing Sensors
[Episode 81/400] Steps: 720 | Reward:   -8.74 | Battery:  65.53% | Loss: 
Placing Sensors
[Episode 82/400] Steps: 720 | Reward:   -7.54 | Battery:  45.07% | Loss: 
Placing Sensors
[Episode 83/400] Steps: 720 | Reward:   -7.73 | Battery:  65.61% | Loss: 
Placing Sensors
Policy 0.0009 | Value 0.0050 | KL 0.01546 | CF 0.1772 | Std 0.2216 | |a| 0.0412 | Alpha 0.0398 | MB 48/48
  cert | viol 0.205 | dV -0.243286 | V 0.4306 | inball 0.246 | a*_q05 -0.00096 | a*_q50 0.01325 | dV>=0 0.084 | n=150 | a_used 0.00384 -> 0.00365
  crit | n=1 | viol 0.678 | V 1.1180 | Vmin 0.6756 | agree +0.411 | a*_q05 -0.00650 | a*_q50 0.00114 | dV>=0 0.439 | beta 0.3713
  bell | direct viol 0.581 | direct dV>=0 0.451 | d_mean -0.00032 | d_std 0.02786 | d_q95 0.05989
[Episode 84/400] Steps: 720 | Reward:   -7.39 | Battery:  60.24% | Loss: -0.0380
Placing Sensors
[Episode 85/400] Steps: 720 | Reward:   -6.10 | Battery:  48.10% | Loss: 
Placing Sensors
[Episode 86/400] Steps: 720 | Reward:   -9.12 | Battery:  42.14% | Loss: 
Placing Sensors
[Episode 87/400] Steps: 720 | Reward:   -8.03 | Battery:  58.70% | Loss: 
Placing Sensors
Policy -0.0061 | Value 0.0065 | KL 0.01103 | CF 0.1431 | Std 0.2222 | |a| 0.0534 | Alpha 0.0341 | MB 36/36
  cert | viol 0.297 | dV -0.175311 | V 0.3484 | inball 0.130 | a*_q05 -0.01733 | a*_q50 0.00883 | dV>=0 0.213 | n=150 | a_used 0.00365 -> 0.00346
  crit | n=1 | viol 0.761 | V 1.1694 | Vmin 0.6787 | agree +0.527 | a*_q05 -0.00663 | a*_q50 -0.00014 | dV>=0 0.512 | beta 0.3686
  bell | direct viol 0.560 | direct dV>=0 0.445 | d_mean +0.00004 | d_std 0.02963 | d_q95 0.06089
[Episode 88/400] Steps: 123 | Reward:  -14.78 | Battery:   0.00% | Loss: 0.0416
Placing Sensors
[Episode 89/400] Steps: 720 | Reward:   -6.79 | Battery:  66.72% | Loss: 
Placing Sensors
[Episode 90/400] Steps: 720 | Reward:   -8.56 | Battery:  55.45% | Loss: 
Placing Sensors
[Episode 91/400] Steps: 720 | Reward:   -8.78 | Battery:  62.98% | Loss: 
Placing Sensors
Policy -0.0166 | Value 0.0052 | KL 0.01176 | CF 0.1293 | Std 0.2228 | |a| 0.0491 | Alpha 0.0293 | MB 48/48
  cert | viol 0.306 | dV -0.190167 | V 0.3999 | inball 0.175 | a*_q05 -0.00814 | a*_q50 0.00965 | dV>=0 0.171 | n=150 | a_used 0.00346 -> 0.00329
  crit | n=1 | viol 0.655 | V 1.1290 | Vmin 0.7019 | agree +0.455 | a*_q05 -0.00627 | a*_q50 0.00090 | dV>=0 0.449 | beta 0.3663
  bell | direct viol 0.556 | direct dV>=0 0.442 | d_mean -0.00069 | d_std 0.03182 | d_q95 0.06492
[Episode 92/400] Steps: 720 | Reward:   -8.92 | Battery:  42.40% | Loss: -0.0055
Placing Sensors
[Episode 93/400] Steps: 720 | Reward:   -9.48 | Battery:  58.44% | Loss: 
Placing Sensors
[Episode 94/400] Steps: 720 | Reward:   -7.91 | Battery:  65.11% | Loss: 
Placing Sensors
[Episode 95/400] Steps: 720 | Reward:   -7.93 | Battery:  63.02% | Loss: 
Placing Sensors
Policy -0.0156 | Value 0.0043 | KL 0.01460 | CF 0.1637 | Std 0.2234 | |a| 0.0454 | Alpha 0.0251 | MB 48/48
  cert | viol 0.292 | dV -0.185703 | V 0.3853 | inball 0.164 | a*_q05 -0.00582 | a*_q50 0.00995 | dV>=0 0.157 | n=150 | a_used 0.00329 -> 0.00313
  crit | n=1 | viol 0.709 | V 1.1061 | Vmin 0.7104 | agree +0.536 | a*_q05 -0.00685 | a*_q50 0.00074 | dV>=0 0.451 | beta 0.3638
  bell | direct viol 0.582 | direct dV>=0 0.451 | d_mean -0.00052 | d_std 0.02828 | d_q95 0.05846
[Episode 96/400] Steps: 720 | Reward:   -6.63 | Battery:  74.99% | Loss: -0.1250
Placing Sensors
[Episode 97/400] Steps: 124 | Reward:  -14.71 | Battery:   0.00% | Loss: 
Placing Sensors
[Episode 98/400] Steps: 157 | Reward:  -14.78 | Battery:   0.00% | Loss: 
Placing Sensors
[Episode 99/400] Steps: 720 | Reward:   -8.39 | Battery:  50.35% | Loss: 
Placing Sensors
Policy -0.0007 | Value 0.0103 | KL 0.01300 | CF 0.1537 | Std 0.2237 | |a| 0.0428 | Alpha 0.0215 | MB 20/20
  cert | viol 0.228 | dV -0.249124 | V 0.4529 | inball 0.123 | a*_q05 -0.00184 | a*_q50 0.01277 | dV>=0 0.108 | n=150 | a_used 0.00313 -> 0.00297
  crit | n=1 | viol 0.556 | V 1.3459 | Vmin 0.6893 | agree +0.649 | a*_q05 -0.00590 | a*_q50 0.00263 | dV>=0 0.307 | beta 0.3608
  bell | direct viol 0.620 | direct dV>=0 0.464 | d_mean -0.00259 | d_std 0.02960 | d_q95 0.06214
[Episode 100/400] Steps: 102 | Reward:  -14.70 | Battery:   0.00% | Loss: 0.1062
Placing Sensors
[Episode 101/400] Steps: 720 | Reward:   -8.77 | Battery:  29.72% | Loss: 
Placing Sensors
[Episode 102/400] Steps: 720 | Reward:   -8.22 | Battery:  49.76% | Loss: 
Placing Sensors
[Episode 103/400] Steps: 720 | Reward:   -7.66 | Battery:  66.29% | Loss: 
Placing Sensors
Policy -0.0010 | Value 0.0059 | KL 0.01002 | CF 0.1249 | Std 0.2241 | |a| 0.0454 | Alpha 0.0185 | MB 48/48
  cert | viol 0.367 | dV -0.191534 | V 0.4267 | inball 0.132 | a*_q05 -0.01596 | a*_q50 0.00837 | dV>=0 0.261 | n=150 | a_used 0.00297 -> 0.00282
  crit | n=1 | viol 0.634 | V 1.1238 | Vmin 0.6567 | agree +0.451 | a*_q05 -0.00622 | a*_q50 0.00060 | dV>=0 0.463 | beta 0.3567
  bell | direct viol 0.560 | direct dV>=0 0.463 | d_mean -0.00166 | d_std 0.03350 | d_q95 0.07144
[Episode 104/400] Steps: 720 | Reward:  -10.02 | Battery:  46.51% | Loss: -0.0058
Placing Sensors
[Episode 105/400] Steps: 720 | Reward:   -6.84 | Battery:  63.63% | Loss: 
Placing Sensors
[Episode 106/400] Steps: 720 | Reward:   -9.55 | Battery:  49.12% | Loss: 
Placing Sensors
[Episode 107/400] Steps: 720 | Reward:   -9.26 | Battery:  48.24% | Loss: 
Placing Sensors
Policy -0.0039 | Value 0.0049 | KL 0.01089 | CF 0.1430 | Std 0.2240 | |a| 0.0365 | Alpha 0.0158 | MB 48/48
  cert | viol 0.353 | dV -0.211594 | V 0.4179 | inball 0.167 | a*_q05 -0.01158 | a*_q50 0.00830 | dV>=0 0.239 | n=150 | a_used 0.00282 -> 0.00268
  crit | n=1 | viol 0.675 | V 1.1305 | Vmin 0.6229 | agree +0.524 | a*_q05 -0.00651 | a*_q50 0.00028 | dV>=0 0.483 | beta 0.3529
  bell | direct viol 0.538 | direct dV>=0 0.453 | d_mean -0.00025 | d_std 0.03449 | d_q95 0.07061
[Episode 108/400] Steps: 720 | Reward:   -6.88 | Battery:  56.23% | Loss: 0.2045
Placing Sensors
[Episode 109/400] Steps: 720 | Reward:   -6.21 | Battery:  69.94% | Loss: 
Placing Sensors
[Episode 110/400] Steps: 157 | Reward:  -14.67 | Battery:   0.00% | Loss: 
Placing Sensors
[Episode 111/400] Steps: 720 | Reward:   -7.93 | Battery:  72.07% | Loss: 
Placing Sensors
Policy -0.0045 | Value 0.0051 | KL 0.00888 | CF 0.1072 | Std 0.2238 | |a| 0.0405 | Alpha 0.0136 | MB 28/28
  cert | viol 0.166 | dV -0.208816 | V 0.3577 | inball 0.227 | a*_q05 -0.00167 | a*_q50 0.01239 | dV>=0 0.095 | n=150 | a_used 0.00268 -> 0.00255
  crit | n=1 | viol 0.668 | V 1.2144 | Vmin 0.6385 | agree +0.685 | a*_q05 -0.00683 | a*_q50 0.00065 | dV>=0 0.426 | beta 0.3506
  bell | direct viol 0.538 | direct dV>=0 0.450 | d_mean +0.00014 | d_std 0.03139 | d_q95 0.06686
[Episode 112/400] Steps: 115 | Reward:  -14.69 | Battery:   0.00% | Loss: 0.0456
Placing Sensors
[Episode 113/400] Steps: 720 | Reward:   -7.91 | Battery:  61.00% | Loss: 
Placing Sensors
[Episode 114/400] Steps: 720 | Reward:   -7.04 | Battery:  56.65% | Loss: 
Placing Sensors
[Episode 115/400] Steps: 720 | Reward:   -9.32 | Battery:  56.47% | Loss: 
Placing Sensors
Policy -0.0072 | Value 0.0049 | KL 0.01446 | CF 0.1708 | Std 0.2238 | |a| 0.0460 | Alpha 0.0117 | MB 48/48
  cert | viol 0.228 | dV -0.249711 | V 0.4598 | inball 0.225 | a*_q05 -0.00432 | a*_q50 0.01268 | dV>=0 0.145 | n=150 | a_used 0.00255 -> 0.00242
  crit | n=1 | viol 0.627 | V 1.1849 | Vmin 0.6430 | agree +0.486 | a*_q05 -0.00695 | a*_q50 0.00067 | dV>=0 0.467 | beta 0.3495
  bell | direct viol 0.519 | direct dV>=0 0.456 | d_mean -0.00006 | d_std 0.03542 | d_q95 0.07386
[Episode 116/400] Steps: 720 | Reward:   -8.78 | Battery:  52.73% | Loss: 0.0664
Placing Sensors
[Episode 117/400] Steps: 720 | Reward:   -9.24 | Battery:  72.38% | Loss: 
Placing Sensors
[Episode 118/400] Steps: 720 | Reward:   -6.20 | Battery:  70.79% | Loss: 
Placing Sensors
[Episode 119/400] Steps: 720 | Reward:   -8.33 | Battery:  58.49% | Loss: 
Placing Sensors
Policy -0.0110 | Value 0.0044 | KL 0.01526 | CF 0.1650 | Std 0.2233 | |a| 0.0473 | Alpha 0.0100 | MB 48/48
  cert | viol 0.224 | dV -0.208595 | V 0.3858 | inball 0.178 | a*_q05 -0.00437 | a*_q50 0.00985 | dV>=0 0.134 | n=150 | a_used 0.00242 -> 0.00230
  crit | n=1 | viol 0.699 | V 1.1389 | Vmin 0.6502 | agree +0.605 | a*_q05 -0.00698 | a*_q50 0.00005 | dV>=0 0.494 | beta 0.3491
  bell | direct viol 0.526 | direct dV>=0 0.475 | d_mean +0.00126 | d_std 0.03834 | d_q95 0.07813
[Episode 120/400] Steps: 720 | Reward:   -6.81 | Battery:  66.37% | Loss: -0.0516
Placing Sensors
[Episode 121/400] Steps: 103 | Reward:  -14.74 | Battery:   0.00% | Loss: 
Placing Sensors
[Episode 122/400] Steps: 720 | Reward:   -8.66 | Battery:  58.52% | Loss: 
Placing Sensors
[Episode 123/400] Steps: 720 | Reward:   -5.67 | Battery:  54.45% | Loss: 
Placing Sensors
Policy -0.0103 | Value 0.0076 | KL 0.01332 | CF 0.1670 | Std 0.2228 | |a| 0.0530 | Alpha 0.0100 | MB 36/36
  cert | viol 0.218 | dV -0.216427 | V 0.4162 | inball 0.206 | a*_q05 -0.01314 | a*_q50 0.00943 | dV>=0 0.160 | n=150 | a_used 0.00230 -> 0.00218
  crit | n=1 | viol 0.645 | V 1.2049 | Vmin 0.6412 | agree +0.563 | a*_q05 -0.00631 | a*_q50 0.00042 | dV>=0 0.471 | beta 0.3462
  bell | direct viol 0.528 | direct dV>=0 0.464 | d_mean +0.00022 | d_std 0.03730 | d_q95 0.07604
[Episode 124/400] Steps: 720 | Reward:   -9.35 | Battery:  45.01% | Loss: -0.0566
Placing Sensors
[Episode 125/400] Steps: 102 | Reward:  -14.61 | Battery:   0.00% | Loss: 
Placing Sensors
[Episode 126/400] Steps: 720 | Reward:   -9.60 | Battery:  57.88% | Loss: 
Placing Sensors
[Episode 127/400] Steps: 720 | Reward:   -6.87 | Battery:  56.56% | Loss: 
Placing Sensors
Policy -0.0080 | Value 0.0054 | KL 0.01783 | CF 0.1969 | Std 0.2224 | |a| 0.0625 | Alpha 0.0100 | MB 36/36
  cert | viol 0.235 | dV -0.204835 | V 0.3869 | inball 0.177 | a*_q05 -0.00869 | a*_q50 0.00902 | dV>=0 0.163 | n=150 | a_used 0.00218 -> 0.00207
  crit | n=1 | viol 0.656 | V 1.1620 | Vmin 0.6285 | agree +0.554 | a*_q05 -0.00659 | a*_q50 -0.00003 | dV>=0 0.501 | beta 0.3435
  bell | direct viol 0.519 | direct dV>=0 0.479 | d_mean -0.00023 | d_std 0.04010 | d_q95 0.08401
[Episode 128/400] Steps: 720 | Reward:   -7.21 | Battery:  32.57% | Loss: -0.0468
Placing Sensors
[Episode 129/400] Steps: 720 | Reward:   -6.46 | Battery:  63.88% | Loss: 
Placing Sensors
[Episode 130/400] Steps: 129 | Reward:  -14.76 | Battery:   0.00% | Loss: 
Placing Sensors
[Episode 131/400] Steps: 720 | Reward:   -6.51 | Battery:  82.70% | Loss: 
Placing Sensors
Policy -0.0083 | Value 0.0044 | KL 0.01520 | CF 0.1846 | Std 0.2217 | |a| 0.0614 | Alpha 0.0100 | MB 36/36
  cert | viol 0.090 | dV -0.289808 | V 0.4075 | inball 0.416 | a*_q05 0.00072 | a*_q50 0.02335 | dV>=0 0.041 | n=150 | a_used 0.00207 -> 0.00186
  crit | n=1 | viol 0.587 | V 1.0360 | Vmin 0.5760 | agree +0.703 | a*_q05 -0.00652 | a*_q50 0.00109 | dV>=0 0.414 | beta 0.3397
  bell | direct viol 0.498 | direct dV>=0 0.444 | d_mean +0.00110 | d_std 0.03688 | d_q95 0.07678
[Episode 132/400] Steps: 720 | Reward:   -5.18 | Battery:  79.39% | Loss: -0.0046
Placing Sensors
[Episode 133/400] Steps: 720 | Reward:   -7.77 | Battery:  46.18% | Loss: 
Placing Sensors
[Episode 134/400] Steps: 720 | Reward:   -6.46 | Battery:  64.87% | Loss: 
Placing Sensors
[Episode 135/400] Steps: 720 | Reward:   -5.26 | Battery:  59.49% | Loss: 
Placing Sensors
Policy 0.0025 | Value 0.0055 | KL 0.01616 | CF 0.1748 | Std 0.2211 | |a| 0.0673 | Alpha 0.0100 | MB 48/48
  cert | viol 0.114 | dV -0.254043 | V 0.3992 | inball 0.313 | a*_q05 -0.00025 | a*_q50 0.01810 | dV>=0 0.060 | n=150 | a_used 0.00186 -> 0.00166
  crit | n=1 | viol 0.613 | V 1.0863 | Vmin 0.5806 | agree +0.406 | a*_q05 -0.00697 | a*_q50 0.00027 | dV>=0 0.478 | beta 0.3353
  bell | direct viol 0.490 | direct dV>=0 0.452 | d_mean +0.00096 | d_std 0.03687 | d_q95 0.07293
[Episode 136/400] Steps: 720 | Reward:   -8.04 | Battery:  53.43% | Loss: 0.2856
Placing Sensors
[Episode 137/400] Steps: 720 | Reward:   -6.82 | Battery:  78.18% | Loss: 
Placing Sensors
[Episode 138/400] Steps: 720 | Reward:   -4.49 | Battery:  60.17% | Loss: 
Placing Sensors
[Episode 139/400] Steps: 720 | Reward:   -8.28 | Battery:  69.52% | Loss: 
Placing Sensors
Policy -0.0081 | Value 0.0039 | KL 0.01833 | CF 0.1882 | Std 0.2208 | |a| 0.0703 | Alpha 0.0100 | MB 48/48
  cert | viol 0.135 | dV -0.241233 | V 0.4082 | inball 0.362 | a*_q05 -0.00078 | a*_q50 0.01938 | dV>=0 0.077 | n=150 | a_used 0.00166 -> 0.00157
  crit | n=1 | viol 0.455 | V 0.9256 | Vmin 0.5412 | agree +0.510 | a*_q05 -0.00615 | a*_q50 0.00253 | dV>=0 0.370 | beta 0.3299
  bell | direct viol 0.488 | direct dV>=0 0.454 | d_mean -0.00047 | d_std 0.03369 | d_q95 0.07171
[Episode 140/400] Steps: 720 | Reward:   -6.95 | Battery:  70.16% | Loss: 0.0983
Placing Sensors
[Episode 141/400] Steps: 720 | Reward:   -5.89 | Battery:  67.91% | Loss: 
Placing Sensors
[Episode 142/400] Steps: 720 | Reward:   -4.29 | Battery:  69.40% | Loss: 
Placing Sensors
[Episode 143/400] Steps: 720 | Reward:   -6.56 | Battery:  69.53% | Loss: 
Placing Sensors
Policy -0.0081 | Value 0.0037 | KL 0.02041 | CF 0.2158 | Std 0.2200 | |a| 0.0705 | Alpha 0.0100 | MB 36/48
  cert | viol 0.085 | dV -0.258801 | V 0.3715 | inball 0.423 | a*_q05 0.00052 | a*_q50 0.02293 | dV>=0 0.048 | n=150 | a_used 0.00157 -> 0.00149
  crit | n=1 | viol 0.588 | V 0.9172 | Vmin 0.5035 | agree +0.563 | a*_q05 -0.00650 | a*_q50 0.00017 | dV>=0 0.486 | beta 0.3240
  bell | direct viol 0.478 | direct dV>=0 0.448 | d_mean +0.00096 | d_std 0.03484 | d_q95 0.07193
[Episode 144/400] Steps: 720 | Reward:   -6.80 | Battery:  65.32% | Loss: -0.1933
Placing Sensors
[Episode 145/400] Steps: 720 | Reward:   -6.82 | Battery:  65.04% | Loss: 
Placing Sensors
[Episode 146/400] Steps: 720 | Reward:   -7.82 | Battery:  58.47% | Loss: 
Placing Sensors
[Episode 147/400] Steps: 720 | Reward:   -6.20 | Battery:  61.57% | Loss: 
Placing Sensors
Policy -0.0163 | Value 0.0050 | KL 0.02030 | CF 0.2012 | Std 0.2195 | |a| 0.0687 | Alpha 0.0100 | MB 48/48
  cert | viol 0.095 | dV -0.287152 | V 0.4193 | inball 0.364 | a*_q05 0.00005 | a*_q50 0.02186 | dV>=0 0.058 | n=150 | a_used 0.00149 -> 0.00136
  crit | n=1 | viol 0.479 | V 0.9262 | Vmin 0.4772 | agree +0.511 | a*_q05 -0.00626 | a*_q50 0.00184 | dV>=0 0.403 | beta 0.3178
  bell | direct viol 0.481 | direct dV>=0 0.455 | d_mean -0.00058 | d_std 0.03983 | d_q95 0.08210
[Episode 148/400] Steps: 720 | Reward:   -5.78 | Battery:  74.21% | Loss: -0.0290
Placing Sensors
[Episode 149/400] Steps: 720 | Reward:   -7.11 | Battery:  74.75% | Loss: 
Placing Sensors
[Episode 150/400] Steps: 720 | Reward:   -5.18 | Battery:  62.49% | Loss: 
Placing Sensors
[Episode 151/400] Steps: 720 | Reward:   -4.55 | Battery:  65.93% | Loss: 
Placing Sensors
Policy -0.0058 | Value 0.0045 | KL 0.02194 | CF 0.2297 | Std 0.2193 | |a| 0.0705 | Alpha 0.0100 | MB 48/48
  cert | viol 0.079 | dV -0.249003 | V 0.3587 | inball 0.420 | a*_q05 -0.00005 | a*_q50 0.02490 | dV>=0 0.057 | n=150 | a_used 0.00136 -> 0.00141
  crit | n=1 | viol 0.577 | V 0.9021 | Vmin 0.4373 | agree +0.507 | a*_q05 -0.00698 | a*_q50 0.00031 | dV>=0 0.480 | beta 0.3111
  bell | direct viol 0.478 | direct dV>=0 0.455 | d_mean +0.00117 | d_std 0.03881 | d_q95 0.07783
[Episode 152/400] Steps: 720 | Reward:   -6.45 | Battery:  65.51% | Loss: 0.1760
Placing Sensors
[Episode 153/400] Steps: 720 | Reward:   -6.73 | Battery:  68.72% | Loss: 
Placing Sensors
[Episode 154/400] Steps: 720 | Reward:   -5.34 | Battery:  69.50% | Loss: 
Placing Sensors
[Episode 155/400] Steps: 720 | Reward:   -7.95 | Battery:  78.70% | Loss: 
Placing Sensors
Policy -0.0095 | Value 0.0046 | KL 0.02001 | CF 0.2003 | Std 0.2186 | |a| 0.0720 | Alpha 0.0100 | MB 48/48
  cert | viol 0.123 | dV -0.270843 | V 0.4432 | inball 0.382 | a*_q05 -0.00123 | a*_q50 0.02015 | dV>=0 0.083 | n=150 | a_used 0.00141 -> 0.00134
  crit | n=1 | viol 0.365 | V 0.8793 | Vmin 0.4257 | agree +0.553 | a*_q05 -0.00631 | a*_q50 0.00335 | dV>=0 0.305 | beta 0.3052
  bell | direct viol 0.484 | direct dV>=0 0.456 | d_mean -0.00142 | d_std 0.04151 | d_q95 0.08360
[Episode 156/400] Steps: 720 | Reward:   -6.98 | Battery:  61.84% | Loss: 0.0021
Placing Sensors
[Episode 157/400] Steps: 720 | Reward:   -6.83 | Battery:  70.56% | Loss: 
Placing Sensors
[Episode 158/400] Steps: 720 | Reward:   -6.70 | Battery:  73.12% | Loss: 
Placing Sensors
[Episode 159/400] Steps: 720 | Reward:   -5.86 | Battery:  68.25% | Loss: 
Placing Sensors
Policy -0.0034 | Value 0.0052 | KL 0.01861 | CF 0.1978 | Std 0.2177 | |a| 0.0679 | Alpha 0.0100 | MB 48/48
  cert | viol 0.108 | dV -0.254299 | V 0.3901 | inball 0.391 | a*_q05 -0.00046 | a*_q50 0.02238 | dV>=0 0.063 | n=150 | a_used 0.00134 -> 0.00125
  crit | n=1 | viol 0.472 | V 0.8676 | Vmin 0.4102 | agree +0.612 | a*_q05 -0.00653 | a*_q50 0.00173 | dV>=0 0.397 | beta 0.2997
  bell | direct viol 0.472 | direct dV>=0 0.455 | d_mean +0.00036 | d_std 0.04413 | d_q95 0.08938
[Episode 160/400] Steps: 720 | Reward:   -5.00 | Battery:  73.53% | Loss: 0.0943
Placing Sensors
[Episode 161/400] Steps: 720 | Reward:   -4.28 | Battery:  72.80% | Loss: 
Placing Sensors
[Episode 162/400] Steps: 720 | Reward:   -5.02 | Battery:  76.19% | Loss: 
Placing Sensors
[Episode 163/400] Steps: 720 | Reward:   -3.30 | Battery:  74.61% | Loss: 
Placing Sensors
Policy -0.0122 | Value 0.0035 | KL 0.02132 | CF 0.2109 | Std 0.2167 | |a| 0.0644 | Alpha 0.0100 | MB 48/48
  cert | viol 0.064 | dV -0.223958 | V 0.3062 | inball 0.497 | a*_q05 0.00110 | a*_q50 0.02728 | dV>=0 0.040 | n=150 | a_used 0.00125 -> 0.00119
  crit | n=1 | viol 0.602 | V 0.8296 | Vmin 0.4381 | agree +0.624 | a*_q05 -0.00686 | a*_q50 0.00008 | dV>=0 0.493 | beta 0.2945
  bell | direct viol 0.479 | direct dV>=0 0.468 | d_mean +0.00163 | d_std 0.04213 | d_q95 0.08647
[Episode 164/400] Steps: 720 | Reward:   -5.85 | Battery:  74.41% | Loss: 0.0999
Placing Sensors
[Episode 165/400] Steps: 720 | Reward:   -5.40 | Battery:  65.39% | Loss: 
Placing Sensors
[Episode 166/400] Steps: 720 | Reward:   -6.24 | Battery:  63.69% | Loss: 
Placing Sensors
[Episode 167/400] Steps: 720 | Reward:   -4.05 | Battery:  75.62% | Loss: 
Placing Sensors
Policy -0.0083 | Value 0.0035 | KL 0.02150 | CF 0.2176 | Std 0.2156 | |a| 0.0676 | Alpha 0.0100 | MB 48/48
  cert | viol 0.067 | dV -0.239740 | V 0.3368 | inball 0.441 | a*_q05 0.00096 | a*_q50 0.02510 | dV>=0 0.040 | n=150 | a_used 0.00119 -> 0.00122
  crit | n=1 | viol 0.543 | V 0.8789 | Vmin 0.4194 | agree +0.585 | a*_q05 -0.00648 | a*_q50 0.00060 | dV>=0 0.447 | beta 0.2888
  bell | direct viol 0.475 | direct dV>=0 0.461 | d_mean +0.00190 | d_std 0.04224 | d_q95 0.08606
[Episode 168/400] Steps: 720 | Reward:   -5.94 | Battery:  72.05% | Loss: 0.0348
Placing Sensors
[Episode 169/400] Steps: 720 | Reward:   -6.89 | Battery:  61.43% | Loss: 
Placing Sensors
[Episode 170/400] Steps: 720 | Reward:   -4.77 | Battery:  68.73% | Loss: 
Placing Sensors
[Episode 171/400] Steps: 720 | Reward:   -5.28 | Battery:  71.18% | Loss: 
Placing Sensors
Policy 0.0044 | Value 0.0042 | KL 0.02350 | CF 0.2332 | Std 0.2143 | |a| 0.0689 | Alpha 0.0100 | MB 48/48
  cert | viol 0.054 | dV -0.275607 | V 0.3850 | inball 0.414 | a*_q05 0.00143 | a*_q50 0.02521 | dV>=0 0.016 | n=150 | a_used 0.00122 -> 0.00127
  crit | n=1 | viol 0.480 | V 0.8695 | Vmin 0.4142 | agree +0.540 | a*_q05 -0.00638 | a*_q50 0.00144 | dV>=0 0.412 | beta 0.2842
  bell | direct viol 0.473 | direct dV>=0 0.457 | d_mean +0.00076 | d_std 0.03741 | d_q95 0.07902
[Episode 172/400] Steps: 720 | Reward:   -6.41 | Battery:  64.32% | Loss: 0.0485
Placing Sensors
[Episode 173/400] Steps: 720 | Reward:   -6.64 | Battery:  67.72% | Loss: 
Placing Sensors
[Episode 174/400] Steps: 720 | Reward:   -6.47 | Battery:  69.51% | Loss: 
Placing Sensors
[Episode 175/400] Steps: 720 | Reward:   -5.61 | Battery:  80.86% | Loss: 
Placing Sensors
Policy -0.0111 | Value 0.0035 | KL 0.01860 | CF 0.2049 | Std 0.2136 | |a| 0.0657 | Alpha 0.0100 | MB 48/48
  cert | viol 0.071 | dV -0.283325 | V 0.4192 | inball 0.391 | a*_q05 0.00044 | a*_q50 0.02024 | dV>=0 0.044 | n=150 | a_used 0.00127 -> 0.00131
  crit | n=1 | viol 0.334 | V 0.8487 | Vmin 0.4111 | agree +0.621 | a*_q05 -0.00574 | a*_q50 0.00352 | dV>=0 0.273 | beta 0.2797
  bell | direct viol 0.480 | direct dV>=0 0.460 | d_mean -0.00090 | d_std 0.03617 | d_q95 0.07318
[Episode 176/400] Steps: 720 | Reward:   -6.77 | Battery:  74.99% | Loss: -0.0386
Placing Sensors
[Episode 177/400] Steps: 720 | Reward:   -5.98 | Battery:  72.70% | Loss: 
Placing Sensors
[Episode 178/400] Steps: 720 | Reward:   -6.70 | Battery:  68.19% | Loss: 
Placing Sensors
[Episode 179/400] Steps: 720 | Reward:   -6.11 | Battery:  76.44% | Loss: 
Placing Sensors
Policy -0.0112 | Value 0.0035 | KL 0.02024 | CF 0.2036 | Std 0.2130 | |a| 0.0679 | Alpha 0.0100 | MB 36/48
  cert | viol 0.111 | dV -0.278241 | V 0.4118 | inball 0.416 | a*_q05 -0.00071 | a*_q50 0.02321 | dV>=0 0.076 | n=150 | a_used 0.00131 -> 0.00124
  crit | n=1 | viol 0.469 | V 0.8971 | Vmin 0.3946 | agree +0.577 | a*_q05 -0.00628 | a*_q50 0.00182 | dV>=0 0.384 | beta 0.2750
  bell | direct viol 0.488 | direct dV>=0 0.461 | d_mean +0.00013 | d_std 0.04278 | d_q95 0.08776
[Episode 180/400] Steps: 720 | Reward:   -6.26 | Battery:  55.28% | Loss: -0.0100
Placing Sensors
[Episode 181/400] Steps: 720 | Reward:   -5.98 | Battery:  71.38% | Loss: 
Placing Sensors
[Episode 182/400] Steps: 720 | Reward:   -6.36 | Battery:  76.24% | Loss: 
Placing Sensors
[Episode 183/400] Steps: 720 | Reward:   -4.11 | Battery:  79.37% | Loss: 
Placing Sensors
Policy -0.0159 | Value 0.0037 | KL 0.02029 | CF 0.2032 | Std 0.2122 | |a| 0.0830 | Alpha 0.0100 | MB 48/48
  cert | viol 0.061 | dV -0.233330 | V 0.3186 | inball 0.483 | a*_q05 0.00110 | a*_q50 0.02718 | dV>=0 0.040 | n=150 | a_used 0.00124 -> 0.00116
  crit | n=1 | viol 0.583 | V 0.8090 | Vmin 0.3986 | agree +0.592 | a*_q05 -0.00712 | a*_q50 -0.00005 | dV>=0 0.498 | beta 0.2708
  bell | direct viol 0.482 | direct dV>=0 0.465 | d_mean +0.00216 | d_std 0.03902 | d_q95 0.07877
[Episode 184/400] Steps: 720 | Reward:   -3.66 | Battery:  73.53% | Loss: -0.0923
Placing Sensors
[Episode 185/400] Steps: 720 | Reward:   -5.81 | Battery:  63.32% | Loss: 
Placing Sensors
[Episode 186/400] Steps: 720 | Reward:   -7.00 | Battery:  53.52% | Loss: 
Placing Sensors
[Episode 187/400] Steps: 720 | Reward:   -5.98 | Battery:  67.28% | Loss: 
Placing Sensors
Policy -0.0015 | Value 0.0033 | KL 0.01834 | CF 0.1934 | Std 0.2115 | |a| 0.0789 | Alpha 0.0100 | MB 48/48
  cert | viol 0.097 | dV -0.229267 | V 0.3853 | inball 0.310 | a*_q05 -0.00073 | a*_q50 0.01602 | dV>=0 0.058 | n=150 | a_used 0.00116 -> 0.00110
  crit | n=1 | viol 0.380 | V 0.8637 | Vmin 0.4069 | agree +0.595 | a*_q05 -0.00522 | a*_q50 0.00279 | dV>=0 0.317 | beta 0.2659
  bell | direct viol 0.493 | direct dV>=0 0.476 | d_mean -0.00129 | d_std 0.03810 | d_q95 0.08115
[Episode 188/400] Steps: 720 | Reward:   -8.54 | Battery:  73.38% | Loss: 0.1452
Placing Sensors
[Episode 189/400] Steps: 720 | Reward:   -5.90 | Battery:  74.87% | Loss: 
Placing Sensors
[Episode 190/400] Steps: 720 | Reward:   -6.60 | Battery:  64.29% | Loss: 
Placing Sensors
[Episode 191/400] Steps: 720 | Reward:   -5.80 | Battery:  56.44% | Loss: 
Placing Sensors
Policy -0.0107 | Value 0.0032 | KL 0.01961 | CF 0.1988 | Std 0.2107 | |a| 0.0708 | Alpha 0.0100 | MB 48/48
  cert | viol 0.049 | dV -0.253802 | V 0.3512 | inball 0.391 | a*_q05 0.00169 | a*_q50 0.02212 | dV>=0 0.019 | n=150 | a_used 0.00110 -> 0.00121
  crit | n=1 | viol 0.468 | V 0.8243 | Vmin 0.3978 | agree +0.626 | a*_q05 -0.00574 | a*_q50 0.00147 | dV>=0 0.392 | beta 0.2610
  bell | direct viol 0.473 | direct dV>=0 0.460 | d_mean +0.00028 | d_std 0.03619 | d_q95 0.07527
[Episode 192/400] Steps: 720 | Reward:   -5.74 | Battery:  72.48% | Loss: 0.0629
Placing Sensors
[Episode 193/400] Steps: 720 | Reward:   -5.71 | Battery:  76.26% | Loss: 
Placing Sensors
[Episode 194/400] Steps: 720 | Reward:   -5.68 | Battery:  69.34% | Loss: 
Placing Sensors
[Episode 195/400] Steps: 720 | Reward:   -5.11 | Battery:  82.59% | Loss: 
Placing Sensors
Policy -0.0089 | Value 0.0046 | KL 0.02047 | CF 0.1925 | Std 0.2098 | |a| 0.0790 | Alpha 0.0100 | MB 48/48
  cert | viol 0.109 | dV -0.279390 | V 0.4320 | inball 0.444 | a*_q05 -0.00074 | a*_q50 0.02379 | dV>=0 0.084 | n=150 | a_used 0.00121 -> 0.00126
  crit | n=1 | viol 0.404 | V 0.8477 | Vmin 0.3902 | agree +0.527 | a*_q05 -0.00660 | a*_q50 0.00282 | dV>=0 0.349 | beta 0.2565
  bell | direct viol 0.483 | direct dV>=0 0.470 | d_mean -0.00092 | d_std 0.04116 | d_q95 0.08372
[Episode 196/400] Steps: 720 | Reward:   -7.99 | Battery:  63.97% | Loss: -0.2078
Placing Sensors
[Episode 197/400] Steps: 720 | Reward:   -6.06 | Battery:  47.25% | Loss: 
Placing Sensors
[Episode 198/400] Steps: 720 | Reward:   -6.14 | Battery:  71.22% | Loss: 
Placing Sensors
[Episode 199/400] Steps: 720 | Reward:   -4.42 | Battery:  67.41% | Loss: 
Placing Sensors
Policy -0.0032 | Value 0.0049 | KL 0.02417 | CF 0.2061 | Std 0.2091 | |a| 0.0941 | Alpha 0.0100 | MB 48/48
  cert | viol 0.052 | dV -0.240790 | V 0.3286 | inball 0.425 | a*_q05 0.00167 | a*_q50 0.02384 | dV>=0 0.026 | n=150 | a_used 0.00126 -> 0.00128
  crit | n=1 | viol 0.523 | V 0.8291 | Vmin 0.3683 | agree +0.527 | a*_q05 -0.00597 | a*_q50 0.00092 | dV>=0 0.424 | beta 0.2531
  bell | direct viol 0.489 | direct dV>=0 0.477 | d_mean +0.00034 | d_std 0.04092 | d_q95 0.08265
[Episode 200/400] Steps: 720 | Reward:   -6.30 | Battery:  75.22% | Loss: 0.0996
Placing Sensors
[Episode 201/400] Steps: 720 | Reward:   -6.30 | Battery:  75.34% | Loss: 
Placing Sensors
[Episode 202/400] Steps: 720 | Reward:   -5.05 | Battery:  78.39% | Loss: 
Placing Sensors
[Episode 203/400] Steps: 720 | Reward:   -3.92 | Battery:  72.03% | Loss: 
Placing Sensors
Policy -0.0116 | Value 0.0030 | KL 0.02400 | CF 0.2256 | Std 0.2088 | |a| 0.0878 | Alpha 0.0100 | MB 48/48
  cert | viol 0.066 | dV -0.285243 | V 0.4016 | inball 0.451 | a*_q05 0.00083 | a*_q50 0.02689 | dV>=0 0.039 | n=150 | a_used 0.00128 -> 0.00135
  crit | n=1 | viol 0.435 | V 0.7869 | Vmin 0.3750 | agree +0.692 | a*_q05 -0.00664 | a*_q50 0.00221 | dV>=0 0.370 | beta 0.2474
  bell | direct viol 0.476 | direct dV>=0 0.453 | d_mean +0.00085 | d_std 0.03558 | d_q95 0.07301
[Episode 204/400] Steps: 720 | Reward:   -6.83 | Battery:  58.86% | Loss: -0.0777
Placing Sensors
[Episode 205/400] Steps: 720 | Reward:   -4.98 | Battery:  76.44% | Loss: 
Placing Sensors
[Episode 206/400] Steps: 720 | Reward:   -4.14 | Battery:  78.66% | Loss: 
Placing Sensors
[Episode 207/400] Steps: 720 | Reward:   -3.86 | Battery:  69.24% | Loss: 
Placing Sensors
Policy -0.0058 | Value 0.0041 | KL 0.02323 | CF 0.2142 | Std 0.2086 | |a| 0.0921 | Alpha 0.0100 | MB 48/48
  cert | viol 0.052 | dV -0.258216 | V 0.3512 | inball 0.498 | a*_q05 0.00184 | a*_q50 0.02677 | dV>=0 0.020 | n=150 | a_used 0.00135 -> 0.00137
  crit | n=1 | viol 0.387 | V 0.6657 | Vmin 0.3221 | agree +0.675 | a*_q05 -0.00591 | a*_q50 0.00300 | dV>=0 0.311 | beta 0.2412
  bell | direct viol 0.476 | direct dV>=0 0.463 | d_mean -0.00023 | d_std 0.04603 | d_q95 0.09517
[Episode 208/400] Steps: 720 | Reward:   -6.69 | Battery:  75.28% | Loss: 0.0175
Placing Sensors
[Episode 209/400] Steps: 720 | Reward:   -6.18 | Battery:  72.97% | Loss: 
Placing Sensors
[Episode 210/400] Steps:  97 | Reward:  -14.47 | Battery:   0.00% | Loss: 
Placing Sensors
[Episode 211/400] Steps: 720 | Reward:   -3.48 | Battery:  81.77% | Loss: 
Placing Sensors
Policy -0.0071 | Value 0.0048 | KL 0.02491 | CF 0.2016 | Std 0.2088 | |a| 0.0943 | Alpha 0.0100 | MB 27/36
  cert | viol 0.074 | dV -0.274779 | V 0.3818 | inball 0.461 | a*_q05 0.00039 | a*_q50 0.02518 | dV>=0 0.053 | n=150 | a_used 0.00137 -> 0.00130
  crit | n=1 | viol 0.303 | V 0.7137 | Vmin 0.2933 | agree +0.669 | a*_q05 -0.00477 | a*_q50 0.00438 | dV>=0 0.220 | beta 0.2343
  bell | direct viol 0.496 | direct dV>=0 0.467 | d_mean -0.00156 | d_std 0.04070 | d_q95 0.08596
[Episode 212/400] Steps: 720 | Reward:   -6.41 | Battery:  67.49% | Loss: -0.1139
Placing Sensors
[Episode 213/400] Steps: 720 | Reward:   -3.83 | Battery:  70.38% | Loss: 
Placing Sensors
[Episode 214/400] Steps: 720 | Reward:   -6.02 | Battery:  72.17% | Loss: 
Placing Sensors
[Episode 215/400] Steps: 720 | Reward:   -5.83 | Battery:  68.11% | Loss: 
Placing Sensors
Policy 0.0013 | Value 0.0043 | KL 0.02713 | CF 0.2376 | Std 0.2086 | |a| 0.0974 | Alpha 0.0100 | MB 24/48
  cert | viol 0.035 | dV -0.256066 | V 0.3449 | inball 0.468 | a*_q05 0.00245 | a*_q50 0.02587 | dV>=0 0.010 | n=150 | a_used 0.00130 -> 0.00135
  crit | n=1 | viol 0.447 | V 0.7227 | Vmin 0.2712 | agree +0.548 | a*_q05 -0.00575 | a*_q50 0.00211 | dV>=0 0.345 | beta 0.2273
  bell | direct viol 0.474 | direct dV>=0 0.463 | d_mean +0.00024 | d_std 0.04713 | d_q95 0.09722
[Episode 216/400] Steps: 720 | Reward:   -5.27 | Battery:  65.69% | Loss: -0.1335
Placing Sensors
[Episode 217/400] Steps: 720 | Reward:   -4.47 | Battery:  71.49% | Loss: 
Placing Sensors
[Episode 218/400] Steps: 720 | Reward:   -5.35 | Battery:  79.02% | Loss: 
Placing Sensors
[Episode 219/400] Steps: 720 | Reward:   -4.52 | Battery:  72.81% | Loss: 
Placing Sensors
Policy 0.0012 | Value 0.0029 | KL 0.02812 | CF 0.2502 | Std 0.2084 | |a| 0.0975 | Alpha 0.0100 | MB 36/48
  cert | viol 0.024 | dV -0.245672 | V 0.3169 | inball 0.484 | a*_q05 0.00336 | a*_q50 0.02634 | dV>=0 0.007 | n=150 | a_used 0.00135 -> 0.00145
  crit | n=1 | viol 0.389 | V 0.6883 | Vmin 0.2874 | agree +0.628 | a*_q05 -0.00527 | a*_q50 0.00250 | dV>=0 0.286 | beta 0.2217
  bell | direct viol 0.465 | direct dV>=0 0.454 | d_mean +0.00163 | d_std 0.03909 | d_q95 0.07739
[Episode 220/400] Steps: 720 | Reward:   -5.93 | Battery:  71.07% | Loss: -0.0106
Placing Sensors
[Episode 221/400] Steps: 720 | Reward:   -5.65 | Battery:  71.55% | Loss: 
Placing Sensors
[Episode 222/400] Steps: 720 | Reward:   -3.82 | Battery:  81.75% | Loss: 
Placing Sensors
[Episode 223/400] Steps: 720 | Reward:   -4.68 | Battery:  72.17% | Loss: 
Placing Sensors
Policy -0.0031 | Value 0.0024 | KL 0.02160 | CF 0.2045 | Std 0.2078 | |a| 0.1051 | Alpha 0.0100 | MB 48/48
  cert | viol 0.067 | dV -0.258055 | V 0.3364 | inball 0.517 | a*_q05 0.00132 | a*_q50 0.02897 | dV>=0 0.023 | n=150 | a_used 0.00145 -> 0.00137
  crit | n=1 | viol 0.401 | V 0.6166 | Vmin 0.2604 | agree +0.647 | a*_q05 -0.00567 | a*_q50 0.00303 | dV>=0 0.313 | beta 0.2160
  bell | direct viol 0.473 | direct dV>=0 0.457 | d_mean +0.00038 | d_std 0.03752 | d_q95 0.07452
[Episode 224/400] Steps: 720 | Reward:   -4.75 | Battery:  77.57% | Loss: 0.0980
Placing Sensors
[Episode 225/400] Steps: 720 | Reward:   -5.54 | Battery:  71.67% | Loss: 
Placing Sensors
[Episode 226/400] Steps: 720 | Reward:   -5.19 | Battery:  68.93% | Loss: 
Placing Sensors
[Episode 227/400] Steps: 720 | Reward:   -4.16 | Battery:  68.03% | Loss: 
Placing Sensors
Policy -0.0100 | Value 0.0035 | KL 0.01910 | CF 0.1882 | Std 0.2070 | |a| 0.0964 | Alpha 0.0100 | MB 48/48
  cert | viol 0.031 | dV -0.257615 | V 0.3260 | inball 0.484 | a*_q05 0.00294 | a*_q50 0.03015 | dV>=0 0.007 | n=150 | a_used 0.00137 -> 0.00139
  crit | n=1 | viol 0.545 | V 0.7054 | Vmin 0.2944 | agree +0.629 | a*_q05 -0.00658 | a*_q50 0.00077 | dV>=0 0.442 | beta 0.2124
  bell | direct viol 0.490 | direct dV>=0 0.475 | d_mean +0.00062 | d_std 0.04001 | d_q95 0.08006
[Episode 228/400] Steps: 720 | Reward:   -4.68 | Battery:  72.07% | Loss: 0.1457
Placing Sensors
[Episode 229/400] Steps: 720 | Reward:   -5.42 | Battery:  73.00% | Loss: 
Placing Sensors
[Episode 230/400] Steps: 720 | Reward:   -6.03 | Battery:  56.77% | Loss: 
Placing Sensors
[Episode 231/400] Steps: 117 | Reward:  -14.68 | Battery:   0.00% | Loss: 
Placing Sensors
Policy -0.0140 | Value 0.0057 | KL 0.01705 | CF 0.1666 | Std 0.2065 | |a| 0.1083 | Alpha 0.0100 | MB 36/36
  cert | viol 0.044 | dV -0.249238 | V 0.3419 | inball 0.379 | a*_q05 0.00204 | a*_q50 0.02317 | dV>=0 0.022 | n=150 | a_used 0.00139 -> 0.00136
  crit | n=1 | viol 0.359 | V 0.7593 | Vmin 0.2776 | agree +0.678 | a*_q05 -0.00527 | a*_q50 0.00325 | dV>=0 0.286 | beta 0.2075
  bell | direct viol 0.479 | direct dV>=0 0.463 | d_mean -0.00024 | d_std 0.04166 | d_q95 0.08596
[Episode 232/400] Steps: 720 | Reward:   -5.50 | Battery:  72.91% | Loss: 0.0133
Placing Sensors
[Episode 233/400] Steps: 720 | Reward:   -5.28 | Battery:  65.47% | Loss: 
Placing Sensors
[Episode 234/400] Steps: 720 | Reward:   -4.73 | Battery:  49.28% | Loss: 
Placing Sensors
[Episode 235/400] Steps: 720 | Reward:   -5.09 | Battery:  70.98% | Loss: 
Placing Sensors
Policy -0.0062 | Value 0.0030 | KL 0.02261 | CF 0.2340 | Std 0.2061 | |a| 0.1236 | Alpha 0.0100 | MB 48/48
  cert | viol 0.016 | dV -0.213824 | V 0.2753 | inball 0.442 | a*_q05 0.00378 | a*_q50 0.02647 | dV>=0 0.000 | n=150 | a_used 0.00136 -> 0.00140
  crit | n=1 | viol 0.506 | V 0.6866 | Vmin 0.2749 | agree +0.588 | a*_q05 -0.00494 | a*_q50 0.00132 | dV>=0 0.390 | beta 0.2031
  bell | direct viol 0.473 | direct dV>=0 0.461 | d_mean +0.00087 | d_std 0.04088 | d_q95 0.08256
[Episode 236/400] Steps: 720 | Reward:   -4.72 | Battery:  66.04% | Loss: -0.0434
Placing Sensors
[Episode 237/400] Steps: 720 | Reward:   -6.61 | Battery:  69.34% | Loss: 
Placing Sensors
[Episode 238/400] Steps: 720 | Reward:   -5.60 | Battery:  66.08% | Loss: 
Placing Sensors
[Episode 239/400] Steps: 720 | Reward:   -8.05 | Battery:  52.10% | Loss: 
Placing Sensors
Policy -0.0029 | Value 0.0034 | KL 0.01816 | CF 0.1622 | Std 0.2051 | |a| 0.1428 | Alpha 0.0100 | MB 48/48
  cert | viol 0.094 | dV -0.240172 | V 0.3700 | inball 0.395 | a*_q05 -0.00011 | a*_q50 0.01860 | dV>=0 0.062 | n=150 | a_used 0.00140 -> 0.00149
  crit | n=1 | viol 0.317 | V 0.7169 | Vmin 0.3089 | agree +0.549 | a*_q05 -0.00509 | a*_q50 0.00453 | dV>=0 0.254 | beta 0.2007
  bell | direct viol 0.485 | direct dV>=0 0.474 | d_mean -0.00235 | d_std 0.03926 | d_q95 0.08029
[Episode 240/400] Steps: 720 | Reward:   -3.61 | Battery:  82.81% | Loss: -0.0248
Placing Sensors
[Episode 241/400] Steps: 720 | Reward:   -3.74 | Battery:  70.86% | Loss: 
Placing Sensors
[Episode 242/400] Steps: 720 | Reward:   -4.70 | Battery:  70.51% | Loss: 
Placing Sensors
[Episode 243/400] Steps: 720 | Reward:   -4.56 | Battery:  69.87% | Loss: 
Placing Sensors
Policy -0.0062 | Value 0.0037 | KL 0.01554 | CF 0.1767 | Std 0.2045 | |a| 0.1441 | Alpha 0.0100 | MB 48/48
  cert | viol 0.000 | dV -0.259068 | V 0.3030 | inball 0.505 | a*_q05 0.00576 | a*_q50 0.03007 | dV>=0 0.000 | n=150 | a_used 0.00149 -> 0.00160
  crit | n=1 | viol 0.575 | V 0.6695 | Vmin 0.2714 | agree +0.650 | a*_q05 -0.00529 | a*_q50 0.00060 | dV>=0 0.440 | beta 0.1965
  bell | direct viol 0.499 | direct dV>=0 0.477 | d_mean +0.00065 | d_std 0.03945 | d_q95 0.07810
[Episode 244/400] Steps: 720 | Reward:   -5.33 | Battery:  43.90% | Loss: -0.0318
Placing Sensors
[Episode 245/400] Steps: 720 | Reward:   -5.58 | Battery:  51.10% | Loss: 
Placing Sensors
[Episode 246/400] Steps: 720 | Reward:   -4.09 | Battery:  67.34% | Loss: 
Placing Sensors
[Episode 247/400] Steps: 720 | Reward:   -6.51 | Battery:  71.76% | Loss: 
Placing Sensors
Policy -0.0113 | Value 0.0039 | KL 0.02274 | CF 0.2202 | Std 0.2040 | |a| 0.0895 | Alpha 0.0100 | MB 48/48
  cert | viol 0.041 | dV -0.270154 | V 0.3528 | inball 0.429 | a*_q05 0.00264 | a*_q50 0.02743 | dV>=0 0.017 | n=150 | a_used 0.00160 -> 0.00170
  crit | n=1 | viol 0.472 | V 0.7297 | Vmin 0.2874 | agree +0.538 | a*_q05 -0.00636 | a*_q50 0.00205 | dV>=0 0.385 | beta 0.1952
  bell | direct viol 0.493 | direct dV>=0 0.477 | d_mean +0.00044 | d_std 0.03892 | d_q95 0.07792
[Episode 248/400] Steps: 720 | Reward:   -5.39 | Battery:  65.21% | Loss: 0.0301
Placing Sensors
[Episode 249/400] Steps: 720 | Reward:   -3.95 | Battery:  77.55% | Loss: 
Placing Sensors
[Episode 250/400] Steps: 720 | Reward:   -3.90 | Battery:  64.32% | Loss: 
Placing Sensors
[Episode 251/400] Steps: 720 | Reward:   -4.05 | Battery:  83.28% | Loss: 
Placing Sensors
Policy -0.0064 | Value 0.0027 | KL 0.01562 | CF 0.1653 | Std 0.2039 | |a| 0.1008 | Alpha 0.0100 | MB 48/48
  cert | viol 0.000 | dV -0.251944 | V 0.2853 | inball 0.565 | a*_q05 0.00693 | a*_q50 0.03314 | dV>=0 0.000 | n=150 | a_used 0.00170 -> 0.00183
  crit | n=1 | viol 0.665 | V 0.6880 | Vmin 0.2911 | agree +0.582 | a*_q05 -0.00645 | a*_q50 -0.00016 | dV>=0 0.510 | beta 0.1931
  bell | direct viol 0.487 | direct dV>=0 0.470 | d_mean +0.00240 | d_std 0.03695 | d_q95 0.07514
[Episode 252/400] Steps: 720 | Reward:   -4.39 | Battery:  69.57% | Loss: -0.0015
Placing Sensors
[Episode 253/400] Steps: 720 | Reward:   -5.02 | Battery:  78.94% | Loss: 
Placing Sensors
[Episode 254/400] Steps: 720 | Reward:   -4.61 | Battery:  70.87% | Loss: 
Placing Sensors
[Episode 255/400] Steps: 720 | Reward:   -4.71 | Battery:  68.31% | Loss: 
Placing Sensors
Policy -0.0081 | Value 0.0030 | KL 0.02012 | CF 0.2084 | Std 0.2031 | |a| 0.0999 | Alpha 0.0100 | MB 48/48
  cert | viol 0.034 | dV -0.267395 | V 0.3362 | inball 0.489 | a*_q05 0.00339 | a*_q50 0.02857 | dV>=0 0.011 | n=150 | a_used 0.00183 -> 0.00190
  crit | n=1 | viol 0.465 | V 0.6917 | Vmin 0.3116 | agree +0.665 | a*_q05 -0.00585 | a*_q50 0.00221 | dV>=0 0.362 | beta 0.1908
  bell | direct viol 0.497 | direct dV>=0 0.476 | d_mean +0.00005 | d_std 0.03875 | d_q95 0.07839
[Episode 256/400] Steps: 720 | Reward:   -5.93 | Battery:  69.43% | Loss: 0.0725
Placing Sensors
[Episode 257/400] Steps: 720 | Reward:   -5.22 | Battery:  70.36% | Loss: 
Placing Sensors
[Episode 258/400] Steps: 720 | Reward:   -3.62 | Battery:  69.09% | Loss: 
Placing Sensors
[Episode 259/400] Steps: 720 | Reward:   -3.56 | Battery:  81.09% | Loss: 
Placing Sensors
Policy -0.0119 | Value 0.0041 | KL 0.02484 | CF 0.2497 | Std 0.2028 | |a| 0.0906 | Alpha 0.0100 | MB 48/48
  cert | viol 0.039 | dV -0.235886 | V 0.2982 | inball 0.490 | a*_q05 0.00308 | a*_q50 0.02738 | dV>=0 0.015 | n=150 | a_used 0.00190 -> 0.00201
  crit | n=1 | viol 0.479 | V 0.6623 | Vmin 0.2939 | agree +0.518 | a*_q05 -0.00574 | a*_q50 0.00216 | dV>=0 0.342 | beta 0.1875
  bell | direct viol 0.489 | direct dV>=0 0.465 | d_mean +0.00027 | d_std 0.03924 | d_q95 0.07780
[Episode 260/400] Steps: 720 | Reward:   -6.30 | Battery:  60.05% | Loss: 0.1183
Placing Sensors
[Episode 261/400] Steps: 720 | Reward:   -4.26 | Battery:  59.37% | Loss: 
Placing Sensors
[Episode 262/400] Steps: 720 | Reward:   -5.82 | Battery:  71.02% | Loss: 
Placing Sensors
[Episode 263/400] Steps: 720 | Reward:   -6.58 | Battery:  77.33% | Loss: 
Placing Sensors
Policy -0.0093 | Value 0.0035 | KL 0.01721 | CF 0.1800 | Std 0.2027 | |a| 0.1094 | Alpha 0.0100 | MB 48/48
  cert | viol 0.125 | dV -0.221922 | V 0.3362 | inball 0.359 | a*_q05 -0.00263 | a*_q50 0.01656 | dV>=0 0.089 | n=150 | a_used 0.00201 -> 0.00191
  crit | n=1 | viol 0.410 | V 0.7194 | Vmin 0.2860 | agree +0.560 | a*_q05 -0.00662 | a*_q50 0.00326 | dV>=0 0.332 | beta 0.1852
  bell | direct viol 0.503 | direct dV>=0 0.471 | d_mean -0.00063 | d_std 0.03425 | d_q95 0.07004
[Episode 264/400] Steps: 720 | Reward:   -5.94 | Battery:  73.34% | Loss: 0.1964
Placing Sensors
[Episode 265/400] Steps: 720 | Reward:   -4.71 | Battery:  74.79% | Loss: 
Placing Sensors
[Episode 266/400] Steps: 720 | Reward:   -4.03 | Battery:  78.74% | Loss: 
Placing Sensors
[Episode 267/400] Steps: 720 | Reward:   -4.47 | Battery:  80.43% | Loss: 
Placing Sensors
Policy -0.0100 | Value 0.0017 | KL 0.01973 | CF 0.1990 | Std 0.2022 | |a| 0.1044 | Alpha 0.0100 | MB 48/48
  cert | viol 0.041 | dV -0.234917 | V 0.3092 | inball 0.528 | a*_q05 0.00257 | a*_q50 0.02730 | dV>=0 0.001 | n=150 | a_used 0.00191 -> 0.00192
  crit | n=1 | viol 0.322 | V 0.6344 | Vmin 0.2852 | agree +0.599 | a*_q05 -0.00533 | a*_q50 0.00389 | dV>=0 0.219 | beta 0.1826
  bell | direct viol 0.473 | direct dV>=0 0.452 | d_mean +0.00037 | d_std 0.03539 | d_q95 0.07273
[Episode 268/400] Steps: 720 | Reward:   -4.40 | Battery:  76.21% | Loss: 0.0685
Placing Sensors
[Episode 269/400] Steps: 720 | Reward:   -3.94 | Battery:  73.89% | Loss: 
Placing Sensors
[Episode 270/400] Steps: 720 | Reward:   -4.52 | Battery:  70.73% | Loss: 
Placing Sensors
[Episode 271/400] Steps: 720 | Reward:   -7.11 | Battery:  62.23% | Loss: 
Placing Sensors
Policy -0.0076 | Value 0.0031 | KL 0.01849 | CF 0.1920 | Std 0.2017 | |a| 0.1139 | Alpha 0.0100 | MB 48/48
  cert | viol 0.053 | dV -0.231972 | V 0.3115 | inball 0.489 | a*_q05 0.00222 | a*_q50 0.02885 | dV>=0 0.039 | n=150 | a_used 0.00192 -> 0.00183
  crit | n=1 | viol 0.593 | V 0.7043 | Vmin 0.3041 | agree +0.613 | a*_q05 -0.00593 | a*_q50 0.00048 | dV>=0 0.466 | beta 0.1810
  bell | direct viol 0.494 | direct dV>=0 0.469 | d_mean +0.00137 | d_std 0.03744 | d_q95 0.07600
[Episode 272/400] Steps: 720 | Reward:   -3.44 | Battery:  69.68% | Loss: -0.0366
Placing Sensors
[Episode 273/400] Steps: 720 | Reward:   -5.46 | Battery:  70.89% | Loss: 
Placing Sensors
[Episode 274/400] Steps: 720 | Reward:   -5.48 | Battery:  53.76% | Loss: 
Placing Sensors
[Episode 275/400] Steps: 720 | Reward:   -4.27 | Battery:  77.19% | Loss: 
Placing Sensors
Policy -0.0136 | Value 0.0028 | KL 0.01896 | CF 0.1860 | Std 0.2013 | |a| 0.1189 | Alpha 0.0100 | MB 48/48
  cert | viol 0.058 | dV -0.242742 | V 0.3303 | inball 0.448 | a*_q05 0.00153 | a*_q50 0.02627 | dV>=0 0.022 | n=150 | a_used 0.00183 -> 0.00184
  crit | n=1 | viol 0.435 | V 0.7312 | Vmin 0.2991 | agree +0.480 | a*_q05 -0.00561 | a*_q50 0.00283 | dV>=0 0.340 | beta 0.1792
  bell | direct viol 0.490 | direct dV>=0 0.469 | d_mean -0.00023 | d_std 0.03590 | d_q95 0.07398
[Episode 276/400] Steps: 720 | Reward:   -5.97 | Battery:  60.45% | Loss: 0.0943
Placing Sensors
[Episode 277/400] Steps: 720 | Reward:   -6.76 | Battery:  54.67% | Loss: 
Placing Sensors
[Episode 278/400] Steps: 720 | Reward:   -4.79 | Battery:  72.28% | Loss: 
Placing Sensors
[Episode 279/400] Steps: 720 | Reward:   -5.29 | Battery:  75.17% | Loss: 
Placing Sensors
Policy -0.0044 | Value 0.0026 | KL 0.01637 | CF 0.1750 | Std 0.2008 | |a| 0.1065 | Alpha 0.0100 | MB 48/48
  cert | viol 0.041 | dV -0.262011 | V 0.3542 | inball 0.461 | a*_q05 0.00229 | a*_q50 0.02642 | dV>=0 0.009 | n=150 | a_used 0.00184 -> 0.00186
  crit | n=1 | viol 0.358 | V 0.6461 | Vmin 0.2839 | agree +0.629 | a*_q05 -0.00525 | a*_q50 0.00387 | dV>=0 0.264 | beta 0.1768
  bell | direct viol 0.492 | direct dV>=0 0.469 | d_mean -0.00133 | d_std 0.03872 | d_q95 0.07728
[Episode 280/400] Steps: 720 | Reward:   -4.38 | Battery:  75.12% | Loss: -0.0103
Placing Sensors
[Episode 281/400] Steps: 720 | Reward:   -4.42 | Battery:  81.38% | Loss: 
Placing Sensors
[Episode 282/400] Steps: 720 | Reward:   -4.80 | Battery:  74.38% | Loss: 
Placing Sensors
[Episode 283/400] Steps: 720 | Reward:   -5.12 | Battery:  60.70% | Loss: 
Placing Sensors
Policy -0.0125 | Value 0.0032 | KL 0.02039 | CF 0.1858 | Std 0.2006 | |a| 0.1076 | Alpha 0.0100 | MB 48/48
  cert | viol 0.019 | dV -0.283431 | V 0.3441 | inball 0.535 | a*_q05 0.00376 | a*_q50 0.03030 | dV>=0 0.000 | n=150 | a_used 0.00186 -> 0.00194
  crit | n=1 | viol 0.333 | V 0.5901 | Vmin 0.2731 | agree +0.532 | a*_q05 -0.00511 | a*_q50 0.00500 | dV>=0 0.258 | beta 0.1734
  bell | direct viol 0.497 | direct dV>=0 0.472 | d_mean -0.00059 | d_std 0.03556 | d_q95 0.07304
[Episode 284/400] Steps: 720 | Reward:   -3.93 | Battery:  84.45% | Loss: -0.1607
Placing Sensors
[Episode 285/400] Steps: 720 | Reward:   -3.88 | Battery:  74.02% | Loss: 
Placing Sensors
[Episode 286/400] Steps: 720 | Reward:   -7.22 | Battery:  74.59% | Loss: 
Placing Sensors
[Episode 287/400] Steps: 720 | Reward:   -4.55 | Battery:  68.09% | Loss: 
Placing Sensors
Policy -0.0144 | Value 0.0040 | KL 0.02011 | CF 0.1868 | Std 0.2004 | |a| 0.1045 | Alpha 0.0100 | MB 48/48
  cert | viol 0.099 | dV -0.257971 | V 0.4103 | inball 0.419 | a*_q05 0.00023 | a*_q50 0.02186 | dV>=0 0.053 | n=150 | a_used 0.00194 -> 0.00184
  crit | n=1 | viol 0.306 | V 0.6220 | Vmin 0.2673 | agree +0.546 | a*_q05 -0.00540 | a*_q50 0.00623 | dV>=0 0.235 | beta 0.1714
  bell | direct viol 0.496 | direct dV>=0 0.472 | d_mean -0.00324 | d_std 0.03770 | d_q95 0.07668
[Episode 288/400] Steps: 720 | Reward:   -7.97 | Battery:  74.79% | Loss: -0.1763
Placing Sensors
[Episode 289/400] Steps: 720 | Reward:   -4.03 | Battery:  78.10% | Loss: 
Placing Sensors
[Episode 290/400] Steps: 720 | Reward:   -5.44 | Battery:  79.67% | Loss: 
Placing Sensors
[Episode 291/400] Steps: 720 | Reward:   -3.66 | Battery:  82.68% | Loss: 
Placing Sensors
Policy -0.0067 | Value 0.0025 | KL 0.01717 | CF 0.1792 | Std 0.2000 | |a| 0.0976 | Alpha 0.0100 | MB 48/48
  cert | viol 0.035 | dV -0.228279 | V 0.2919 | inball 0.541 | a*_q05 0.00305 | a*_q50 0.02908 | dV>=0 0.023 | n=150 | a_used 0.00184 -> 0.00187
  crit | n=1 | viol 0.394 | V 0.5711 | Vmin 0.2633 | agree +0.644 | a*_q05 -0.00618 | a*_q50 0.00346 | dV>=0 0.301 | beta 0.1700
  bell | direct viol 0.491 | direct dV>=0 0.472 | d_mean -0.00024 | d_std 0.03819 | d_q95 0.07635
[Episode 292/400] Steps: 720 | Reward:   -4.28 | Battery:  80.02% | Loss: 0.0215
Placing Sensors
[Episode 293/400] Steps: 720 | Reward:   -4.96 | Battery:  71.76% | Loss: 
Placing Sensors
[Episode 294/400] Steps: 720 | Reward:   -4.61 | Battery:  69.67% | Loss: 
Placing Sensors
[Episode 295/400] Steps: 720 | Reward:   -4.01 | Battery:  58.77% | Loss: 
Placing Sensors
Policy -0.0137 | Value 0.0025 | KL 0.01744 | CF 0.1755 | Std 0.1997 | |a| 0.1025 | Alpha 0.0100 | MB 48/48
  cert | viol 0.032 | dV -0.214320 | V 0.2735 | inball 0.448 | a*_q05 0.00323 | a*_q50 0.02711 | dV>=0 0.009 | n=150 | a_used 0.00187 -> 0.00194
  crit | n=1 | viol 0.539 | V 0.6825 | Vmin 0.2880 | agree +0.482 | a*_q05 -0.00496 | a*_q50 0.00141 | dV>=0 0.393 | beta 0.1692
  bell | direct viol 0.496 | direct dV>=0 0.479 | d_mean +0.00011 | d_std 0.03652 | d_q95 0.07587
[Episode 296/400] Steps: 720 | Reward:   -5.58 | Battery:  66.08% | Loss: 0.0357
Placing Sensors
[Episode 297/400] Steps: 720 | Reward:   -3.97 | Battery:  71.58% | Loss: 
Placing Sensors
[Episode 298/400] Steps: 720 | Reward:   -4.59 | Battery:  64.09% | Loss: 
Placing Sensors
[Episode 299/400] Steps: 720 | Reward:   -4.39 | Battery:  76.30% | Loss: 
Placing Sensors
Policy -0.0143 | Value 0.0019 | KL 0.01919 | CF 0.1336 | Std 0.1993 | |a| 0.0885 | Alpha 0.0100 | MB 48/48
  cert | viol 0.000 | dV -0.264991 | V 0.3056 | inball 0.564 | a*_q05 0.00591 | a*_q50 0.03518 | dV>=0 0.000 | n=150 | a_used 0.00194 -> 0.00198
  crit | n=1 | viol 0.543 | V 0.6210 | Vmin 0.2787 | agree +0.635 | a*_q05 -0.00603 | a*_q50 0.00147 | dV>=0 0.388 | beta 0.1674
  bell | direct viol 0.498 | direct dV>=0 0.476 | d_mean +0.00037 | d_std 0.03437 | d_q95 0.06987
[Episode 300/400] Steps: 720 | Reward:   -3.19 | Battery:  79.15% | Loss: 0.0833
Placing Sensors
[Episode 301/400] Steps: 720 | Reward:   -4.86 | Battery:  78.51% | Loss: 
Placing Sensors
[Episode 302/400] Steps: 720 | Reward:   -4.84 | Battery:  75.87% | Loss: 
Placing Sensors
[Episode 303/400] Steps: 720 | Reward:   -2.92 | Battery:  82.77% | Loss: 
Placing Sensors
Policy -0.0045 | Value 0.0023 | KL 0.01755 | CF 0.1825 | Std 0.1992 | |a| 0.0981 | Alpha 0.0100 | MB 48/48
  cert | viol 0.025 | dV -0.258767 | V 0.3162 | inball 0.550 | a*_q05 0.00447 | a*_q50 0.03088 | dV>=0 0.004 | n=150 | a_used 0.00198 -> 0.00215
  crit | n=1 | viol 0.443 | V 0.5909 | Vmin 0.2651 | agree +0.741 | a*_q05 -0.00549 | a*_q50 0.00253 | dV>=0 0.297 | beta 0.1650
  bell | direct viol 0.488 | direct dV>=0 0.464 | d_mean +0.00021 | d_std 0.03214 | d_q95 0.06432
[Episode 304/400] Steps: 720 | Reward:   -4.08 | Battery:  73.65% | Loss: 0.1018
Placing Sensors
[Episode 305/400] Steps: 720 | Reward:   -7.81 | Battery:  82.90% | Loss: 
Placing Sensors
[Episode 306/400] Steps: 720 | Reward:   -6.43 | Battery:  67.80% | Loss: 
Placing Sensors
[Episode 307/400] Steps: 720 | Reward:   -2.97 | Battery:  83.35% | Loss: 
Placing Sensors
Policy -0.0215 | Value 0.0030 | KL 0.01833 | CF 0.1688 | Std 0.1987 | |a| 0.0963 | Alpha 0.0100 | MB 48/48
  cert | viol 0.091 | dV -0.262775 | V 0.3919 | inball 0.483 | a*_q05 0.00030 | a*_q50 0.02424 | dV>=0 0.053 | n=150 | a_used 0.00215 -> 0.00211
  crit | n=1 | viol 0.367 | V 0.6442 | Vmin 0.2784 | agree +0.773 | a*_q05 -0.00491 | a*_q50 0.00404 | dV>=0 0.221 | beta 0.1632
  bell | direct viol 0.491 | direct dV>=0 0.466 | d_mean -0.00095 | d_std 0.03981 | d_q95 0.08655
[Episode 308/400] Steps: 720 | Reward:   -4.83 | Battery:  84.18% | Loss: -0.1519
Placing Sensors
[Episode 309/400] Steps: 720 | Reward:   -4.85 | Battery:  64.63% | Loss: 
Placing Sensors
[Episode 310/400] Steps: 720 | Reward:   -3.67 | Battery:  77.00% | Loss: 
Placing Sensors
[Episode 311/400] Steps: 720 | Reward:   -5.12 | Battery:  70.39% | Loss: 
Placing Sensors
Policy -0.0056 | Value 0.0025 | KL 0.01747 | CF 0.1641 | Std 0.1983 | |a| 0.0925 | Alpha 0.0100 | MB 48/48
  cert | viol 0.021 | dV -0.245556 | V 0.2962 | inball 0.534 | a*_q05 0.00453 | a*_q50 0.03151 | dV>=0 0.005 | n=150 | a_used 0.00211 -> 0.00221
  crit | n=1 | viol 0.473 | V 0.5955 | Vmin 0.2616 | agree +0.523 | a*_q05 -0.00562 | a*_q50 0.00257 | dV>=0 0.334 | beta 0.1608
  bell | direct viol 0.496 | direct dV>=0 0.480 | d_mean -0.00021 | d_std 0.04387 | d_q95 0.08810
[Episode 312/400] Steps: 720 | Reward:   -3.53 | Battery:  78.52% | Loss: 0.0809
Placing Sensors
[Episode 313/400] Steps: 720 | Reward:   -4.37 | Battery:  79.23% | Loss: 
Placing Sensors
[Episode 314/400] Steps: 720 | Reward:   -4.70 | Battery:  68.09% | Loss: 
Placing Sensors
[Episode 315/400] Steps: 720 | Reward:   -4.49 | Battery:  71.84% | Loss: 
Placing Sensors
Policy -0.0074 | Value 0.0028 | KL 0.01686 | CF 0.1685 | Std 0.1979 | |a| 0.1057 | Alpha 0.0100 | MB 48/48
  cert | viol 0.023 | dV -0.278885 | V 0.3397 | inball 0.522 | a*_q05 0.00367 | a*_q50 0.03087 | dV>=0 0.001 | n=150 | a_used 0.00221 -> 0.00225
  crit | n=1 | viol 0.375 | V 0.5768 | Vmin 0.2487 | agree +0.666 | a*_q05 -0.00570 | a*_q50 0.00433 | dV>=0 0.274 | beta 0.1585
  bell | direct viol 0.478 | direct dV>=0 0.456 | d_mean -0.00001 | d_std 0.04531 | d_q95 0.09206
[Episode 316/400] Steps: 720 | Reward:   -5.09 | Battery:  69.99% | Loss: -0.0103
Placing Sensors
[Episode 317/400] Steps: 720 | Reward:   -5.01 | Battery:  75.10% | Loss: 
Placing Sensors
[Episode 318/400] Steps: 720 | Reward:   -5.46 | Battery:  63.92% | Loss: 
Placing Sensors
[Episode 319/400] Steps: 720 | Reward:   -4.40 | Battery:  76.11% | Loss: 
Placing Sensors
Policy -0.0173 | Value 0.0026 | KL 0.01566 | CF 0.1670 | Std 0.1974 | |a| 0.0943 | Alpha 0.0100 | MB 48/48
  cert | viol 0.052 | dV -0.267224 | V 0.3404 | inball 0.507 | a*_q05 0.00264 | a*_q50 0.02814 | dV>=0 0.004 | n=150 | a_used 0.00225 -> 0.00232
  crit | n=1 | viol 0.399 | V 0.6192 | Vmin 0.2531 | agree +0.661 | a*_q05 -0.00590 | a*_q50 0.00345 | dV>=0 0.278 | beta 0.1557
  bell | direct viol 0.488 | direct dV>=0 0.461 | d_mean -0.00008 | d_std 0.03970 | d_q95 0.08245
[Episode 320/400] Steps: 720 | Reward:   -4.84 | Battery:  76.37% | Loss: 0.0288
Placing Sensors
[Episode 321/400] Steps: 720 | Reward:   -3.51 | Battery:  71.75% | Loss: 
Placing Sensors
[Episode 322/400] Steps: 720 | Reward:   -5.17 | Battery:  75.68% | Loss: 
Placing Sensors
[Episode 323/400] Steps: 720 | Reward:   -3.86 | Battery:  74.59% | Loss: 
Placing Sensors
Policy -0.0163 | Value 0.0025 | KL 0.02009 | CF 0.1755 | Std 0.1968 | |a| 0.0958 | Alpha 0.0100 | MB 48/48
  cert | viol 0.010 | dV -0.263446 | V 0.3055 | inball 0.541 | a*_q05 0.00620 | a*_q50 0.03239 | dV>=0 0.000 | n=150 | a_used 0.00232 -> 0.00245
  crit | n=1 | viol 0.451 | V 0.5835 | Vmin 0.2380 | agree +0.587 | a*_q05 -0.00577 | a*_q50 0.00287 | dV>=0 0.320 | beta 0.1535
  bell | direct viol 0.483 | direct dV>=0 0.453 | d_mean +0.00073 | d_std 0.03710 | d_q95 0.07552
[Episode 324/400] Steps: 720 | Reward:   -4.59 | Battery:  70.78% | Loss: 0.0569
Placing Sensors
[Episode 325/400] Steps: 720 | Reward:   -5.55 | Battery:  75.94% | Loss: 
Placing Sensors
[Episode 326/400] Steps: 720 | Reward:   -6.34 | Battery:  70.47% | Loss: 
Placing Sensors
[Episode 327/400] Steps: 720 | Reward:   -4.61 | Battery:  71.58% | Loss: 
Placing Sensors
Policy -0.0083 | Value 0.0027 | KL 0.01678 | CF 0.1728 | Std 0.1965 | |a| 0.1106 | Alpha 0.0100 | MB 48/48
  cert | viol 0.075 | dV -0.269540 | V 0.3658 | inball 0.507 | a*_q05 0.00172 | a*_q50 0.02737 | dV>=0 0.026 | n=150 | a_used 0.00245 -> 0.00247
  crit | n=1 | viol 0.394 | V 0.6258 | Vmin 0.2429 | agree +0.598 | a*_q05 -0.00524 | a*_q50 0.00383 | dV>=0 0.246 | beta 0.1512
  bell | direct viol 0.505 | direct dV>=0 0.479 | d_mean -0.00105 | d_std 0.04106 | d_q95 0.08371
[Episode 328/400] Steps: 720 | Reward:   -3.13 | Battery:  84.87% | Loss: -0.1429
Placing Sensors
[Episode 329/400] Steps: 720 | Reward:   -4.69 | Battery:  82.03% | Loss: 
Placing Sensors
[Episode 330/400] Steps: 720 | Reward:   -3.01 | Battery:  84.29% | Loss: 
Placing Sensors
[Episode 331/400] Steps: 720 | Reward:   -3.07 | Battery:  76.97% | Loss: 
Placing Sensors
Policy -0.0027 | Value 0.0026 | KL 0.01438 | CF 0.1584 | Std 0.1964 | |a| 0.1018 | Alpha 0.0100 | MB 48/48
  cert | viol 0.030 | dV -0.242438 | V 0.2935 | inball 0.573 | a*_q05 0.00415 | a*_q50 0.03261 | dV>=0 0.006 | n=150 | a_used 0.00247 -> 0.00265
  crit | n=1 | viol 0.414 | V 0.5439 | Vmin 0.2233 | agree +0.623 | a*_q05 -0.00541 | a*_q50 0.00372 | dV>=0 0.277 | beta 0.1483
  bell | direct viol 0.489 | direct dV>=0 0.465 | d_mean -0.00028 | d_std 0.04181 | d_q95 0.08427
[Episode 332/400] Steps: 720 | Reward:   -5.02 | Battery:  72.21% | Loss: 0.0684
Placing Sensors
[Episode 333/400] Steps: 720 | Reward:   -4.13 | Battery:  78.07% | Loss: 
Placing Sensors
[Episode 334/400] Steps: 720 | Reward:   -7.13 | Battery:  64.57% | Loss: 
Placing Sensors
[Episode 335/400] Steps: 720 | Reward:   -4.97 | Battery:  78.71% | Loss: 
Placing Sensors
Policy -0.0045 | Value 0.0035 | KL 0.02100 | CF 0.1893 | Std 0.1960 | |a| 0.1171 | Alpha 0.0100 | MB 48/48
  cert | viol 0.108 | dV -0.260100 | V 0.3668 | inball 0.476 | a*_q05 0.00083 | a*_q50 0.02704 | dV>=0 0.041 | n=150 | a_used 0.00265 -> 0.00250
  crit | n=1 | viol 0.360 | V 0.6134 | Vmin 0.2272 | agree +0.616 | a*_q05 -0.00473 | a*_q50 0.00479 | dV>=0 0.246 | beta 0.1472
  bell | direct viol 0.498 | direct dV>=0 0.471 | d_mean -0.00120 | d_std 0.04065 | d_q95 0.08367
[Episode 336/400] Steps: 720 | Reward:   -4.89 | Battery:  71.45% | Loss: 0.0921
Placing Sensors
[Episode 337/400] Steps: 720 | Reward:   -4.29 | Battery:  71.34% | Loss: 
Placing Sensors
[Episode 338/400] Steps: 720 | Reward:   -2.30 | Battery:  83.60% | Loss: 
Placing Sensors
[Episode 339/400] Steps: 720 | Reward:   -5.79 | Battery:  70.87% | Loss: 
Placing Sensors
Policy -0.0182 | Value 0.0031 | KL 0.01593 | CF 0.1611 | Std 0.1955 | |a| 0.0943 | Alpha 0.0100 | MB 48/48
  cert | viol 0.042 | dV -0.285588 | V 0.3509 | inball 0.555 | a*_q05 0.00350 | a*_q50 0.03343 | dV>=0 0.010 | n=150 | a_used 0.00250 -> 0.00268
  crit | n=1 | viol 0.479 | V 0.5636 | Vmin 0.2336 | agree +0.680 | a*_q05 -0.00557 | a*_q50 0.00280 | dV>=0 0.350 | beta 0.1461
  bell | direct viol 0.487 | direct dV>=0 0.464 | d_mean +0.00053 | d_std 0.04168 | d_q95 0.08617
[Episode 340/400] Steps: 720 | Reward:   -5.07 | Battery:  70.61% | Loss: -0.3211
Placing Sensors
[Episode 341/400] Steps: 720 | Reward:   -5.23 | Battery:  76.91% | Loss: 
Placing Sensors
[Episode 342/400] Steps: 720 | Reward:   -3.77 | Battery:  75.20% | Loss: 
Placing Sensors
[Episode 343/400] Steps: 720 | Reward:   -4.94 | Battery:  72.97% | Loss: 
Placing Sensors
Policy -0.0153 | Value 0.0034 | KL 0.01910 | CF 0.1994 | Std 0.1951 | |a| 0.1048 | Alpha 0.0100 | MB 48/48
  cert | viol 0.086 | dV -0.274357 | V 0.3714 | inball 0.484 | a*_q05 0.00136 | a*_q50 0.02833 | dV>=0 0.035 | n=150 | a_used 0.00268 -> 0.00274
  crit | n=1 | viol 0.395 | V 0.6255 | Vmin 0.2431 | agree +0.514 | a*_q05 -0.00519 | a*_q50 0.00490 | dV>=0 0.280 | beta 0.1445
  bell | direct viol 0.504 | direct dV>=0 0.479 | d_mean -0.00134 | d_std 0.04614 | d_q95 0.09419
[Episode 344/400] Steps: 720 | Reward:   -6.89 | Battery:  59.25% | Loss: -0.2870
Placing Sensors
[Episode 345/400] Steps: 720 | Reward:   -4.78 | Battery:  81.92% | Loss: 
Placing Sensors
[Episode 346/400] Steps: 720 | Reward:   -3.62 | Battery:  77.97% | Loss: 
Placing Sensors
[Episode 347/400] Steps: 720 | Reward:   -4.59 | Battery:  53.63% | Loss: 
Placing Sensors
Policy -0.0045 | Value 0.0033 | KL 0.02017 | CF 0.1457 | Std 0.1949 | |a| 0.1341 | Alpha 0.0100 | MB 39/48
  cert | viol 0.084 | dV -0.219329 | V 0.2812 | inball 0.512 | a*_q05 -0.00386 | a*_q50 0.02871 | dV>=0 0.061 | n=150 | a_used 0.00274 -> 0.00261
  crit | n=1 | viol 0.604 | V 0.6231 | Vmin 0.2282 | agree +0.655 | a*_q05 -0.00592 | a*_q50 0.00161 | dV>=0 0.359 | beta 0.1437
  bell | direct viol 0.492 | direct dV>=0 0.464 | d_mean +0.00126 | d_std 0.03987 | d_q95 0.08014
[Episode 348/400] Steps: 720 | Reward:   -3.72 | Battery:  84.90% | Loss: 0.0006
Placing Sensors
[Episode 349/400] Steps: 720 | Reward:   -4.25 | Battery:  79.07% | Loss: 
Placing Sensors
[Episode 350/400] Steps: 720 | Reward:   -4.63 | Battery:  75.56% | Loss: 
Placing Sensors
[Episode 351/400] Steps: 720 | Reward:   -4.39 | Battery:  79.05% | Loss: 
Placing Sensors
Policy -0.0077 | Value 0.0026 | KL 0.01857 | CF 0.1833 | Std 0.1945 | |a| 0.1103 | Alpha 0.0100 | MB 48/48
  cert | viol 0.009 | dV -0.245495 | V 0.2947 | inball 0.557 | a*_q05 0.00526 | a*_q50 0.03044 | dV>=0 0.000 | n=150 | a_used 0.00261 -> 0.00273
  crit | n=1 | viol 0.503 | V 0.5789 | Vmin 0.2408 | agree +0.645 | a*_q05 -0.00522 | a*_q50 0.00259 | dV>=0 0.315 | beta 0.1421
  bell | direct viol 0.493 | direct dV>=0 0.467 | d_mean +0.00060 | d_std 0.04314 | d_q95 0.08861
[Episode 352/400] Steps: 720 | Reward:   -3.57 | Battery:  76.33% | Loss: -0.1129
Placing Sensors
[Episode 353/400] Steps: 720 | Reward:   -6.40 | Battery:  44.51% | Loss: 
Placing Sensors
[Episode 354/400] Steps: 720 | Reward:   -6.14 | Battery:  65.45% | Loss: 
Placing Sensors
[Episode 355/400] Steps: 110 | Reward:  -14.66 | Battery:   0.00% | Loss: 
Placing Sensors
Policy -0.0068 | Value 0.0070 | KL 0.02185 | CF 0.1905 | Std 0.1943 | |a| 0.1136 | Alpha 0.0100 | MB 36/36
  cert | viol 0.091 | dV -0.256939 | V 0.3593 | inball 0.358 | a*_q05 0.00044 | a*_q50 0.02280 | dV>=0 0.022 | n=150 | a_used 0.00273 -> 0.00265
  crit | n=1 | viol 0.345 | V 0.6797 | Vmin 0.2238 | agree +0.658 | a*_q05 -0.00431 | a*_q50 0.00543 | dV>=0 0.238 | beta 0.1407
  bell | direct viol 0.520 | direct dV>=0 0.490 | d_mean -0.00235 | d_std 0.04171 | d_q95 0.08205
[Episode 356/400] Steps: 720 | Reward:   -5.16 | Battery:  73.71% | Loss: -0.0055
Placing Sensors
[Episode 357/400] Steps: 720 | Reward:   -6.33 | Battery:  71.88% | Loss: 
Placing Sensors
[Episode 358/400] Steps: 720 | Reward:   -3.31 | Battery:  63.44% | Loss: 
Placing Sensors
[Episode 359/400] Steps: 720 | Reward:   -5.83 | Battery:  65.28% | Loss: 
Placing Sensors
Policy -0.0099 | Value 0.0044 | KL 0.02339 | CF 0.1967 | Std 0.1941 | |a| 0.1261 | Alpha 0.0100 | MB 48/48
  cert | viol 0.090 | dV -0.279386 | V 0.3825 | inball 0.472 | a*_q05 0.00065 | a*_q50 0.02898 | dV>=0 0.054 | n=150 | a_used 0.00265 -> 0.00252
  crit | n=1 | viol 0.494 | V 0.6866 | Vmin 0.2339 | agree +0.582 | a*_q05 -0.00635 | a*_q50 0.00271 | dV>=0 0.372 | beta 0.1407
  bell | direct viol 0.487 | direct dV>=0 0.457 | d_mean +0.00043 | d_std 0.04318 | d_q95 0.08595
[Episode 360/400] Steps: 720 | Reward:   -5.05 | Battery:  71.10% | Loss: 0.0897
Placing Sensors
[Episode 361/400] Steps: 720 | Reward:   -4.42 | Battery:  78.36% | Loss: 
Placing Sensors
[Episode 362/400] Steps: 720 | Reward:   -5.36 | Battery:  72.72% | Loss: 
Placing Sensors
[Episode 363/400] Steps: 720 | Reward:   -5.85 | Battery:  79.59% | Loss: 
Placing Sensors
Policy -0.0145 | Value 0.0034 | KL 0.01760 | CF 0.1609 | Std 0.1933 | |a| 0.1067 | Alpha 0.0100 | MB 48/48
  cert | viol 0.068 | dV -0.235191 | V 0.3180 | inball 0.480 | a*_q05 0.00207 | a*_q50 0.02554 | dV>=0 0.021 | n=150 | a_used 0.00252 -> 0.00258
  crit | n=1 | viol 0.381 | V 0.6333 | Vmin 0.2250 | agree +0.581 | a*_q05 -0.00516 | a*_q50 0.00395 | dV>=0 0.234 | beta 0.1399
  bell | direct viol 0.490 | direct dV>=0 0.469 | d_mean +0.00011 | d_std 0.04284 | d_q95 0.08909
[Episode 364/400] Steps: 720 | Reward:   -4.67 | Battery:  68.63% | Loss: 0.0299
Placing Sensors
[Episode 365/400] Steps: 720 | Reward:   -4.01 | Battery:  77.89% | Loss: 
Placing Sensors
[Episode 366/400] Steps: 720 | Reward:   -4.38 | Battery:  76.29% | Loss: 
Placing Sensors
[Episode 367/400] Steps: 720 | Reward:   -6.15 | Battery:  64.87% | Loss: 
Placing Sensors
Policy -0.0097 | Value 0.0021 | KL 0.01598 | CF 0.1497 | Std 0.1928 | |a| 0.1037 | Alpha 0.0100 | MB 48/48
  cert | viol 0.024 | dV -0.260026 | V 0.3275 | inball 0.502 | a*_q05 0.00436 | a*_q50 0.02750 | dV>=0 0.007 | n=150 | a_used 0.00258 -> 0.00264
  crit | n=1 | viol 0.449 | V 0.6197 | Vmin 0.2321 | agree +0.704 | a*_q05 -0.00494 | a*_q50 0.00319 | dV>=0 0.281 | beta 0.1386
  bell | direct viol 0.495 | direct dV>=0 0.463 | d_mean +0.00012 | d_std 0.03762 | d_q95 0.07739
[Episode 368/400] Steps: 720 | Reward:   -4.27 | Battery:  81.72% | Loss: 0.1699
Placing Sensors
[Episode 369/400] Steps: 720 | Reward:   -5.71 | Battery:  70.15% | Loss: 
Placing Sensors
[Episode 370/400] Steps: 720 | Reward:   -4.01 | Battery:  78.26% | Loss: 
Placing Sensors
[Episode 371/400] Steps: 720 | Reward:   -5.11 | Battery:  75.74% | Loss: 
Placing Sensors
Policy -0.0035 | Value 0.0031 | KL 0.01790 | CF 0.1707 | Std 0.1923 | |a| 0.1176 | Alpha 0.0100 | MB 48/48
  cert | viol 0.078 | dV -0.244592 | V 0.3284 | inball 0.489 | a*_q05 0.00195 | a*_q50 0.02737 | dV>=0 0.015 | n=150 | a_used 0.00264 -> 0.00266
  crit | n=1 | viol 0.475 | V 0.6549 | Vmin 0.2330 | agree +0.573 | a*_q05 -0.00546 | a*_q50 0.00293 | dV>=0 0.286 | beta 0.1380
  bell | direct viol 0.505 | direct dV>=0 0.468 | d_mean -0.00046 | d_std 0.03508 | d_q95 0.06953
[Episode 372/400] Steps: 720 | Reward:   -5.12 | Battery:  59.88% | Loss: 0.1957
Placing Sensors
[Episode 373/400] Steps: 720 | Reward:   -4.88 | Battery:  62.23% | Loss: 
Placing Sensors
[Episode 374/400] Steps: 720 | Reward:   -3.81 | Battery:  84.35% | Loss: 
Placing Sensors
[Episode 375/400] Steps: 720 | Reward:   -3.77 | Battery:  82.66% | Loss: 
Placing Sensors
Policy 0.0081 | Value 0.0029 | KL 0.02313 | CF 0.2118 | Std 0.1923 | |a| 0.1140 | Alpha 0.0100 | MB 24/48
  cert | viol 0.002 | dV -0.243925 | V 0.2895 | inball 0.545 | a*_q05 0.00575 | a*_q50 0.02996 | dV>=0 0.000 | n=150 | a_used 0.00266 -> 0.00278
  crit | n=1 | viol 0.487 | V 0.6068 | Vmin 0.2436 | agree +0.585 | a*_q05 -0.00497 | a*_q50 0.00277 | dV>=0 0.283 | beta 0.1372
  bell | direct viol 0.470 | direct dV>=0 0.442 | d_mean -0.00004 | d_std 0.03431 | d_q95 0.07001
[Episode 376/400] Steps: 720 | Reward:   -4.66 | Battery:  77.55% | Loss: 0.1002
Placing Sensors
[Episode 377/400] Steps: 720 | Reward:   -3.74 | Battery:  83.89% | Loss: 
Placing Sensors
[Episode 378/400] Steps: 720 | Reward:   -3.83 | Battery:  72.16% | Loss: 
Placing Sensors
[Episode 379/400] Steps: 720 | Reward:   -4.82 | Battery:  62.21% | Loss: 
Placing Sensors
Policy -0.0097 | Value 0.0042 | KL 0.01524 | CF 0.1505 | Std 0.1921 | |a| 0.1096 | Alpha 0.0100 | MB 48/48
  cert | viol 0.025 | dV -0.233325 | V 0.2793 | inball 0.545 | a*_q05 0.00512 | a*_q50 0.03214 | dV>=0 0.001 | n=150 | a_used 0.00278 -> 0.00278
  crit | n=1 | viol 0.487 | V 0.5981 | Vmin 0.2563 | agree +0.452 | a*_q05 -0.00579 | a*_q50 0.00294 | dV>=0 0.350 | beta 0.1374
  bell | direct viol 0.504 | direct dV>=0 0.487 | d_mean -0.00070 | d_std 0.04282 | d_q95 0.08795
[Episode 380/400] Steps: 720 | Reward:   -4.39 | Battery:  72.73% | Loss: -0.1139
Placing Sensors
[Episode 381/400] Steps: 720 | Reward:   -4.59 | Battery:  76.81% | Loss: 
Placing Sensors
[Episode 382/400] Steps: 720 | Reward:   -4.30 | Battery:  61.40% | Loss: 
Placing Sensors
[Episode 383/400] Steps: 720 | Reward:   -4.87 | Battery:  71.25% | Loss: 
Placing Sensors
Policy -0.0029 | Value 0.0029 | KL 0.02071 | CF 0.1457 | Std 0.1918 | |a| 0.1349 | Alpha 0.0100 | MB 24/48
  cert | viol 0.009 | dV -0.262653 | V 0.3031 | inball 0.555 | a*_q05 0.00582 | a*_q50 0.03396 | dV>=0 0.000 | n=150 | a_used 0.00278 -> 0.00290
  crit | n=1 | viol 0.602 | V 0.6500 | Vmin 0.2949 | agree +0.612 | a*_q05 -0.00723 | a*_q50 0.00140 | dV>=0 0.425 | beta 0.1379
  bell | direct viol 0.511 | direct dV>=0 0.473 | d_mean +0.00133 | d_std 0.03635 | d_q95 0.07326
[Episode 384/400] Steps: 720 | Reward:   -2.81 | Battery:  87.40% | Loss: -0.1434
Placing Sensors
[Episode 385/400] Steps: 720 | Reward:   -4.20 | Battery:  80.25% | Loss: 
Placing Sensors
[Episode 386/400] Steps: 720 | Reward:   -3.21 | Battery:  80.52% | Loss: 
Placing Sensors
[Episode 387/400] Steps: 720 | Reward:   -5.29 | Battery:  72.30% | Loss: 
Placing Sensors
Policy -0.0179 | Value 0.0020 | KL 0.01877 | CF 0.1627 | Std 0.1915 | |a| 0.1155 | Alpha 0.0100 | MB 48/48
  cert | viol 0.079 | dV -0.273609 | V 0.3469 | inball 0.516 | a*_q05 0.00200 | a*_q50 0.03117 | dV>=0 0.025 | n=150 | a_used 0.00290 -> 0.00285
  crit | n=1 | viol 0.548 | V 0.6456 | Vmin 0.2804 | agree +0.634 | a*_q05 -0.00641 | a*_q50 0.00214 | dV>=0 0.362 | beta 0.1381
  bell | direct viol 0.498 | direct dV>=0 0.464 | d_mean +0.00018 | d_std 0.03392 | d_q95 0.06751
[Episode 388/400] Steps: 720 | Reward:   -5.45 | Battery:  67.53% | Loss: -0.1404
Placing Sensors
[Episode 389/400] Steps: 720 | Reward:   -3.96 | Battery:  77.77% | Loss: 
Placing Sensors
[Episode 390/400] Steps: 720 | Reward:   -4.42 | Battery:  79.07% | Loss: 
Placing Sensors
[Episode 391/400] Steps: 720 | Reward:   -3.10 | Battery:  81.60% | Loss: 
Placing Sensors
Policy -0.0177 | Value 0.0022 | KL 0.02124 | CF 0.1807 | Std 0.1913 | |a| 0.1129 | Alpha 0.0100 | MB 48/48
  cert | viol 0.001 | dV -0.247173 | V 0.2825 | inball 0.565 | a*_q05 0.00682 | a*_q50 0.03274 | dV>=0 0.000 | n=150 | a_used 0.00285 -> 0.00295
  crit | n=1 | viol 0.676 | V 0.6105 | Vmin 0.2614 | agree +0.684 | a*_q05 -0.00601 | a*_q50 0.00102 | dV>=0 0.412 | beta 0.1382
  bell | direct viol 0.500 | direct dV>=0 0.463 | d_mean +0.00136 | d_std 0.03362 | d_q95 0.06809
[Episode 392/400] Steps: 720 | Reward:   -4.45 | Battery:  68.32% | Loss: -0.2428
Placing Sensors
[Episode 393/400] Steps: 720 | Reward:   -5.52 | Battery:  75.91% | Loss: 
Placing Sensors
[Episode 394/400] Steps: 720 | Reward:   -4.38 | Battery:  81.88% | Loss: 
Placing Sensors
[Episode 395/400] Steps: 720 | Reward:   -3.18 | Battery:  81.23% | Loss: 
Placing Sensors
Policy 0.0076 | Value 0.0032 | KL 0.03136 | CF 0.2013 | Std 0.1910 | |a| 0.1105 | Alpha 0.0100 | MB 24/48
  cert | viol 0.077 | dV -0.258393 | V 0.3452 | inball 0.524 | a*_q05 0.00224 | a*_q50 0.02692 | dV>=0 0.016 | n=150 | a_used 0.00295 -> 0.00303
  crit | n=1 | viol 0.336 | V 0.5982 | Vmin 0.2578 | agree +0.691 | a*_q05 -0.00506 | a*_q50 0.00557 | dV>=0 0.201 | beta 0.1379
  bell | direct viol 0.493 | direct dV>=0 0.462 | d_mean -0.00139 | d_std 0.03643 | d_q95 0.07563
[Episode 396/400] Steps: 720 | Reward:   -5.90 | Battery:  84.78% | Loss: 0.0394
Placing Sensors
[Episode 397/400] Steps: 720 | Reward:   -4.24 | Battery:  70.91% | Loss: 
Placing Sensors
[Episode 398/400] Steps: 720 | Reward:   -3.58 | Battery:  79.06% | Loss: 
Placing Sensors
[Episode 399/400] Steps: 720 | Reward:   -4.67 | Battery:  73.39% | Loss: 
Placing Sensors
Policy -0.0010 | Value 0.0029 | KL 0.02700 | CF 0.2119 | Std 0.1909 | |a| 0.1256 | Alpha 0.0100 | MB 24/48
  cert | viol 0.034 | dV -0.249815 | V 0.3039 | inball 0.521 | a*_q05 0.00441 | a*_q50 0.03077 | dV>=0 0.002 | n=150 | a_used 0.00303 -> 0.00316
  crit | n=1 | viol 0.613 | V 0.6594 | Vmin 0.3159 | agree +0.590 | a*_q05 -0.00618 | a*_q50 0.00148 | dV>=0 0.385 | beta 0.1392
  bell | direct viol 0.491 | direct dV>=0 0.456 | d_mean +0.00079 | d_std 0.03565 | d_q95 0.07416
[Episode 400/400] Steps: 720 | Reward:   -5.12 | Battery:  74.56% | Loss: 0.0769
Placing Sensors
  [validation 1/10] steps 720 | battery  36.7% ->  87.5% (min  33.8%) | reward    -1.36 | |a| 0.074 | path     910 m
Placing Sensors
  [validation 2/10] steps 720 | battery  35.4% ->  84.7% (min  34.3%) | reward    -2.40 | |a| 0.094 | path    1121 m
Placing Sensors
  [validation 3/10] steps 720 | battery  39.7% ->  63.8% (min  22.3%) | reward    -4.20 | |a| 0.228 | path     808 m
Placing Sensors
  [validation 4/10] steps 720 | battery  32.7% ->  79.6% (min  12.9%) | reward    -3.44 | |a| 0.104 | path    1359 m
Placing Sensors
  [validation 5/10] steps 720 | battery  39.3% ->  82.4% (min  31.3%) | reward    -2.59 | |a| 0.095 | path    1244 m
Placing Sensors
  [validation 6/10] steps 720 | battery  35.1% ->  64.0% (min  24.0%) | reward    -5.53 | |a| 0.179 | path     966 m
Placing Sensors
  [validation 7/10] steps 720 | battery  33.3% ->  74.7% (min  10.5%) | reward    -4.14 | |a| 0.093 | path    1208 m
Placing Sensors
  [validation 8/10] steps 720 | battery  38.2% ->  88.4% (min  30.5%) | reward    -2.70 | |a| 0.075 | path     931 m
Placing Sensors
  [validation 9/10] steps 720 | battery  36.5% ->  86.7% (min  24.0%) | reward    -2.92 | |a| 0.091 | path    1186 m
Placing Sensors
  [validation 10/10] steps 720 | battery  37.3% ->  81.1% (min  12.1%) | reward    -4.71 | |a| 0.122 | path    1241 m

==============================================================================
VALIDATION COMPLETE -- 10 independent deterministic episodes
==============================================================================
metric                       mean        std        min        max
reward                      -3.40       1.25      -5.53      -1.36
final battery %             79.29       9.08      63.80      88.37
min battery %               23.56       9.10      10.49      34.28
steps                      720.00       0.00     720.00     720.00
solar W                     28.50       3.69      19.53      33.56
|action|                     0.12       0.05       0.07       0.23
path m                    1097.49     181.05     808.31    1359.06
tortuosity                   9.34       3.50       4.74      16.06
motion mAh                 753.73     119.21     585.75     905.95
idle mAh                 11582.40       0.00   11582.40   11582.40

survived full 720 steps : 10/10
ended below 20% battery         : 0/10
ended above 70% battery         : 8/10

reward 95% CI: -3.40 +- 0.77  (-4.17 to -2.62)

total step rows written: 7200

==============================================
WALL CLOCK BREAKDOWN
==============================================
Total run time        :   21134.19 s
  Rollout (training)  :   20426.44 s  ( 96.7%)
    - policy inference:     237.37 s  (  1.1%)
    - env + reward    :   20189.06 s  ( 95.5%)
  PPO update()        :      53.84 s  (  0.3%)
  Checkpoint saves    :       0.01 s  (  0.0%)
  Final evaluation    :     536.33 s  (  2.5%)
  Other / logging     :     117.57 s  (  0.6%)

==============================================
PER-CALL AVERAGES
==============================================
Policy inference      :   271413 calls |    0.898 ms/step
  final eval only     :     7200 calls |    0.896 ms/step
PPO update()          :      100 calls |  538.444 ms/update
Episode               :      400 eps   |   51.495 s/episode

update() share of wall clock: 0.3%
