Placing Sensors
[cost] critic head: beta*softplus, spectral, beta0 = 0.3, gain target = 0.9
[chaotic-init] chebyshev: re-initialised 14 weight tensors (470592 parameters), match=variance, placement=sequential, seed 3
[chaotic-init] sigma_max after: mean 1.708, max 1.988
Placing Sensors
[Episode 1/400] Steps:  76 | Reward:  -17.62 | Battery:   0.00% | Loss: 
Placing Sensors
[Episode 2/400] Steps: 114 | Reward:  -17.47 | Battery:   0.00% | Loss: 
Placing Sensors
[Episode 3/400] Steps: 720 | Reward:   -6.15 | Battery:  70.94% | Loss: 
Placing Sensors
[Episode 4/400] Steps:  95 | Reward:  -17.51 | Battery:   0.00% | Loss: 
Placing Sensors
[Episode 5/400] Steps:  66 | Reward:  -17.83 | Battery:   0.00% | Loss: 
Placing Sensors
[Episode 6/400] Steps: 117 | Reward:  -17.31 | Battery:   0.00% | Loss: 
Placing Sensors
[Episode 7/400] Steps:  79 | Reward:  -17.71 | Battery:   0.00% | Loss: 
Placing Sensors
[Episode 8/400] Steps:  95 | Reward:  -17.61 | Battery:   0.00% | Loss: 
Placing Sensors
Policy -0.0001 | Value 0.0632 | KL 0.00286 | CF 0.0256 | Std 0.1054 | |a| 0.0051 | EV -0.233 | Rsd 0.443 | Res 0.570 | AE nan | Alpha 0.9256 | MB 24/24
  cert | viol 0.322 | dV -0.201934 | V 0.3551 | inball 0.166 | a*_q05 -0.00243 | a*_q50 0.01802 | dV>=0 0.118 | n=150 | a_used 0.01000 -> 0.00950
  crit | n=1 | viol 0.991 | V 1.4248 | Vmin 0.9238 | agree +0.751 | a*_q05 -0.00670 | a*_q50 0.00146 | dV>=0 0.350 | beta 0.3045
  bell | direct viol 0.920 | direct dV>=0 0.545 | d_mean -0.00331 | d_std 0.01363 | d_q95 0.02831
[Episode 9/400] Steps:  88 | Reward:  -17.26 | Battery:   0.00% | Loss: 1.5871
Placing Sensors
[Episode 10/400] Steps: 121 | Reward:  -17.19 | Battery:   0.00% | Loss: 
Placing Sensors
[Episode 11/400] Steps: 720 | Reward:   -5.50 | Battery:  55.16% | Loss: 
Placing Sensors
[Episode 12/400] Steps:  74 | Reward:  -17.80 | Battery:   0.00% | Loss: 
Placing Sensors
[Episode 13/400] Steps:  75 | Reward:  -17.64 | Battery:   0.00% | Loss: 
Placing Sensors
[Episode 14/400] Steps:  94 | Reward:  -17.54 | Battery:   0.00% | Loss: 
Placing Sensors
[Episode 15/400] Steps:  70 | Reward:  -17.77 | Battery:   0.00% | Loss: 
Placing Sensors
[Episode 16/400] Steps: 103 | Reward:  -17.49 | Battery:   0.00% | Loss: 
Placing Sensors
Policy -0.0047 | Value 0.0215 | KL 0.00316 | CF 0.0249 | Std 0.1055 | |a| 0.0034 | EV +0.673 | Rsd 0.518 | Res 0.297 | AE nan | Alpha 0.8331 | MB 32/32
  cert | viol 0.190 | dV -0.309524 | V 0.3828 | inball 0.247 | a*_q05 0.00186 | a*_q50 0.02779 | dV>=0 0.030 | n=150 | a_used 0.00950 -> 0.00877
  crit | n=1 | viol 0.999 | V 1.3731 | Vmin 0.6841 | agree +0.742 | a*_q05 -0.00724 | a*_q50 -0.00065 | dV>=0 0.580 | beta 0.3058
  bell | direct viol 0.851 | direct dV>=0 0.509 | d_mean +0.00038 | d_std 0.01469 | d_q95 0.02999
[Episode 17/400] Steps: 720 | Reward:   -6.75 | Battery:  50.61% | Loss: 1.4002
Placing Sensors
[Episode 18/400] Steps: 720 | Reward:   -7.06 | Battery:  57.81% | Loss: 
Placing Sensors
[Episode 19/400] Steps: 127 | Reward:  -17.22 | Battery:   0.00% | Loss: 
Placing Sensors
Policy -0.0083 | Value 0.0279 | KL 0.00290 | CF 0.0192 | Std 0.1056 | |a| 0.0044 | EV +0.790 | Rsd 0.437 | Res 0.200 | AE nan | Alpha 0.7663 | MB 28/28
  cert | viol 0.376 | dV -0.188551 | V 0.3371 | inball 0.158 | a*_q05 -0.01722 | a*_q50 0.01354 | dV>=0 0.176 | n=150 | a_used 0.00877 -> 0.00833
  crit | n=1 | viol 0.956 | V 1.2016 | Vmin 0.6805 | agree +0.453 | a*_q05 -0.00555 | a*_q50 -0.00072 | dV>=0 0.547 | beta 0.3063
  bell | direct viol 0.868 | direct dV>=0 0.473 | d_mean +0.00032 | d_std 0.01070 | d_q95 0.02205
[Episode 20/400] Steps: 720 | Reward:   -7.89 | Battery:  38.10% | Loss: 1.1927
Placing Sensors
[Episode 21/400] Steps: 130 | Reward:  -17.24 | Battery:   0.00% | Loss: 
Placing Sensors
[Episode 22/400] Steps: 123 | Reward:  -17.43 | Battery:   0.00% | Loss: 
Placing Sensors
[Episode 23/400] Steps:  91 | Reward:  -17.63 | Battery:   0.00% | Loss: 
Placing Sensors
[Episode 24/400] Steps:  87 | Reward:  -17.42 | Battery:   0.00% | Loss: 
Placing Sensors
[Episode 25/400] Steps: 720 | Reward:   -7.02 | Battery:  56.86% | Loss: 
Placing Sensors
[Episode 26/400] Steps: 112 | Reward:  -17.40 | Battery:   0.00% | Loss: 
Placing Sensors
Policy -0.0054 | Value 0.0224 | KL 0.00331 | CF 0.0296 | Std 0.1058 | |a| 0.0078 | EV +0.738 | Rsd 0.510 | Res 0.265 | AE nan | Alpha 0.6894 | MB 32/32
  cert | viol 0.462 | dV -0.176688 | V 0.2926 | inball 0.123 | a*_q05 -0.00632 | a*_q50 0.01041 | dV>=0 0.096 | n=150 | a_used 0.00833 -> 0.00791
  crit | n=1 | viol 0.990 | V 1.3421 | Vmin 0.7116 | agree +0.691 | a*_q05 -0.00599 | a*_q50 -0.00023 | dV>=0 0.534 | beta 0.3079
  bell | direct viol 0.876 | direct dV>=0 0.495 | d_mean +0.00043 | d_std 0.01087 | d_q95 0.02267
[Episode 27/400] Steps: 720 | Reward:   -6.85 | Battery:  35.43% | Loss: 1.0615
Placing Sensors
[Episode 28/400] Steps: 720 | Reward:   -5.67 | Battery:  49.98% | Loss: 
Placing Sensors
[Episode 29/400] Steps: 105 | Reward:  -17.38 | Battery:   0.00% | Loss: 
Placing Sensors
[Episode 30/400] Steps:  74 | Reward:  -17.77 | Battery:   0.00% | Loss: 
Placing Sensors
[Episode 31/400] Steps:  80 | Reward:  -17.72 | Battery:   0.00% | Loss: 
Placing Sensors
Policy -0.0057 | Value 0.0182 | KL 0.00520 | CF 0.0622 | Std 0.1060 | |a| 0.0064 | EV +0.615 | Rsd 0.449 | Res 0.280 | AE nan | Alpha 0.6297 | MB 28/28
  cert | viol 0.463 | dV -0.154923 | V 0.2690 | inball 0.162 | a*_q05 -0.00401 | a*_q50 0.01010 | dV>=0 0.064 | n=150 | a_used 0.00791 -> 0.00734
  crit | n=1 | viol 0.974 | V 1.2450 | Vmin 0.7531 | agree +0.661 | a*_q05 -0.00625 | a*_q50 -0.00112 | dV>=0 0.634 | beta 0.3093
  bell | direct viol 0.917 | direct dV>=0 0.446 | d_mean +0.00105 | d_std 0.00955 | d_q95 0.01934
[Episode 32/400] Steps: 720 | Reward:   -7.43 | Battery:  50.94% | Loss: 1.0407
Placing Sensors
[Episode 33/400] Steps: 129 | Reward:  -17.33 | Battery:   0.00% | Loss: 
Placing Sensors
[Episode 34/400] Steps: 720 | Reward:   -6.43 | Battery:  57.88% | Loss: 
Placing Sensors
[Episode 35/400] Steps: 121 | Reward:  -17.38 | Battery:   0.00% | Loss: 
Placing Sensors
[Episode 36/400] Steps:  98 | Reward:  -17.58 | Battery:   0.00% | Loss: 
Placing Sensors
Policy -0.0063 | Value 0.0223 | KL 0.00339 | CF 0.0300 | Std 0.1062 | |a| 0.0049 | EV +0.721 | Rsd 0.487 | Res 0.257 | AE nan | Alpha 0.5725 | MB 28/28
  cert | viol 0.257 | dV -0.197916 | V 0.2622 | inball 0.232 | a*_q05 -0.01155 | a*_q50 0.02258 | dV>=0 0.166 | n=150 | a_used 0.00734 -> 0.00697
  crit | n=1 | viol 0.967 | V 1.1660 | Vmin 0.6612 | agree +0.678 | a*_q05 -0.00839 | a*_q50 -0.00124 | dV>=0 0.608 | beta 0.3101
  bell | direct viol 0.895 | direct dV>=0 0.495 | d_mean +0.00101 | d_std 0.01002 | d_q95 0.01981
[Episode 37/400] Steps: 720 | Reward:   -4.28 | Battery:  73.71% | Loss: 0.9610
Placing Sensors
[Episode 38/400] Steps: 720 | Reward:   -7.06 | Battery:  66.98% | Loss: 
Placing Sensors
Policy -0.0046 | Value 0.0204 | KL 0.00442 | CF 0.0423 | Std 0.1064 | |a| 0.0088 | EV +0.776 | Rsd 0.368 | Res 0.185 | AE nan | Alpha 0.5302 | MB 24/24
  cert | viol 0.364 | dV -0.187858 | V 0.3637 | inball 0.235 | a*_q05 -0.00191 | a*_q50 0.01112 | dV>=0 0.140 | n=150 | a_used 0.00697 -> 0.00662
  crit | n=1 | viol 0.918 | V 1.1000 | Vmin 0.6524 | agree +0.463 | a*_q05 -0.00748 | a*_q50 -0.00031 | dV>=0 0.519 | beta 0.3106
  bell | direct viol 0.838 | direct dV>=0 0.477 | d_mean +0.00064 | d_std 0.01246 | d_q95 0.02193
[Episode 39/400] Steps: 720 | Reward:   -7.03 | Battery:  50.85% | Loss: 0.9005
Placing Sensors
[Episode 40/400] Steps: 109 | Reward:  -17.20 | Battery:   0.00% | Loss: 
Placing Sensors
[Episode 41/400] Steps: 720 | Reward:   -8.46 | Battery:  50.89% | Loss: 
Placing Sensors
[Episode 42/400] Steps: 156 | Reward:  -17.28 | Battery:   0.00% | Loss: 
Placing Sensors
[Episode 43/400] Steps: 135 | Reward:  -17.37 | Battery:   0.00% | Loss: 
Placing Sensors
[Episode 44/400] Steps:  67 | Reward:  -17.70 | Battery:   0.00% | Loss: 
Placing Sensors
Policy 0.0009 | Value 0.0300 | KL 0.00321 | CF 0.0309 | Std 0.1067 | |a| 0.0089 | EV +0.573 | Rsd 0.447 | Res 0.305 | AE nan | Alpha 0.4790 | MB 32/32
  cert | viol 0.464 | dV -0.157782 | V 0.3058 | inball 0.063 | a*_q05 -0.01018 | a*_q50 0.00747 | dV>=0 0.136 | n=150 | a_used 0.00662 -> 0.00629
  crit | n=1 | viol 0.912 | V 1.2666 | Vmin 0.7052 | agree +0.628 | a*_q05 -0.00648 | a*_q50 0.00040 | dV>=0 0.456 | beta 0.3130
  bell | direct viol 0.838 | direct dV>=0 0.500 | d_mean -0.00065 | d_std 0.01381 | d_q95 0.02529
[Episode 45/400] Steps: 720 | Reward:   -6.48 | Battery:  76.94% | Loss: 0.8289
Placing Sensors
[Episode 46/400] Steps:  94 | Reward:  -17.37 | Battery:   0.00% | Loss: 
Placing Sensors
[Episode 47/400] Steps:  82 | Reward:  -17.33 | Battery:   0.00% | Loss: 
Placing Sensors
[Episode 48/400] Steps: 720 | Reward:   -4.90 | Battery:  44.77% | Loss: 
Placing Sensors
[Episode 49/400] Steps:  90 | Reward:  -17.55 | Battery:   0.00% | Loss: 
Placing Sensors
[Episode 50/400] Steps:  88 | Reward:  -17.63 | Battery:   0.00% | Loss: 
Placing Sensors
[Episode 51/400] Steps:  80 | Reward:  -17.49 | Battery:   0.00% | Loss: 
Placing Sensors
Policy -0.0047 | Value 0.0303 | KL 0.00532 | CF 0.0651 | Std 0.1069 | |a| 0.0114 | EV +0.840 | Rsd 0.547 | Res 0.221 | AE nan | Alpha 0.4334 | MB 32/32
  cert | viol 0.279 | dV -0.227036 | V 0.3214 | inball 0.230 | a*_q05 -0.01144 | a*_q50 0.01763 | dV>=0 0.148 | n=150 | a_used 0.00629 -> 0.00598
  crit | n=1 | viol 0.925 | V 1.2318 | Vmin 0.6679 | agree +0.762 | a*_q05 -0.00773 | a*_q50 -0.00076 | dV>=0 0.581 | beta 0.3141
  bell | direct viol 0.844 | direct dV>=0 0.513 | d_mean -0.00007 | d_std 0.01670 | d_q95 0.02810
[Episode 52/400] Steps: 720 | Reward:   -7.51 | Battery:  67.23% | Loss: 0.5762
Placing Sensors
[Episode 53/400] Steps: 720 | Reward:   -7.50 | Battery:  76.03% | Loss: 
Placing Sensors
[Episode 54/400] Steps:  78 | Reward:  -17.72 | Battery:   0.00% | Loss: 
Placing Sensors
Policy -0.0077 | Value 0.0144 | KL 0.00788 | CF 0.1072 | Std 0.1072 | |a| 0.0106 | EV +0.817 | Rsd 0.448 | Res 0.197 | AE nan | Alpha 0.3997 | MB 24/24
  cert | viol 0.255 | dV -0.191750 | V 0.3210 | inball 0.271 | a*_q05 0.00009 | a*_q50 0.01620 | dV>=0 0.042 | n=150 | a_used 0.00598 -> 0.00568
  crit | n=1 | viol 0.901 | V 1.1024 | Vmin 0.6650 | agree +0.519 | a*_q05 -0.00734 | a*_q50 -0.00057 | dV>=0 0.551 | beta 0.3137
  bell | direct viol 0.843 | direct dV>=0 0.449 | d_mean +0.00080 | d_std 0.01941 | d_q95 0.03134
[Episode 55/400] Steps: 720 | Reward:   -5.31 | Battery:  55.45% | Loss: 0.6606
Placing Sensors
[Episode 56/400] Steps:  87 | Reward:  -17.61 | Battery:   0.00% | Loss: 
Placing Sensors
[Episode 57/400] Steps: 720 | Reward:   -6.47 | Battery:  65.44% | Loss: 
Placing Sensors
[Episode 58/400] Steps:  91 | Reward:  -17.43 | Battery:   0.00% | Loss: 
Placing Sensors
[Episode 59/400] Steps:  64 | Reward:  -17.72 | Battery:   0.00% | Loss: 
Placing Sensors
[Episode 60/400] Steps: 138 | Reward:  -17.30 | Battery:   0.00% | Loss: 
Placing Sensors
[Episode 61/400] Steps:  82 | Reward:  -17.50 | Battery:   0.00% | Loss: 
Placing Sensors
Policy -0.0033 | Value 0.0196 | KL 0.00429 | CF 0.0481 | Std 0.1074 | |a| 0.0130 | EV +0.775 | Rsd 0.586 | Res 0.279 | AE nan | Alpha 0.3612 | MB 32/32
  cert | viol 0.269 | dV -0.198746 | V 0.3021 | inball 0.259 | a*_q05 0.00179 | a*_q50 0.01734 | dV>=0 0.028 | n=150 | a_used 0.00568 -> 0.00534
  crit | n=1 | viol 0.908 | V 1.2053 | Vmin 0.5787 | agree +0.685 | a*_q05 -0.00655 | a*_q50 -0.00001 | dV>=0 0.499 | beta 0.3102
  bell | direct viol 0.750 | direct dV>=0 0.479 | d_mean +0.00039 | d_std 0.02328 | d_q95 0.04142
[Episode 62/400] Steps: 720 | Reward:   -4.80 | Battery:  68.29% | Loss: 0.6573
Placing Sensors
[Episode 63/400] Steps:  89 | Reward:  -17.51 | Battery:   0.00% | Loss: 
Placing Sensors
[Episode 64/400] Steps: 720 | Reward:   -7.56 | Battery:  55.85% | Loss: 
Placing Sensors
Policy -0.0057 | Value 0.0153 | KL 0.00617 | CF 0.0781 | Std 0.1076 | |a| 0.0123 | EV +0.875 | Rsd 0.520 | Res 0.193 | AE nan | Alpha 0.3329 | MB 24/24
  cert | viol 0.299 | dV -0.224498 | V 0.3478 | inball 0.198 | a*_q05 -0.00503 | a*_q50 0.01107 | dV>=0 0.107 | n=150 | a_used 0.00534 -> 0.00507
  crit | n=1 | viol 0.942 | V 1.2050 | Vmin 0.5607 | agree +0.518 | a*_q05 -0.00755 | a*_q50 -0.00058 | dV>=0 0.539 | beta 0.3076
  bell | direct viol 0.761 | direct dV>=0 0.472 | d_mean +0.00160 | d_std 0.01964 | d_q95 0.03552
[Episode 65/400] Steps: 720 | Reward:   -6.35 | Battery:  47.72% | Loss: 0.4210
Placing Sensors
[Episode 66/400] Steps: 720 | Reward:   -5.17 | Battery:  72.05% | Loss: 
Placing Sensors
[Episode 67/400] Steps: 112 | Reward:  -17.41 | Battery:   0.00% | Loss: 
Placing Sensors
[Episode 68/400] Steps: 150 | Reward:  -17.34 | Battery:   0.00% | Loss: 
Placing Sensors
[Episode 69/400] Steps:  91 | Reward:  -17.54 | Battery:   0.00% | Loss: 
Placing Sensors
Policy -0.0014 | Value 0.0212 | KL 0.00516 | CF 0.0653 | Std 0.1078 | |a| 0.0143 | EV +0.731 | Rsd 0.551 | Res 0.286 | AE nan | Alpha 0.3026 | MB 28/32
  cert | viol 0.187 | dV -0.247854 | V 0.3469 | inball 0.283 | a*_q05 -0.00965 | a*_q50 0.02142 | dV>=0 0.060 | n=150 | a_used 0.00507 -> 0.00482
  crit | n=1 | viol 0.863 | V 1.1527 | Vmin 0.4427 | agree +0.654 | a*_q05 -0.00687 | a*_q50 0.00035 | dV>=0 0.454 | beta 0.3030
  bell | direct viol 0.675 | direct dV>=0 0.436 | d_mean +0.00018 | d_std 0.02960 | d_q95 0.05426
[Episode 70/400] Steps: 720 | Reward:   -6.54 | Battery:  52.99% | Loss: 0.5456
Placing Sensors
[Episode 71/400] Steps: 127 | Reward:  -17.34 | Battery:   0.00% | Loss: 
Placing Sensors
[Episode 72/400] Steps:  83 | Reward:  -17.67 | Battery:   0.00% | Loss: 
Placing Sensors
[Episode 73/400] Steps:  88 | Reward:  -17.66 | Battery:   0.00% | Loss: 
Placing Sensors
[Episode 74/400] Steps: 720 | Reward:   -5.00 | Battery:  61.72% | Loss: 
Placing Sensors
Policy -0.0018 | Value 0.0253 | KL 0.00944 | CF 0.1261 | Std 0.1080 | |a| 0.0170 | EV +0.744 | Rsd 0.552 | Res 0.280 | AE nan | Alpha 0.2758 | MB 28/28
  cert | viol 0.150 | dV -0.249195 | V 0.3363 | inball 0.324 | a*_q05 0.00104 | a*_q50 0.02635 | dV>=0 0.021 | n=150 | a_used 0.00482 -> 0.00420
  crit | n=1 | viol 0.890 | V 1.1218 | Vmin 0.4821 | agree +0.709 | a*_q05 -0.00645 | a*_q50 -0.00022 | dV>=0 0.526 | beta 0.2972
  bell | direct viol 0.706 | direct dV>=0 0.462 | d_mean +0.00212 | d_std 0.03174 | d_q95 0.05055
[Episode 75/400] Steps: 720 | Reward:   -6.31 | Battery:  58.61% | Loss: 0.4883
Placing Sensors
[Episode 76/400] Steps: 720 | Reward:   -5.87 | Battery:  42.20% | Loss: 
Placing Sensors
[Episode 77/400] Steps: 117 | Reward:  -17.39 | Battery:   0.00% | Loss: 
Placing Sensors
Policy -0.0007 | Value 0.0153 | KL 0.00660 | CF 0.0757 | Std 0.1082 | |a| 0.0090 | EV +0.788 | Rsd 0.444 | Res 0.205 | AE nan | Alpha 0.2539 | MB 28/28
  cert | viol 0.190 | dV -0.220486 | V 0.3193 | inball 0.317 | a*_q05 -0.00693 | a*_q50 0.02326 | dV>=0 0.066 | n=150 | a_used 0.00420 -> 0.00423
  crit | n=1 | viol 0.701 | V 0.9414 | Vmin 0.4974 | agree +0.542 | a*_q05 -0.00547 | a*_q50 0.00083 | dV>=0 0.458 | beta 0.2926
  bell | direct viol 0.642 | direct dV>=0 0.467 | d_mean -0.00101 | d_std 0.02067 | d_q95 0.04283
[Episode 78/400] Steps: 720 | Reward:   -6.10 | Battery:  58.15% | Loss: 0.4053
Placing Sensors
[Episode 79/400] Steps: 720 | Reward:   -7.62 | Battery:  32.73% | Loss: 
Placing Sensors
Policy -0.0018 | Value 0.0083 | KL 0.00426 | CF 0.0483 | Std 0.1083 | |a| 0.0173 | EV +0.893 | Rsd 0.413 | Res 0.141 | AE nan | Alpha 0.2351 | MB 24/24
  cert | viol 0.390 | dV -0.158343 | V 0.3157 | inball 0.196 | a*_q05 -0.01620 | a*_q50 0.01067 | dV>=0 0.258 | n=150 | a_used 0.00423 -> 0.00402
  crit | n=1 | viol 0.827 | V 1.1357 | Vmin 0.5413 | agree +0.321 | a*_q05 -0.00576 | a*_q50 -0.00132 | dV>=0 0.587 | beta 0.2924
  bell | direct viol 0.651 | direct dV>=0 0.458 | d_mean +0.00117 | d_std 0.02216 | d_q95 0.04493
[Episode 80/400] Steps: 720 | Reward:   -6.76 | Battery:  50.26% | Loss: 0.3865
Placing Sensors
[Episode 81/400] Steps: 106 | Reward:  -17.45 | Battery:   0.00% | Loss: 
Placing Sensors
[Episode 82/400] Steps: 720 | Reward:   -4.55 | Battery:  70.59% | Loss: 
Placing Sensors
Policy 0.0253 | Value 0.0220 | KL 0.00805 | CF 0.1072 | Std 0.1084 | |a| 0.0183 | EV +0.748 | Rsd 0.422 | Res 0.233 | AE nan | Alpha 0.2165 | MB 28/28
  cert | viol 0.067 | dV -0.204402 | V 0.2761 | inball 0.385 | a*_q05 0.00405 | a*_q50 0.02417 | dV>=0 0.020 | n=150 | a_used 0.00402 -> 0.00410
  crit | n=1 | viol 0.934 | V 1.0222 | Vmin 0.5494 | agree +0.611 | a*_q05 -0.00714 | a*_q50 -0.00144 | dV>=0 0.618 | beta 0.2913
  bell | direct viol 0.582 | direct dV>=0 0.378 | d_mean +0.00319 | d_std 0.02225 | d_q95 0.04287
[Episode 83/400] Steps: 720 | Reward:   -5.13 | Battery:  76.10% | Loss: 1.0350
Placing Sensors
[Episode 84/400] Steps: 154 | Reward:  -17.28 | Battery:   0.00% | Loss: 
Placing Sensors
[Episode 85/400] Steps: 720 | Reward:   -5.01 | Battery:  62.77% | Loss: 
Placing Sensors
Policy 0.0011 | Value 0.0196 | KL 0.00624 | CF 0.0777 | Std 0.1086 | |a| 0.0240 | EV +0.724 | Rsd 0.471 | Res 0.248 | AE nan | Alpha 0.1989 | MB 28/28
  cert | viol 0.083 | dV -0.187340 | V 0.2468 | inball 0.317 | a*_q05 -0.01507 | a*_q50 0.02219 | dV>=0 0.076 | n=150 | a_used 0.00410 -> 0.00390
  crit | n=1 | viol 0.841 | V 0.9752 | Vmin 0.4363 | agree +0.571 | a*_q05 -0.00683 | a*_q50 -0.00035 | dV>=0 0.519 | beta 0.2875
  bell | direct viol 0.636 | direct dV>=0 0.449 | d_mean +0.00188 | d_std 0.02449 | d_q95 0.04948
[Episode 86/400] Steps: 720 | Reward:   -6.24 | Battery:  34.81% | Loss: 0.3477
Placing Sensors
[Episode 87/400] Steps: 720 | Reward:   -6.44 | Battery:  58.81% | Loss: 
Placing Sensors
[Episode 88/400] Steps:  66 | Reward:  -17.61 | Battery:   0.00% | Loss: 
Placing Sensors
Policy -0.0068 | Value 0.0148 | KL 0.01082 | CF 0.1483 | Std 0.1087 | |a| 0.0244 | EV +0.822 | Rsd 0.450 | Res 0.194 | AE nan | Alpha 0.1835 | MB 24/24
  cert | viol 0.217 | dV -0.188450 | V 0.3127 | inball 0.252 | a*_q05 0.00260 | a*_q50 0.01102 | dV>=0 0.010 | n=150 | a_used 0.00390 -> 0.00382
  crit | n=1 | viol 0.696 | V 0.9470 | Vmin 0.4312 | agree +0.519 | a*_q05 -0.00542 | a*_q50 0.00137 | dV>=0 0.407 | beta 0.2828
  bell | direct viol 0.603 | direct dV>=0 0.430 | d_mean -0.00077 | d_std 0.02607 | d_q95 0.05099
[Episode 89/400] Steps: 720 | Reward:   -6.51 | Battery:  52.23% | Loss: 0.3627
Placing Sensors
[Episode 90/400] Steps:  71 | Reward:  -17.65 | Battery:   0.00% | Loss: 
Placing Sensors
[Episode 91/400] Steps:  92 | Reward:  -17.61 | Battery:   0.00% | Loss: 
Placing Sensors
[Episode 92/400] Steps: 100 | Reward:  -17.56 | Battery:   0.00% | Loss: 
Placing Sensors
[Episode 93/400] Steps: 720 | Reward:   -6.60 | Battery:  58.65% | Loss: 
Placing Sensors
[Episode 94/400] Steps: 117 | Reward:  -17.24 | Battery:   0.00% | Loss: 
Placing Sensors
Policy -0.0143 | Value 0.0218 | KL 0.00814 | CF 0.1131 | Std 0.1088 | |a| 0.0233 | EV +0.767 | Rsd 0.555 | Res 0.274 | AE nan | Alpha 0.1666 | MB 32/32
  cert | viol 0.133 | dV -0.303257 | V 0.4309 | inball 0.301 | a*_q05 0.00144 | a*_q50 0.02349 | dV>=0 0.030 | n=150 | a_used 0.00382 -> 0.00380
  crit | n=1 | viol 0.716 | V 1.1595 | Vmin 0.4192 | agree +0.711 | a*_q05 -0.00715 | a*_q50 0.00113 | dV>=0 0.388 | beta 0.2797
  bell | direct viol 0.589 | direct dV>=0 0.418 | d_mean +0.00096 | d_std 0.03309 | d_q95 0.05820
[Episode 95/400] Steps: 720 | Reward:   -6.14 | Battery:  77.74% | Loss: 0.1314
Placing Sensors
[Episode 96/400] Steps: 101 | Reward:  -17.46 | Battery:   0.00% | Loss: 
Placing Sensors
[Episode 97/400] Steps: 720 | Reward:   -6.03 | Battery:  71.43% | Loss: 
Placing Sensors
Policy -0.0330 | Value 0.0122 | KL 0.00489 | CF 0.0551 | Std 0.1090 | |a| 0.0263 | EV +0.829 | Rsd 0.487 | Res 0.204 | AE nan | Alpha 0.1534 | MB 28/28
  cert | viol 0.162 | dV -0.197145 | V 0.3100 | inball 0.202 | a*_q05 0.00082 | a*_q50 0.01068 | dV>=0 0.049 | n=150 | a_used 0.00380 -> 0.00397
  crit | n=1 | viol 0.707 | V 0.9893 | Vmin 0.4977 | agree +0.459 | a*_q05 -0.00561 | a*_q50 0.00062 | dV>=0 0.446 | beta 0.2846
  bell | direct viol 0.632 | direct dV>=0 0.464 | d_mean -0.00015 | d_std 0.02459 | d_q95 0.04160
[Episode 98/400] Steps: 720 | Reward:   -7.27 | Battery:  49.75% | Loss: 0.1369
Placing Sensors
[Episode 99/400] Steps:  89 | Reward:  -17.51 | Battery:   0.00% | Loss: 
Placing Sensors
[Episode 100/400] Steps: 720 | Reward:   -4.21 | Battery:  72.37% | Loss: 
Placing Sensors
[Episode 101/400] Steps:  68 | Reward:  -17.66 | Battery:   0.00% | Loss: 
Placing Sensors
[Episode 102/400] Steps: 107 | Reward:  -17.46 | Battery:   0.00% | Loss: 
Placing Sensors
[Episode 103/400] Steps:  74 | Reward:  -17.73 | Battery:   0.00% | Loss: 
Placing Sensors
[Episode 104/400] Steps:  96 | Reward:  -17.57 | Battery:   0.00% | Loss: 
Placing Sensors
Policy 0.0045 | Value 0.0218 | KL 0.00718 | CF 0.0901 | Std 0.1091 | |a| 0.0232 | EV +0.805 | Rsd 0.624 | Res 0.277 | AE nan | Alpha 0.1388 | MB 32/32
  cert | viol 0.046 | dV -0.231495 | V 0.2860 | inball 0.376 | a*_q05 0.00460 | a*_q50 0.02919 | dV>=0 0.000 | n=150 | a_used 0.00397 -> 0.00380
  crit | n=1 | viol 0.842 | V 1.0398 | Vmin 0.3989 | agree +0.854 | a*_q05 -0.00584 | a*_q50 0.00070 | dV>=0 0.385 | beta 0.2775
  bell | direct viol 0.627 | direct dV>=0 0.462 | d_mean +0.00016 | d_std 0.02839 | d_q95 0.05665
[Episode 105/400] Steps: 720 | Reward:   -4.85 | Battery:  70.78% | Loss: 0.2933
Placing Sensors
[Episode 106/400] Steps:  83 | Reward:  -17.65 | Battery:   0.00% | Loss: 
Placing Sensors
[Episode 107/400] Steps: 720 | Reward:   -5.98 | Battery:  74.87% | Loss: 
Placing Sensors
[Episode 108/400] Steps: 109 | Reward:  -17.56 | Battery:   0.00% | Loss: 
Placing Sensors
Policy 0.0005 | Value 0.0186 | KL 0.00744 | CF 0.1050 | Std 0.1092 | |a| 0.0253 | EV +0.796 | Rsd 0.566 | Res 0.256 | AE nan | Alpha 0.1273 | MB 28/28
  cert | viol 0.138 | dV -0.254601 | V 0.3590 | inball 0.303 | a*_q05 -0.00197 | a*_q50 0.02510 | dV>=0 0.077 | n=150 | a_used 0.00380 -> 0.00361
  crit | n=1 | viol 0.754 | V 1.0036 | Vmin 0.3944 | agree +0.653 | a*_q05 -0.00698 | a*_q50 0.00078 | dV>=0 0.422 | beta 0.2729
  bell | direct viol 0.551 | direct dV>=0 0.429 | d_mean +0.00077 | d_std 0.03161 | d_q95 0.06352
[Episode 109/400] Steps: 720 | Reward:   -5.80 | Battery:  51.77% | Loss: 0.4297
Placing Sensors
[Episode 110/400] Steps: 720 | Reward:   -5.23 | Battery:  72.79% | Loss: 
Placing Sensors
[Episode 111/400] Steps:  75 | Reward:  -17.62 | Battery:   0.00% | Loss: 
Placing Sensors
[Episode 112/400] Steps: 159 | Reward:  -17.09 | Battery:   0.00% | Loss: 
Placing Sensors
Policy -0.0010 | Value 0.0193 | KL 0.00504 | CF 0.0595 | Std 0.1093 | |a| 0.0245 | EV +0.793 | Rsd 0.520 | Res 0.237 | AE nan | Alpha 0.1164 | MB 28/28
  cert | viol 0.382 | dV -0.156827 | V 0.3176 | inball 0.274 | a*_q05 -0.00001 | a*_q50 0.01244 | dV>=0 0.061 | n=150 | a_used 0.00361 -> 0.00343
  crit | n=1 | viol 0.702 | V 1.0555 | Vmin 0.4252 | agree +0.579 | a*_q05 -0.00644 | a*_q50 0.00035 | dV>=0 0.469 | beta 0.2686
  bell | direct viol 0.595 | direct dV>=0 0.454 | d_mean +0.00014 | d_std 0.02836 | d_q95 0.05525
[Episode 113/400] Steps: 720 | Reward:   -6.61 | Battery:  67.86% | Loss: 0.2348
Placing Sensors
[Episode 114/400] Steps: 720 | Reward:   -5.25 | Battery:  74.63% | Loss: 
Placing Sensors
[Episode 115/400] Steps:  83 | Reward:  -17.68 | Battery:   0.00% | Loss: 
Placing Sensors
Policy -0.0039 | Value 0.0109 | KL 0.00555 | CF 0.0628 | Std 0.1094 | |a| 0.0158 | EV +0.855 | Rsd 0.458 | Res 0.175 | AE nan | Alpha 0.1073 | MB 24/24
  cert | viol 0.123 | dV -0.188080 | V 0.2941 | inball 0.345 | a*_q05 0.00171 | a*_q50 0.01441 | dV>=0 0.027 | n=150 | a_used 0.00343 -> 0.00330
  crit | n=1 | viol 0.636 | V 0.9005 | Vmin 0.3985 | agree +0.558 | a*_q05 -0.00510 | a*_q50 0.00168 | dV>=0 0.329 | beta 0.2648
  bell | direct viol 0.574 | direct dV>=0 0.444 | d_mean +0.00032 | d_std 0.02223 | d_q95 0.04005
[Episode 116/400] Steps: 720 | Reward:   -6.42 | Battery:  69.51% | Loss: 0.2333
Placing Sensors
[Episode 117/400] Steps: 720 | Reward:   -6.42 | Battery:  68.13% | Loss: 
Placing Sensors
[Episode 118/400] Steps: 122 | Reward:  -17.37 | Battery:   0.00% | Loss: 
Placing Sensors
Policy -0.0200 | Value 0.0213 | KL 0.00914 | CF 0.1237 | Std 0.1095 | |a| 0.0165 | EV +0.811 | Rsd 0.504 | Res 0.219 | AE nan | Alpha 0.0988 | MB 28/28
  cert | viol 0.087 | dV -0.264633 | V 0.3735 | inball 0.346 | a*_q05 0.00215 | a*_q50 0.01967 | dV>=0 0.034 | n=150 | a_used 0.00330 -> 0.00348
  crit | n=1 | viol 0.702 | V 1.0022 | Vmin 0.4393 | agree +0.538 | a*_q05 -0.00663 | a*_q50 0.00074 | dV>=0 0.437 | beta 0.2628
  bell | direct viol 0.558 | direct dV>=0 0.445 | d_mean -0.00016 | d_std 0.02691 | d_q95 0.05252
[Episode 119/400] Steps: 720 | Reward:   -5.66 | Battery:  53.36% | Loss: 0.1526
Placing Sensors
[Episode 120/400] Steps: 720 | Reward:   -6.54 | Battery:  52.07% | Loss: 
Placing Sensors
Policy -0.0057 | Value 0.0077 | KL 0.00557 | CF 0.0684 | Std 0.1096 | |a| 0.0168 | EV +0.921 | Rsd 0.455 | Res 0.130 | AE nan | Alpha 0.0915 | MB 24/24
  cert | viol 0.081 | dV -0.271552 | V 0.3748 | inball 0.313 | a*_q05 0.00040 | a*_q50 0.02085 | dV>=0 0.036 | n=150 | a_used 0.00348 -> 0.00344
  crit | n=1 | viol 0.674 | V 0.9761 | Vmin 0.4469 | agree +0.434 | a*_q05 -0.00601 | a*_q50 0.00072 | dV>=0 0.473 | beta 0.2595
  bell | direct viol 0.572 | direct dV>=0 0.440 | d_mean +0.00119 | d_std 0.02308 | d_q95 0.04625
[Episode 121/400] Steps: 720 | Reward:   -6.78 | Battery:  56.52% | Loss: 0.1835
Placing Sensors
[Episode 122/400] Steps:  73 | Reward:  -17.68 | Battery:   0.00% | Loss: 
Placing Sensors
[Episode 123/400] Steps: 720 | Reward:   -6.82 | Battery:  44.73% | Loss: 
Placing Sensors
Policy -0.0083 | Value 0.0115 | KL 0.00704 | CF 0.0814 | Std 0.1096 | |a| 0.0171 | EV +0.844 | Rsd 0.418 | Res 0.166 | AE nan | Alpha 0.0844 | MB 24/24
  cert | viol 0.144 | dV -0.210923 | V 0.2885 | inball 0.315 | a*_q05 -0.01400 | a*_q50 0.02068 | dV>=0 0.106 | n=150 | a_used 0.00344 -> 0.00326
  crit | n=1 | viol 0.699 | V 0.8915 | Vmin 0.4470 | agree +0.542 | a*_q05 -0.00613 | a*_q50 -0.00051 | dV>=0 0.533 | beta 0.2572
  bell | direct viol 0.532 | direct dV>=0 0.460 | d_mean +0.00031 | d_std 0.02858 | d_q95 0.06077
[Episode 124/400] Steps: 720 | Reward:   -4.79 | Battery:  70.10% | Loss: 0.0784
Placing Sensors
[Episode 125/400] Steps: 720 | Reward:   -4.37 | Battery:  67.01% | Loss: 
Placing Sensors
[Episode 126/400] Steps:  63 | Reward:  -17.66 | Battery:   0.00% | Loss: 
Placing Sensors
Policy -0.0029 | Value 0.0092 | KL 0.00837 | CF 0.1096 | Std 0.1097 | |a| 0.0114 | EV +0.883 | Rsd 0.427 | Res 0.146 | AE nan | Alpha 0.0779 | MB 24/24
  cert | viol 0.028 | dV -0.203433 | V 0.2701 | inball 0.408 | a*_q05 0.00396 | a*_q50 0.02437 | dV>=0 0.000 | n=150 | a_used 0.00326 -> 0.00329
  crit | n=1 | viol 0.708 | V 0.8039 | Vmin 0.3581 | agree +0.615 | a*_q05 -0.00639 | a*_q50 0.00084 | dV>=0 0.436 | beta 0.2518
  bell | direct viol 0.530 | direct dV>=0 0.467 | d_mean +0.00030 | d_std 0.02980 | d_q95 0.06141
[Episode 127/400] Steps: 720 | Reward:   -5.22 | Battery:  66.58% | Loss: 0.1293
Placing Sensors
[Episode 128/400] Steps: 720 | Reward:   -6.21 | Battery:  65.30% | Loss: 
Placing Sensors
Policy -0.0050 | Value 0.0091 | KL 0.00529 | CF 0.0646 | Std 0.1097 | |a| 0.0185 | EV +0.858 | Rsd 0.379 | Res 0.143 | AE nan | Alpha 0.0721 | MB 24/24
  cert | viol 0.031 | dV -0.243220 | V 0.3401 | inball 0.329 | a*_q05 0.00391 | a*_q50 0.01756 | dV>=0 0.000 | n=150 | a_used 0.00329 -> 0.00332
  crit | n=1 | viol 0.459 | V 0.8628 | Vmin 0.3934 | agree +0.303 | a*_q05 -0.00707 | a*_q50 0.00392 | dV>=0 0.337 | beta 0.2500
  bell | direct viol 0.538 | direct dV>=0 0.448 | d_mean -0.00064 | d_std 0.02523 | d_q95 0.04758
[Episode 129/400] Steps: 720 | Reward:   -5.89 | Battery:  69.66% | Loss: 0.0583
Placing Sensors
[Episode 130/400] Steps: 720 | Reward:   -5.39 | Battery:  67.08% | Loss: 
Placing Sensors
Policy -0.0011 | Value 0.0067 | KL 0.00695 | CF 0.0896 | Std 0.1097 | |a| 0.0145 | EV +0.904 | Rsd 0.339 | Res 0.107 | AE nan | Alpha 0.0668 | MB 24/24
  cert | viol 0.084 | dV -0.223514 | V 0.3066 | inball 0.426 | a*_q05 0.00229 | a*_q50 0.02289 | dV>=0 0.000 | n=150 | a_used 0.00332 -> 0.00318
  crit | n=1 | viol 0.605 | V 0.7594 | Vmin 0.3269 | agree +0.498 | a*_q05 -0.00626 | a*_q50 0.00229 | dV>=0 0.346 | beta 0.2452
  bell | direct viol 0.543 | direct dV>=0 0.470 | d_mean -0.00003 | d_std 0.02860 | d_q95 0.05561
[Episode 131/400] Steps: 720 | Reward:   -4.46 | Battery:  74.02% | Loss: 0.1047
Placing Sensors
[Episode 132/400] Steps: 720 | Reward:   -5.19 | Battery:  51.74% | Loss: 
Placing Sensors
[Episode 133/400] Steps: 168 | Reward:  -17.02 | Battery:   0.00% | Loss: 
Placing Sensors
[Episode 134/400] Steps:  72 | Reward:  -17.74 | Battery:   0.00% | Loss: 
Placing Sensors
[Episode 135/400] Steps: 118 | Reward:  -17.38 | Battery:   0.00% | Loss: 
Placing Sensors
[Episode 136/400] Steps: 138 | Reward:  -17.19 | Battery:   0.00% | Loss: 
Placing Sensors
Policy -0.0001 | Value 0.0293 | KL 0.00754 | CF 0.0953 | Std 0.1098 | |a| 0.0178 | EV +0.756 | Rsd 0.579 | Res 0.318 | AE nan | Alpha 0.0602 | MB 32/32
  cert | viol 0.143 | dV -0.259814 | V 0.4022 | inball 0.301 | a*_q05 -0.00111 | a*_q50 0.02464 | dV>=0 0.074 | n=150 | a_used 0.00318 -> 0.00317
  crit | n=1 | viol 0.635 | V 1.0332 | Vmin 0.3360 | agree +0.639 | a*_q05 -0.00540 | a*_q50 0.00169 | dV>=0 0.314 | beta 0.2411
  bell | direct viol 0.605 | direct dV>=0 0.500 | d_mean -0.00282 | d_std 0.03148 | d_q95 0.06121
[Episode 137/400] Steps: 720 | Reward:   -6.82 | Battery:  69.15% | Loss: 0.0631
Placing Sensors
[Episode 138/400] Steps: 720 | Reward:   -6.58 | Battery:  50.37% | Loss: 
Placing Sensors
[Episode 139/400] Steps:  73 | Reward:  -17.64 | Battery:   0.00% | Loss: 
Placing Sensors
Policy -0.0080 | Value 0.0128 | KL 0.00754 | CF 0.0870 | Std 0.1099 | |a| 0.0189 | EV +0.899 | Rsd 0.532 | Res 0.170 | AE nan | Alpha 0.0556 | MB 24/24
  cert | viol 0.142 | dV -0.320314 | V 0.4379 | inball 0.362 | a*_q05 0.00010 | a*_q50 0.02995 | dV>=0 0.056 | n=150 | a_used 0.00317 -> 0.00286
  crit | n=1 | viol 0.612 | V 0.9576 | Vmin 0.3060 | agree +0.473 | a*_q05 -0.00692 | a*_q50 0.00103 | dV>=0 0.451 | beta 0.2369
  bell | direct viol 0.549 | direct dV>=0 0.476 | d_mean +0.00012 | d_std 0.03465 | d_q95 0.07533
[Episode 140/400] Steps: 720 | Reward:   -6.04 | Battery:  50.13% | Loss: 0.0062
Placing Sensors
[Episode 141/400] Steps:  72 | Reward:  -17.75 | Battery:   0.00% | Loss: 
Placing Sensors
[Episode 142/400] Steps: 108 | Reward:  -17.44 | Battery:   0.00% | Loss: 
Placing Sensors
[Episode 143/400] Steps: 107 | Reward:  -17.37 | Battery:   0.00% | Loss: 
Placing Sensors
[Episode 144/400] Steps: 720 | Reward:   -5.22 | Battery:  72.56% | Loss: 
Placing Sensors
[Episode 145/400] Steps:  76 | Reward:  -17.53 | Battery:   0.00% | Loss: 
Placing Sensors
Policy 0.0107 | Value 0.0189 | KL 0.01057 | CF 0.1353 | Std 0.1099 | |a| 0.0184 | EV +0.854 | Rsd 0.621 | Res 0.237 | AE nan | Alpha 0.0505 | MB 32/32
  cert | viol 0.094 | dV -0.215525 | V 0.3046 | inball 0.312 | a*_q05 0.00245 | a*_q50 0.02360 | dV>=0 0.019 | n=150 | a_used 0.00286 -> 0.00304
  crit | n=1 | viol 0.659 | V 1.0716 | Vmin 0.3468 | agree +0.699 | a*_q05 -0.00636 | a*_q50 0.00084 | dV>=0 0.407 | beta 0.2365
  bell | direct viol 0.517 | direct dV>=0 0.437 | d_mean +0.00077 | d_std 0.03274 | d_q95 0.06996
[Episode 146/400] Steps: 720 | Reward:   -5.22 | Battery:  70.08% | Loss: 0.3917
Placing Sensors
[Episode 147/400] Steps: 720 | Reward:   -4.77 | Battery:  63.60% | Loss: 
Placing Sensors
[Episode 148/400] Steps:  75 | Reward:  -17.61 | Battery:   0.00% | Loss: 
Placing Sensors
Policy -0.0081 | Value 0.0093 | KL 0.00797 | CF 0.1034 | Std 0.1100 | |a| 0.0183 | EV +0.901 | Rsd 0.522 | Res 0.173 | AE nan | Alpha 0.0466 | MB 24/24
  cert | viol 0.057 | dV -0.263647 | V 0.3267 | inball 0.494 | a*_q05 0.00282 | a*_q50 0.03226 | dV>=0 0.000 | n=150 | a_used 0.00304 -> 0.00301
  crit | n=1 | viol 0.674 | V 0.8780 | Vmin 0.2737 | agree +0.479 | a*_q05 -0.00674 | a*_q50 0.00083 | dV>=0 0.434 | beta 0.2307
  bell | direct viol 0.516 | direct dV>=0 0.446 | d_mean +0.00161 | d_std 0.02702 | d_q95 0.05620
[Episode 149/400] Steps: 720 | Reward:   -4.17 | Battery:  73.63% | Loss: 0.1679
Placing Sensors
[Episode 150/400] Steps: 720 | Reward:   -5.07 | Battery:  60.54% | Loss: 
Placing Sensors
Policy -0.0061 | Value 0.0077 | KL 0.00626 | CF 0.0735 | Std 0.1100 | |a| 0.0147 | EV +0.900 | Rsd 0.419 | Res 0.134 | AE nan | Alpha 0.0431 | MB 24/24
  cert | viol 0.037 | dV -0.253264 | V 0.3169 | inball 0.383 | a*_q05 0.00403 | a*_q50 0.02528 | dV>=0 0.000 | n=150 | a_used 0.00301 -> 0.00299
  crit | n=1 | viol 0.779 | V 0.8974 | Vmin 0.3847 | agree +0.418 | a*_q05 -0.00661 | a*_q50 -0.00018 | dV>=0 0.509 | beta 0.2290
  bell | direct viol 0.531 | direct dV>=0 0.465 | d_mean +0.00111 | d_std 0.02791 | d_q95 0.05657
[Episode 151/400] Steps: 720 | Reward:   -6.15 | Battery:  58.21% | Loss: 0.1290
Placing Sensors
[Episode 152/400] Steps: 720 | Reward:   -5.79 | Battery:  69.49% | Loss: 
Placing Sensors
[Episode 153/400] Steps:  69 | Reward:  -17.57 | Battery:   0.00% | Loss: 
Placing Sensors
[Episode 154/400] Steps: 103 | Reward:  -17.37 | Battery:   0.00% | Loss: 
Placing Sensors
Policy -0.0132 | Value 0.0122 | KL 0.00771 | CF 0.0934 | Std 0.1100 | |a| 0.0199 | EV +0.888 | Rsd 0.533 | Res 0.184 | AE nan | Alpha 0.0396 | MB 28/28
  cert | viol 0.016 | dV -0.250605 | V 0.3194 | inball 0.395 | a*_q05 0.00479 | a*_q50 0.02508 | dV>=0 0.000 | n=150 | a_used 0.00299 -> 0.00312
  crit | n=1 | viol 0.703 | V 0.9319 | Vmin 0.3260 | agree +0.792 | a*_q05 -0.00669 | a*_q50 0.00128 | dV>=0 0.380 | beta 0.2263
  bell | direct viol 0.509 | direct dV>=0 0.449 | d_mean +0.00152 | d_std 0.03176 | d_q95 0.06306
[Episode 155/400] Steps: 720 | Reward:   -3.96 | Battery:  79.29% | Loss: 0.0696
Placing Sensors
[Episode 156/400] Steps: 720 | Reward:   -4.90 | Battery:  51.38% | Loss: 
Placing Sensors
[Episode 157/400] Steps:  70 | Reward:  -17.67 | Battery:   0.00% | Loss: 
Placing Sensors
Policy -0.0072 | Value 0.0120 | KL 0.00740 | CF 0.0901 | Std 0.1100 | |a| 0.0191 | EV +0.884 | Rsd 0.520 | Res 0.180 | AE nan | Alpha 0.0365 | MB 24/24
  cert | viol 0.023 | dV -0.192160 | V 0.2412 | inball 0.342 | a*_q05 0.00500 | a*_q50 0.01571 | dV>=0 0.000 | n=150 | a_used 0.00312 -> 0.00315
  crit | n=1 | viol 0.746 | V 0.8981 | Vmin 0.3740 | agree +0.631 | a*_q05 -0.00466 | a*_q50 -0.00013 | dV>=0 0.515 | beta 0.2252
  bell | direct viol 0.510 | direct dV>=0 0.442 | d_mean +0.00136 | d_std 0.02769 | d_q95 0.05349
[Episode 158/400] Steps: 720 | Reward:   -5.64 | Battery:  81.81% | Loss: 0.0200
Placing Sensors
[Episode 159/400] Steps: 720 | Reward:   -5.44 | Battery:  64.08% | Loss: 
Placing Sensors
Policy -0.0104 | Value 0.0083 | KL 0.00871 | CF 0.1134 | Std 0.1100 | |a| 0.0182 | EV +0.891 | Rsd 0.447 | Res 0.147 | AE nan | Alpha 0.0338 | MB 24/24
  cert | viol 0.073 | dV -0.217591 | V 0.2954 | inball 0.381 | a*_q05 0.00262 | a*_q50 0.02206 | dV>=0 0.000 | n=150 | a_used 0.00315 -> 0.00310
  crit | n=1 | viol 0.586 | V 0.8557 | Vmin 0.3745 | agree +0.324 | a*_q05 -0.00449 | a*_q50 0.00208 | dV>=0 0.374 | beta 0.2222
  bell | direct viol 0.520 | direct dV>=0 0.454 | d_mean +0.00006 | d_std 0.03084 | d_q95 0.06173
[Episode 160/400] Steps: 720 | Reward:   -5.71 | Battery:  59.30% | Loss: 0.0428
Placing Sensors
[Episode 161/400] Steps:  76 | Reward:  -17.60 | Battery:   0.00% | Loss: 
Placing Sensors
[Episode 162/400] Steps:  90 | Reward:  -17.52 | Battery:   0.00% | Loss: 
Placing Sensors
[Episode 163/400] Steps: 720 | Reward:   -4.75 | Battery:  51.00% | Loss: 
Placing Sensors
Policy -0.0058 | Value 0.0161 | KL 0.00959 | CF 0.1219 | Std 0.1101 | |a| 0.0199 | EV +0.871 | Rsd 0.548 | Res 0.198 | AE nan | Alpha 0.0310 | MB 28/28
  cert | viol 0.164 | dV -0.204621 | V 0.3338 | inball 0.374 | a*_q05 -0.00234 | a*_q50 0.02480 | dV>=0 0.122 | n=150 | a_used 0.00310 -> 0.00295
  crit | n=1 | viol 0.676 | V 0.9031 | Vmin 0.3401 | agree +0.656 | a*_q05 -0.00555 | a*_q50 0.00049 | dV>=0 0.458 | beta 0.2197
  bell | direct viol 0.523 | direct dV>=0 0.450 | d_mean +0.00070 | d_std 0.02844 | d_q95 0.05866
[Episode 164/400] Steps: 720 | Reward:   -6.38 | Battery:  84.98% | Loss: 0.1451
Placing Sensors
[Episode 165/400] Steps: 720 | Reward:   -5.26 | Battery:  76.93% | Loss: 
Placing Sensors
Policy -0.0180 | Value 0.0119 | KL 0.00922 | CF 0.1231 | Std 0.1101 | |a| 0.0260 | EV +0.904 | Rsd 0.438 | Res 0.145 | AE nan | Alpha 0.0288 | MB 24/24
  cert | viol 0.278 | dV -0.171552 | V 0.3139 | inball 0.209 | a*_q05 -0.01475 | a*_q50 0.00908 | dV>=0 0.163 | n=150 | a_used 0.00295 -> 0.00280
  crit | n=1 | viol 0.556 | V 0.8848 | Vmin 0.3563 | agree +0.400 | a*_q05 -0.00500 | a*_q50 0.00227 | dV>=0 0.346 | beta 0.2182
  bell | direct viol 0.512 | direct dV>=0 0.473 | d_mean -0.00114 | d_std 0.03927 | d_q95 0.08063
[Episode 166/400] Steps: 720 | Reward:   -8.29 | Battery:  37.98% | Loss: -0.0057
Placing Sensors
[Episode 167/400] Steps: 720 | Reward:   -4.80 | Battery:  81.88% | Loss: 
Placing Sensors
[Episode 168/400] Steps: 195 | Reward:  -16.81 | Battery:   0.00% | Loss: 
Placing Sensors
Policy 0.0002 | Value 0.0268 | KL 0.01979 | CF 0.2180 | Std 0.1102 | |a| 0.0254 | EV +0.715 | Rsd 0.486 | Res 0.261 | AE nan | Alpha 0.0264 | MB 28/28
  cert | viol 0.092 | dV -0.292160 | V 0.4048 | inball 0.402 | a*_q05 0.00068 | a*_q50 0.02717 | dV>=0 0.046 | n=150 | a_used 0.00280 -> 0.00266
  crit | n=1 | viol 0.602 | V 0.9323 | Vmin 0.3098 | agree +0.639 | a*_q05 -0.00751 | a*_q50 0.00141 | dV>=0 0.402 | beta 0.2158
  bell | direct viol 0.507 | direct dV>=0 0.451 | d_mean +0.00134 | d_std 0.03667 | d_q95 0.07386
[Episode 169/400] Steps: 720 | Reward:   -5.26 | Battery:  75.74% | Loss: 0.0730
Placing Sensors
[Episode 170/400] Steps: 720 | Reward:   -6.08 | Battery:  52.99% | Loss: 
Placing Sensors
Policy 0.0023 | Value 0.0121 | KL 0.01870 | CF 0.2092 | Std 0.1102 | |a| 0.0233 | EV +0.767 | Rsd 0.389 | Res 0.188 | AE nan | Alpha 0.0244 | MB 24/24
  cert | viol 0.159 | dV -0.239259 | V 0.3831 | inball 0.299 | a*_q05 -0.00004 | a*_q50 0.02146 | dV>=0 0.055 | n=150 | a_used 0.00266 -> 0.00250
  crit | n=1 | viol 0.583 | V 0.9377 | Vmin 0.3730 | agree +0.331 | a*_q05 -0.00626 | a*_q50 0.00144 | dV>=0 0.421 | beta 0.2154
  bell | direct viol 0.502 | direct dV>=0 0.437 | d_mean +0.00035 | d_std 0.03266 | d_q95 0.06687
[Episode 171/400] Steps: 720 | Reward:   -7.07 | Battery:  51.57% | Loss: 0.0056
Placing Sensors
[Episode 172/400] Steps:  85 | Reward:  -17.73 | Battery:   0.00% | Loss: 
Placing Sensors
[Episode 173/400] Steps:  96 | Reward:  -17.58 | Battery:   0.00% | Loss: 
Placing Sensors
[Episode 174/400] Steps:  95 | Reward:  -17.42 | Battery:   0.00% | Loss: 
Placing Sensors
[Episode 175/400] Steps: 720 | Reward:   -6.52 | Battery:  66.11% | Loss: 
Placing Sensors
Policy -0.0055 | Value 0.0226 | KL 0.01575 | CF 0.1792 | Std 0.1102 | |a| 0.0235 | EV +0.790 | Rsd 0.513 | Res 0.238 | AE nan | Alpha 0.0223 | MB 28/28
  cert | viol 0.044 | dV -0.272759 | V 0.3921 | inball 0.309 | a*_q05 0.00279 | a*_q50 0.02126 | dV>=0 0.000 | n=150 | a_used 0.00250 -> 0.00254
  crit | n=1 | viol 0.587 | V 1.0734 | Vmin 0.4445 | agree +0.704 | a*_q05 -0.00707 | a*_q50 0.00164 | dV>=0 0.339 | beta 0.2154
  bell | direct viol 0.543 | direct dV>=0 0.478 | d_mean -0.00027 | d_std 0.03294 | d_q95 0.06697
[Episode 176/400] Steps: 720 | Reward:   -5.79 | Battery:  74.32% | Loss: -0.0526
Placing Sensors
[Episode 177/400] Steps: 720 | Reward:   -4.79 | Battery:  76.47% | Loss: 
Placing Sensors
Policy -0.0112 | Value 0.0070 | KL 0.00508 | CF 0.0569 | Std 0.1102 | |a| 0.0188 | EV +0.868 | Rsd 0.312 | Res 0.123 | AE nan | Alpha 0.0206 | MB 24/24
  cert | viol 0.059 | dV -0.224519 | V 0.2924 | inball 0.498 | a*_q05 0.00252 | a*_q50 0.02871 | dV>=0 0.007 | n=150 | a_used 0.00254 -> 0.00230
  crit | n=1 | viol 0.565 | V 0.7417 | Vmin 0.3798 | agree +0.414 | a*_q05 -0.00694 | a*_q50 0.00151 | dV>=0 0.416 | beta 0.2137
  bell | direct viol 0.485 | direct dV>=0 0.427 | d_mean +0.00117 | d_std 0.02603 | d_q95 0.05601
[Episode 178/400] Steps: 720 | Reward:   -4.38 | Battery:  66.58% | Loss: 0.0245
Placing Sensors
[Episode 179/400] Steps: 720 | Reward:   -4.46 | Battery:  73.64% | Loss: 
Placing Sensors
[Episode 180/400] Steps:  86 | Reward:  -17.30 | Battery:   0.00% | Loss: 
Placing Sensors
Policy -0.0059 | Value 0.0091 | KL 0.01108 | CF 0.1363 | Std 0.1102 | |a| 0.0218 | EV +0.907 | Rsd 0.481 | Res 0.147 | AE nan | Alpha 0.0190 | MB 24/24
  cert | viol 0.057 | dV -0.277642 | V 0.3778 | inball 0.359 | a*_q05 0.00273 | a*_q50 0.02320 | dV>=0 0.009 | n=150 | a_used 0.00230 -> 0.00227
  crit | n=1 | viol 0.476 | V 0.8643 | Vmin 0.3376 | agree +0.633 | a*_q05 -0.00609 | a*_q50 0.00265 | dV>=0 0.331 | beta 0.2111
  bell | direct viol 0.497 | direct dV>=0 0.447 | d_mean -0.00035 | d_std 0.02547 | d_q95 0.05255
[Episode 181/400] Steps: 720 | Reward:   -7.37 | Battery:  57.51% | Loss: -0.0460
Placing Sensors
[Episode 182/400] Steps: 720 | Reward:   -4.91 | Battery:  68.78% | Loss: 
Placing Sensors
[Episode 183/400] Steps:  83 | Reward:  -17.64 | Battery:   0.00% | Loss: 
Placing Sensors
[Episode 184/400] Steps:  93 | Reward:  -17.60 | Battery:   0.00% | Loss: 
Placing Sensors
Policy -0.0017 | Value 0.0143 | KL 0.01690 | CF 0.1894 | Std 0.1102 | |a| 0.0238 | EV +0.898 | Rsd 0.555 | Res 0.194 | AE nan | Alpha 0.0174 | MB 28/28
  cert | viol 0.101 | dV -0.209133 | V 0.3117 | inball 0.312 | a*_q05 0.00038 | a*_q50 0.02241 | dV>=0 0.044 | n=150 | a_used 0.00227 -> 0.00216
  crit | n=1 | viol 0.540 | V 0.9181 | Vmin 0.3254 | agree +0.588 | a*_q05 -0.00619 | a*_q50 0.00190 | dV>=0 0.363 | beta 0.2078
  bell | direct viol 0.541 | direct dV>=0 0.494 | d_mean -0.00030 | d_std 0.03037 | d_q95 0.05895
[Episode 185/400] Steps: 720 | Reward:   -6.32 | Battery:  62.56% | Loss: -0.1093
Placing Sensors
[Episode 186/400] Steps: 720 | Reward:   -4.27 | Battery:  83.57% | Loss: 
Placing Sensors
[Episode 187/400] Steps: 126 | Reward:  -17.42 | Battery:   0.00% | Loss: 
Placing Sensors
Policy 0.0022 | Value 0.0204 | KL 0.00924 | CF 0.1194 | Std 0.1103 | |a| 0.0179 | EV +0.755 | Rsd 0.506 | Res 0.251 | AE nan | Alpha 0.0160 | MB 28/28
  cert | viol 0.000 | dV -0.270338 | V 0.3026 | inball 0.550 | a*_q05 0.00791 | a*_q50 0.03735 | dV>=0 0.000 | n=150 | a_used 0.00216 -> 0.00233
  crit | n=1 | viol 0.485 | V 0.7647 | Vmin 0.2790 | agree +0.609 | a*_q05 -0.00747 | a*_q50 0.00219 | dV>=0 0.300 | beta 0.2036
  bell | direct viol 0.494 | direct dV>=0 0.459 | d_mean +0.00015 | d_std 0.03438 | d_q95 0.06367
[Episode 188/400] Steps: 720 | Reward:   -3.42 | Battery:  71.08% | Loss: 0.3279
Placing Sensors
[Episode 189/400] Steps: 720 | Reward:   -4.48 | Battery:  64.03% | Loss: 
Placing Sensors
[Episode 190/400] Steps:  67 | Reward:  -17.70 | Battery:   0.00% | Loss: 
Placing Sensors
[Episode 191/400] Steps: 104 | Reward:  -17.50 | Battery:   0.00% | Loss: 
Placing Sensors
Policy -0.0039 | Value 0.0125 | KL 0.01101 | CF 0.1399 | Std 0.1103 | |a| 0.0164 | EV +0.900 | Rsd 0.559 | Res 0.180 | AE nan | Alpha 0.0147 | MB 28/28
  cert | viol 0.004 | dV -0.233064 | V 0.2837 | inball 0.385 | a*_q05 0.00671 | a*_q50 0.02690 | dV>=0 0.000 | n=150 | a_used 0.00233 -> 0.00244
  crit | n=1 | viol 0.785 | V 1.0281 | Vmin 0.3222 | agree +0.609 | a*_q05 -0.00650 | a*_q50 -0.00034 | dV>=0 0.552 | beta 0.2022
  bell | direct viol 0.537 | direct dV>=0 0.496 | d_mean +0.00207 | d_std 0.03457 | d_q95 0.07309
[Episode 192/400] Steps: 720 | Reward:   -5.90 | Battery:  58.17% | Loss: -0.1525
Placing Sensors
[Episode 193/400] Steps: 720 | Reward:   -4.88 | Battery:  67.11% | Loss: 
Placing Sensors
[Episode 194/400] Steps: 140 | Reward:  -17.22 | Battery:   0.00% | Loss: 
Placing Sensors
Policy -0.0032 | Value 0.0173 | KL 0.00781 | CF 0.0862 | Std 0.1103 | |a| 0.0142 | EV +0.811 | Rsd 0.547 | Res 0.238 | AE nan | Alpha 0.0135 | MB 28/28
  cert | viol 0.090 | dV -0.273382 | V 0.3727 | inball 0.370 | a*_q05 0.00135 | a*_q50 0.02482 | dV>=0 0.039 | n=150 | a_used 0.00244 -> 0.00248
  crit | n=1 | viol 0.598 | V 0.9574 | Vmin 0.2942 | agree +0.524 | a*_q05 -0.00530 | a*_q50 0.00160 | dV>=0 0.364 | beta 0.2009
  bell | direct viol 0.498 | direct dV>=0 0.454 | d_mean +0.00127 | d_std 0.03875 | d_q95 0.07410
[Episode 195/400] Steps: 720 | Reward:   -6.76 | Battery:  53.61% | Loss: 0.0266
Placing Sensors
[Episode 196/400] Steps: 720 | Reward:   -6.14 | Battery:  84.32% | Loss: 
Placing Sensors
[Episode 197/400] Steps:  87 | Reward:  -17.55 | Battery:   0.00% | Loss: 
Placing Sensors
Policy -0.0069 | Value 0.0136 | KL 0.00570 | CF 0.0657 | Std 0.1103 | |a| 0.0162 | EV +0.874 | Rsd 0.502 | Res 0.180 | AE nan | Alpha 0.0125 | MB 24/24
  cert | viol 0.091 | dV -0.249820 | V 0.3539 | inball 0.467 | a*_q05 0.00154 | a*_q50 0.02364 | dV>=0 0.017 | n=150 | a_used 0.00248 -> 0.00236
  crit | n=1 | viol 0.380 | V 0.8414 | Vmin 0.3309 | agree +0.605 | a*_q05 -0.00614 | a*_q50 0.00388 | dV>=0 0.217 | beta 0.1992
  bell | direct viol 0.507 | direct dV>=0 0.454 | d_mean -0.00037 | d_std 0.03125 | d_q95 0.05890
[Episode 198/400] Steps: 720 | Reward:   -4.41 | Battery:  76.94% | Loss: -0.0081
Placing Sensors
[Episode 199/400] Steps: 720 | Reward:   -3.96 | Battery:  63.24% | Loss: 
Placing Sensors
Policy -0.0046 | Value 0.0093 | KL 0.00542 | CF 0.0665 | Std 0.1103 | |a| 0.0177 | EV +0.894 | Rsd 0.420 | Res 0.158 | AE nan | Alpha 0.0116 | MB 24/24
  cert | viol 0.000 | dV -0.240427 | V 0.2695 | inball 0.491 | a*_q05 0.00762 | a*_q50 0.03590 | dV>=0 0.000 | n=150 | a_used 0.00236 -> 0.00253
  crit | n=1 | viol 0.838 | V 0.7725 | Vmin 0.3358 | agree +0.484 | a*_q05 -0.00764 | a*_q50 -0.00150 | dV>=0 0.637 | beta 0.1970
  bell | direct viol 0.499 | direct dV>=0 0.465 | d_mean +0.00314 | d_std 0.04156 | d_q95 0.08228
[Episode 200/400] Steps: 720 | Reward:   -4.30 | Battery:  62.87% | Loss: 0.0977
Placing Sensors
[Episode 201/400] Steps: 720 | Reward:   -6.56 | Battery:  72.41% | Loss: 
Placing Sensors
Policy -0.0047 | Value 0.0072 | KL 0.00606 | CF 0.0724 | Std 0.1103 | |a| 0.0164 | EV +0.924 | Rsd 0.432 | Res 0.119 | AE nan | Alpha 0.0107 | MB 24/24
  cert | viol 0.203 | dV -0.229556 | V 0.3796 | inball 0.340 | a*_q05 0.00075 | a*_q50 0.01964 | dV>=0 0.014 | n=150 | a_used 0.00253 -> 0.00230
  crit | n=1 | viol 0.498 | V 0.8739 | Vmin 0.3114 | agree +0.452 | a*_q05 -0.00620 | a*_q50 0.00255 | dV>=0 0.343 | beta 0.1946
  bell | direct viol 0.520 | direct dV>=0 0.476 | d_mean -0.00010 | d_std 0.03940 | d_q95 0.08070
[Episode 202/400] Steps: 720 | Reward:   -6.07 | Battery:  55.70% | Loss: -0.0304
Placing Sensors
[Episode 203/400] Steps:  79 | Reward:  -17.41 | Battery:   0.00% | Loss: 
Placing Sensors
[Episode 204/400] Steps: 720 | Reward:   -6.41 | Battery:  72.98% | Loss: 
Placing Sensors
Policy -0.0049 | Value 0.0161 | KL 0.00399 | CF 0.0395 | Std 0.1103 | |a| 0.0187 | EV +0.858 | Rsd 0.418 | Res 0.159 | AE nan | Alpha 0.0100 | MB 24/24
  cert | viol 0.208 | dV -0.223099 | V 0.3465 | inball 0.383 | a*_q05 -0.00017 | a*_q50 0.01888 | dV>=0 0.025 | n=150 | a_used 0.00230 -> 0.00219
  crit | n=1 | viol 0.497 | V 0.9243 | Vmin 0.3421 | agree +0.473 | a*_q05 -0.00714 | a*_q50 0.00237 | dV>=0 0.353 | beta 0.1936
  bell | direct viol 0.508 | direct dV>=0 0.473 | d_mean +0.00080 | d_std 0.03010 | d_q95 0.06118
[Episode 205/400] Steps: 720 | Reward:   -5.03 | Battery:  62.06% | Loss: -0.0182
Placing Sensors
[Episode 206/400] Steps:  76 | Reward:  -17.67 | Battery:   0.00% | Loss: 
Placing Sensors
