Placing Sensors
[cost] critic head: beta*softplus, spectral, beta0 = 0.3, gain target = 0.9
Placing Sensors
[Episode 1/400] Steps: 154 | Reward:  -17.68 | Battery:   0.00% | Loss: 
Placing Sensors
[Episode 2/400] Steps: 720 | Reward:   -8.36 | Battery:  72.32% | Loss: 
Placing Sensors
Policy 0.0116 | Value 0.0686 | KL 0.00352 | CF 0.0306 | Std 0.1054 | |a| 0.0048 | Alpha 0.9185 | MB 28/28
  cert | viol 0.686 | dV -0.172229 | V 0.4477 | inball 0.149 | a*_q05 -0.00833 | a*_q50 0.00543 | dV>=0 0.271 | n=150 | a_used 0.01000 -> 0.00950
  crit | n=1 | viol 0.847 | V 1.0840 | Vmin 0.9768 | agree +0.702 | a*_q05 -0.00606 | a*_q50 0.00372 | dV>=0 0.308 | beta 0.3040
  bell | direct viol 0.989 | direct dV>=0 0.520 | d_mean -0.00410 | d_std 0.00758 | d_q95 0.01752
[Episode 3/400] Steps: 720 | Reward:   -9.84 | Battery:  26.79% | Loss: 2.0627
Placing Sensors
[Episode 4/400] Steps: 720 | Reward:   -7.56 | Battery:  55.77% | Loss: 
Placing Sensors
[Episode 5/400] Steps:  91 | Reward:  -17.66 | Battery:   0.00% | Loss: 
Placing Sensors
[Episode 6/400] Steps:  98 | Reward:  -17.63 | Battery:   0.00% | Loss: 
Placing Sensors
Policy -0.0049 | Value 0.0621 | KL 0.00521 | CF 0.0660 | Std 0.1055 | |a| 0.0068 | Alpha 0.8422 | MB 28/28
  cert | viol 0.565 | dV -0.144123 | V 0.2780 | inball 0.133 | a*_q05 -0.02258 | a*_q50 0.00678 | dV>=0 0.173 | n=150 | a_used 0.00950 -> 0.00903
  crit | n=1 | viol 0.971 | V 1.0290 | Vmin 0.8766 | agree +0.533 | a*_q05 -0.00748 | a*_q50 -0.00049 | dV>=0 0.538 | beta 0.3069
  bell | direct viol 0.960 | direct dV>=0 0.486 | d_mean +0.00000 | d_std 0.00736 | d_q95 0.01438
[Episode 7/400] Steps: 720 | Reward:   -5.69 | Battery:  45.13% | Loss: 1.7001
Placing Sensors
[Episode 8/400] Steps: 720 | Reward:   -5.91 | Battery:  70.98% | Loss: 
Placing Sensors
Policy -0.0061 | Value 0.0135 | KL 0.00509 | CF 0.0671 | Std 0.1056 | |a| 0.0059 | Alpha 0.7799 | MB 24/24
  cert | viol 0.346 | dV -0.228433 | V 0.3368 | inball 0.309 | a*_q05 -0.02111 | a*_q50 0.01452 | dV>=0 0.151 | n=150 | a_used 0.00903 -> 0.00857
  crit | n=1 | viol 0.912 | V 0.9827 | Vmin 0.7838 | agree +0.408 | a*_q05 -0.00662 | a*_q50 -0.00084 | dV>=0 0.548 | beta 0.3078
  bell | direct viol 0.941 | direct dV>=0 0.507 | d_mean -0.00072 | d_std 0.00874 | d_q95 0.01587
[Episode 9/400] Steps: 720 | Reward:   -7.32 | Battery:  35.07% | Loss: 1.3174
Placing Sensors
[Episode 10/400] Steps: 152 | Reward:  -17.60 | Battery:   0.00% | Loss: 
Placing Sensors
[Episode 11/400] Steps: 720 | Reward:   -7.13 | Battery:  48.20% | Loss: 
Placing Sensors
[Episode 12/400] Steps:  95 | Reward:  -17.86 | Battery:   0.00% | Loss: 
Placing Sensors
