Placing Sensors
Placing Sensors
[Episode 1/30] Steps: 720 | Reward:  344.32 | Battery:  86.33% | Loss: N/A (planner)
Placing Sensors
[Episode 2/30] Steps: 720 | Reward:  452.75 | Battery:  89.57% | Loss: N/A (planner)
Placing Sensors
[Episode 3/30] Steps: 720 | Reward:  249.44 | Battery:  45.43% | Loss: N/A (planner)
Placing Sensors
[Episode 4/30] Steps: 720 | Reward:  380.43 | Battery:  88.97% | Loss: N/A (planner)
Placing Sensors
[Episode 5/30] Steps: 720 | Reward:  434.94 | Battery:  86.71% | Loss: N/A (planner)
Placing Sensors
[Episode 6/30] Steps: 720 | Reward:  269.80 | Battery:  67.75% | Loss: N/A (planner)
Placing Sensors
[Episode 7/30] Steps: 720 | Reward:  418.33 | Battery:  89.46% | Loss: N/A (planner)
Placing Sensors
[Episode 8/30] Steps: 720 | Reward:  328.42 | Battery:  76.63% | Loss: N/A (planner)
Placing Sensors
[Episode 9/30] Steps: 720 | Reward:  344.01 | Battery:  83.90% | Loss: N/A (planner)
Placing Sensors
[Episode 10/30] Steps: 720 | Reward:  352.48 | Battery:  81.66% | Loss: N/A (planner)
Placing Sensors
[Episode 11/30] Steps: 720 | Reward:  424.92 | Battery:  89.70% | Loss: N/A (planner)
Placing Sensors
[Episode 12/30] Steps: 720 | Reward:  407.32 | Battery:  85.53% | Loss: N/A (planner)
Placing Sensors
[Episode 13/30] Steps: 720 | Reward:  384.82 | Battery:  85.51% | Loss: N/A (planner)
Placing Sensors
[Episode 14/30] Steps: 720 | Reward:  321.90 | Battery:  84.68% | Loss: N/A (planner)
Placing Sensors
[Episode 15/30] Steps: 720 | Reward:  384.64 | Battery:  88.92% | Loss: N/A (planner)
Placing Sensors
[Episode 16/30] Steps: 720 | Reward:  394.42 | Battery:  89.93% | Loss: N/A (planner)
Placing Sensors
[Episode 17/30] Steps: 720 | Reward:  390.16 | Battery:  84.66% | Loss: N/A (planner)
Placing Sensors
[Episode 18/30] Steps: 720 | Reward:  428.48 | Battery:  87.77% | Loss: N/A (planner)
Placing Sensors
[Episode 19/30] Steps: 720 | Reward:  387.60 | Battery:  89.99% | Loss: N/A (planner)
Placing Sensors
[Episode 20/30] Steps: 720 | Reward:  431.39 | Battery:  90.79% | Loss: N/A (planner)
Placing Sensors
[Episode 21/30] Steps: 720 | Reward:  415.67 | Battery:  88.35% | Loss: N/A (planner)
Placing Sensors
[Episode 22/30] Steps: 720 | Reward:  359.74 | Battery:  86.64% | Loss: N/A (planner)
Placing Sensors
[Episode 23/30] Steps: 720 | Reward:  399.10 | Battery:  82.87% | Loss: N/A (planner)
Placing Sensors
[Episode 24/30] Steps: 720 | Reward:  375.98 | Battery:  84.08% | Loss: N/A (planner)
Placing Sensors
[Episode 25/30] Steps: 720 | Reward:  293.91 | Battery:  83.64% | Loss: N/A (planner)
Placing Sensors
[Episode 26/30] Steps: 720 | Reward:  373.96 | Battery:  85.45% | Loss: N/A (planner)
Placing Sensors
[Episode 27/30] Steps: 720 | Reward:  385.06 | Battery:  88.25% | Loss: N/A (planner)
Placing Sensors
[Episode 28/30] Steps: 720 | Reward:  398.39 | Battery:  86.73% | Loss: N/A (planner)
Placing Sensors
[Episode 29/30] Steps: 720 | Reward:  334.86 | Battery:  81.69% | Loss: N/A (planner)
Placing Sensors
[Episode 30/30] Steps: 720 | Reward:  413.68 | Battery:  87.71% | Loss: N/A (planner)
[budget] 21600 transitions collected over 30 episodes -- step budget met, stopping.
Placing Sensors
  [validation 1/10] steps 720 | battery  38.4% ->  87.8% (min  38.0%) | reward   412.81 | |a| 0.011 | path     104 m
Placing Sensors
  [validation 2/10] steps 720 | battery  31.7% ->  89.2% (min  31.1%) | reward   372.19 | |a| 0.016 | path     162 m
Placing Sensors
  [validation 3/10] steps 720 | battery  32.2% ->  88.2% (min  31.3%) | reward   396.70 | |a| 0.014 | path     127 m
Placing Sensors
  [validation 4/10] steps 720 | battery  31.5% ->  72.7% (min  30.7%) | reward   332.05 | |a| 0.059 | path     218 m
Placing Sensors
  [validation 5/10] steps 720 | battery  35.3% ->  85.0% (min  32.1%) | reward   355.44 | |a| 0.018 | path     189 m
Placing Sensors
  [validation 6/10] steps 720 | battery  35.7% ->  87.6% (min  29.8%) | reward   388.23 | |a| 0.012 | path     106 m
Placing Sensors
  [validation 7/10] steps 720 | battery  31.8% ->  68.1% (min  31.2%) | reward   306.39 | |a| 0.075 | path     150 m
Placing Sensors
  [validation 8/10] steps 720 | battery  32.8% ->  82.1% (min  31.7%) | reward   361.92 | |a| 0.018 | path     169 m
Placing Sensors
  [validation 9/10] steps 720 | battery  38.4% ->  86.3% (min  33.9%) | reward   344.16 | |a| 0.014 | path     133 m
Placing Sensors
  [validation 10/10] steps 720 | battery  38.3% ->  87.1% (min  36.1%) | reward   389.91 | |a| 0.013 | path     142 m

==============================================================================
VALIDATION COMPLETE -- 10 independent deterministic episodes
==============================================================================
metric                       mean        std        min        max
reward                     365.98      32.57     306.39     412.81
final battery %             83.42       7.23      68.08      89.24
min battery %               32.59       2.62      29.83      37.98
steps                      720.00       0.00     720.00     720.00
solar W                     31.04       1.65      27.33      32.90
|action|                     0.03       0.02       0.01       0.08
path m                     150.02      35.80     104.17     217.63
tortuosity                   2.26       0.86       1.53       4.33
motion mAh                 107.45      23.53      74.44     150.14
idle mAh                 11582.40       0.00   11582.40   11582.40

survived full 720 steps : 10/10
ended below 20% battery         : 0/10
ended above 70% battery         : 9/10

reward 95% CI: 365.98 +- 20.19  (345.79 to 386.17)

total step rows written: 7200

==============================================
WALL CLOCK BREAKDOWN
==============================================
Total run time        :    1412.70 s
  Rollout (training)  :    1049.11 s  ( 74.3%)
    - policy inference:       4.48 s  (  0.3%)
    - env + reward    :    1044.63 s  ( 73.9%)
  PPO update()        :       0.00 s  (  0.0%)
  Checkpoint saves    :       0.00 s  (  0.0%)
  Final evaluation    :     355.59 s  ( 25.2%)
  Other / logging     :       8.00 s  (  0.6%)

==============================================
PER-CALL AVERAGES
==============================================
Policy inference      :    28800 calls |    0.215 ms/step
  final eval only     :     7200 calls |    0.238 ms/step
Episode               :       30 eps   |   35.236 s/episode

update() share of wall clock: 0.0%
