Placing Sensors
Placing Sensors
[Episode 1/400] Steps: 720 | Reward:   96.76 | Battery:  35.25% | Loss: 
Placing Sensors
[Episode 2/400] Steps: 720 | Reward:   98.02 | Battery:  33.39% | Loss: 
Placing Sensors
[Episode 3/400] Steps: 720 | Reward:   67.00 | Battery:  23.33% | Loss: 
Placing Sensors
Policy -0.0008 | Value 10.6568 | Lyap 0.0030 | Dynamics 1.3009 | Barrier 1.7407 | KL 0.00598 | CF 0.0669 | Std 0.1765 | RawLogStd 0.0068 | |a| 0.0131 | Alpha 0.8577 | MB 48/48
[Episode 4/400] Steps: 720 | Reward:  158.82 | Battery:  58.19% | Loss: 0.6367
Placing Sensors
[Episode 5/400] Steps: 720 | Reward:  135.00 | Battery:  52.28% | Loss: 
Placing Sensors
[Episode 6/400] Steps: 720 | Reward:   99.74 | Battery:  37.22% | Loss: 
Placing Sensors
[Episode 7/400] Steps: 720 | Reward:  112.06 | Battery:  45.27% | Loss: 
Placing Sensors
Policy -0.0042 | Value 6.6199 | Lyap 0.0051 | Dynamics 1.2099 | Barrier 0.7662 | KL 0.00842 | CF 0.1080 | Std 0.1818 | RawLogStd 0.0201 | |a| 0.0158 | Alpha 0.7356 | MB 48/48
[Episode 8/400] Steps: 720 | Reward:  120.10 | Battery:  47.40% | Loss: 0.3105
Placing Sensors
[Episode 9/400] Steps: 720 | Reward:  184.16 | Battery:  62.99% | Loss: 
Placing Sensors
[Episode 10/400] Steps: 720 | Reward:   90.73 | Battery:  32.71% | Loss: 
Placing Sensors
[Episode 11/400] Steps: 720 | Reward:  103.91 | Battery:  37.46% | Loss: 
Placing Sensors
Policy 0.0018 | Value 9.6934 | Lyap 0.0066 | Dynamics 1.2535 | Barrier 0.4879 | KL 0.00910 | CF 0.1174 | Std 0.1873 | RawLogStd 0.0333 | |a| 0.0206 | Alpha 0.6310 | MB 48/48
[Episode 12/400] Steps: 720 | Reward:  128.27 | Battery:  46.18% | Loss: 0.4222
Placing Sensors
[Episode 13/400] Steps: 720 | Reward:  170.74 | Battery:  58.97% | Loss: 
Placing Sensors
[Episode 14/400] Steps: 720 | Reward:   76.26 | Battery:  26.56% | Loss: 
Placing Sensors
[Episode 15/400] Steps: 720 | Reward:  160.34 | Battery:  56.17% | Loss: 
Placing Sensors
Policy -0.0014 | Value 9.9715 | Lyap 0.0071 | Dynamics 1.2286 | Barrier 0.5673 | KL 0.01022 | CF 0.1248 | Std 0.1929 | RawLogStd 0.0464 | |a| 0.0240 | Alpha 0.5412 | MB 48/48
[Episode 16/400] Steps: 720 | Reward:  100.81 | Battery:  41.05% | Loss: 0.3226
Placing Sensors
[Episode 17/400] Steps: 720 | Reward:  159.07 | Battery:  54.19% | Loss: 
Placing Sensors
[Episode 18/400] Steps: 720 | Reward:  156.32 | Battery:  52.49% | Loss: 
Placing Sensors
[Episode 19/400] Steps: 720 | Reward:  159.70 | Battery:  56.71% | Loss: 
Placing Sensors
Policy -0.0086 | Value 7.7113 | Lyap 0.0079 | Dynamics 1.2479 | Barrier 0.5846 | KL 0.00927 | CF 0.1133 | Std 0.1990 | RawLogStd 0.0603 | |a| 0.0291 | Alpha 0.4642 | MB 48/48
[Episode 20/400] Steps: 720 | Reward:   95.87 | Battery:  39.30% | Loss: 0.0408
Placing Sensors
[Episode 21/400] Steps: 720 | Reward:  132.72 | Battery:  44.47% | Loss: 
Placing Sensors
[Episode 22/400] Steps: 720 | Reward:  127.23 | Battery:  49.61% | Loss: 
Placing Sensors
[Episode 23/400] Steps: 720 | Reward:  154.57 | Battery:  54.71% | Loss: 
Placing Sensors
Policy -0.0067 | Value 7.2223 | Lyap 0.0075 | Dynamics 1.2763 | Barrier 0.4942 | KL 0.00955 | CF 0.1129 | Std 0.2046 | RawLogStd 0.0726 | |a| 0.0243 | Alpha 0.3981 | MB 48/48
[Episode 24/400] Steps: 720 | Reward:  164.07 | Battery:  63.25% | Loss: -0.0238
Placing Sensors
[Episode 25/400] Steps: 720 | Reward:  120.69 | Battery:  44.37% | Loss: 
Placing Sensors
[Episode 26/400] Steps: 720 | Reward:  163.83 | Battery:  63.22% | Loss: 
Placing Sensors
[Episode 27/400] Steps: 720 | Reward:  144.66 | Battery:  53.64% | Loss: 
Placing Sensors
Policy -0.0017 | Value 9.7837 | Lyap 0.0085 | Dynamics 1.2520 | Barrier 0.5565 | KL 0.01206 | CF 0.1482 | Std 0.2099 | RawLogStd 0.0842 | |a| 0.0291 | Alpha 0.3415 | MB 48/48
[Episode 28/400] Steps: 720 | Reward:  146.60 | Battery:  48.97% | Loss: 0.1796
Placing Sensors
[Episode 29/400] Steps: 720 | Reward:  123.10 | Battery:  42.78% | Loss: 
Placing Sensors
[Episode 30/400] Steps: 720 | Reward:  122.81 | Battery:  48.75% | Loss: 
Placing Sensors
[Episode 31/400] Steps: 720 | Reward:  135.04 | Battery:  49.84% | Loss: 
Placing Sensors
Policy -0.0054 | Value 6.5745 | Lyap 0.0082 | Dynamics 1.2838 | Barrier 0.5368 | KL 0.01221 | CF 0.1391 | Std 0.2148 | RawLogStd 0.0945 | |a| 0.0392 | Alpha 0.2929 | MB 48/48
[Episode 32/400] Steps: 720 | Reward:  199.85 | Battery:  66.13% | Loss: 0.1783
Placing Sensors
[Episode 33/400] Steps: 720 | Reward:  204.10 | Battery:  70.13% | Loss: 
Placing Sensors
[Episode 34/400] Steps: 720 | Reward:  127.06 | Battery:  48.97% | Loss: 
Placing Sensors
[Episode 35/400] Steps: 720 | Reward:  254.58 | Battery:  82.05% | Loss: 
Placing Sensors
Policy -0.0062 | Value 9.8964 | Lyap 0.0074 | Dynamics 1.2619 | Barrier 0.6552 | KL 0.01009 | CF 0.1208 | Std 0.2196 | RawLogStd 0.1043 | |a| 0.0556 | Alpha 0.2512 | MB 48/48
[Episode 36/400] Steps: 720 | Reward:  202.87 | Battery:  69.22% | Loss: -0.0687
Placing Sensors
[Episode 37/400] Steps: 720 | Reward:   78.60 | Battery:  33.30% | Loss: 
Placing Sensors
[Episode 38/400] Steps: 720 | Reward:  159.12 | Battery:  58.80% | Loss: 
Placing Sensors
[Episode 39/400] Steps: 720 | Reward:  166.64 | Battery:  59.46% | Loss: 
Placing Sensors
Policy -0.0051 | Value 8.8622 | Lyap 0.0050 | Dynamics 0.6367 | Barrier 0.0870 | KL 0.01427 | CF 0.1718 | Std 0.2238 | RawLogStd 0.1130 | |a| 0.0516 | Alpha 0.2154 | MB 48/48
[Episode 40/400] Steps: 720 | Reward:  124.32 | Battery:  46.05% | Loss: 0.1806
Placing Sensors
[Episode 41/400] Steps: 720 | Reward:  130.34 | Battery:  50.63% | Loss: 
Placing Sensors
[Episode 42/400] Steps: 720 | Reward:  162.58 | Battery:  61.97% | Loss: 
Placing Sensors
[Episode 43/400] Steps: 720 | Reward:  152.78 | Battery:  57.06% | Loss: 
Placing Sensors
Policy -0.0079 | Value 10.1147 | Lyap 0.0054 | Dynamics 0.2401 | Barrier 0.0351 | KL 0.01270 | CF 0.1592 | Std 0.2274 | RawLogStd 0.1200 | |a| 0.0489 | Alpha 0.1848 | MB 48/48
[Episode 44/400] Steps: 720 | Reward:  133.83 | Battery:  48.29% | Loss: -0.1529
Placing Sensors
[Episode 45/400] Steps: 720 | Reward:  199.36 | Battery:  70.65% | Loss: 
Placing Sensors
[Episode 46/400] Steps: 720 | Reward:  152.87 | Battery:  56.32% | Loss: 
Placing Sensors
[Episode 47/400] Steps: 720 | Reward:  189.88 | Battery:  70.19% | Loss: 
Placing Sensors
Policy -0.0031 | Value 15.8715 | Lyap 0.0049 | Dynamics 0.2171 | Barrier 0.0409 | KL 0.01281 | CF 0.1639 | Std 0.2303 | RawLogStd 0.1258 | |a| 0.0718 | Alpha 0.1585 | MB 48/48
[Episode 48/400] Steps: 720 | Reward:  138.79 | Battery:  49.43% | Loss: -0.0576
Placing Sensors
[Episode 49/400] Steps: 720 | Reward:   76.51 | Battery:  33.09% | Loss: 
Placing Sensors
[Episode 50/400] Steps: 720 | Reward:  138.11 | Battery:  47.38% | Loss: 
Placing Sensors
[Episode 51/400] Steps: 720 | Reward:  162.20 | Battery:  55.73% | Loss: 
Placing Sensors
Policy 0.0015 | Value 11.9227 | Lyap 0.0056 | Dynamics 0.1513 | Barrier 0.0321 | KL 0.01457 | CF 0.1807 | Std 0.2328 | RawLogStd 0.1307 | |a| 0.0655 | Alpha 0.1359 | MB 48/48
[Episode 52/400] Steps: 720 | Reward:  172.50 | Battery:  61.89% | Loss: 0.0850
Placing Sensors
[Episode 53/400] Steps: 720 | Reward:  185.86 | Battery:  62.81% | Loss: 
Placing Sensors
[Episode 54/400] Steps: 720 | Reward:  141.88 | Battery:  51.66% | Loss: 
Placing Sensors
[Episode 55/400] Steps: 720 | Reward:  182.30 | Battery:  66.38% | Loss: 
Placing Sensors
Policy 0.0007 | Value 10.7520 | Lyap 0.0037 | Dynamics 0.1472 | Barrier 0.0283 | KL 0.01586 | CF 0.1874 | Std 0.2350 | RawLogStd 0.1350 | |a| 0.0694 | Alpha 0.1166 | MB 48/48
[Episode 56/400] Steps: 720 | Reward:  157.97 | Battery:  59.32% | Loss: 0.0309
Placing Sensors
[Episode 57/400] Steps: 720 | Reward:  169.31 | Battery:  61.18% | Loss: 
Placing Sensors
[Episode 58/400] Steps: 720 | Reward:  143.24 | Battery:  49.52% | Loss: 
Placing Sensors
[Episode 59/400] Steps: 720 | Reward:  144.84 | Battery:  53.18% | Loss: 
Placing Sensors
Policy -0.0068 | Value 12.3231 | Lyap 0.0045 | Dynamics 0.1346 | Barrier 0.0408 | KL 0.01393 | CF 0.1781 | Std 0.2367 | RawLogStd 0.1381 | |a| 0.0667 | Alpha 0.1000 | MB 48/48
[Episode 60/400] Steps: 720 | Reward:  103.55 | Battery:  44.79% | Loss: -0.0420
Placing Sensors
[Episode 61/400] Steps: 720 | Reward:  208.46 | Battery:  70.79% | Loss: 
Placing Sensors
[Episode 62/400] Steps: 720 | Reward:  187.03 | Battery:  70.52% | Loss: 
Placing Sensors
[Episode 63/400] Steps: 720 | Reward:  176.42 | Battery:  65.72% | Loss: 
Placing Sensors
Policy -0.0057 | Value 17.4146 | Lyap 0.0055 | Dynamics 0.1201 | Barrier 0.0416 | KL 0.01616 | CF 0.1984 | Std 0.2382 | RawLogStd 0.1410 | |a| 0.0761 | Alpha 0.0858 | MB 48/48
[Episode 64/400] Steps: 720 | Reward:  121.91 | Battery:  48.21% | Loss: -0.0557
Placing Sensors
[Episode 65/400] Steps: 720 | Reward:  190.25 | Battery:  68.36% | Loss: 
Placing Sensors
[Episode 66/400] Steps: 720 | Reward:  164.20 | Battery:  58.65% | Loss: 
Placing Sensors
[Episode 67/400] Steps: 720 | Reward:  167.17 | Battery:  58.19% | Loss: 
Placing Sensors
Policy -0.0104 | Value 13.3918 | Lyap 0.0041 | Dynamics 0.1155 | Barrier 0.0373 | KL 0.02150 | CF 0.2304 | Std 0.2394 | RawLogStd 0.1434 | |a| 0.0780 | Alpha 0.0736 | MB 48/48
[Episode 68/400] Steps: 720 | Reward:  232.24 | Battery:  75.51% | Loss: 0.0516
Placing Sensors
[Episode 69/400] Steps: 720 | Reward:  141.47 | Battery:  53.55% | Loss: 
Placing Sensors
[Episode 70/400] Steps: 720 | Reward:  199.74 | Battery:  71.53% | Loss: 
Placing Sensors
[Episode 71/400] Steps: 720 | Reward:  173.84 | Battery:  60.54% | Loss: 
Placing Sensors
Policy -0.0010 | Value 14.6472 | Lyap 0.0049 | Dynamics 0.1145 | Barrier 0.0380 | KL 0.02083 | CF 0.2338 | Std 0.2409 | RawLogStd 0.1462 | |a| 0.0638 | Alpha 0.0631 | MB 48/48
[Episode 72/400] Steps: 720 | Reward:  217.61 | Battery:  75.17% | Loss: 0.0219
Placing Sensors
[Episode 73/400] Steps: 720 | Reward:  180.53 | Battery:  69.04% | Loss: 
Placing Sensors
[Episode 74/400] Steps: 720 | Reward:  190.97 | Battery:  72.43% | Loss: 
Placing Sensors
[Episode 75/400] Steps: 720 | Reward:  198.27 | Battery:  69.74% | Loss: 
Placing Sensors
Policy -0.0009 | Value 10.3463 | Lyap 0.0057 | Dynamics 0.1107 | Barrier 0.0435 | KL 0.02151 | CF 0.2197 | Std 0.2421 | RawLogStd 0.1485 | |a| 0.0586 | Alpha 0.0541 | MB 48/48
[Episode 76/400] Steps: 720 | Reward:  158.42 | Battery:  59.87% | Loss: 0.2741
Placing Sensors
[Episode 77/400] Steps: 720 | Reward:  230.77 | Battery:  81.21% | Loss: 
Placing Sensors
[Episode 78/400] Steps: 720 | Reward:  207.96 | Battery:  71.45% | Loss: 
Placing Sensors
[Episode 79/400] Steps: 720 | Reward:  114.32 | Battery:  42.18% | Loss: 
Placing Sensors
Policy 0.0180 | Value 19.6051 | Lyap 0.0054 | Dynamics 0.1234 | Barrier 0.0500 | KL 0.03280 | CF 0.2832 | Std 0.2425 | RawLogStd 0.1492 | |a| 0.0664 | Alpha 0.0464 | MB 12/48
[Episode 80/400] Steps: 720 | Reward:  189.23 | Battery:  70.12% | Loss: 0.1418
Placing Sensors
[Episode 81/400] Steps: 720 | Reward:  147.86 | Battery:  54.69% | Loss: 
Placing Sensors
[Episode 82/400] Steps: 720 | Reward:  163.12 | Battery:  57.02% | Loss: 
Placing Sensors
[Episode 83/400] Steps: 720 | Reward:  153.20 | Battery:  59.51% | Loss: 
Placing Sensors
Policy -0.0094 | Value 11.1756 | Lyap 0.0066 | Dynamics 0.1004 | Barrier 0.0339 | KL 0.01785 | CF 0.1988 | Std 0.2427 | RawLogStd 0.1496 | |a| 0.0840 | Alpha 0.0398 | MB 48/48
[Episode 84/400] Steps: 720 | Reward:  119.66 | Battery:  46.02% | Loss: -0.0382
Placing Sensors
[Episode 85/400] Steps: 720 | Reward:  198.26 | Battery:  67.02% | Loss: 
Placing Sensors
[Episode 86/400] Steps: 720 | Reward:  206.34 | Battery:  70.18% | Loss: 
Placing Sensors
[Episode 87/400] Steps: 720 | Reward:  216.56 | Battery:  70.83% | Loss: 
Placing Sensors
Policy -0.0101 | Value 13.2525 | Lyap 0.0063 | Dynamics 0.1055 | Barrier 0.0471 | KL 0.01559 | CF 0.1751 | Std 0.2431 | RawLogStd 0.1503 | |a| 0.0867 | Alpha 0.0341 | MB 48/48
[Episode 88/400] Steps: 720 | Reward:  232.50 | Battery:  81.76% | Loss: 0.0380
Placing Sensors
[Episode 89/400] Steps: 720 | Reward:  177.22 | Battery:  67.07% | Loss: 
Placing Sensors
[Episode 90/400] Steps: 720 | Reward:  136.59 | Battery:  48.23% | Loss: 
Placing Sensors
[Episode 91/400] Steps: 720 | Reward:  173.10 | Battery:  61.46% | Loss: 
Placing Sensors
Policy 0.0009 | Value 15.9997 | Lyap 0.0078 | Dynamics 0.1087 | Barrier 0.0288 | KL 0.02541 | CF 0.2360 | Std 0.2431 | RawLogStd 0.1503 | |a| 0.0827 | Alpha 0.0293 | MB 36/48
[Episode 92/400] Steps: 720 | Reward:  190.53 | Battery:  70.08% | Loss: -0.0134
Placing Sensors
[Episode 93/400] Steps: 720 | Reward:  148.94 | Battery:  56.78% | Loss: 
Placing Sensors
[Episode 94/400] Steps: 720 | Reward:  193.14 | Battery:  70.66% | Loss: 
Placing Sensors
[Episode 95/400] Steps: 720 | Reward:  203.58 | Battery:  71.72% | Loss: 
Placing Sensors
Policy -0.0032 | Value 20.4945 | Lyap 0.0051 | Dynamics 0.0983 | Barrier 0.0370 | KL 0.01746 | CF 0.1944 | Std 0.2433 | RawLogStd 0.1506 | |a| 0.0873 | Alpha 0.0251 | MB 48/48
[Episode 96/400] Steps: 720 | Reward:  235.85 | Battery:  78.73% | Loss: 0.1387
Placing Sensors
[Episode 97/400] Steps: 720 | Reward:  142.85 | Battery:  55.40% | Loss: 
Placing Sensors
[Episode 98/400] Steps: 720 | Reward:  262.84 | Battery:  86.45% | Loss: 
Placing Sensors
[Episode 99/400] Steps: 720 | Reward:  194.17 | Battery:  69.41% | Loss: 
Placing Sensors
Policy -0.0112 | Value 10.8345 | Lyap 0.0070 | Dynamics 0.0986 | Barrier 0.0331 | KL 0.02312 | CF 0.2389 | Std 0.2430 | RawLogStd 0.1501 | |a| 0.0829 | Alpha 0.0215 | MB 48/48
[Episode 100/400] Steps: 720 | Reward:  190.99 | Battery:  65.06% | Loss: 0.0960
Placing Sensors
[Episode 101/400] Steps: 720 | Reward:  188.91 | Battery:  64.23% | Loss: 
Placing Sensors
[Episode 102/400] Steps: 720 | Reward:  162.74 | Battery:  60.27% | Loss: 
Placing Sensors
[Episode 103/400] Steps: 720 | Reward:  175.46 | Battery:  67.58% | Loss: 
Placing Sensors
Policy -0.0140 | Value 15.4950 | Lyap 0.0083 | Dynamics 0.1099 | Barrier 0.0278 | KL 0.02038 | CF 0.2102 | Std 0.2429 | RawLogStd 0.1499 | |a| 0.0704 | Alpha 0.0185 | MB 48/48
[Episode 104/400] Steps: 720 | Reward:  177.06 | Battery:  61.98% | Loss: -0.0742
Placing Sensors
[Episode 105/400] Steps: 720 | Reward:  170.15 | Battery:  59.27% | Loss: 
Placing Sensors
[Episode 106/400] Steps: 720 | Reward:  137.50 | Battery:  52.25% | Loss: 
Placing Sensors
[Episode 107/400] Steps: 720 | Reward:  142.73 | Battery:  52.43% | Loss: 
Placing Sensors
Policy -0.0132 | Value 12.1080 | Lyap 0.0081 | Dynamics 0.1329 | Barrier 0.0227 | KL 0.02513 | CF 0.2253 | Std 0.2429 | RawLogStd 0.1500 | |a| 0.0870 | Alpha 0.0158 | MB 48/48
[Episode 108/400] Steps: 720 | Reward:  187.72 | Battery:  65.06% | Loss: -0.1232
Placing Sensors
[Episode 109/400] Steps: 720 | Reward:  158.09 | Battery:  55.71% | Loss: 
Placing Sensors
[Episode 110/400] Steps: 720 | Reward:  198.97 | Battery:  72.81% | Loss: 
Placing Sensors
[Episode 111/400] Steps: 720 | Reward:  180.21 | Battery:  65.32% | Loss: 
Placing Sensors
Policy 0.0073 | Value 12.8290 | Lyap 0.0067 | Dynamics 0.1298 | Barrier 0.0290 | KL 0.02700 | CF 0.2511 | Std 0.2429 | RawLogStd 0.1500 | |a| 0.0911 | Alpha 0.0136 | MB 36/48
[Episode 112/400] Steps: 720 | Reward:  244.04 | Battery:  86.19% | Loss: 0.0667
Placing Sensors
[Episode 113/400] Steps: 720 | Reward:  230.46 | Battery:  79.52% | Loss: 
Placing Sensors
[Episode 114/400] Steps: 720 | Reward:  157.67 | Battery:  61.39% | Loss: 
Placing Sensors
[Episode 115/400] Steps: 720 | Reward:  210.97 | Battery:  75.83% | Loss: 
Placing Sensors
Policy 0.0057 | Value 15.7719 | Lyap 0.0063 | Dynamics 0.1220 | Barrier 0.0482 | KL 0.02437 | CF 0.2324 | Std 0.2428 | RawLogStd 0.1498 | |a| 0.0731 | Alpha 0.0117 | MB 24/48
[Episode 116/400] Steps: 720 | Reward:  196.65 | Battery:  71.63% | Loss: 0.0466
Placing Sensors
[Episode 117/400] Steps: 720 | Reward:  131.50 | Battery:  46.79% | Loss: 
Placing Sensors
[Episode 118/400] Steps: 720 | Reward:  119.50 | Battery:  40.96% | Loss: 
Placing Sensors
[Episode 119/400] Steps: 720 | Reward:  186.08 | Battery:  63.84% | Loss: 
Placing Sensors
Policy 0.0220 | Value 20.4518 | Lyap 0.0076 | Dynamics 0.1335 | Barrier 0.0289 | KL 0.02935 | CF 0.2271 | Std 0.2424 | RawLogStd 0.1491 | |a| 0.1076 | Alpha 0.0100 | MB 24/48
[Episode 120/400] Steps: 720 | Reward:  241.47 | Battery:  81.30% | Loss: 0.1467
Placing Sensors
[Episode 121/400] Steps: 720 | Reward:  149.88 | Battery:  57.55% | Loss: 
Placing Sensors
[Episode 122/400] Steps: 720 | Reward:  159.05 | Battery:  55.01% | Loss: 
Placing Sensors
[Episode 123/400] Steps: 720 | Reward:  180.36 | Battery:  64.00% | Loss: 
Placing Sensors
Policy -0.0085 | Value 15.9954 | Lyap 0.0074 | Dynamics 0.1301 | Barrier 0.0327 | KL 0.02050 | CF 0.1977 | Std 0.2418 | RawLogStd 0.1478 | |a| 0.1123 | Alpha 0.0100 | MB 48/48
[Episode 124/400] Steps: 720 | Reward:  165.36 | Battery:  64.48% | Loss: -0.1362
Placing Sensors
[Episode 125/400] Steps: 720 | Reward:  150.21 | Battery:  54.76% | Loss: 
Placing Sensors
[Episode 126/400] Steps: 720 | Reward:  246.94 | Battery:  80.52% | Loss: 
Placing Sensors
[Episode 127/400] Steps: 720 | Reward:  182.41 | Battery:  63.14% | Loss: 
Placing Sensors
Policy -0.0008 | Value 13.1515 | Lyap 0.0072 | Dynamics 0.1205 | Barrier 0.0266 | KL 0.02106 | CF 0.2137 | Std 0.2409 | RawLogStd 0.1462 | |a| 0.1314 | Alpha 0.0100 | MB 48/48
[Episode 128/400] Steps: 720 | Reward:  179.63 | Battery:  69.86% | Loss: 0.2763
Placing Sensors
[Episode 129/400] Steps: 720 | Reward:  166.18 | Battery:  59.70% | Loss: 
Placing Sensors
[Episode 130/400] Steps: 720 | Reward:  238.99 | Battery:  79.51% | Loss: 
Placing Sensors
[Episode 131/400] Steps: 720 | Reward:  253.89 | Battery:  84.23% | Loss: 
Placing Sensors
Policy -0.0007 | Value 15.1248 | Lyap 0.0052 | Dynamics 0.1326 | Barrier 0.0382 | KL 0.02001 | CF 0.2176 | Std 0.2400 | RawLogStd 0.1445 | |a| 0.0967 | Alpha 0.0100 | MB 48/48
[Episode 132/400] Steps: 720 | Reward:  238.42 | Battery:  79.33% | Loss: 0.0260
Placing Sensors
[Episode 133/400] Steps: 720 | Reward:  262.54 | Battery:  86.45% | Loss: 
Placing Sensors
[Episode 134/400] Steps: 720 | Reward:  206.49 | Battery:  75.50% | Loss: 
Placing Sensors
[Episode 135/400] Steps: 720 | Reward:  178.10 | Battery:  64.53% | Loss: 
Placing Sensors
Policy -0.0085 | Value 10.4954 | Lyap 0.0075 | Dynamics 0.1208 | Barrier 0.0341 | KL 0.01928 | CF 0.2122 | Std 0.2392 | RawLogStd 0.1429 | |a| 0.1099 | Alpha 0.0100 | MB 48/48
[Episode 136/400] Steps: 720 | Reward:  212.14 | Battery:  77.82% | Loss: -0.0074
Placing Sensors
[Episode 137/400] Steps: 720 | Reward:  226.41 | Battery:  79.57% | Loss: 
Placing Sensors
[Episode 138/400] Steps: 720 | Reward:  236.07 | Battery:  83.23% | Loss: 
Placing Sensors
[Episode 139/400] Steps: 720 | Reward:  192.38 | Battery:  67.02% | Loss: 
Placing Sensors
Policy -0.0030 | Value 12.9181 | Lyap 0.0113 | Dynamics 0.1436 | Barrier 0.0306 | KL 0.02222 | CF 0.2157 | Std 0.2382 | RawLogStd 0.1410 | |a| 0.0950 | Alpha 0.0100 | MB 48/48
[Episode 140/400] Steps: 720 | Reward:  264.75 | Battery:  85.17% | Loss: 0.1252
Placing Sensors
[Episode 141/400] Steps: 720 | Reward:  152.87 | Battery:  53.28% | Loss: 
Placing Sensors
[Episode 142/400] Steps: 720 | Reward:  233.33 | Battery:  81.36% | Loss: 
Placing Sensors
[Episode 143/400] Steps: 720 | Reward:  185.11 | Battery:  67.13% | Loss: 
Placing Sensors
Policy -0.0083 | Value 16.2465 | Lyap 0.0102 | Dynamics 0.1463 | Barrier 0.0268 | KL 0.02573 | CF 0.2643 | Std 0.2372 | RawLogStd 0.1392 | |a| 0.1062 | Alpha 0.0100 | MB 48/48
[Episode 144/400] Steps: 720 | Reward:  174.06 | Battery:  64.55% | Loss: -0.0489
Placing Sensors
[Episode 145/400] Steps: 720 | Reward:  114.35 | Battery:  44.65% | Loss: 
Placing Sensors
[Episode 146/400] Steps: 720 | Reward:  222.73 | Battery:  81.50% | Loss: 
Placing Sensors
[Episode 147/400] Steps: 720 | Reward:  199.25 | Battery:  69.16% | Loss: 
Placing Sensors
Policy -0.0089 | Value 11.4799 | Lyap 0.0094 | Dynamics 0.1270 | Barrier 0.0345 | KL 0.01880 | CF 0.2087 | Std 0.2370 | RawLogStd 0.1387 | |a| 0.1202 | Alpha 0.0100 | MB 48/48
[Episode 148/400] Steps: 720 | Reward:  158.92 | Battery:  63.58% | Loss: 0.3210
Placing Sensors
[Episode 149/400] Steps: 720 | Reward:  140.60 | Battery:  53.05% | Loss: 
Placing Sensors
[Episode 150/400] Steps: 720 | Reward:  132.07 | Battery:  50.58% | Loss: 
Placing Sensors
[Episode 151/400] Steps: 720 | Reward:  203.67 | Battery:  75.56% | Loss: 
Placing Sensors
Policy 0.0012 | Value 15.0855 | Lyap 0.0102 | Dynamics 0.1243 | Barrier 0.0357 | KL 0.02200 | CF 0.2114 | Std 0.2368 | RawLogStd 0.1385 | |a| 0.1210 | Alpha 0.0100 | MB 24/48
[Episode 152/400] Steps: 720 | Reward:  177.30 | Battery:  63.82% | Loss: 0.1063
Placing Sensors
[Episode 153/400] Steps: 720 | Reward:  219.85 | Battery:  76.16% | Loss: 
Placing Sensors
[Episode 154/400] Steps: 720 | Reward:  185.88 | Battery:  67.15% | Loss: 
Placing Sensors
[Episode 155/400] Steps: 720 | Reward:  239.69 | Battery:  80.14% | Loss: 
Placing Sensors
Policy -0.0079 | Value 13.5345 | Lyap 0.0101 | Dynamics 0.1067 | Barrier 0.0340 | KL 0.02239 | CF 0.2286 | Std 0.2367 | RawLogStd 0.1381 | |a| 0.1221 | Alpha 0.0100 | MB 48/48
[Episode 156/400] Steps: 720 | Reward:  150.14 | Battery:  57.20% | Loss: -0.0531
Placing Sensors
[Episode 157/400] Steps: 720 | Reward:  113.75 | Battery:  42.54% | Loss: 
Placing Sensors
[Episode 158/400] Steps: 720 | Reward:  203.71 | Battery:  69.54% | Loss: 
Placing Sensors
[Episode 159/400] Steps: 720 | Reward:  138.30 | Battery:  52.80% | Loss: 
Placing Sensors
Policy -0.0139 | Value 14.7182 | Lyap 0.0118 | Dynamics 0.1257 | Barrier 0.0226 | KL 0.01798 | CF 0.1723 | Std 0.2360 | RawLogStd 0.1370 | |a| 0.1166 | Alpha 0.0100 | MB 48/48
[Episode 160/400] Steps: 720 | Reward:  227.96 | Battery:  76.28% | Loss: -0.2135
Placing Sensors
[Episode 161/400] Steps: 720 | Reward:  169.51 | Battery:  62.86% | Loss: 
Placing Sensors
[Episode 162/400] Steps: 720 | Reward:  186.42 | Battery:  66.06% | Loss: 
Placing Sensors
[Episode 163/400] Steps: 720 | Reward:  211.97 | Battery:  76.52% | Loss: 
Placing Sensors
Policy -0.0073 | Value 10.9889 | Lyap 0.0112 | Dynamics 0.0838 | Barrier 0.0198 | KL 0.01666 | CF 0.1934 | Std 0.2354 | RawLogStd 0.1358 | |a| 0.1340 | Alpha 0.0100 | MB 48/48
[Episode 164/400] Steps: 720 | Reward:  244.53 | Battery:  86.87% | Loss: 0.0104
Placing Sensors
[Episode 165/400] Steps: 720 | Reward:  154.35 | Battery:  52.05% | Loss: 
Placing Sensors
[Episode 166/400] Steps: 720 | Reward:  215.19 | Battery:  80.48% | Loss: 
Placing Sensors
[Episode 167/400] Steps: 720 | Reward:  164.01 | Battery:  56.09% | Loss: 
Placing Sensors
Policy -0.0061 | Value 27.5130 | Lyap 0.0111 | Dynamics 0.1352 | Barrier 0.0329 | KL 0.02561 | CF 0.2155 | Std 0.2350 | RawLogStd 0.1350 | |a| 0.1163 | Alpha 0.0100 | MB 24/48
[Episode 168/400] Steps: 720 | Reward:  118.20 | Battery:  44.92% | Loss: -0.0446
Placing Sensors
[Episode 169/400] Steps: 720 | Reward:  222.07 | Battery:  75.76% | Loss: 
Placing Sensors
[Episode 170/400] Steps: 720 | Reward:  268.21 | Battery:  85.27% | Loss: 
Placing Sensors
[Episode 171/400] Steps: 720 | Reward:  218.17 | Battery:  77.83% | Loss: 
Placing Sensors
Policy -0.0024 | Value 15.8875 | Lyap 0.0105 | Dynamics 0.1727 | Barrier 0.0320 | KL 0.02302 | CF 0.2385 | Std 0.2348 | RawLogStd 0.1345 | |a| 0.1271 | Alpha 0.0100 | MB 48/48
[Episode 172/400] Steps: 720 | Reward:  244.78 | Battery:  85.13% | Loss: -0.0036
Placing Sensors
[Episode 173/400] Steps: 720 | Reward:  225.67 | Battery:  78.68% | Loss: 
Placing Sensors
[Episode 174/400] Steps: 720 | Reward:  144.30 | Battery:  53.84% | Loss: 
Placing Sensors
[Episode 175/400] Steps: 720 | Reward:  193.82 | Battery:  67.23% | Loss: 
Placing Sensors
Policy -0.0094 | Value 14.6282 | Lyap 0.0116 | Dynamics 0.1520 | Barrier 0.0260 | KL 0.01898 | CF 0.1995 | Std 0.2344 | RawLogStd 0.1339 | |a| 0.1337 | Alpha 0.0100 | MB 48/48
[Episode 176/400] Steps: 720 | Reward:  270.95 | Battery:  88.21% | Loss: 0.2186
Placing Sensors
[Episode 177/400] Steps: 720 | Reward:  230.86 | Battery:  78.29% | Loss: 
Placing Sensors
[Episode 178/400] Steps: 720 | Reward:   82.47 | Battery:  33.04% | Loss: 
Placing Sensors
[Episode 179/400] Steps: 720 | Reward:  201.95 | Battery:  69.74% | Loss: 
Placing Sensors
Policy 0.0011 | Value 13.0409 | Lyap 0.0102 | Dynamics 0.1349 | Barrier 0.0205 | KL 0.01779 | CF 0.1840 | Std 0.2343 | RawLogStd 0.1336 | |a| 0.1405 | Alpha 0.0100 | MB 48/48
[Episode 180/400] Steps: 720 | Reward:  111.65 | Battery:  42.74% | Loss: 0.2926
Placing Sensors
[Episode 181/400] Steps: 720 | Reward:  166.74 | Battery:  58.26% | Loss: 
Placing Sensors
[Episode 182/400] Steps: 720 | Reward:  166.60 | Battery:  58.48% | Loss: 
Placing Sensors
[Episode 183/400] Steps: 720 | Reward:  199.49 | Battery:  72.09% | Loss: 
Placing Sensors
Policy -0.0070 | Value 9.7850 | Lyap 0.0120 | Dynamics 0.1300 | Barrier 0.0290 | KL 0.01896 | CF 0.1922 | Std 0.2346 | RawLogStd 0.1342 | |a| 0.1328 | Alpha 0.0100 | MB 48/48
[Episode 184/400] Steps: 720 | Reward:  227.72 | Battery:  82.29% | Loss: 0.0011
Placing Sensors
[Episode 185/400] Steps: 720 | Reward:  180.77 | Battery:  62.85% | Loss: 
Placing Sensors
[Episode 186/400] Steps: 720 | Reward:  207.59 | Battery:  74.87% | Loss: 
Placing Sensors
[Episode 187/400] Steps: 720 | Reward:  253.07 | Battery:  84.73% | Loss: 
Placing Sensors
Policy -0.0172 | Value 16.4305 | Lyap 0.0098 | Dynamics 0.1038 | Barrier 0.0351 | KL 0.01511 | CF 0.1733 | Std 0.2344 | RawLogStd 0.1338 | |a| 0.1332 | Alpha 0.0100 | MB 48/48
[Episode 188/400] Steps: 720 | Reward:  156.90 | Battery:  57.64% | Loss: -0.1063
Placing Sensors
[Episode 189/400] Steps: 720 | Reward:  246.01 | Battery:  82.89% | Loss: 
Placing Sensors
[Episode 190/400] Steps: 720 | Reward:  235.16 | Battery:  81.81% | Loss: 
Placing Sensors
[Episode 191/400] Steps: 720 | Reward:  220.22 | Battery:  75.21% | Loss: 
Placing Sensors
Policy -0.0149 | Value 12.7006 | Lyap 0.0098 | Dynamics 0.1310 | Barrier 0.0330 | KL 0.02410 | CF 0.2405 | Std 0.2335 | RawLogStd 0.1321 | |a| 0.1313 | Alpha 0.0100 | MB 48/48
[Episode 192/400] Steps: 720 | Reward:  174.78 | Battery:  65.18% | Loss: 0.0321
Placing Sensors
[Episode 193/400] Steps: 720 | Reward:  191.38 | Battery:  72.45% | Loss: 
Placing Sensors
[Episode 194/400] Steps: 720 | Reward:  231.10 | Battery:  80.62% | Loss: 
Placing Sensors
[Episode 195/400] Steps: 720 | Reward:  227.46 | Battery:  80.85% | Loss: 
Placing Sensors
Policy -0.0030 | Value 14.0926 | Lyap 0.0109 | Dynamics 0.1765 | Barrier 0.0610 | KL 0.02500 | CF 0.2237 | Std 0.2325 | RawLogStd 0.1300 | |a| 0.1077 | Alpha 0.0100 | MB 36/48
[Episode 196/400] Steps: 720 | Reward:  252.88 | Battery:  85.05% | Loss: 0.0598
Placing Sensors
[Episode 197/400] Steps: 720 | Reward:  221.78 | Battery:  75.54% | Loss: 
Placing Sensors
[Episode 198/400] Steps: 720 | Reward:  233.94 | Battery:  83.33% | Loss: 
Placing Sensors
[Episode 199/400] Steps: 720 | Reward:  248.23 | Battery:  81.90% | Loss: 
Placing Sensors
Policy -0.0068 | Value 20.8917 | Lyap 0.0116 | Dynamics 0.1737 | Barrier 0.0356 | KL 0.02459 | CF 0.2335 | Std 0.2317 | RawLogStd 0.1286 | |a| 0.1141 | Alpha 0.0100 | MB 36/48
[Episode 200/400] Steps: 720 | Reward:  250.17 | Battery:  83.44% | Loss: -0.0301
Placing Sensors
[Episode 201/400] Steps: 720 | Reward:  194.17 | Battery:  66.34% | Loss: 
Placing Sensors
[Episode 202/400] Steps: 720 | Reward:  183.24 | Battery:  67.65% | Loss: 
Placing Sensors
[Episode 203/400] Steps: 720 | Reward:  250.24 | Battery:  84.68% | Loss: 
Placing Sensors
Policy -0.0064 | Value 14.4700 | Lyap 0.0142 | Dynamics 0.1445 | Barrier 0.0224 | KL 0.01993 | CF 0.1982 | Std 0.2312 | RawLogStd 0.1275 | |a| 0.1286 | Alpha 0.0100 | MB 48/48
[Episode 204/400] Steps: 720 | Reward:  215.53 | Battery:  77.86% | Loss: 0.1654
Placing Sensors
[Episode 205/400] Steps: 720 | Reward:  234.41 | Battery:  82.61% | Loss: 
Placing Sensors
[Episode 206/400] Steps: 720 | Reward:  228.45 | Battery:  82.15% | Loss: 
Placing Sensors
[Episode 207/400] Steps: 720 | Reward:  235.26 | Battery:  79.41% | Loss: 
Placing Sensors
Policy -0.0066 | Value 12.4709 | Lyap 0.0111 | Dynamics 0.1605 | Barrier 0.0361 | KL 0.02387 | CF 0.2201 | Std 0.2302 | RawLogStd 0.1257 | |a| 0.0993 | Alpha 0.0100 | MB 48/48
[Episode 208/400] Steps: 720 | Reward:  207.66 | Battery:  73.91% | Loss: -0.1130
Placing Sensors
[Episode 209/400] Steps: 720 | Reward:  187.20 | Battery:  68.40% | Loss: 
Placing Sensors
[Episode 210/400] Steps: 720 | Reward:  185.53 | Battery:  71.21% | Loss: 
Placing Sensors
[Episode 211/400] Steps: 720 | Reward:  171.09 | Battery:  60.43% | Loss: 
Placing Sensors
Policy 0.0039 | Value 15.9184 | Lyap 0.0149 | Dynamics 0.1600 | Barrier 0.0398 | KL 0.02174 | CF 0.2072 | Std 0.2294 | RawLogStd 0.1240 | |a| 0.1132 | Alpha 0.0100 | MB 36/48
[Episode 212/400] Steps: 720 | Reward:  196.96 | Battery:  69.22% | Loss: 0.2533
Placing Sensors
[Episode 213/400] Steps: 720 | Reward:  238.32 | Battery:  82.10% | Loss: 
Placing Sensors
[Episode 214/400] Steps: 720 | Reward:  237.22 | Battery:  79.16% | Loss: 
Placing Sensors
[Episode 215/400] Steps: 720 | Reward:  214.42 | Battery:  77.32% | Loss: 
Placing Sensors
Policy -0.0083 | Value 13.1879 | Lyap 0.0124 | Dynamics 0.1517 | Barrier 0.0214 | KL 0.02139 | CF 0.2197 | Std 0.2286 | RawLogStd 0.1225 | |a| 0.1237 | Alpha 0.0100 | MB 48/48
[Episode 216/400] Steps: 720 | Reward:  201.49 | Battery:  72.34% | Loss: -0.0296
Placing Sensors
[Episode 217/400] Steps: 720 | Reward:  214.05 | Battery:  72.41% | Loss: 
Placing Sensors
[Episode 218/400] Steps: 720 | Reward:  276.69 | Battery:  88.96% | Loss: 
Placing Sensors
[Episode 219/400] Steps: 720 | Reward:  168.38 | Battery:  62.77% | Loss: 
Placing Sensors
Policy 0.0016 | Value 12.8425 | Lyap 0.0133 | Dynamics 0.1636 | Barrier 0.0444 | KL 0.02595 | CF 0.2259 | Std 0.2276 | RawLogStd 0.1206 | |a| 0.1139 | Alpha 0.0100 | MB 36/48
[Episode 220/400] Steps: 720 | Reward:  187.84 | Battery:  67.08% | Loss: 0.1458
Placing Sensors
[Episode 221/400] Steps: 720 | Reward:  234.44 | Battery:  82.56% | Loss: 
Placing Sensors
[Episode 222/400] Steps: 720 | Reward:  227.66 | Battery:  79.83% | Loss: 
Placing Sensors
[Episode 223/400] Steps: 720 | Reward:  217.19 | Battery:  76.35% | Loss: 
Placing Sensors
Policy -0.0011 | Value 10.9721 | Lyap 0.0102 | Dynamics 0.1298 | Barrier 0.0262 | KL 0.02019 | CF 0.2169 | Std 0.2273 | RawLogStd 0.1199 | |a| 0.1310 | Alpha 0.0100 | MB 36/48
[Episode 224/400] Steps: 720 | Reward:  235.93 | Battery:  77.23% | Loss: 0.1548
Placing Sensors
[Episode 225/400] Steps: 720 | Reward:  212.83 | Battery:  74.69% | Loss: 
Placing Sensors
[Episode 226/400] Steps: 720 | Reward:  205.49 | Battery:  72.18% | Loss: 
Placing Sensors
[Episode 227/400] Steps: 720 | Reward:  181.05 | Battery:  69.13% | Loss: 
Placing Sensors
Policy -0.0083 | Value 17.1740 | Lyap 0.0157 | Dynamics 0.1603 | Barrier 0.0226 | KL 0.02081 | CF 0.2174 | Std 0.2272 | RawLogStd 0.1196 | |a| 0.0984 | Alpha 0.0100 | MB 48/48
[Episode 228/400] Steps: 720 | Reward:  224.80 | Battery:  77.23% | Loss: -0.0263
Placing Sensors
[Episode 229/400] Steps: 720 | Reward:  208.20 | Battery:  74.45% | Loss: 
Placing Sensors
[Episode 230/400] Steps: 720 | Reward:  235.16 | Battery:  83.16% | Loss: 
Placing Sensors
[Episode 231/400] Steps: 720 | Reward:  256.19 | Battery:  83.73% | Loss: 
Placing Sensors
Policy -0.0089 | Value 14.9788 | Lyap 0.0113 | Dynamics 0.1331 | Barrier 0.0278 | KL 0.02240 | CF 0.2009 | Std 0.2267 | RawLogStd 0.1187 | |a| 0.1120 | Alpha 0.0100 | MB 48/48
[Episode 232/400] Steps: 720 | Reward:  245.18 | Battery:  86.54% | Loss: -0.2188
Placing Sensors
[Episode 233/400] Steps: 720 | Reward:  246.75 | Battery:  83.64% | Loss: 
Placing Sensors
[Episode 234/400] Steps: 720 | Reward:  218.88 | Battery:  80.61% | Loss: 
Placing Sensors
[Episode 235/400] Steps: 720 | Reward:  192.11 | Battery:  69.31% | Loss: 
Placing Sensors
Policy -0.0098 | Value 13.6697 | Lyap 0.0149 | Dynamics 0.1485 | Barrier 0.0336 | KL 0.01806 | CF 0.1900 | Std 0.2258 | RawLogStd 0.1170 | |a| 0.1195 | Alpha 0.0100 | MB 48/48
[Episode 236/400] Steps: 720 | Reward:  245.26 | Battery:  80.82% | Loss: -0.3217
Placing Sensors
[Episode 237/400] Steps: 720 | Reward:  223.82 | Battery:  76.07% | Loss: 
Placing Sensors
[Episode 238/400] Steps: 720 | Reward:  222.94 | Battery:  74.42% | Loss: 
Placing Sensors
[Episode 239/400] Steps: 720 | Reward:  161.04 | Battery:  62.33% | Loss: 
Placing Sensors
Policy -0.0134 | Value 13.6044 | Lyap 0.0144 | Dynamics 0.1409 | Barrier 0.0194 | KL 0.01759 | CF 0.1956 | Std 0.2250 | RawLogStd 0.1153 | |a| 0.1355 | Alpha 0.0100 | MB 48/48
[Episode 240/400] Steps: 720 | Reward:  237.53 | Battery:  80.14% | Loss: 0.1039
Placing Sensors
[Episode 241/400] Steps: 720 | Reward:  253.32 | Battery:  83.46% | Loss: 
Placing Sensors
[Episode 242/400] Steps: 720 | Reward:  204.30 | Battery:  71.64% | Loss: 
Placing Sensors
[Episode 243/400] Steps: 720 | Reward:  207.46 | Battery:  71.71% | Loss: 
Placing Sensors
Policy 0.0053 | Value 17.6406 | Lyap 0.0120 | Dynamics 0.1687 | Barrier 0.0232 | KL 0.02283 | CF 0.1891 | Std 0.2243 | RawLogStd 0.1138 | |a| 0.1173 | Alpha 0.0100 | MB 24/48
[Episode 244/400] Steps: 720 | Reward:  223.61 | Battery:  77.55% | Loss: 0.2289
Placing Sensors
[Episode 245/400] Steps: 720 | Reward:  232.83 | Battery:  80.86% | Loss: 
Placing Sensors
[Episode 246/400] Steps: 720 | Reward:  207.34 | Battery:  76.67% | Loss: 
Placing Sensors
[Episode 247/400] Steps: 720 | Reward:  257.60 | Battery:  85.15% | Loss: 
Placing Sensors
Policy -0.0209 | Value 12.9083 | Lyap 0.0102 | Dynamics 0.1827 | Barrier 0.0293 | KL 0.01783 | CF 0.1857 | Std 0.2239 | RawLogStd 0.1130 | |a| 0.1221 | Alpha 0.0100 | MB 48/48
[Episode 248/400] Steps: 720 | Reward:  224.18 | Battery:  76.15% | Loss: -0.0904
Placing Sensors
[Episode 249/400] Steps: 720 | Reward:  189.03 | Battery:  67.38% | Loss: 
Placing Sensors
[Episode 250/400] Steps: 720 | Reward:  227.40 | Battery:  78.51% | Loss: 
Placing Sensors
[Episode 251/400] Steps: 720 | Reward:  240.01 | Battery:  79.03% | Loss: 
Placing Sensors
Policy -0.0012 | Value 16.3499 | Lyap 0.0127 | Dynamics 0.1541 | Barrier 0.0453 | KL 0.02513 | CF 0.2668 | Std 0.2235 | RawLogStd 0.1123 | |a| 0.1315 | Alpha 0.0100 | MB 48/48
[Episode 252/400] Steps: 720 | Reward:  213.89 | Battery:  76.82% | Loss: -0.0068
Placing Sensors
[Episode 253/400] Steps: 720 | Reward:  254.47 | Battery:  86.69% | Loss: 
Placing Sensors
[Episode 254/400] Steps: 720 | Reward:  222.79 | Battery:  78.59% | Loss: 
Placing Sensors
[Episode 255/400] Steps: 720 | Reward:  261.05 | Battery:  84.82% | Loss: 
Placing Sensors
Policy -0.0111 | Value 16.4051 | Lyap 0.0128 | Dynamics 0.1395 | Barrier 0.0211 | KL 0.02413 | CF 0.2381 | Std 0.2231 | RawLogStd 0.1116 | |a| 0.1523 | Alpha 0.0100 | MB 48/48
[Episode 256/400] Steps: 720 | Reward:  247.48 | Battery:  83.57% | Loss: -0.2294
Placing Sensors
[Episode 257/400] Steps: 720 | Reward:  294.92 | Battery:  89.15% | Loss: 
Placing Sensors
[Episode 258/400] Steps: 720 | Reward:  201.79 | Battery:  71.04% | Loss: 
Placing Sensors
[Episode 259/400] Steps: 720 | Reward:  236.72 | Battery:  82.93% | Loss: 
Placing Sensors
Policy -0.0096 | Value 13.2845 | Lyap 0.0111 | Dynamics 0.1573 | Barrier 0.0207 | KL 0.01760 | CF 0.1506 | Std 0.2233 | RawLogStd 0.1119 | |a| 0.1594 | Alpha 0.0100 | MB 48/48
[Episode 260/400] Steps: 720 | Reward:  250.70 | Battery:  82.54% | Loss: 0.1024
Placing Sensors
[Episode 261/400] Steps: 720 | Reward:  254.47 | Battery:  83.90% | Loss: 
Placing Sensors
[Episode 262/400] Steps: 720 | Reward:  220.69 | Battery:  77.28% | Loss: 
Placing Sensors
[Episode 263/400] Steps: 720 | Reward:  229.40 | Battery:  76.46% | Loss: 
Placing Sensors
Policy -0.0017 | Value 10.8239 | Lyap 0.0148 | Dynamics 0.1962 | Barrier 0.0280 | KL 0.02505 | CF 0.2027 | Std 0.2234 | RawLogStd 0.1122 | |a| 0.1309 | Alpha 0.0100 | MB 36/48
[Episode 264/400] Steps: 720 | Reward:  193.58 | Battery:  70.46% | Loss: 0.0885
Placing Sensors
[Episode 265/400] Steps: 720 | Reward:  216.66 | Battery:  80.73% | Loss: 
Placing Sensors
[Episode 266/400] Steps: 720 | Reward:  227.01 | Battery:  78.06% | Loss: 
Placing Sensors
[Episode 267/400] Steps: 720 | Reward:  229.25 | Battery:  79.88% | Loss: 
Placing Sensors
Policy -0.0092 | Value 13.9806 | Lyap 0.0130 | Dynamics 0.1782 | Barrier 0.0193 | KL 0.02362 | CF 0.2288 | Std 0.2231 | RawLogStd 0.1114 | |a| 0.1263 | Alpha 0.0100 | MB 48/48
[Episode 268/400] Steps: 720 | Reward:  256.78 | Battery:  85.07% | Loss: -0.0930
Placing Sensors
[Episode 269/400] Steps: 720 | Reward:  201.73 | Battery:  69.32% | Loss: 
Placing Sensors
[Episode 270/400] Steps: 720 | Reward:  247.09 | Battery:  82.07% | Loss: 
Placing Sensors
[Episode 271/400] Steps: 720 | Reward:  230.44 | Battery:  78.26% | Loss: 
Placing Sensors
Policy 0.0004 | Value 14.0227 | Lyap 0.0138 | Dynamics 0.1700 | Barrier 0.0330 | KL 0.02247 | CF 0.2316 | Std 0.2223 | RawLogStd 0.1099 | |a| 0.1213 | Alpha 0.0100 | MB 36/48
[Episode 272/400] Steps: 720 | Reward:  210.91 | Battery:  76.80% | Loss: -0.1034
Placing Sensors
[Episode 273/400] Steps: 720 | Reward:  262.65 | Battery:  86.89% | Loss: 
Placing Sensors
[Episode 274/400] Steps: 720 | Reward:  204.87 | Battery:  71.13% | Loss: 
Placing Sensors
[Episode 275/400] Steps: 720 | Reward:  305.03 | Battery:  90.04% | Loss: 
Placing Sensors
Policy -0.0061 | Value 12.1969 | Lyap 0.0142 | Dynamics 0.1929 | Barrier 0.0295 | KL 0.02454 | CF 0.2598 | Std 0.2218 | RawLogStd 0.1089 | |a| 0.1184 | Alpha 0.0100 | MB 48/48
[Episode 276/400] Steps: 720 | Reward:  242.41 | Battery:  83.39% | Loss: -0.0056
Placing Sensors
[Episode 277/400] Steps: 720 | Reward:  243.84 | Battery:  79.02% | Loss: 
Placing Sensors
[Episode 278/400] Steps: 720 | Reward:  194.10 | Battery:  71.57% | Loss: 
Placing Sensors
[Episode 279/400] Steps: 720 | Reward:  243.27 | Battery:  82.53% | Loss: 
Placing Sensors
Policy 0.0061 | Value 10.2559 | Lyap 0.0159 | Dynamics 0.1816 | Barrier 0.0159 | KL 0.02658 | CF 0.2445 | Std 0.2214 | RawLogStd 0.1081 | |a| 0.1322 | Alpha 0.0100 | MB 24/48
[Episode 280/400] Steps: 720 | Reward:  257.48 | Battery:  85.98% | Loss: -0.0132
Placing Sensors
[Episode 281/400] Steps: 720 | Reward:  254.92 | Battery:  83.59% | Loss: 
Placing Sensors
[Episode 282/400] Steps: 720 | Reward:  252.70 | Battery:  83.90% | Loss: 
Placing Sensors
[Episode 283/400] Steps: 720 | Reward:  285.55 | Battery:  87.83% | Loss: 
Placing Sensors
Policy -0.0120 | Value 11.6339 | Lyap 0.0120 | Dynamics 0.2222 | Barrier 0.0405 | KL 0.02809 | CF 0.2403 | Std 0.2209 | RawLogStd 0.1071 | |a| 0.1199 | Alpha 0.0100 | MB 48/48
[Episode 284/400] Steps: 720 | Reward:  238.79 | Battery:  81.23% | Loss: 0.0777
Placing Sensors
[Episode 285/400] Steps: 720 | Reward:  235.22 | Battery:  80.16% | Loss: 
Placing Sensors
[Episode 286/400] Steps: 720 | Reward:  246.41 | Battery:  85.42% | Loss: 
Placing Sensors
[Episode 287/400] Steps: 720 | Reward:  220.59 | Battery:  75.81% | Loss: 
Placing Sensors
Policy -0.0028 | Value 15.4703 | Lyap 0.0129 | Dynamics 0.1761 | Barrier 0.0539 | KL 0.02198 | CF 0.2184 | Std 0.2203 | RawLogStd 0.1059 | |a| 0.1051 | Alpha 0.0100 | MB 48/48
[Episode 288/400] Steps: 720 | Reward:  258.53 | Battery:  83.22% | Loss: 0.2213
Placing Sensors
[Episode 289/400] Steps: 720 | Reward:  236.86 | Battery:  79.97% | Loss: 
Placing Sensors
[Episode 290/400] Steps: 720 | Reward:  248.84 | Battery:  80.04% | Loss: 
Placing Sensors
[Episode 291/400] Steps: 720 | Reward:  203.76 | Battery:  74.26% | Loss: 
Placing Sensors
Policy -0.0118 | Value 15.5382 | Lyap 0.0119 | Dynamics 0.1903 | Barrier 0.0402 | KL 0.01979 | CF 0.1925 | Std 0.2197 | RawLogStd 0.1046 | |a| 0.1128 | Alpha 0.0100 | MB 48/48
[Episode 292/400] Steps: 720 | Reward:  224.42 | Battery:  79.19% | Loss: 0.1482
Placing Sensors
[Episode 293/400] Steps: 720 | Reward:  217.42 | Battery:  74.82% | Loss: 
Placing Sensors
[Episode 294/400] Steps: 720 | Reward:  219.85 | Battery:  75.53% | Loss: 
Placing Sensors
[Episode 295/400] Steps: 720 | Reward:  260.81 | Battery:  84.87% | Loss: 
Placing Sensors
Policy -0.0082 | Value 10.1425 | Lyap 0.0123 | Dynamics 0.1802 | Barrier 0.0405 | KL 0.01661 | CF 0.1752 | Std 0.2188 | RawLogStd 0.1029 | |a| 0.1304 | Alpha 0.0100 | MB 48/48
[Episode 296/400] Steps: 720 | Reward:  252.28 | Battery:  85.23% | Loss: 0.2082
Placing Sensors
[Episode 297/400] Steps: 720 | Reward:  217.59 | Battery:  74.00% | Loss: 
Placing Sensors
[Episode 298/400] Steps: 720 | Reward:  226.30 | Battery:  76.54% | Loss: 
Placing Sensors
[Episode 299/400] Steps: 720 | Reward:  244.27 | Battery:  84.04% | Loss: 
Placing Sensors
Policy -0.0144 | Value 13.9621 | Lyap 0.0138 | Dynamics 0.2288 | Barrier 0.0225 | KL 0.01529 | CF 0.1681 | Std 0.2178 | RawLogStd 0.1008 | |a| 0.1098 | Alpha 0.0100 | MB 48/48
[Convergence check] ep 300 | avg_reward(last 50) 237.78 (best 237.78, above_threshold=True) | avg_lyap(last 10) 0.0135 (V=0.316+-0.212, viol=35.6%, dV=-0.000915, inball=22%, collapsed=False) | avg_barrier(last 10) 0.0323 | avg_std(last 10) 0.2210 | avg|a|(last 10) 0.1207 (cleared=True) | stable=False | trend +66.76/window t=+8.18 (plateau_streak=0/10) | checks_since_best=0
[Episode 300/400] Steps: 720 | Reward:  248.60 | Battery:  86.28% | Loss: 0.2075
Placing Sensors
[Episode 301/400] Steps: 720 | Reward:  227.56 | Battery:  79.65% | Loss: 
Placing Sensors
[Episode 302/400] Steps: 720 | Reward:  264.77 | Battery:  85.55% | Loss: 
Placing Sensors
[Episode 303/400] Steps: 720 | Reward:  224.58 | Battery:  76.52% | Loss: 
Placing Sensors
Policy -0.0179 | Value 40.1957 | Lyap 0.0109 | Dynamics 0.2096 | Barrier 0.0309 | KL 0.01991 | CF 0.1982 | Std 0.2168 | RawLogStd 0.0986 | |a| 0.1242 | Alpha 0.0100 | MB 48/48
[Convergence check] ep 304 | avg_reward(last 50) 238.96 (best 238.96, above_threshold=True) | avg_lyap(last 10) 0.0131 (V=0.311+-0.210, viol=34.4%, dV=-0.000951, inball=25%, collapsed=False) | avg_barrier(last 10) 0.0326 | avg_std(last 10) 0.2203 | avg|a|(last 10) 0.1200 (cleared=True) | stable=False | trend +66.78/window t=+8.15 (plateau_streak=0/10) | checks_since_best=0
[Episode 304/400] Steps: 720 | Reward:  272.98 | Battery:  86.89% | Loss: -0.2435
Placing Sensors
[Episode 305/400] Steps: 720 | Reward:  225.66 | Battery:  77.59% | Loss: 
Placing Sensors
[Episode 306/400] Steps: 720 | Reward:  243.55 | Battery:  78.10% | Loss: 
Placing Sensors
[Episode 307/400] Steps: 720 | Reward:  269.68 | Battery:  85.14% | Loss: 
Placing Sensors
Policy 0.2178 | Value 11.7571 | Lyap 0.0112 | Dynamics 0.1640 | Barrier 0.0340 | KL 0.07518 | CF 0.1578 | Std 0.2162 | RawLogStd 0.0974 | |a| 0.1275 | Alpha 0.0100 | MB 18/48
[Convergence check] ep 308 | avg_reward(last 50) 238.25 (best 238.96, above_threshold=True) | avg_lyap(last 10) 0.0129 (V=0.311+-0.211, viol=34.4%, dV=-0.000955, inball=25%, collapsed=False) | avg_barrier(last 10) 0.0341 | avg_std(last 10) 0.2196 | avg|a|(last 10) 0.1202 (cleared=True) | stable=False | trend +63.84/window t=+7.83 (plateau_streak=0/10) | checks_since_best=1
[Episode 308/400] Steps: 720 | Reward:  231.16 | Battery:  78.44% | Loss: 3.7927
Placing Sensors
[Episode 309/400] Steps: 720 | Reward:  248.78 | Battery:  81.32% | Loss: 
Placing Sensors
[Episode 310/400] Steps: 720 | Reward:  248.14 | Battery:  86.07% | Loss: 
Placing Sensors
[Episode 311/400] Steps: 720 | Reward:  198.38 | Battery:  72.09% | Loss: 
Placing Sensors
Policy -0.0168 | Value 8.9692 | Lyap 0.0122 | Dynamics 0.1849 | Barrier 0.0376 | KL 0.01918 | CF 0.1667 | Std 0.2162 | RawLogStd 0.0973 | |a| 0.1222 | Alpha 0.0100 | MB 48/48
[Convergence check] ep 312 | avg_reward(last 50) 237.91 (best 238.96, above_threshold=True) | avg_lyap(last 10) 0.0127 (V=0.310+-0.210, viol=34.0%, dV=-0.000976, inball=26%, collapsed=False) | avg_barrier(last 10) 0.0346 | avg_std(last 10) 0.2190 | avg|a|(last 10) 0.1202 (cleared=True) | stable=False | trend +64.11/window t=+7.91 (plateau_streak=0/10) | checks_since_best=2
[Episode 312/400] Steps: 720 | Reward:  250.27 | Battery:  81.41% | Loss: -0.1560
Placing Sensors
[Episode 313/400] Steps: 720 | Reward:  224.93 | Battery:  79.78% | Loss: 
Placing Sensors
[Episode 314/400] Steps: 720 | Reward:  223.65 | Battery:  79.04% | Loss: 
Placing Sensors
[Episode 315/400] Steps: 720 | Reward:  242.25 | Battery:  81.91% | Loss: 
Placing Sensors
Policy -0.0160 | Value 10.2507 | Lyap 0.0094 | Dynamics 0.2057 | Barrier 0.0383 | KL 0.01555 | CF 0.1635 | Std 0.2160 | RawLogStd 0.0970 | |a| 0.1217 | Alpha 0.0100 | MB 48/48
[Convergence check] ep 316 | avg_reward(last 50) 239.74 (best 239.74, above_threshold=True) | avg_lyap(last 10) 0.0122 (V=0.307+-0.211, viol=34.2%, dV=-0.000979, inball=27%, collapsed=False) | avg_barrier(last 10) 0.0354 | avg_std(last 10) 0.2184 | avg|a|(last 10) 0.1206 (cleared=True) | stable=False | trend +65.06/window t=+8.07 (plateau_streak=0/10) | checks_since_best=0
[Episode 316/400] Steps: 720 | Reward:  267.22 | Battery:  86.62% | Loss: -0.1827
Placing Sensors
[Episode 317/400] Steps: 720 | Reward:  220.61 | Battery:  73.83% | Loss: 
Placing Sensors
[Episode 318/400] Steps: 720 | Reward:  280.31 | Battery:  88.40% | Loss: 
Placing Sensors
[Episode 319/400] Steps: 720 | Reward:  236.12 | Battery:  79.08% | Loss: 
Placing Sensors
Policy -0.0072 | Value 9.6187 | Lyap 0.0100 | Dynamics 0.1529 | Barrier 0.0438 | KL 0.01361 | CF 0.1484 | Std 0.2156 | RawLogStd 0.0961 | |a| 0.1224 | Alpha 0.0100 | MB 48/48
[Convergence check] ep 320 | avg_reward(last 50) 240.78 (best 240.78, above_threshold=True) | avg_lyap(last 10) 0.0116 (V=0.299+-0.208, viol=33.4%, dV=-0.000994, inball=28%, collapsed=False) | avg_barrier(last 10) 0.0382 | avg_std(last 10) 0.2178 | avg|a|(last 10) 0.1196 (cleared=True) | stable=False | trend +63.01/window t=+7.97 (plateau_streak=0/10) | checks_since_best=0
[Episode 320/400] Steps: 720 | Reward:  249.69 | Battery:  81.21% | Loss: -0.1112
Placing Sensors
[Episode 321/400] Steps: 720 | Reward:  283.33 | Battery:  88.33% | Loss: 
Placing Sensors
[Episode 322/400] Steps: 720 | Reward:  228.90 | Battery:  80.96% | Loss: 
Placing Sensors
[Episode 323/400] Steps: 720 | Reward:  163.24 | Battery:  56.86% | Loss: 
Placing Sensors
Policy -0.0021 | Value 14.0914 | Lyap 0.0104 | Dynamics 0.1734 | Barrier 0.0326 | KL 0.01888 | CF 0.1091 | Std 0.2152 | RawLogStd 0.0952 | |a| 0.1322 | Alpha 0.0100 | MB 17/48
[Convergence check] ep 324 | avg_reward(last 50) 241.74 (best 241.74, above_threshold=True) | avg_lyap(last 10) 0.0115 (V=0.300+-0.210, viol=34.2%, dV=-0.000966, inball=27%, collapsed=False) | avg_barrier(last 10) 0.0374 | avg_std(last 10) 0.2173 | avg|a|(last 10) 0.1208 (cleared=True) | stable=False | trend +59.02/window t=+7.33 (plateau_streak=0/10) | checks_since_best=0
[Episode 324/400] Steps: 720 | Reward:  281.53 | Battery:  87.68% | Loss: 0.0773
Placing Sensors
[Episode 325/400] Steps: 720 | Reward:  226.57 | Battery:  81.02% | Loss: 
Placing Sensors
[Episode 326/400] Steps: 720 | Reward:  218.70 | Battery:  77.89% | Loss: 
Placing Sensors
[Episode 327/400] Steps: 720 | Reward:  240.22 | Battery:  77.46% | Loss: 
Placing Sensors
Policy -0.0072 | Value 11.9239 | Lyap 0.0125 | Dynamics 0.1979 | Barrier 0.0179 | KL 0.01563 | CF 0.1624 | Std 0.2149 | RawLogStd 0.0946 | |a| 0.1347 | Alpha 0.0100 | MB 48/48
[Convergence check] ep 328 | avg_reward(last 50) 240.70 (best 241.74, above_threshold=True) | avg_lyap(last 10) 0.0115 (V=0.297+-0.210, viol=34.1%, dV=-0.000966, inball=27%, collapsed=False) | avg_barrier(last 10) 0.0338 | avg_std(last 10) 0.2167 | avg|a|(last 10) 0.1238 (cleared=True) | stable=False | trend +57.20/window t=+7.17 (plateau_streak=0/10) | checks_since_best=1
[Episode 328/400] Steps: 720 | Reward:  247.91 | Battery:  83.61% | Loss: -0.0281
Placing Sensors
[Episode 329/400] Steps: 720 | Reward:  262.62 | Battery:  84.24% | Loss: 
Placing Sensors
[Episode 330/400] Steps: 720 | Reward:  279.36 | Battery:  87.20% | Loss: 
Placing Sensors
[Episode 331/400] Steps: 720 | Reward:  186.25 | Battery:  67.76% | Loss: 
Placing Sensors
Policy -0.0146 | Value 12.9943 | Lyap 0.0118 | Dynamics 0.1867 | Barrier 0.0120 | KL 0.01598 | CF 0.1722 | Std 0.2145 | RawLogStd 0.0938 | |a| 0.1207 | Alpha 0.0100 | MB 48/48
[Convergence check] ep 332 | avg_reward(last 50) 239.83 (best 241.74, above_threshold=True) | avg_lyap(last 10) 0.0114 (V=0.297+-0.210, viol=34.1%, dV=-0.000973, inball=28%, collapsed=False) | avg_barrier(last 10) 0.0310 | avg_std(last 10) 0.2162 | avg|a|(last 10) 0.1246 (cleared=True) | stable=False | trend +60.22/window t=+7.62 (plateau_streak=0/10) | checks_since_best=2
[Episode 332/400] Steps: 720 | Reward:  236.38 | Battery:  83.02% | Loss: 0.0250
Placing Sensors
[Episode 333/400] Steps: 720 | Reward:  218.81 | Battery:  78.08% | Loss: 
Placing Sensors
[Episode 334/400] Steps: 720 | Reward:  274.73 | Battery:  88.74% | Loss: 
Placing Sensors
[Episode 335/400] Steps: 720 | Reward:  261.62 | Battery:  83.10% | Loss: 
Placing Sensors
Policy -0.0131 | Value 10.6366 | Lyap 0.0117 | Dynamics 0.1733 | Barrier 0.0441 | KL 0.01431 | CF 0.1589 | Std 0.2140 | RawLogStd 0.0928 | |a| 0.1179 | Alpha 0.0100 | MB 48/48
[Convergence check] ep 336 | avg_reward(last 50) 239.37 (best 241.74, above_threshold=True) | avg_lyap(last 10) 0.0114 (V=0.289+-0.207, viol=33.6%, dV=-0.000993, inball=30%, collapsed=False) | avg_barrier(last 10) 0.0314 | avg_std(last 10) 0.2157 | avg|a|(last 10) 0.1233 (cleared=True) | stable=False | trend +62.62/window t=+8.00 (plateau_streak=0/10) | checks_since_best=3
[Episode 336/400] Steps: 720 | Reward:  227.90 | Battery:  81.01% | Loss: -0.0638
Placing Sensors
[Episode 337/400] Steps: 720 | Reward:  276.24 | Battery:  87.50% | Loss: 
Placing Sensors
[Episode 338/400] Steps: 720 | Reward:  245.61 | Battery:  83.18% | Loss: 
Placing Sensors
[Episode 339/400] Steps: 720 | Reward:  191.82 | Battery:  70.72% | Loss: 
Placing Sensors
Policy -0.0051 | Value 7.9780 | Lyap 0.0095 | Dynamics 0.1800 | Barrier 0.0350 | KL 0.01242 | CF 0.1329 | Std 0.2134 | RawLogStd 0.0916 | |a| 0.1075 | Alpha 0.0100 | MB 48/48
[Convergence check] ep 340 | avg_reward(last 50) 239.57 (best 241.74, above_threshold=True) | avg_lyap(last 10) 0.0109 (V=0.288+-0.211, viol=33.4%, dV=-0.000996, inball=29%, collapsed=False) | avg_barrier(last 10) 0.0326 | avg_std(last 10) 0.2153 | avg|a|(last 10) 0.1231 (cleared=True) | stable=False | trend +66.42/window t=+8.59 (plateau_streak=0/10) | checks_since_best=4
[Episode 340/400] Steps: 720 | Reward:  261.07 | Battery:  82.74% | Loss: 0.1100
Placing Sensors
[Episode 341/400] Steps: 720 | Reward:  228.98 | Battery:  83.79% | Loss: 
Placing Sensors
[Episode 342/400] Steps: 720 | Reward:  243.17 | Battery:  77.86% | Loss: 
Placing Sensors
[Episode 343/400] Steps: 720 | Reward:  258.07 | Battery:  84.03% | Loss: 
Placing Sensors
Policy -0.0062 | Value 10.0914 | Lyap 0.0132 | Dynamics 0.2260 | Barrier 0.0169 | KL 0.01921 | CF 0.1516 | Std 0.2127 | RawLogStd 0.0901 | |a| 0.1160 | Alpha 0.0100 | MB 48/48
[Convergence check] ep 344 | avg_reward(last 50) 241.89 (best 241.89, above_threshold=True) | avg_lyap(last 10) 0.0112 (V=0.289+-0.213, viol=33.6%, dV=-0.000994, inball=29%, collapsed=False) | avg_barrier(last 10) 0.0312 | avg_std(last 10) 0.2149 | avg|a|(last 10) 0.1223 (cleared=True) | stable=False | trend +65.09/window t=+8.48 (plateau_streak=0/10) | checks_since_best=0
[Episode 344/400] Steps: 720 | Reward:  251.58 | Battery:  84.01% | Loss: 0.0433
Placing Sensors
[Episode 345/400] Steps: 720 | Reward:  258.27 | Battery:  82.29% | Loss: 
Placing Sensors
[Episode 346/400] Steps: 720 | Reward:  233.62 | Battery:  82.06% | Loss: 
Placing Sensors
[Episode 347/400] Steps: 720 | Reward:  231.26 | Battery:  81.65% | Loss: 
Placing Sensors
Policy -0.0114 | Value 9.7615 | Lyap 0.0114 | Dynamics 0.1661 | Barrier 0.0464 | KL 0.01117 | CF 0.1106 | Std 0.2120 | RawLogStd 0.0886 | |a| 0.1079 | Alpha 0.0100 | MB 48/48
[Convergence check] ep 348 | avg_reward(last 50) 241.87 (best 241.89, above_threshold=True) | avg_lyap(last 10) 0.0112 (V=0.289+-0.214, viol=33.7%, dV=-0.000993, inball=30%, collapsed=False) | avg_barrier(last 10) 0.0325 | avg_std(last 10) 0.2144 | avg|a|(last 10) 0.1203 (cleared=True) | stable=False | trend +61.15/window t=+8.10 (plateau_streak=0/10) | checks_since_best=1
[Episode 348/400] Steps: 720 | Reward:  232.52 | Battery:  80.50% | Loss: 0.1226
Placing Sensors
[Episode 349/400] Steps: 720 | Reward:  284.34 | Battery:  87.45% | Loss: 
Placing Sensors
[Episode 350/400] Steps: 720 | Reward:  228.99 | Battery:  80.47% | Loss: 
Placing Sensors
[Episode 351/400] Steps: 720 | Reward:  259.98 | Battery:  81.89% | Loss: 
Placing Sensors
Policy -0.0128 | Value 10.1739 | Lyap 0.0108 | Dynamics 0.1778 | Barrier 0.0274 | KL 0.01204 | CF 0.1292 | Std 0.2113 | RawLogStd 0.0871 | |a| 0.1012 | Alpha 0.0100 | MB 48/48
[Convergence check] ep 352 | avg_reward(last 50) 242.17 (best 242.17, above_threshold=True) | avg_lyap(last 10) 0.0111 (V=0.285+-0.214, viol=33.1%, dV=-0.001009, inball=30%, collapsed=False) | avg_barrier(last 10) 0.0314 | avg_std(last 10) 0.2139 | avg|a|(last 10) 0.1182 (cleared=True) | stable=False | trend +56.91/window t=+7.63 (plateau_streak=0/10) | checks_since_best=0
[Episode 352/400] Steps: 720 | Reward:  226.74 | Battery:  77.30% | Loss: 0.2043
Placing Sensors
[Episode 353/400] Steps: 720 | Reward:  251.66 | Battery:  81.14% | Loss: 
Placing Sensors
[Episode 354/400] Steps: 720 | Reward:  262.34 | Battery:  83.42% | Loss: 
Placing Sensors
[Episode 355/400] Steps: 720 | Reward:  249.38 | Battery:  84.15% | Loss: 
Placing Sensors
Policy -0.0143 | Value 9.9388 | Lyap 0.0114 | Dynamics 0.1535 | Barrier 0.0369 | KL 0.01162 | CF 0.1296 | Std 0.2108 | RawLogStd 0.0861 | |a| 0.1098 | Alpha 0.0100 | MB 48/48
[Convergence check] ep 356 | avg_reward(last 50) 243.05 (best 243.05, above_threshold=True) | avg_lyap(last 10) 0.0113 (V=0.285+-0.218, viol=32.8%, dV=-0.001017, inball=30%, collapsed=False) | avg_barrier(last 10) 0.0313 | avg_std(last 10) 0.2134 | avg|a|(last 10) 0.1170 (cleared=True) | stable=False | trend +56.95/window t=+7.74 (plateau_streak=0/10) | checks_since_best=0
[Episode 356/400] Steps: 720 | Reward:  247.42 | Battery:  85.07% | Loss: -0.1261
Placing Sensors
[Episode 357/400] Steps: 720 | Reward:  219.09 | Battery:  77.92% | Loss: 
Placing Sensors
[Episode 358/400] Steps: 720 | Reward:  248.18 | Battery:  82.05% | Loss: 
Placing Sensors
[Episode 359/400] Steps: 720 | Reward:  237.99 | Battery:  78.10% | Loss: 
Placing Sensors
Policy -0.0137 | Value 10.0133 | Lyap 0.0099 | Dynamics 0.1459 | Barrier 0.0250 | KL 0.01227 | CF 0.1209 | Std 0.2099 | RawLogStd 0.0841 | |a| 0.0934 | Alpha 0.0100 | MB 48/48
[Convergence check] ep 360 | avg_reward(last 50) 241.85 (best 243.05, above_threshold=True) | avg_lyap(last 10) 0.0113 (V=0.291+-0.222, viol=33.6%, dV=-0.000997, inball=29%, collapsed=False) | avg_barrier(last 10) 0.0294 | avg_std(last 10) 0.2129 | avg|a|(last 10) 0.1141 (cleared=True) | stable=False | trend +51.16/window t=+7.15 (plateau_streak=0/10) | checks_since_best=1
[Episode 360/400] Steps: 720 | Reward:  232.87 | Battery:  79.75% | Loss: -0.1125
Placing Sensors
[Episode 361/400] Steps: 720 | Reward:  257.74 | Battery:  83.51% | Loss: 
Placing Sensors
[Episode 362/400] Steps: 720 | Reward:  261.96 | Battery:  84.46% | Loss: 
Placing Sensors
[Episode 363/400] Steps: 720 | Reward:  236.51 | Battery:  77.24% | Loss: 
Placing Sensors
Policy -0.0125 | Value 9.2397 | Lyap 0.0101 | Dynamics 0.1428 | Barrier 0.0288 | KL 0.01434 | CF 0.1486 | Std 0.2093 | RawLogStd 0.0829 | |a| 0.0974 | Alpha 0.0100 | MB 48/48
[Convergence check] ep 364 | avg_reward(last 50) 244.36 (best 244.36, above_threshold=True) | avg_lyap(last 10) 0.0112 (V=0.290+-0.222, viol=33.2%, dV=-0.001023, inball=30%, collapsed=False) | avg_barrier(last 10) 0.0290 | avg_std(last 10) 0.2123 | avg|a|(last 10) 0.1107 (cleared=True) | stable=False | trend +51.44/window t=+7.24 (plateau_streak=0/10) | checks_since_best=0
[Episode 364/400] Steps: 720 | Reward:  266.34 | Battery:  83.52% | Loss: 0.0932
Placing Sensors
[Episode 365/400] Steps: 720 | Reward:  251.69 | Battery:  83.21% | Loss: 
Placing Sensors
[Episode 366/400] Steps: 720 | Reward:  249.02 | Battery:  85.53% | Loss: 
Placing Sensors
[Episode 367/400] Steps: 720 | Reward:  258.68 | Battery:  83.57% | Loss: 
Placing Sensors
Policy -0.0103 | Value 9.6847 | Lyap 0.0090 | Dynamics 0.1770 | Barrier 0.0130 | KL 0.01945 | CF 0.1815 | Std 0.2094 | RawLogStd 0.0831 | |a| 0.1024 | Alpha 0.0100 | MB 24/48
[Convergence check] ep 368 | avg_reward(last 50) 243.67 (best 244.36, above_threshold=True) | avg_lyap(last 10) 0.0109 (V=0.292+-0.224, viol=33.2%, dV=-0.001026, inball=29%, collapsed=False) | avg_barrier(last 10) 0.0286 | avg_std(last 10) 0.2117 | avg|a|(last 10) 0.1074 (cleared=True) | stable=False | trend +45.27/window t=+6.58 (plateau_streak=0/10) | checks_since_best=1
[Episode 368/400] Steps: 720 | Reward:  216.36 | Battery:  75.46% | Loss: -0.0280
Placing Sensors
[Episode 369/400] Steps: 720 | Reward:  263.79 | Battery:  80.91% | Loss: 
Placing Sensors
[Episode 370/400] Steps: 720 | Reward:  262.64 | Battery:  85.37% | Loss: 
Placing Sensors
[Episode 371/400] Steps: 720 | Reward:  264.78 | Battery:  86.30% | Loss: 
Placing Sensors
Policy -0.0187 | Value 10.0363 | Lyap 0.0082 | Dynamics 0.1728 | Barrier 0.0186 | KL 0.01638 | CF 0.1462 | Std 0.2089 | RawLogStd 0.0819 | |a| 0.1140 | Alpha 0.0100 | MB 48/48
[Convergence check] ep 372 | avg_reward(last 50) 243.01 (best 244.36, above_threshold=True) | avg_lyap(last 10) 0.0105 (V=0.291+-0.225, viol=33.1%, dV=-0.001028, inball=30%, collapsed=False) | avg_barrier(last 10) 0.0292 | avg_std(last 10) 0.2112 | avg|a|(last 10) 0.1068 (cleared=True) | stable=False | trend +47.52/window t=+6.89 (plateau_streak=0/10) | checks_since_best=2
[Episode 372/400] Steps: 720 | Reward:  174.15 | Battery:  62.40% | Loss: -0.2849
Placing Sensors
[Episode 373/400] Steps: 720 | Reward:  266.19 | Battery:  85.00% | Loss: 
Placing Sensors
[Episode 374/400] Steps: 720 | Reward:  270.60 | Battery:  83.70% | Loss: 
Placing Sensors
[Episode 375/400] Steps: 720 | Reward:  255.99 | Battery:  83.43% | Loss: 
Placing Sensors
Policy -0.0174 | Value 9.6018 | Lyap 0.0102 | Dynamics 0.1580 | Barrier 0.0208 | KL 0.01582 | CF 0.1623 | Std 0.2081 | RawLogStd 0.0804 | |a| 0.0990 | Alpha 0.0100 | MB 48/48
[Convergence check] ep 376 | avg_reward(last 50) 246.06 (best 246.06, above_threshold=True) | avg_lyap(last 10) 0.0104 (V=0.290+-0.227, viol=32.8%, dV=-0.001047, inball=30%, collapsed=False) | avg_barrier(last 10) 0.0269 | avg_std(last 10) 0.2106 | avg|a|(last 10) 0.1049 (cleared=True) | stable=False | trend +48.42/window t=+7.20 (plateau_streak=0/10) | checks_since_best=0
[Episode 376/400] Steps: 720 | Reward:  249.53 | Battery:  82.05% | Loss: -0.3824
Placing Sensors
[Episode 377/400] Steps: 720 | Reward:  277.57 | Battery:  88.63% | Loss: 
Placing Sensors
[Episode 378/400] Steps: 720 | Reward:  263.92 | Battery:  87.03% | Loss: 
Placing Sensors
[Episode 379/400] Steps: 720 | Reward:  236.09 | Battery:  80.71% | Loss: 
Placing Sensors
Policy -0.0148 | Value 9.2057 | Lyap 0.0095 | Dynamics 0.1665 | Barrier 0.0242 | KL 0.01487 | CF 0.1468 | Std 0.2076 | RawLogStd 0.0792 | |a| 0.1018 | Alpha 0.0100 | MB 48/48
[Convergence check] ep 380 | avg_reward(last 50) 245.20 (best 246.06, above_threshold=True) | avg_lyap(last 10) 0.0104 (V=0.289+-0.227, viol=32.7%, dV=-0.001050, inball=31%, collapsed=False) | avg_barrier(last 10) 0.0258 | avg_std(last 10) 0.2100 | avg|a|(last 10) 0.1043 (cleared=True) | stable=False | trend +41.17/window t=+6.66 (plateau_streak=0/10) | checks_since_best=1
[Episode 380/400] Steps: 720 | Reward:  209.79 | Battery:  78.67% | Loss: 0.0226
Placing Sensors
[Episode 381/400] Steps: 720 | Reward:  282.31 | Battery:  88.47% | Loss: 
Placing Sensors
[Episode 382/400] Steps: 720 | Reward:  237.50 | Battery:  79.32% | Loss: 
Placing Sensors
[Episode 383/400] Steps: 720 | Reward:  257.77 | Battery:  83.10% | Loss: 
Placing Sensors
Policy -0.0082 | Value 12.5714 | Lyap 0.0085 | Dynamics 0.1619 | Barrier 0.0280 | KL 0.01514 | CF 0.1651 | Std 0.2069 | RawLogStd 0.0776 | |a| 0.1344 | Alpha 0.0100 | MB 48/48
[Convergence check] ep 384 | avg_reward(last 50) 247.85 (best 247.85, above_threshold=True) | avg_lyap(last 10) 0.0099 (V=0.287+-0.229, viol=32.3%, dV=-0.001067, inball=31%, collapsed=False) | avg_barrier(last 10) 0.0269 | avg_std(last 10) 0.2094 | avg|a|(last 10) 0.1061 (cleared=True) | stable=False | trend +39.30/window t=+6.44 (plateau_streak=0/10) | checks_since_best=0
[Episode 384/400] Steps: 720 | Reward:  270.87 | Battery:  82.51% | Loss: 0.0498
Placing Sensors
[Episode 385/400] Steps: 720 | Reward:  262.02 | Battery:  83.86% | Loss: 
Placing Sensors
[Episode 386/400] Steps: 720 | Reward:  172.01 | Battery:  63.80% | Loss: 
Placing Sensors
[Episode 387/400] Steps: 720 | Reward:  227.93 | Battery:  77.20% | Loss: 
Placing Sensors
Policy -0.0164 | Value 12.2538 | Lyap 0.0105 | Dynamics 0.1804 | Barrier 0.0402 | KL 0.01402 | CF 0.1381 | Std 0.2063 | RawLogStd 0.0765 | |a| 0.1158 | Alpha 0.0100 | MB 48/48
[Convergence check] ep 388 | avg_reward(last 50) 246.31 (best 247.85, above_threshold=True) | avg_lyap(last 10) 0.0098 (V=0.287+-0.229, viol=32.7%, dV=-0.001055, inball=31%, collapsed=False) | avg_barrier(last 10) 0.0263 | avg_std(last 10) 0.2089 | avg|a|(last 10) 0.1069 (cleared=True) | stable=False | trend +34.96/window t=+5.70 (plateau_streak=0/10) | checks_since_best=1
[Episode 388/400] Steps: 720 | Reward:  272.27 | Battery:  84.22% | Loss: -0.1163
Placing Sensors
[Episode 389/400] Steps: 720 | Reward:  238.35 | Battery:  79.55% | Loss: 
Placing Sensors
[Episode 390/400] Steps: 720 | Reward:  275.85 | Battery:  87.55% | Loss: 
Placing Sensors
[Episode 391/400] Steps: 720 | Reward:  241.56 | Battery:  81.46% | Loss: 
Placing Sensors
Policy -0.0175 | Value 10.3412 | Lyap 0.0095 | Dynamics 0.1625 | Barrier 0.0344 | KL 0.01493 | CF 0.1560 | Std 0.2058 | RawLogStd 0.0752 | |a| 0.1104 | Alpha 0.0100 | MB 48/48
[Convergence check] ep 392 | avg_reward(last 50) 247.84 (best 247.85, above_threshold=True) | avg_lyap(last 10) 0.0097 (V=0.290+-0.232, viol=32.9%, dV=-0.001056, inball=30%, collapsed=False) | avg_barrier(last 10) 0.0270 | avg_std(last 10) 0.2083 | avg|a|(last 10) 0.1078 (cleared=True) | stable=False | trend +34.80/window t=+5.72 (plateau_streak=0/10) | checks_since_best=2
[Episode 392/400] Steps: 720 | Reward:  245.77 | Battery:  79.91% | Loss: -0.0032
Placing Sensors
[Episode 393/400] Steps: 720 | Reward:  209.77 | Battery:  75.24% | Loss: 
Placing Sensors
[Episode 394/400] Steps: 720 | Reward:  252.38 | Battery:  85.95% | Loss: 
Placing Sensors
[Episode 395/400] Steps: 720 | Reward:  233.19 | Battery:  82.46% | Loss: 
Placing Sensors
Policy -0.0079 | Value 12.3386 | Lyap 0.0087 | Dynamics 0.1923 | Barrier 0.0270 | KL 0.01911 | CF 0.1547 | Std 0.2051 | RawLogStd 0.0739 | |a| 0.1078 | Alpha 0.0100 | MB 48/48
[Convergence check] ep 396 | avg_reward(last 50) 246.88 (best 247.85, above_threshold=True) | avg_lyap(last 10) 0.0094 (V=0.289+-0.231, viol=33.2%, dV=-0.001039, inball=30%, collapsed=False) | avg_barrier(last 10) 0.0260 | avg_std(last 10) 0.2077 | avg|a|(last 10) 0.1076 (cleared=True) | stable=False | trend +33.87/window t=+5.56 (plateau_streak=0/10) | checks_since_best=3
[Episode 396/400] Steps: 720 | Reward:  258.13 | Battery:  86.08% | Loss: -0.1127
Placing Sensors
[Episode 397/400] Steps: 720 | Reward:  239.70 | Battery:  85.58% | Loss: 
Placing Sensors
[Episode 398/400] Steps: 720 | Reward:  254.22 | Battery:  79.27% | Loss: 
Placing Sensors
[Episode 399/400] Steps: 720 | Reward:  283.30 | Battery:  87.04% | Loss: 
Placing Sensors
Policy -0.0128 | Value 12.8419 | Lyap 0.0103 | Dynamics 0.1775 | Barrier 0.0515 | KL 0.01940 | CF 0.1736 | Std 0.2050 | RawLogStd 0.0735 | |a| 0.1181 | Alpha 0.0100 | MB 48/48
[Convergence check] ep 400 | avg_reward(last 50) 247.51 (best 247.85, above_threshold=True) | avg_lyap(last 10) 0.0095 (V=0.288+-0.231, viol=32.8%, dV=-0.001064, inball=31%, collapsed=False) | avg_barrier(last 10) 0.0286 | avg_std(last 10) 0.2072 | avg|a|(last 10) 0.1101 (cleared=True) | stable=False | trend +36.04/window t=+5.93 (plateau_streak=0/10) | checks_since_best=4
[Episode 400/400] Steps: 720 | Reward:  231.58 | Battery:  79.78% | Loss: -0.0126
Placing Sensors
  [validation 1/10] steps 720 | battery  37.8% ->  83.6% (min  35.7%) | reward   322.40 | |a| 0.070 | path     838 m
Placing Sensors
  [validation 2/10] steps 720 | battery  34.1% ->  89.2% (min  26.8%) | reward   382.89 | |a| 0.086 | path     410 m
Placing Sensors
  [validation 3/10] steps 720 | battery  39.6% ->  87.0% (min  32.7%) | reward   308.72 | |a| 0.180 | path     345 m
Placing Sensors
  [validation 4/10] steps 720 | battery  32.6% ->  87.6% (min  25.1%) | reward   413.61 | |a| 0.052 | path     548 m
Placing Sensors
  [validation 5/10] steps 720 | battery  35.9% ->  91.6% (min  34.5%) | reward   459.07 | |a| 0.036 | path     302 m
Placing Sensors
  [validation 6/10] steps 720 | battery  39.8% ->  91.1% (min  36.2%) | reward   439.78 | |a| 0.039 | path     373 m
Placing Sensors
  [validation 7/10] steps 720 | battery  38.1% ->  80.4% (min  34.4%) | reward   320.51 | |a| 0.049 | path     526 m
Placing Sensors
  [validation 8/10] steps 720 | battery  38.7% ->  87.7% (min  29.3%) | reward   367.22 | |a| 0.049 | path     512 m
Placing Sensors
  [validation 9/10] steps 720 | battery  39.0% ->  92.1% (min  36.9%) | reward   442.71 | |a| 0.044 | path     451 m
Placing Sensors
  [validation 10/10] steps 720 | battery  39.1% ->  84.7% (min  32.3%) | reward   337.34 | |a| 0.049 | path     511 m

==============================================================================
VALIDATION COMPLETE -- 10 independent deterministic episodes
==============================================================================
metric                       mean        std        min        max
reward                     379.42      56.58     308.72     459.07
final battery %             87.49       3.78      80.37      92.13
min battery %               32.40       4.06      25.12      36.86
steps                      720.00       0.00     720.00     720.00
solar W                     28.70       3.56      23.96      33.38
|action|                     0.07       0.04       0.04       0.18
path m                     481.46     150.44     302.23     837.51
tortuosity                   5.59       3.88       2.20      14.28
motion mAh                 346.81     107.42     222.75     600.65
idle mAh                 11582.40       0.00   11582.40   11582.40

survived full 720 steps : 10/10
ended below 20% battery         : 0/10
ended above 70% battery         : 10/10

reward 95% CI: 379.42 +- 35.07  (344.35 to 414.49)

total step rows written: 7200

==============================================
WALL CLOCK BREAKDOWN
==============================================
Total run time        :   22869.78 s
  Rollout (training)  :   22201.88 s  ( 97.1%)
    - policy inference:     263.98 s  (  1.2%)
    - env + reward    :   21937.90 s  ( 95.9%)
  PPO update()        :      56.45 s  (  0.2%)
  Checkpoint saves    :       0.21 s  (  0.0%)
  Final evaluation    :     492.31 s  (  2.2%)
  Other / logging     :     118.91 s  (  0.5%)

==============================================
PER-CALL AVERAGES
==============================================
Policy inference      :   295200 calls |    0.908 ms/step
  final eval only     :     7200 calls |    0.570 ms/step
PPO update()          :      100 calls |  564.529 ms/update
Episode               :      400 eps   |   55.944 s/episode

update() share of wall clock: 0.2%
