Placing Sensors
Placing Sensors
[Episode 1/400] Steps: 720 | Reward:  133.15 | Battery:  42.27% | Loss: 
Placing Sensors
Policy -0.0029 | Value 298.0256 | KL 0.00508 | CF 0.0593 | Std 0.1054 | |a| 0.0054 | Alpha 0.9261 | MB 24/24
  cert | viol 0.520 | dV -0.217274 | V 0.3894 | inball 0.171 | a*_q05 -0.01445 | a*_q50 0.00916 | dV>=0 0.183 | n=150 | a_used 0.01000 -> 0.00950
[Episode 2/400] Steps: 720 | Reward:  127.76 | Battery:  45.31% | Loss: 1.9522
Placing Sensors
[Episode 3/400] Steps: 720 | Reward:  159.14 | Battery:  49.18% | Loss: 
Placing Sensors
[Episode 4/400] Steps: 130 | Reward:  -56.39 | Battery:   0.00% | Loss: 
Placing Sensors
[Episode 5/400] Steps: 155 | Reward:  -52.71 | Battery:   0.00% | Loss: 
Placing Sensors
Policy -0.0043 | Value 239.1846 | KL 0.00595 | CF 0.0746 | Std 0.1055 | |a| 0.0094 | Alpha 0.8448 | MB 28/28
  cert | viol 0.190 | dV -0.175277 | V 0.2115 | inball 0.226 | a*_q05 -0.00589 | a*_q50 0.01966 | dV>=0 0.051 | n=150 | a_used 0.00950 -> 0.00888
[Episode 6/400] Steps: 720 | Reward:  200.93 | Battery:  60.63% | Loss: 1.7483
Placing Sensors
[Episode 7/400] Steps: 720 | Reward:  134.53 | Battery:  44.45% | Loss: 
Placing Sensors
Policy -0.0023 | Value 243.4386 | KL 0.00401 | CF 0.0483 | Std 0.1056 | |a| 0.0076 | Alpha 0.7824 | MB 24/24
  cert | viol 0.471 | dV -0.187271 | V 0.3819 | inball 0.148 | a*_q05 -0.01004 | a*_q50 0.00989 | dV>=0 0.231 | n=150 | a_used 0.00888 -> 0.00843
[Episode 8/400] Steps: 720 | Reward:  160.97 | Battery:  52.91% | Loss: 1.7428
Placing Sensors
[Episode 9/400] Steps: 720 | Reward:  256.24 | Battery:  78.91% | Loss: 
Placing Sensors
Policy -0.0038 | Value 286.2964 | KL 0.00361 | CF 0.0381 | Std 0.1057 | |a| 0.0063 | Alpha 0.7246 | MB 24/24
  cert | viol 0.235 | dV -0.271511 | V 0.4101 | inball 0.408 | a*_q05 -0.00065 | a*_q50 0.02176 | dV>=0 0.065 | n=150 | a_used 0.00843 -> 0.00801
[Episode 10/400] Steps: 720 | Reward:  246.11 | Battery:  67.93% | Loss: 1.7157
Placing Sensors
[Episode 11/400] Steps: 133 | Reward:  -58.99 | Battery:   0.00% | Loss: 
Placing Sensors
[Episode 12/400] Steps: 720 | Reward:  158.65 | Battery:  50.54% | Loss: 
Placing Sensors
[Episode 13/400] Steps:  91 | Reward:  -63.59 | Battery:   0.00% | Loss: 
Placing Sensors
[Episode 14/400] Steps: 106 | Reward:  -56.81 | Battery:   0.00% | Loss: 
Placing Sensors
Policy -0.0016 | Value 245.4661 | KL 0.00477 | CF 0.0527 | Std 0.1059 | |a| 0.0138 | Alpha 0.6593 | MB 28/28
  cert | viol 0.361 | dV -0.242940 | V 0.4173 | inball 0.166 | a*_q05 -0.01005 | a*_q50 0.01369 | dV>=0 0.162 | n=150 | a_used 0.00801 -> 0.00761
[Episode 15/400] Steps: 720 | Reward:  172.80 | Battery:  58.19% | Loss: 1.5455
Placing Sensors
[Episode 16/400] Steps: 720 | Reward:  206.65 | Battery:  51.77% | Loss: 
Placing Sensors
Policy 0.0027 | Value 293.0800 | KL 0.00541 | CF 0.0639 | Std 0.1061 | |a| 0.0076 | Alpha 0.6106 | MB 24/24
  cert | viol 0.223 | dV -0.284050 | V 0.4192 | inball 0.435 | a*_q05 -0.00003 | a*_q50 0.02818 | dV>=0 0.053 | n=150 | a_used 0.00761 -> 0.00559
[Episode 17/400] Steps: 720 | Reward:  215.49 | Battery:  67.84% | Loss: 1.3576
Placing Sensors
[Episode 18/400] Steps: 720 | Reward:  174.00 | Battery:  60.76% | Loss: 
Placing Sensors
[Episode 19/400] Steps: 183 | Reward:  -50.26 | Battery:   0.00% | Loss: 
Placing Sensors
Policy -0.0084 | Value 150.6965 | KL 0.00561 | CF 0.0708 | Std 0.1062 | |a| 0.0107 | Alpha 0.5600 | MB 28/28
  cert | viol 0.399 | dV -0.186180 | V 0.3404 | inball 0.034 | a*_q05 -0.01416 | a*_q50 0.00651 | dV>=0 0.190 | n=150 | a_used 0.00559 -> 0.00531
[Episode 20/400] Steps: 720 | Reward:  148.43 | Battery:  45.21% | Loss: 0.9656
Placing Sensors
[Episode 21/400] Steps: 720 | Reward:  131.83 | Battery:  40.71% | Loss: 
Placing Sensors
[Episode 22/400] Steps: 108 | Reward:  -67.93 | Battery:   0.00% | Loss: 
Placing Sensors
Policy 0.0145 | Value 241.8653 | KL 0.00659 | CF 0.0772 | Std 0.1065 | |a| 0.0102 | Alpha 0.5157 | MB 28/28
  cert | viol 0.339 | dV -0.252333 | V 0.4070 | inball 0.144 | a*_q05 -0.01711 | a*_q50 0.01094 | dV>=0 0.196 | n=150 | a_used 0.00531 -> 0.00504
[Episode 23/400] Steps: 720 | Reward:  117.15 | Battery:  34.78% | Loss: 0.6541
Placing Sensors
[Episode 24/400] Steps: 720 | Reward:  195.87 | Battery:  61.45% | Loss: 
Placing Sensors
Policy -0.0039 | Value 184.5184 | KL 0.00664 | CF 0.0899 | Std 0.1067 | |a| 0.0098 | Alpha 0.4776 | MB 24/24
  cert | viol 0.217 | dV -0.226714 | V 0.3452 | inball 0.303 | a*_q05 -0.00491 | a*_q50 0.01503 | dV>=0 0.112 | n=150 | a_used 0.00504 -> 0.00479
[Episode 25/400] Steps: 720 | Reward:  200.32 | Battery:  58.01% | Loss: 0.9217
Placing Sensors
[Episode 26/400] Steps: 720 | Reward:  241.37 | Battery:  72.15% | Loss: 
Placing Sensors
Policy -0.0020 | Value 143.7068 | KL 0.01145 | CF 0.1384 | Std 0.1069 | |a| 0.0122 | Alpha 0.4423 | MB 24/24
  cert | viol 0.301 | dV -0.248041 | V 0.4400 | inball 0.221 | a*_q05 -0.01228 | a*_q50 0.01267 | dV>=0 0.194 | n=150 | a_used 0.00479 -> 0.00455
[Episode 27/400] Steps: 720 | Reward:  174.60 | Battery:  57.85% | Loss: 0.8249
Placing Sensors
[Episode 28/400] Steps: 158 | Reward:  -59.11 | Battery:   0.00% | Loss: 
Placing Sensors
[Episode 29/400] Steps: 720 | Reward:  149.03 | Battery:  47.69% | Loss: 
Placing Sensors
[Episode 30/400] Steps: 208 | Reward:  -42.88 | Battery:   0.00% | Loss: 
Placing Sensors
Policy 0.0049 | Value 114.2058 | KL 0.00801 | CF 0.0966 | Std 0.1071 | |a| 0.0096 | Alpha 0.4017 | MB 32/32
  cert | viol 0.389 | dV -0.164311 | V 0.4056 | inball 0.118 | a*_q05 -0.00489 | a*_q50 0.00687 | dV>=0 0.173 | n=150 | a_used 0.00455 -> 0.00444
[Episode 31/400] Steps: 720 | Reward:  127.05 | Battery:  47.11% | Loss: 1.0853
Placing Sensors
[Episode 32/400] Steps: 161 | Reward:  -62.09 | Battery:   0.00% | Loss: 
Placing Sensors
[Episode 33/400] Steps: 720 | Reward:   90.21 | Battery:  28.78% | Loss: 
Placing Sensors
Policy -0.0100 | Value 114.1720 | KL 0.00400 | CF 0.0448 | Std 0.1073 | |a| 0.0106 | Alpha 0.3688 | MB 28/28
  cert | viol 0.454 | dV -0.191894 | V 0.4867 | inball 0.190 | a*_q05 -0.00397 | a*_q50 0.00536 | dV>=0 0.290 | n=150 | a_used 0.00444 -> 0.00422
[Episode 34/400] Steps: 720 | Reward:  213.52 | Battery:  66.96% | Loss: 0.5204
Placing Sensors
[Episode 35/400] Steps: 720 | Reward:  184.90 | Battery:  62.10% | Loss: 
Placing Sensors
[Episode 36/400] Steps: 170 | Reward:  -62.50 | Battery:   0.00% | Loss: 
Placing Sensors
Policy -0.0017 | Value 147.8642 | KL 0.00536 | CF 0.0676 | Std 0.1075 | |a| 0.0102 | Alpha 0.3385 | MB 28/28
  cert | viol 0.382 | dV -0.172717 | V 0.3806 | inball 0.184 | a*_q05 -0.01579 | a*_q50 0.00841 | dV>=0 0.215 | n=150 | a_used 0.00422 -> 0.00401
[Episode 37/400] Steps: 720 | Reward:  117.39 | Battery:  33.65% | Loss: 0.6507
Placing Sensors
[Episode 38/400] Steps: 194 | Reward:  -40.15 | Battery:   0.00% | Loss: 
Placing Sensors
[Episode 39/400] Steps: 105 | Reward:  -65.98 | Battery:   0.00% | Loss: 
Placing Sensors
[Episode 40/400] Steps: 720 | Reward:  182.73 | Battery:  58.14% | Loss: 
Placing Sensors
Policy 0.0002 | Value 95.7190 | KL 0.00449 | CF 0.0527 | Std 0.1077 | |a| 0.0098 | Alpha 0.3085 | MB 28/28
  cert | viol 0.324 | dV -0.159626 | V 0.3517 | inball 0.110 | a*_q05 -0.01015 | a*_q50 0.00914 | dV>=0 0.202 | n=150 | a_used 0.00401 -> 0.00381
[Episode 41/400] Steps: 720 | Reward:  121.75 | Battery:  43.16% | Loss: 0.6222
Placing Sensors
[Episode 42/400] Steps: 125 | Reward:  -60.94 | Battery:   0.00% | Loss: 
Placing Sensors
[Episode 43/400] Steps: 720 | Reward:  178.83 | Battery:  57.49% | Loss: 
Placing Sensors
Policy -0.0022 | Value 124.9689 | KL 0.00553 | CF 0.0692 | Std 0.1079 | |a| 0.0118 | Alpha 0.2838 | MB 28/28
  cert | viol 0.323 | dV -0.202441 | V 0.3901 | inball 0.200 | a*_q05 -0.00655 | a*_q50 0.00983 | dV>=0 0.172 | n=150 | a_used 0.00381 -> 0.00362
[Episode 44/400] Steps: 720 | Reward:  161.82 | Battery:  56.00% | Loss: 0.5513
Placing Sensors
[Episode 45/400] Steps: 720 | Reward:  167.16 | Battery:  48.26% | Loss: 
Placing Sensors
[Episode 46/400] Steps: 103 | Reward:  -62.86 | Battery:   0.00% | Loss: 
Placing Sensors
[Episode 47/400] Steps: 119 | Reward:  -54.37 | Battery:   0.00% | Loss: 
Placing Sensors
[Episode 48/400] Steps: 176 | Reward:  -66.68 | Battery:   0.00% | Loss: 
Placing Sensors
Policy 0.0067 | Value 101.1264 | KL 0.00316 | CF 0.0293 | Std 0.1081 | |a| 0.0126 | Alpha 0.2574 | MB 32/32
  cert | viol 0.390 | dV -0.164804 | V 0.3556 | inball 0.133 | a*_q05 -0.01447 | a*_q50 0.01130 | dV>=0 0.339 | n=150 | a_used 0.00362 -> 0.00344
[Episode 49/400] Steps: 720 | Reward:  153.19 | Battery:  53.21% | Loss: 0.5602
Placing Sensors
[Episode 50/400] Steps: 133 | Reward:  -51.42 | Battery:   0.00% | Loss: 
Placing Sensors
[Episode 51/400] Steps: 720 | Reward:  149.23 | Battery:  48.22% | Loss: 
Placing Sensors
Policy 0.0062 | Value 124.2266 | KL 0.00649 | CF 0.0912 | Std 0.1082 | |a| 0.0169 | Alpha 0.2367 | MB 28/28
  cert | viol 0.213 | dV -0.233774 | V 0.4022 | inball 0.235 | a*_q05 -0.00049 | a*_q50 0.01636 | dV>=0 0.076 | n=150 | a_used 0.00344 -> 0.00345
[Episode 52/400] Steps: 720 | Reward:  221.85 | Battery:  71.65% | Loss: 0.4870
Placing Sensors
[Episode 53/400] Steps: 720 | Reward:  185.54 | Battery:  57.54% | Loss: 
Placing Sensors
[Episode 54/400] Steps:  89 | Reward:  -62.77 | Battery:   0.00% | Loss: 
Placing Sensors
Policy 0.0001 | Value 139.1268 | KL 0.00351 | CF 0.0361 | Std 0.1084 | |a| 0.0179 | Alpha 0.2181 | MB 24/24
  cert | viol 0.196 | dV -0.185706 | V 0.3591 | inball 0.159 | a*_q05 -0.00204 | a*_q50 0.01191 | dV>=0 0.133 | n=150 | a_used 0.00345 -> 0.00328
[Episode 55/400] Steps: 720 | Reward:  205.96 | Battery:  70.96% | Loss: 0.4701
Placing Sensors
[Episode 56/400] Steps: 720 | Reward:  235.74 | Battery:  71.42% | Loss: 
Placing Sensors
Policy -0.0001 | Value 109.2417 | KL 0.00582 | CF 0.0753 | Std 0.1085 | |a| 0.0163 | Alpha 0.2020 | MB 24/24
  cert | viol 0.174 | dV -0.201863 | V 0.3245 | inball 0.354 | a*_q05 -0.00104 | a*_q50 0.01439 | dV>=0 0.091 | n=150 | a_used 0.00328 -> 0.00311
[Episode 57/400] Steps: 720 | Reward:  241.11 | Battery:  80.81% | Loss: 0.3803
Placing Sensors
[Episode 58/400] Steps: 720 | Reward:  191.54 | Battery:  60.79% | Loss: 
Placing Sensors
Policy -0.0041 | Value 106.8552 | KL 0.00326 | CF 0.0327 | Std 0.1087 | |a| 0.0158 | Alpha 0.1871 | MB 24/24
  cert | viol 0.367 | dV -0.153098 | V 0.3740 | inball 0.162 | a*_q05 -0.01189 | a*_q50 0.00999 | dV>=0 0.303 | n=150 | a_used 0.00311 -> 0.00296
[Episode 59/400] Steps: 720 | Reward:  150.73 | Battery:  47.35% | Loss: 0.2761
Placing Sensors
[Episode 60/400] Steps: 100 | Reward:  -58.38 | Battery:   0.00% | Loss: 
Placing Sensors
[Episode 61/400] Steps: 720 | Reward:  238.27 | Battery:  75.23% | Loss: 
Placing Sensors
Policy 0.0073 | Value 76.5335 | KL 0.00688 | CF 0.0900 | Std 0.1088 | |a| 0.0113 | Alpha 0.1724 | MB 28/28
  cert | viol 0.282 | dV -0.186093 | V 0.3915 | inball 0.141 | a*_q05 -0.00918 | a*_q50 0.01026 | dV>=0 0.185 | n=150 | a_used 0.00296 -> 0.00313
[Episode 62/400] Steps: 720 | Reward:   97.50 | Battery:  34.08% | Loss: -0.0986
Placing Sensors
[Episode 63/400] Steps: 720 | Reward:  160.33 | Battery:  55.01% | Loss: 
Placing Sensors
Policy 0.0055 | Value 121.5656 | KL 0.00409 | CF 0.0460 | Std 0.1089 | |a| 0.0101 | Alpha 0.1596 | MB 24/24
  cert | viol 0.222 | dV -0.191549 | V 0.2879 | inball 0.133 | a*_q05 -0.01758 | a*_q50 0.01363 | dV>=0 0.166 | n=150 | a_used 0.00313 -> 0.00298
[Episode 64/400] Steps: 720 | Reward:  108.35 | Battery:  35.19% | Loss: 0.3487
Placing Sensors
[Episode 65/400] Steps: 143 | Reward:  -49.40 | Battery:   0.00% | Loss: 
Placing Sensors
[Episode 66/400] Steps: 132 | Reward:  -69.97 | Battery:   0.00% | Loss: 
Placing Sensors
[Episode 67/400] Steps: 720 | Reward:  193.03 | Battery:  67.64% | Loss: 
Placing Sensors
[Episode 68/400] Steps: 106 | Reward:  -70.30 | Battery:   0.00% | Loss: 
Placing Sensors
Policy -0.0061 | Value 107.1725 | KL 0.00426 | CF 0.0440 | Std 0.1090 | |a| 0.0089 | Alpha 0.1449 | MB 32/32
  cert | viol 0.366 | dV -0.191032 | V 0.3396 | inball 0.058 | a*_q05 -0.01177 | a*_q50 0.00626 | dV>=0 0.233 | n=150 | a_used 0.00298 -> 0.00283
[Episode 69/400] Steps: 720 | Reward:  142.05 | Battery:  42.69% | Loss: 0.3245
Placing Sensors
[Episode 70/400] Steps: 164 | Reward:  -54.36 | Battery:   0.00% | Loss: 
Placing Sensors
[Episode 71/400] Steps: 720 | Reward:  174.65 | Battery:  55.76% | Loss: 
Placing Sensors
[Episode 72/400] Steps: 100 | Reward:  -60.33 | Battery:   0.00% | Loss: 
Placing Sensors
Policy -0.0057 | Value 93.3737 | KL 0.00739 | CF 0.1051 | Std 0.1091 | |a| 0.0116 | Alpha 0.1323 | MB 28/28
  cert | viol 0.432 | dV -0.189076 | V 0.4414 | inball 0.128 | a*_q05 -0.00474 | a*_q50 0.00523 | dV>=0 0.224 | n=150 | a_used 0.00283 -> 0.00269
[Episode 73/400] Steps: 720 | Reward:  120.38 | Battery:  38.94% | Loss: 0.2714
Placing Sensors
[Episode 74/400] Steps: 720 | Reward:  191.44 | Battery:  66.92% | Loss: 
Placing Sensors
Policy -0.0027 | Value 103.9190 | KL 0.00585 | CF 0.0717 | Std 0.1092 | |a| 0.0123 | Alpha 0.1225 | MB 24/24
  cert | viol 0.410 | dV -0.163452 | V 0.3681 | inball 0.084 | a*_q05 -0.00875 | a*_q50 0.00607 | dV>=0 0.191 | n=150 | a_used 0.00269 -> 0.00255
[Episode 75/400] Steps: 720 | Reward:  185.82 | Battery:  61.26% | Loss: 0.1958
Placing Sensors
[Episode 76/400] Steps: 115 | Reward:  -69.43 | Battery:   0.00% | Loss: 
Placing Sensors
[Episode 77/400] Steps: 720 | Reward:  120.04 | Battery:  36.10% | Loss: 
Placing Sensors
[Episode 78/400] Steps: 173 | Reward:  -65.46 | Battery:   0.00% | Loss: 
Placing Sensors
Policy 0.0007 | Value 89.5736 | KL 0.00376 | CF 0.0392 | Std 0.1093 | |a| 0.0133 | Alpha 0.1117 | MB 28/28
  cert | viol 0.292 | dV -0.119873 | V 0.2675 | inball 0.075 | a*_q05 -0.00634 | a*_q50 0.00636 | dV>=0 0.229 | n=150 | a_used 0.00255 -> 0.00242
[Episode 79/400] Steps: 720 | Reward:  190.20 | Battery:  53.78% | Loss: 0.3975
Placing Sensors
[Episode 80/400] Steps: 720 | Reward:  183.28 | Battery:  61.33% | Loss: 
Placing Sensors
[Episode 81/400] Steps: 194 | Reward:  -43.28 | Battery:   0.00% | Loss: 
Placing Sensors
[Episode 82/400] Steps: 185 | Reward:  -56.54 | Battery:   0.00% | Loss: 
Placing Sensors
[Episode 83/400] Steps: 126 | Reward:  -61.09 | Battery:   0.00% | Loss: 
Placing Sensors
Policy -0.0038 | Value 76.6403 | KL 0.00567 | CF 0.0722 | Std 0.1093 | |a| 0.0150 | Alpha 0.1007 | MB 32/32
  cert | viol 0.224 | dV -0.230721 | V 0.4031 | inball 0.152 | a*_q05 -0.01305 | a*_q50 0.01453 | dV>=0 0.161 | n=150 | a_used 0.00242 -> 0.00230
[Episode 84/400] Steps: 720 | Reward:  167.25 | Battery:  54.60% | Loss: 0.2018
Placing Sensors
[Episode 85/400] Steps: 720 | Reward:  178.83 | Battery:  66.10% | Loss: 
Placing Sensors
Policy -0.0017 | Value 84.9530 | KL 0.00499 | CF 0.0562 | Std 0.1094 | |a| 0.0132 | Alpha 0.0933 | MB 24/24
  cert | viol 0.402 | dV -0.167116 | V 0.4412 | inball 0.050 | a*_q05 -0.00384 | a*_q50 0.00430 | dV>=0 0.276 | n=150 | a_used 0.00230 -> 0.00219
[Episode 86/400] Steps: 720 | Reward:   89.03 | Battery:  26.65% | Loss: 0.1102
Placing Sensors
[Episode 87/400] Steps: 720 | Reward:  111.39 | Battery:  41.00% | Loss: 
Placing Sensors
Policy 0.0021 | Value 73.9545 | KL 0.00459 | CF 0.0503 | Std 0.1095 | |a| 0.0133 | Alpha 0.0864 | MB 24/24
  cert | viol 0.331 | dV -0.173277 | V 0.4512 | inball 0.149 | a*_q05 -0.00544 | a*_q50 0.00682 | dV>=0 0.224 | n=150 | a_used 0.00219 -> 0.00208
[Episode 88/400] Steps: 720 | Reward:  221.21 | Battery:  73.79% | Loss: 0.2425
Placing Sensors
[Episode 89/400] Steps: 720 | Reward:  241.47 | Battery:  72.57% | Loss: 
Placing Sensors
[Episode 90/400] Steps: 124 | Reward:  -76.90 | Battery:   0.00% | Loss: 
Placing Sensors
Policy 0.0144 | Value 121.5132 | KL 0.00541 | CF 0.0628 | Std 0.1096 | |a| 0.0131 | Alpha 0.0795 | MB 28/28
  cert | viol 0.100 | dV -0.306511 | V 0.4272 | inball 0.384 | a*_q05 0.00072 | a*_q50 0.02369 | dV>=0 0.053 | n=150 | a_used 0.00208 -> 0.00197
[Episode 91/400] Steps: 720 | Reward:  230.89 | Battery:  68.44% | Loss: 0.2927
Placing Sensors
[Episode 92/400] Steps: 720 | Reward:  176.28 | Battery:  53.22% | Loss: 
Placing Sensors
Policy -0.0045 | Value 190.1462 | KL 0.00672 | CF 0.0831 | Std 0.1096 | |a| 0.0151 | Alpha 0.0736 | MB 24/24
  cert | viol 0.109 | dV -0.291653 | V 0.4562 | inball 0.300 | a*_q05 -0.00201 | a*_q50 0.01597 | dV>=0 0.063 | n=150 | a_used 0.00197 -> 0.00188
[Episode 93/400] Steps: 720 | Reward:  224.68 | Battery:  71.16% | Loss: 0.0263
Placing Sensors
[Episode 94/400] Steps: 720 | Reward:  191.05 | Battery:  60.10% | Loss: 
Placing Sensors
[Episode 95/400] Steps: 134 | Reward:  -69.12 | Battery:   0.00% | Loss: 
Placing Sensors
[Episode 96/400] Steps: 161 | Reward:  -68.98 | Battery:   0.00% | Loss: 
Placing Sensors
Policy -0.0041 | Value 108.1313 | KL 0.00738 | CF 0.1002 | Std 0.1097 | |a| 0.0118 | Alpha 0.0671 | MB 28/28
  cert | viol 0.242 | dV -0.249330 | V 0.3814 | inball 0.173 | a*_q05 -0.00675 | a*_q50 0.01139 | dV>=0 0.176 | n=150 | a_used 0.00188 -> 0.00178
[Episode 97/400] Steps: 720 | Reward:  228.20 | Battery:  79.51% | Loss: 0.1402
Placing Sensors
[Episode 98/400] Steps: 720 | Reward:  184.71 | Battery:  61.86% | Loss: 
Placing Sensors
Policy 0.0042 | Value 117.6503 | KL 0.00569 | CF 0.0738 | Std 0.1098 | |a| 0.0121 | Alpha 0.0621 | MB 24/24
  cert | viol 0.123 | dV -0.278204 | V 0.4300 | inball 0.299 | a*_q05 -0.00073 | a*_q50 0.01995 | dV>=0 0.089 | n=150 | a_used 0.00178 -> 0.00183
[Episode 99/400] Steps: 720 | Reward:  199.60 | Battery:  57.95% | Loss: 0.1237
Placing Sensors
[Episode 100/400] Steps: 720 | Reward:  180.25 | Battery:  54.87% | Loss: 
Placing Sensors
[Episode 101/400] Steps: 103 | Reward:  -55.88 | Battery:   0.00% | Loss: 
Placing Sensors
Policy 0.0272 | Value 76.5464 | KL 0.00690 | CF 0.0867 | Std 0.1098 | |a| 0.0143 | Alpha 0.0572 | MB 28/28
  cert | viol 0.266 | dV -0.155793 | V 0.3052 | inball 0.053 | a*_q05 -0.00884 | a*_q50 0.00621 | dV>=0 0.201 | n=150 | a_used 0.00183 -> 0.00174
[Episode 102/400] Steps: 720 | Reward:  126.35 | Battery:  43.45% | Loss: 0.0521
Placing Sensors
[Episode 103/400] Steps: 720 | Reward:  173.42 | Battery:  52.35% | Loss: 
Placing Sensors
Policy -0.0094 | Value 139.3410 | KL 0.01017 | CF 0.1228 | Std 0.1099 | |a| 0.0154 | Alpha 0.0530 | MB 24/24
  cert | viol 0.147 | dV -0.264933 | V 0.4139 | inball 0.312 | a*_q05 -0.00486 | a*_q50 0.02075 | dV>=0 0.124 | n=150 | a_used 0.00174 -> 0.00165
[Episode 104/400] Steps: 720 | Reward:  215.07 | Battery:  70.31% | Loss: 0.1571
Placing Sensors
[Episode 105/400] Steps: 132 | Reward:  -70.88 | Battery:   0.00% | Loss: 
Placing Sensors
[Episode 106/400] Steps: 720 | Reward:  201.30 | Battery:  59.79% | Loss: 
Placing Sensors
Policy 0.0025 | Value 166.4964 | KL 0.00565 | CF 0.0719 | Std 0.1099 | |a| 0.0172 | Alpha 0.0488 | MB 28/28
  cert | viol 0.148 | dV -0.263582 | V 0.4167 | inball 0.334 | a*_q05 -0.00139 | a*_q50 0.02099 | dV>=0 0.121 | n=150 | a_used 0.00165 -> 0.00153
[Episode 107/400] Steps: 720 | Reward:  201.49 | Battery:  57.24% | Loss: 0.3713
Placing Sensors
[Episode 108/400] Steps: 104 | Reward:  -65.90 | Battery:   0.00% | Loss: 
Placing Sensors
[Episode 109/400] Steps: 720 | Reward:  235.49 | Battery:  76.62% | Loss: 
Placing Sensors
Policy -0.0062 | Value 85.7788 | KL 0.00960 | CF 0.1067 | Std 0.1100 | |a| 0.0158 | Alpha 0.0449 | MB 28/28
  cert | viol 0.137 | dV -0.195194 | V 0.3621 | inball 0.294 | a*_q05 0.00045 | a*_q50 0.01741 | dV>=0 0.107 | n=150 | a_used 0.00153 -> 0.00152
[Episode 110/400] Steps: 720 | Reward:  186.77 | Battery:  61.19% | Loss: -0.1998
Placing Sensors
[Episode 111/400] Steps: 720 | Reward:  216.18 | Battery:  59.48% | Loss: 
Placing Sensors
Policy 0.0048 | Value 88.2473 | KL 0.00608 | CF 0.0755 | Std 0.1100 | |a| 0.0171 | Alpha 0.0416 | MB 24/24
  cert | viol 0.135 | dV -0.170104 | V 0.3073 | inball 0.209 | a*_q05 -0.01241 | a*_q50 0.00724 | dV>=0 0.117 | n=150 | a_used 0.00152 -> 0.00145
[Episode 112/400] Steps: 720 | Reward:  123.16 | Battery:  37.73% | Loss: 0.0326
Placing Sensors
[Episode 113/400] Steps: 720 | Reward:  286.22 | Battery:  85.16% | Loss: 
Placing Sensors
Policy -0.0017 | Value 99.9219 | KL 0.00730 | CF 0.0939 | Std 0.1100 | |a| 0.0185 | Alpha 0.0385 | MB 24/24
  cert | viol 0.039 | dV -0.309709 | V 0.4340 | inball 0.401 | a*_q05 0.00210 | a*_q50 0.02192 | dV>=0 0.023 | n=150 | a_used 0.00145 -> 0.00149
[Episode 114/400] Steps: 720 | Reward:  184.73 | Battery:  57.53% | Loss: 0.0832
Placing Sensors
[Episode 115/400] Steps: 720 | Reward:  241.69 | Battery:  71.65% | Loss: 
Placing Sensors
Policy 0.0013 | Value 186.0225 | KL 0.00832 | CF 0.1080 | Std 0.1100 | |a| 0.0146 | Alpha 0.0357 | MB 24/24
  cert | viol 0.052 | dV -0.247181 | V 0.3404 | inball 0.307 | a*_q05 -0.00012 | a*_q50 0.02198 | dV>=0 0.037 | n=150 | a_used 0.00149 -> 0.00156
[Episode 116/400] Steps: 720 | Reward:  203.78 | Battery:  62.89% | Loss: 0.0946
Placing Sensors
[Episode 117/400] Steps: 720 | Reward:  152.84 | Battery:  49.01% | Loss: 
Placing Sensors
Policy 0.0053 | Value 117.1656 | KL 0.00882 | CF 0.1152 | Std 0.1100 | |a| 0.0147 | Alpha 0.0330 | MB 24/24
  cert | viol 0.057 | dV -0.190080 | V 0.2758 | inball 0.275 | a*_q05 0.00132 | a*_q50 0.01602 | dV>=0 0.049 | n=150 | a_used 0.00156 -> 0.00164
[Episode 118/400] Steps: 720 | Reward:  189.12 | Battery:  52.15% | Loss: 0.1772
Placing Sensors
[Episode 119/400] Steps: 113 | Reward:  -73.03 | Battery:   0.00% | Loss: 
Placing Sensors
[Episode 120/400] Steps: 720 | Reward:  155.55 | Battery:  51.72% | Loss: 
Placing Sensors
Policy 0.0075 | Value 167.0821 | KL 0.00648 | CF 0.0762 | Std 0.1101 | |a| 0.0157 | Alpha 0.0304 | MB 28/28
  cert | viol 0.083 | dV -0.254007 | V 0.3853 | inball 0.266 | a*_q05 -0.00028 | a*_q50 0.01835 | dV>=0 0.063 | n=150 | a_used 0.00164 -> 0.00172
[Episode 121/400] Steps: 720 | Reward:  222.89 | Battery:  61.32% | Loss: -0.0372
Placing Sensors
[Episode 122/400] Steps: 126 | Reward:  -51.73 | Battery:   0.00% | Loss: 
Placing Sensors
[Episode 123/400] Steps: 720 | Reward:  248.06 | Battery:  72.59% | Loss: 
Placing Sensors
Policy -0.0012 | Value 177.5618 | KL 0.00515 | CF 0.0631 | Std 0.1101 | |a| 0.0138 | Alpha 0.0280 | MB 28/28
  cert | viol 0.136 | dV -0.285412 | V 0.4685 | inball 0.394 | a*_q05 -0.00168 | a*_q50 0.02439 | dV>=0 0.117 | n=150 | a_used 0.00172 -> 0.00164
[Episode 124/400] Steps: 720 | Reward:  178.46 | Battery:  57.69% | Loss: 0.3308
Placing Sensors
[Episode 125/400] Steps: 720 | Reward:  246.16 | Battery:  68.07% | Loss: 
Placing Sensors
Policy -0.0059 | Value 124.0416 | KL 0.00546 | CF 0.0699 | Std 0.1101 | |a| 0.0154 | Alpha 0.0259 | MB 24/24
  cert | viol 0.174 | dV -0.288119 | V 0.4551 | inball 0.397 | a*_q05 -0.00012 | a*_q50 0.02213 | dV>=0 0.058 | n=150 | a_used 0.00164 -> 0.00141
[Episode 126/400] Steps: 720 | Reward:  212.75 | Battery:  63.13% | Loss: 0.0804
Placing Sensors
[Episode 127/400] Steps: 720 | Reward:  201.80 | Battery:  65.58% | Loss: 
Placing Sensors
Policy -0.0028 | Value 102.6689 | KL 0.00894 | CF 0.1176 | Std 0.1101 | |a| 0.0156 | Alpha 0.0240 | MB 24/24
  cert | viol 0.140 | dV -0.257450 | V 0.3945 | inball 0.208 | a*_q05 -0.00699 | a*_q50 0.01392 | dV>=0 0.093 | n=150 | a_used 0.00141 -> 0.00134
[Episode 128/400] Steps: 720 | Reward:  162.99 | Battery:  50.75% | Loss: 0.1414
Placing Sensors
[Episode 129/400] Steps: 720 | Reward:  243.87 | Battery:  64.17% | Loss: 
Placing Sensors
Policy -0.0014 | Value 128.0912 | KL 0.00673 | CF 0.0797 | Std 0.1101 | |a| 0.0167 | Alpha 0.0222 | MB 24/24
  cert | viol 0.119 | dV -0.251674 | V 0.3902 | inball 0.392 | a*_q05 -0.00035 | a*_q50 0.02300 | dV>=0 0.075 | n=150 | a_used 0.00134 -> 0.00127
[Episode 130/400] Steps: 720 | Reward:  201.35 | Battery:  67.03% | Loss: 0.0321
Placing Sensors
[Episode 131/400] Steps: 152 | Reward:  -65.64 | Battery:   0.00% | Loss: 
Placing Sensors
[Episode 132/400] Steps: 720 | Reward:  301.57 | Battery:  80.33% | Loss: 
Placing Sensors
Policy -0.0187 | Value 128.7095 | KL 0.00608 | CF 0.0751 | Std 0.1100 | |a| 0.0162 | Alpha 0.0204 | MB 28/28
  cert | viol 0.071 | dV -0.323773 | V 0.4486 | inball 0.477 | a*_q05 0.00114 | a*_q50 0.02848 | dV>=0 0.045 | n=150 | a_used 0.00127 -> 0.00121
[Episode 133/400] Steps: 720 | Reward:  256.42 | Battery:  75.22% | Loss: 0.0006
Placing Sensors
[Episode 134/400] Steps: 135 | Reward:  -70.51 | Battery:   0.00% | Loss: 
Placing Sensors
[Episode 135/400] Steps: 720 | Reward:  268.24 | Battery:  67.55% | Loss: 
Placing Sensors
Policy 0.0299 | Value 350.2081 | KL 0.01444 | CF 0.1684 | Std 0.1100 | |a| 0.0137 | Alpha 0.0188 | MB 28/28
  cert | viol 0.000 | dV -0.240823 | V 0.2592 | inball 0.517 | a*_q05 0.01096 | a*_q50 0.03596 | dV>=0 0.000 | n=150 | a_used 0.00121 -> 0.00134
[Episode 136/400] Steps: 720 | Reward:  218.61 | Battery:  54.17% | Loss: 0.2253
Placing Sensors
[Episode 137/400] Steps: 720 | Reward:  185.97 | Battery:  60.46% | Loss: 
Placing Sensors
Policy -0.0056 | Value 101.5043 | KL 0.00818 | CF 0.0992 | Std 0.1100 | |a| 0.0155 | Alpha 0.0174 | MB 24/24
  cert | viol 0.022 | dV -0.249097 | V 0.3116 | inball 0.395 | a*_q05 0.00304 | a*_q50 0.02050 | dV>=0 0.019 | n=150 | a_used 0.00134 -> 0.00141
[Episode 138/400] Steps: 720 | Reward:  256.31 | Battery:  73.80% | Loss: -0.0306
Placing Sensors
[Episode 139/400] Steps: 720 | Reward:  279.21 | Battery:  84.18% | Loss: 
Placing Sensors
Policy -0.0020 | Value 128.9018 | KL 0.01235 | CF 0.1709 | Std 0.1100 | |a| 0.0196 | Alpha 0.0161 | MB 24/24
  cert | viol 0.127 | dV -0.306362 | V 0.4833 | inball 0.437 | a*_q05 -0.00157 | a*_q50 0.02155 | dV>=0 0.100 | n=150 | a_used 0.00141 -> 0.00134
[Episode 140/400] Steps: 720 | Reward:  256.79 | Battery:  78.74% | Loss: 0.1350
Placing Sensors
[Episode 141/400] Steps: 720 | Reward:  193.31 | Battery:  62.37% | Loss: 
Placing Sensors
Policy -0.0061 | Value 95.2086 | KL 0.00728 | CF 0.0896 | Std 0.1100 | |a| 0.0187 | Alpha 0.0149 | MB 24/24
  cert | viol 0.080 | dV -0.350945 | V 0.4822 | inball 0.431 | a*_q05 0.00113 | a*_q50 0.02634 | dV>=0 0.025 | n=150 | a_used 0.00134 -> 0.00132
[Episode 142/400] Steps: 720 | Reward:  239.61 | Battery:  75.24% | Loss: 0.1950
Placing Sensors
[Episode 143/400] Steps: 720 | Reward:  226.41 | Battery:  73.07% | Loss: 
Placing Sensors
Policy -0.0070 | Value 69.8285 | KL 0.01006 | CF 0.1323 | Std 0.1100 | |a| 0.0207 | Alpha 0.0138 | MB 24/24
  cert | viol 0.028 | dV -0.321247 | V 0.4233 | inball 0.377 | a*_q05 0.00273 | a*_q50 0.01967 | dV>=0 0.010 | n=150 | a_used 0.00132 -> 0.00140
[Episode 144/400] Steps: 720 | Reward:  235.46 | Battery:  73.73% | Loss: -0.0109
Placing Sensors
[Episode 145/400] Steps: 720 | Reward:  280.16 | Battery:  79.60% | Loss: 
Placing Sensors
Policy -0.0104 | Value 92.4191 | KL 0.01282 | CF 0.1490 | Std 0.1100 | |a| 0.0243 | Alpha 0.0128 | MB 24/24
  cert | viol 0.018 | dV -0.290233 | V 0.3647 | inball 0.571 | a*_q05 0.00220 | a*_q50 0.03191 | dV>=0 0.006 | n=150 | a_used 0.00140 -> 0.00144
[Episode 146/400] Steps: 720 | Reward:  311.16 | Battery:  83.63% | Loss: -0.0670
Placing Sensors
[Episode 147/400] Steps: 720 | Reward:  303.53 | Battery:  81.39% | Loss: 
Placing Sensors
Policy -0.0022 | Value 88.6860 | KL 0.01167 | CF 0.1473 | Std 0.1100 | |a| 0.0229 | Alpha 0.0118 | MB 24/24
  cert | viol 0.000 | dV -0.333449 | V 0.3810 | inball 0.604 | a*_q05 0.00539 | a*_q50 0.03497 | dV>=0 0.000 | n=150 | a_used 0.00144 -> 0.00151
[Episode 148/400] Steps: 720 | Reward:  300.94 | Battery:  83.80% | Loss: -0.1349
Placing Sensors
[Episode 149/400] Steps: 720 | Reward:  294.16 | Battery:  84.80% | Loss: 
Placing Sensors
Policy -0.0002 | Value 128.5739 | KL 0.01938 | CF 0.2216 | Std 0.1100 | |a| 0.0229 | Alpha 0.0110 | MB 24/24
  cert | viol 0.006 | dV -0.264822 | V 0.3109 | inball 0.583 | a*_q05 0.00524 | a*_q50 0.03401 | dV>=0 0.000 | n=150 | a_used 0.00151 -> 0.00162
[Episode 150/400] Steps: 720 | Reward:  264.13 | Battery:  74.78% | Loss: 0.0353
Placing Sensors
[Episode 151/400] Steps: 720 | Reward:  214.17 | Battery:  67.90% | Loss: 
Placing Sensors
Policy 0.0005 | Value 85.4936 | KL 0.01021 | CF 0.1298 | Std 0.1100 | |a| 0.0247 | Alpha 0.0102 | MB 24/24
  cert | viol 0.088 | dV -0.277281 | V 0.4012 | inball 0.368 | a*_q05 0.00043 | a*_q50 0.02297 | dV>=0 0.045 | n=150 | a_used 0.00162 -> 0.00154
[Episode 152/400] Steps: 720 | Reward:  202.64 | Battery:  57.56% | Loss: 0.0645
Placing Sensors
[Episode 153/400] Steps: 720 | Reward:  261.00 | Battery:  76.82% | Loss: 
Placing Sensors
[Episode 154/400] Steps: 128 | Reward:  -56.06 | Battery:   0.00% | Loss: 
Placing Sensors
Policy 0.0063 | Value 64.7883 | KL 0.01269 | CF 0.1635 | Std 0.1100 | |a| 0.0206 | Alpha 0.0100 | MB 28/28
  cert | viol 0.060 | dV -0.299318 | V 0.3956 | inball 0.413 | a*_q05 0.00169 | a*_q50 0.02666 | dV>=0 0.031 | n=150 | a_used 0.00154 -> 0.00157
[Episode 155/400] Steps: 720 | Reward:  181.92 | Battery:  55.91% | Loss: -0.0131
Placing Sensors
[Episode 156/400] Steps: 131 | Reward:  -70.67 | Battery:   0.00% | Loss: 
Placing Sensors
[Episode 157/400] Steps: 720 | Reward:  269.50 | Battery:  77.40% | Loss: 
Placing Sensors
Policy -0.0174 | Value 122.1787 | KL 0.00988 | CF 0.1258 | Std 0.1099 | |a| 0.0230 | Alpha 0.0100 | MB 28/28
  cert | viol 0.007 | dV -0.253389 | V 0.3047 | inball 0.480 | a*_q05 0.00415 | a*_q50 0.03275 | dV>=0 0.000 | n=150 | a_used 0.00157 -> 0.00172
[Episode 158/400] Steps: 720 | Reward:  259.30 | Battery:  71.14% | Loss: -0.0061
Placing Sensors
[Episode 159/400] Steps: 720 | Reward:  297.86 | Battery:  84.42% | Loss: 
Placing Sensors
Policy -0.0047 | Value 62.9063 | KL 0.00949 | CF 0.1138 | Std 0.1099 | |a| 0.0205 | Alpha 0.0100 | MB 24/24
  cert | viol 0.000 | dV -0.265681 | V 0.3046 | inball 0.562 | a*_q05 0.00590 | a*_q50 0.03259 | dV>=0 0.000 | n=150 | a_used 0.00172 -> 0.00182
[Episode 160/400] Steps: 720 | Reward:  249.63 | Battery:  73.81% | Loss: -0.0248
Placing Sensors
[Episode 161/400] Steps: 720 | Reward:  242.14 | Battery:  75.62% | Loss: 
Placing Sensors
Policy -0.0074 | Value 47.6795 | KL 0.00892 | CF 0.1020 | Std 0.1099 | |a| 0.0264 | Alpha 0.0100 | MB 24/24
  cert | viol 0.000 | dV -0.223046 | V 0.2733 | inball 0.436 | a*_q05 0.00458 | a*_q50 0.02480 | dV>=0 0.000 | n=150 | a_used 0.00182 -> 0.00188
[Episode 162/400] Steps: 720 | Reward:  206.95 | Battery:  58.31% | Loss: 0.1139
Placing Sensors
[Episode 163/400] Steps: 720 | Reward:  297.91 | Battery:  79.28% | Loss: 
Placing Sensors
Policy -0.0014 | Value 134.6042 | KL 0.00825 | CF 0.0871 | Std 0.1099 | |a| 0.0200 | Alpha 0.0100 | MB 24/24
  cert | viol 0.000 | dV -0.230094 | V 0.2364 | inball 0.671 | a*_q05 0.01608 | a*_q50 0.04203 | dV>=0 0.000 | n=150 | a_used 0.00188 -> 0.00205
[Episode 164/400] Steps: 720 | Reward:  299.86 | Battery:  76.72% | Loss: 0.1963
Placing Sensors
[Episode 165/400] Steps: 720 | Reward:  204.47 | Battery:  55.38% | Loss: 
Placing Sensors
Policy -0.0046 | Value 102.4898 | KL 0.01330 | CF 0.1543 | Std 0.1099 | |a| 0.0219 | Alpha 0.0100 | MB 24/24
  cert | viol 0.000 | dV -0.279006 | V 0.3133 | inball 0.525 | a*_q05 0.00663 | a*_q50 0.03497 | dV>=0 0.000 | n=150 | a_used 0.00205 -> 0.00221
[Episode 166/400] Steps: 720 | Reward:  281.11 | Battery:  80.25% | Loss: 0.1092
Placing Sensors
[Episode 167/400] Steps: 720 | Reward:  162.97 | Battery:  47.27% | Loss: 
Placing Sensors
Policy -0.0084 | Value 91.7464 | KL 0.01014 | CF 0.1267 | Std 0.1099 | |a| 0.0281 | Alpha 0.0100 | MB 24/24
  cert | viol 0.195 | dV -0.203900 | V 0.2974 | inball 0.323 | a*_q05 -0.00428 | a*_q50 0.02320 | dV>=0 0.176 | n=150 | a_used 0.00221 -> 0.00210
[Episode 168/400] Steps: 720 | Reward:  227.71 | Battery:  69.51% | Loss: -0.0167
Placing Sensors
[Episode 169/400] Steps: 127 | Reward:  -54.34 | Battery:   0.00% | Loss: 
Placing Sensors
[Episode 170/400] Steps: 720 | Reward:  227.03 | Battery:  69.60% | Loss: 
Placing Sensors
Policy -0.0050 | Value 74.4631 | KL 0.01176 | CF 0.1396 | Std 0.1099 | |a| 0.0210 | Alpha 0.0100 | MB 28/28
  cert | viol 0.043 | dV -0.308743 | V 0.3989 | inball 0.381 | a*_q05 0.00260 | a*_q50 0.02915 | dV>=0 0.015 | n=150 | a_used 0.00210 -> 0.00213
[Episode 171/400] Steps: 720 | Reward:  224.26 | Battery:  62.57% | Loss: -0.1081
Placing Sensors
[Episode 172/400] Steps: 720 | Reward:  243.92 | Battery:  63.99% | Loss: 
Placing Sensors
Policy -0.0035 | Value 62.1378 | KL 0.00858 | CF 0.1072 | Std 0.1098 | |a| 0.0219 | Alpha 0.0100 | MB 24/24
  cert | viol 0.000 | dV -0.253631 | V 0.2717 | inball 0.566 | a*_q05 0.01037 | a*_q50 0.03751 | dV>=0 0.000 | n=150 | a_used 0.00213 -> 0.00230
[Episode 173/400] Steps: 720 | Reward:  303.93 | Battery:  77.66% | Loss: 0.0991
Placing Sensors
[Episode 174/400] Steps: 720 | Reward:  279.49 | Battery:  76.20% | Loss: 
Placing Sensors
Policy -0.0050 | Value 72.8237 | KL 0.00850 | CF 0.1053 | Std 0.1099 | |a| 0.0246 | Alpha 0.0100 | MB 24/24
  cert | viol 0.033 | dV -0.230763 | V 0.2988 | inball 0.518 | a*_q05 0.00358 | a*_q50 0.02926 | dV>=0 0.000 | n=150 | a_used 0.00230 -> 0.00235
[Episode 175/400] Steps: 720 | Reward:  273.91 | Battery:  80.63% | Loss: 0.1808
Placing Sensors
[Episode 176/400] Steps: 720 | Reward:  284.49 | Battery:  73.08% | Loss: 
Placing Sensors
Policy 0.0027 | Value 108.0194 | KL 0.01885 | CF 0.2037 | Std 0.1099 | |a| 0.0262 | Alpha 0.0100 | MB 18/24
  cert | viol 0.036 | dV -0.315293 | V 0.3773 | inball 0.456 | a*_q05 0.00368 | a*_q50 0.03176 | dV>=0 0.002 | n=150 | a_used 0.00235 -> 0.00233
[Episode 177/400] Steps: 720 | Reward:  157.99 | Battery:  50.48% | Loss: 0.0027
Placing Sensors
[Episode 178/400] Steps: 720 | Reward:  229.87 | Battery:  67.90% | Loss: 
Placing Sensors
Policy 0.0010 | Value 65.3326 | KL 0.01038 | CF 0.1331 | Std 0.1099 | |a| 0.0295 | Alpha 0.0100 | MB 24/24
  cert | viol 0.005 | dV -0.252317 | V 0.3236 | inball 0.486 | a*_q05 0.00348 | a*_q50 0.02715 | dV>=0 0.000 | n=150 | a_used 0.00233 -> 0.00238
[Episode 179/400] Steps: 720 | Reward:  280.36 | Battery:  70.67% | Loss: -0.0614
Placing Sensors
[Episode 180/400] Steps: 720 | Reward:  255.69 | Battery:  74.45% | Loss: 
Placing Sensors
Policy -0.0044 | Value 44.0517 | KL 0.00679 | CF 0.0836 | Std 0.1099 | |a| 0.0191 | Alpha 0.0100 | MB 24/24
  cert | viol 0.083 | dV -0.266821 | V 0.3818 | inball 0.332 | a*_q05 0.00118 | a*_q50 0.01882 | dV>=0 0.026 | n=150 | a_used 0.00238 -> 0.00223
[Episode 181/400] Steps: 720 | Reward:  214.25 | Battery:  75.75% | Loss: -0.0429
Placing Sensors
[Episode 182/400] Steps: 720 | Reward:  213.67 | Battery:  65.96% | Loss: 
Placing Sensors
Policy -0.0113 | Value 75.4545 | KL 0.00795 | CF 0.1049 | Std 0.1099 | |a| 0.0231 | Alpha 0.0100 | MB 24/24
  cert | viol 0.092 | dV -0.252708 | V 0.3793 | inball 0.263 | a*_q05 0.00003 | a*_q50 0.01630 | dV>=0 0.054 | n=150 | a_used 0.00223 -> 0.00219
[Episode 183/400] Steps: 720 | Reward:  192.91 | Battery:  67.86% | Loss: -0.0390
Placing Sensors
[Episode 184/400] Steps: 720 | Reward:  253.88 | Battery:  71.46% | Loss: 
Placing Sensors
Policy -0.0051 | Value 56.2205 | KL 0.00831 | CF 0.1097 | Std 0.1099 | |a| 0.0201 | Alpha 0.0100 | MB 24/24
  cert | viol 0.034 | dV -0.320469 | V 0.3872 | inball 0.490 | a*_q05 0.00364 | a*_q50 0.03005 | dV>=0 0.005 | n=150 | a_used 0.00219 -> 0.00227
[Episode 185/400] Steps: 720 | Reward:  257.67 | Battery:  72.03% | Loss: 0.0146
Placing Sensors
[Episode 186/400] Steps: 720 | Reward:  282.84 | Battery:  82.00% | Loss: 
Placing Sensors
Policy -0.0106 | Value 51.7936 | KL 0.00807 | CF 0.1098 | Std 0.1099 | |a| 0.0262 | Alpha 0.0100 | MB 24/24
  cert | viol 0.099 | dV -0.326104 | V 0.4458 | inball 0.531 | a*_q05 -0.00108 | a*_q50 0.03249 | dV>=0 0.067 | n=150 | a_used 0.00227 -> 0.00202
[Episode 187/400] Steps: 720 | Reward:  261.74 | Battery:  65.51% | Loss: 0.0321
Placing Sensors
[Episode 188/400] Steps: 105 | Reward:  -61.73 | Battery:   0.00% | Loss: 
Placing Sensors
[Episode 189/400] Steps: 720 | Reward:  285.72 | Battery:  80.50% | Loss: 
Placing Sensors
Policy 0.0215 | Value 55.2489 | KL 0.00924 | CF 0.1124 | Std 0.1099 | |a| 0.0246 | Alpha 0.0100 | MB 28/28
  cert | viol 0.000 | dV -0.247566 | V 0.2687 | inball 0.585 | a*_q05 0.01082 | a*_q50 0.03756 | dV>=0 0.000 | n=150 | a_used 0.00202 -> 0.00219
[Episode 190/400] Steps: 720 | Reward:  282.67 | Battery:  77.69% | Loss: 0.2556
Placing Sensors
[Episode 191/400] Steps: 720 | Reward:  198.71 | Battery:  50.75% | Loss: 
Placing Sensors
Policy -0.0066 | Value 52.7153 | KL 0.00657 | CF 0.0877 | Std 0.1099 | |a| 0.0267 | Alpha 0.0100 | MB 24/24
  cert | viol 0.006 | dV -0.307971 | V 0.3530 | inball 0.538 | a*_q05 0.00653 | a*_q50 0.03634 | dV>=0 0.000 | n=150 | a_used 0.00219 -> 0.00230
[Episode 192/400] Steps: 720 | Reward:  309.31 | Battery:  80.11% | Loss: -0.0044
Placing Sensors
[Episode 193/400] Steps: 720 | Reward:  217.55 | Battery:  63.26% | Loss: 
Placing Sensors
Policy -0.0029 | Value 93.7179 | KL 0.00749 | CF 0.0984 | Std 0.1099 | |a| 0.0274 | Alpha 0.0100 | MB 24/24
  cert | viol 0.040 | dV -0.237927 | V 0.2868 | inball 0.431 | a*_q05 0.00414 | a*_q50 0.02829 | dV>=0 0.007 | n=150 | a_used 0.00230 -> 0.00243
[Episode 194/400] Steps: 720 | Reward:  210.68 | Battery:  54.72% | Loss: 0.1209
Placing Sensors
[Episode 195/400] Steps: 720 | Reward:  271.21 | Battery:  70.11% | Loss: 
Placing Sensors
Policy -0.0066 | Value 51.8308 | KL 0.00608 | CF 0.0783 | Std 0.1099 | |a| 0.0249 | Alpha 0.0100 | MB 24/24
  cert | viol 0.049 | dV -0.246499 | V 0.2998 | inball 0.529 | a*_q05 0.00365 | a*_q50 0.03078 | dV>=0 0.000 | n=150 | a_used 0.00243 -> 0.00257
[Episode 196/400] Steps: 720 | Reward:  259.08 | Battery:  76.77% | Loss: 0.0339
Placing Sensors
[Episode 197/400] Steps: 720 | Reward:  198.99 | Battery:  58.93% | Loss: 
Placing Sensors
Policy -0.0114 | Value 42.8105 | KL 0.00698 | CF 0.0842 | Std 0.1099 | |a| 0.0325 | Alpha 0.0100 | MB 24/24
  cert | viol 0.097 | dV -0.197073 | V 0.2860 | inball 0.437 | a*_q05 0.00031 | a*_q50 0.02547 | dV>=0 0.052 | n=150 | a_used 0.00257 -> 0.00241
[Episode 198/400] Steps: 720 | Reward:  295.04 | Battery:  77.62% | Loss: -0.0420
Placing Sensors
[Episode 199/400] Steps: 720 | Reward:  261.91 | Battery:  72.72% | Loss: 
Placing Sensors
[Episode 200/400] Steps: 109 | Reward:  -55.22 | Battery:   0.00% | Loss: 
Placing Sensors
Policy 0.0144 | Value 90.4802 | KL 0.00794 | CF 0.0919 | Std 0.1099 | |a| 0.0359 | Alpha 0.0100 | MB 28/28
  cert | viol 0.082 | dV -0.287374 | V 0.3836 | inball 0.410 | a*_q05 0.00232 | a*_q50 0.02865 | dV>=0 0.025 | n=150 | a_used 0.00241 -> 0.00259
[Episode 201/400] Steps: 720 | Reward:  213.18 | Battery:  59.26% | Loss: -0.0346
Placing Sensors
[Episode 202/400] Steps: 720 | Reward:  235.10 | Battery:  70.11% | Loss: 
Placing Sensors
Policy -0.0044 | Value 61.1564 | KL 0.00881 | CF 0.1080 | Std 0.1098 | |a| 0.0329 | Alpha 0.0100 | MB 24/24
  cert | viol 0.083 | dV -0.261301 | V 0.3564 | inball 0.461 | a*_q05 0.00173 | a*_q50 0.02613 | dV>=0 0.014 | n=150 | a_used 0.00259 -> 0.00229
[Episode 203/400] Steps: 720 | Reward:  268.81 | Battery:  75.96% | Loss: 0.0536
Placing Sensors
[Episode 204/400] Steps: 720 | Reward:  257.60 | Battery:  72.02% | Loss: 
Placing Sensors
Policy -0.0013 | Value 37.5311 | KL 0.01113 | CF 0.1330 | Std 0.1098 | |a| 0.0246 | Alpha 0.0100 | MB 24/24
  cert | viol 0.053 | dV -0.261413 | V 0.3383 | inball 0.553 | a*_q05 0.00236 | a*_q50 0.03408 | dV>=0 0.009 | n=150 | a_used 0.00229 -> 0.00229
[Episode 205/400] Steps: 720 | Reward:  291.95 | Battery:  74.35% | Loss: 0.0545
Placing Sensors
[Episode 206/400] Steps: 720 | Reward:  250.86 | Battery:  70.67% | Loss: 
Placing Sensors
Policy -0.0070 | Value 42.6203 | KL 0.00639 | CF 0.0772 | Std 0.1097 | |a| 0.0224 | Alpha 0.0100 | MB 24/24
  cert | viol 0.028 | dV -0.334389 | V 0.4144 | inball 0.438 | a*_q05 0.00386 | a*_q50 0.03144 | dV>=0 0.003 | n=150 | a_used 0.00229 -> 0.00230
[Episode 207/400] Steps: 720 | Reward:  262.30 | Battery:  69.56% | Loss: -0.0389
Placing Sensors
[Episode 208/400] Steps: 720 | Reward:  298.10 | Battery:  78.37% | Loss: 
Placing Sensors
Policy -0.0058 | Value 49.4404 | KL 0.00681 | CF 0.0692 | Std 0.1097 | |a| 0.0216 | Alpha 0.0100 | MB 24/24
  cert | viol 0.000 | dV -0.228144 | V 0.2632 | inball 0.488 | a*_q05 0.00679 | a*_q50 0.03120 | dV>=0 0.000 | n=150 | a_used 0.00230 -> 0.00237
[Episode 209/400] Steps: 720 | Reward:  194.36 | Battery:  52.52% | Loss: 0.1019
Placing Sensors
[Episode 210/400] Steps: 720 | Reward:  298.48 | Battery:  81.66% | Loss: 
Placing Sensors
Policy -0.0035 | Value 50.8950 | KL 0.00920 | CF 0.1350 | Std 0.1096 | |a| 0.0218 | Alpha 0.0100 | MB 24/24
  cert | viol 0.016 | dV -0.331926 | V 0.3696 | inball 0.579 | a*_q05 0.00766 | a*_q50 0.03271 | dV>=0 0.000 | n=150 | a_used 0.00237 -> 0.00250
[Episode 211/400] Steps: 720 | Reward:  320.57 | Battery:  87.85% | Loss: -0.0160
Placing Sensors
[Episode 212/400] Steps: 720 | Reward:  209.06 | Battery:  62.03% | Loss: 
Placing Sensors
Policy -0.0123 | Value 48.5206 | KL 0.01345 | CF 0.1334 | Std 0.1096 | |a| 0.0257 | Alpha 0.0100 | MB 24/24
  cert | viol 0.046 | dV -0.203189 | V 0.2609 | inball 0.479 | a*_q05 0.00369 | a*_q50 0.02691 | dV>=0 0.007 | n=150 | a_used 0.00250 -> 0.00251
[Episode 213/400] Steps: 720 | Reward:  249.46 | Battery:  69.97% | Loss: 0.0214
Placing Sensors
[Episode 214/400] Steps: 720 | Reward:  282.81 | Battery:  78.21% | Loss: 
Placing Sensors
Policy -0.0121 | Value 38.1679 | KL 0.00901 | CF 0.1040 | Std 0.1096 | |a| 0.0252 | Alpha 0.0100 | MB 24/24
  cert | viol 0.045 | dV -0.255532 | V 0.3302 | inball 0.484 | a*_q05 0.00388 | a*_q50 0.02465 | dV>=0 0.007 | n=150 | a_used 0.00251 -> 0.00261
[Episode 215/400] Steps: 720 | Reward:  257.62 | Battery:  76.88% | Loss: -0.0650
Placing Sensors
[Episode 216/400] Steps: 720 | Reward:  265.62 | Battery:  70.58% | Loss: 
Placing Sensors
Policy 0.0028 | Value 42.5877 | KL 0.01144 | CF 0.1308 | Std 0.1095 | |a| 0.0258 | Alpha 0.0100 | MB 24/24
  cert | viol 0.000 | dV -0.270713 | V 0.3116 | inball 0.562 | a*_q05 0.00707 | a*_q50 0.03257 | dV>=0 0.000 | n=150 | a_used 0.00261 -> 0.00273
[Episode 217/400] Steps: 720 | Reward:  329.51 | Battery:  86.32% | Loss: 0.1315
Placing Sensors
[Episode 218/400] Steps: 720 | Reward:  276.27 | Battery:  76.07% | Loss: 
Placing Sensors
Policy -0.0030 | Value 54.2414 | KL 0.00840 | CF 0.1105 | Std 0.1095 | |a| 0.0243 | Alpha 0.0100 | MB 24/24
  cert | viol 0.000 | dV -0.236106 | V 0.2689 | inball 0.579 | a*_q05 0.00625 | a*_q50 0.03450 | dV>=0 0.000 | n=150 | a_used 0.00273 -> 0.00282
[Episode 219/400] Steps: 720 | Reward:  267.84 | Battery:  71.23% | Loss: 0.0932
Placing Sensors
[Episode 220/400] Steps: 720 | Reward:  284.87 | Battery:  77.77% | Loss: 
Placing Sensors
Policy -0.0055 | Value 60.2188 | KL 0.01169 | CF 0.1553 | Std 0.1094 | |a| 0.0326 | Alpha 0.0100 | MB 24/24
  cert | viol 0.042 | dV -0.368814 | V 0.4344 | inball 0.578 | a*_q05 0.00366 | a*_q50 0.03477 | dV>=0 0.002 | n=150 | a_used 0.00282 -> 0.00284
[Episode 221/400] Steps: 720 | Reward:  303.10 | Battery:  81.87% | Loss: 0.1175
Placing Sensors
[Episode 222/400] Steps: 720 | Reward:  302.06 | Battery:  81.12% | Loss: 
Placing Sensors
Policy -0.0018 | Value 55.2601 | KL 0.01219 | CF 0.1134 | Std 0.1094 | |a| 0.0272 | Alpha 0.0100 | MB 24/24
  cert | viol 0.068 | dV -0.275728 | V 0.3694 | inball 0.531 | a*_q05 0.00242 | a*_q50 0.03040 | dV>=0 0.009 | n=150 | a_used 0.00284 -> 0.00273
[Episode 223/400] Steps: 720 | Reward:  266.24 | Battery:  76.94% | Loss: 0.0889
Placing Sensors
[Episode 224/400] Steps: 720 | Reward:  282.63 | Battery:  83.26% | Loss: 
Placing Sensors
Policy -0.0106 | Value 59.4610 | KL 0.01477 | CF 0.1793 | Std 0.1094 | |a| 0.0344 | Alpha 0.0100 | MB 24/24
  cert | viol 0.000 | dV -0.227729 | V 0.2570 | inball 0.550 | a*_q05 0.00804 | a*_q50 0.03281 | dV>=0 0.000 | n=150 | a_used 0.00273 -> 0.00290
[Episode 225/400] Steps: 720 | Reward:  212.92 | Battery:  61.08% | Loss: -0.0032
Placing Sensors
[Episode 226/400] Steps: 720 | Reward:  306.04 | Battery:  79.40% | Loss: 
Placing Sensors
Policy -0.0105 | Value 34.8985 | KL 0.01335 | CF 0.1392 | Std 0.1094 | |a| 0.0314 | Alpha 0.0100 | MB 24/24
  cert | viol 0.045 | dV -0.254329 | V 0.2997 | inball 0.605 | a*_q05 0.00397 | a*_q50 0.03479 | dV>=0 0.002 | n=150 | a_used 0.00290 -> 0.00294
[Episode 227/400] Steps: 720 | Reward:  281.65 | Battery:  80.75% | Loss: -0.0855
Placing Sensors
[Episode 228/400] Steps: 720 | Reward:  185.09 | Battery:  44.28% | Loss: 
Placing Sensors
Policy -0.0085 | Value 32.9382 | KL 0.00717 | CF 0.0963 | Std 0.1094 | |a| 0.0514 | Alpha 0.0100 | MB 24/24
  cert | viol 0.000 | dV -0.275895 | V 0.2953 | inball 0.521 | a*_q05 0.01024 | a*_q50 0.03943 | dV>=0 0.000 | n=150 | a_used 0.00294 -> 0.00313
[Episode 229/400] Steps: 720 | Reward:  237.68 | Battery:  64.56% | Loss: -0.0278
Placing Sensors
[Episode 230/400] Steps: 720 | Reward:  313.24 | Battery:  79.49% | Loss: 
Placing Sensors
Policy -0.0020 | Value 28.8972 | KL 0.01463 | CF 0.1304 | Std 0.1093 | |a| 0.0310 | Alpha 0.0100 | MB 24/24
  cert | viol 0.000 | dV -0.289974 | V 0.3100 | inball 0.592 | a*_q05 0.00993 | a*_q50 0.03882 | dV>=0 0.000 | n=150 | a_used 0.00313 -> 0.00331
[Episode 231/400] Steps: 720 | Reward:  276.99 | Battery:  68.08% | Loss: -0.0203
Placing Sensors
[Episode 232/400] Steps: 720 | Reward:  299.11 | Battery:  77.51% | Loss: 
Placing Sensors
Policy -0.0063 | Value 47.1246 | KL 0.01235 | CF 0.1159 | Std 0.1093 | |a| 0.0290 | Alpha 0.0100 | MB 24/24
  cert | viol 0.000 | dV -0.182997 | V 0.1987 | inball 0.606 | a*_q05 0.01015 | a*_q50 0.03267 | dV>=0 0.000 | n=150 | a_used 0.00331 -> 0.00350
[Episode 233/400] Steps: 720 | Reward:  249.47 | Battery:  71.88% | Loss: 0.0752
Placing Sensors
[Episode 234/400] Steps: 720 | Reward:  298.29 | Battery:  83.46% | Loss: 
Placing Sensors
Policy -0.0074 | Value 28.8631 | KL 0.01207 | CF 0.1526 | Std 0.1093 | |a| 0.0306 | Alpha 0.0100 | MB 24/24
  cert | viol 0.045 | dV -0.254583 | V 0.3146 | inball 0.563 | a*_q05 0.00407 | a*_q50 0.03102 | dV>=0 0.000 | n=150 | a_used 0.00350 -> 0.00354
[Episode 235/400] Steps: 720 | Reward:  264.43 | Battery:  81.29% | Loss: -0.0958
Placing Sensors
[Episode 236/400] Steps: 720 | Reward:  256.53 | Battery:  70.08% | Loss: 
Placing Sensors
Policy -0.0079 | Value 42.0546 | KL 0.00970 | CF 0.1047 | Std 0.1093 | |a| 0.0388 | Alpha 0.0100 | MB 24/24
  cert | viol 0.080 | dV -0.304394 | V 0.4024 | inball 0.413 | a*_q05 0.00284 | a*_q50 0.02917 | dV>=0 0.000 | n=150 | a_used 0.00354 -> 0.00357
[Episode 237/400] Steps: 720 | Reward:  186.03 | Battery:  50.63% | Loss: -0.0400
Placing Sensors
[Episode 238/400] Steps: 720 | Reward:  330.25 | Battery:  83.31% | Loss: 
Placing Sensors
Policy -0.0026 | Value 28.7909 | KL 0.00764 | CF 0.1000 | Std 0.1092 | |a| 0.0313 | Alpha 0.0100 | MB 24/24
  cert | viol 0.000 | dV -0.290430 | V 0.3032 | inball 0.649 | a*_q05 0.01366 | a*_q50 0.03977 | dV>=0 0.000 | n=150 | a_used 0.00357 -> 0.00376
[Episode 239/400] Steps: 720 | Reward:  297.61 | Battery:  78.95% | Loss: 0.1746
Placing Sensors
[Episode 240/400] Steps: 720 | Reward:  307.87 | Battery:  79.83% | Loss: 
Placing Sensors
Policy -0.0091 | Value 43.6989 | KL 0.01202 | CF 0.1474 | Std 0.1092 | |a| 0.0411 | Alpha 0.0100 | MB 24/24
  cert | viol 0.000 | dV -0.229683 | V 0.2673 | inball 0.503 | a*_q05 0.00600 | a*_q50 0.03163 | dV>=0 0.000 | n=150 | a_used 0.00376 -> 0.00384
[Episode 241/400] Steps: 720 | Reward:  199.67 | Battery:  47.74% | Loss: 0.0904
Placing Sensors
[Episode 242/400] Steps: 720 | Reward:  247.20 | Battery:  69.31% | Loss: 
Placing Sensors
Policy -0.0090 | Value 34.7740 | KL 0.01138 | CF 0.1268 | Std 0.1093 | |a| 0.0326 | Alpha 0.0100 | MB 24/24
  cert | viol 0.077 | dV -0.343161 | V 0.4218 | inball 0.521 | a*_q05 0.00323 | a*_q50 0.03283 | dV>=0 0.000 | n=150 | a_used 0.00384 -> 0.00373
[Episode 243/400] Steps: 720 | Reward:  284.09 | Battery:  82.20% | Loss: -0.0126
Placing Sensors
[Episode 244/400] Steps: 720 | Reward:  253.25 | Battery:  69.02% | Loss: 
Placing Sensors
Policy -0.0076 | Value 21.0759 | KL 0.01172 | CF 0.1386 | Std 0.1093 | |a| 0.0308 | Alpha 0.0100 | MB 24/24
  cert | viol 0.010 | dV -0.236784 | V 0.2735 | inball 0.538 | a*_q05 0.00595 | a*_q50 0.03284 | dV>=0 0.000 | n=150 | a_used 0.00373 -> 0.00384
[Episode 245/400] Steps: 720 | Reward:  276.85 | Battery:  76.33% | Loss: 0.1155
Placing Sensors
[Episode 246/400] Steps: 720 | Reward:  306.34 | Battery:  80.09% | Loss: 
Placing Sensors
Policy 0.0021 | Value 29.5253 | KL 0.01036 | CF 0.1149 | Std 0.1093 | |a| 0.0332 | Alpha 0.0100 | MB 24/24
  cert | viol 0.002 | dV -0.282354 | V 0.3256 | inball 0.557 | a*_q05 0.00646 | a*_q50 0.03387 | dV>=0 0.000 | n=150 | a_used 0.00384 -> 0.00393
[Episode 247/400] Steps: 720 | Reward:  267.48 | Battery:  72.15% | Loss: 0.1370
Placing Sensors
[Episode 248/400] Steps: 720 | Reward:  280.72 | Battery:  72.63% | Loss: 
Placing Sensors
Policy -0.0121 | Value 27.2459 | KL 0.01248 | CF 0.1445 | Std 0.1093 | |a| 0.0335 | Alpha 0.0100 | MB 24/24
  cert | viol 0.000 | dV -0.243848 | V 0.2679 | inball 0.568 | a*_q05 0.00908 | a*_q50 0.03610 | dV>=0 0.000 | n=150 | a_used 0.00393 -> 0.00408
[Episode 249/400] Steps: 720 | Reward:  271.98 | Battery:  73.26% | Loss: -0.0533
Placing Sensors
[Episode 250/400] Steps: 720 | Reward:  232.01 | Battery:  64.83% | Loss: 
Placing Sensors
Policy 0.0052 | Value 78.3622 | KL 0.01919 | CF 0.2061 | Std 0.1093 | |a| 0.0386 | Alpha 0.0100 | MB 12/24
  cert | viol 0.088 | dV -0.242389 | V 0.3073 | inball 0.572 | a*_q05 0.00242 | a*_q50 0.03392 | dV>=0 0.006 | n=150 | a_used 0.00408 -> 0.00397
[Episode 251/400] Steps: 720 | Reward:  331.70 | Battery:  81.90% | Loss: -0.0186
Placing Sensors
[Episode 252/400] Steps: 720 | Reward:  244.29 | Battery:  65.39% | Loss: 
Placing Sensors
Policy -0.0031 | Value 27.1380 | KL 0.01615 | CF 0.1894 | Std 0.1093 | |a| 0.0353 | Alpha 0.0100 | MB 24/24
  cert | viol 0.018 | dV -0.322675 | V 0.3691 | inball 0.557 | a*_q05 0.00591 | a*_q50 0.03422 | dV>=0 0.000 | n=150 | a_used 0.00397 -> 0.00400
[Episode 253/400] Steps: 720 | Reward:  315.03 | Battery:  84.62% | Loss: 0.0065
Placing Sensors
[Episode 254/400] Steps: 720 | Reward:  325.50 | Battery:  88.54% | Loss: 
Placing Sensors
Policy -0.0080 | Value 19.4307 | KL 0.01075 | CF 0.1383 | Std 0.1093 | |a| 0.0346 | Alpha 0.0100 | MB 24/24
  cert | viol 0.000 | dV -0.207377 | V 0.2303 | inball 0.637 | a*_q05 0.00807 | a*_q50 0.03392 | dV>=0 0.000 | n=150 | a_used 0.00400 -> 0.00414
[Episode 255/400] Steps: 720 | Reward:  296.21 | Battery:  80.60% | Loss: 0.0977
Placing Sensors
[Episode 256/400] Steps: 720 | Reward:  213.34 | Battery:  62.71% | Loss: 
Placing Sensors
Policy -0.0101 | Value 22.5599 | KL 0.01125 | CF 0.1175 | Std 0.1093 | |a| 0.0398 | Alpha 0.0100 | MB 24/24
  cert | viol 0.046 | dV -0.228601 | V 0.2784 | inball 0.520 | a*_q05 0.00470 | a*_q50 0.03139 | dV>=0 0.000 | n=150 | a_used 0.00414 -> 0.00422
[Episode 257/400] Steps: 720 | Reward:  300.71 | Battery:  79.64% | Loss: -0.0185
Placing Sensors
[Episode 258/400] Steps: 720 | Reward:  305.87 | Battery:  79.99% | Loss: 
Placing Sensors
Policy -0.0044 | Value 38.7639 | KL 0.01868 | CF 0.1809 | Std 0.1093 | |a| 0.0313 | Alpha 0.0100 | MB 24/24
  cert | viol 0.000 | dV -0.226884 | V 0.2544 | inball 0.570 | a*_q05 0.00711 | a*_q50 0.03299 | dV>=0 0.000 | n=150 | a_used 0.00422 -> 0.00431
[Episode 259/400] Steps: 720 | Reward:  268.74 | Battery:  75.38% | Loss: 0.0604
Placing Sensors
[Episode 260/400] Steps: 720 | Reward:  321.79 | Battery:  88.36% | Loss: 
Placing Sensors
Policy -0.0073 | Value 33.7412 | KL 0.00933 | CF 0.0759 | Std 0.1093 | |a| 0.0360 | Alpha 0.0100 | MB 24/24
  cert | viol 0.082 | dV -0.296928 | V 0.3703 | inball 0.546 | a*_q05 0.00339 | a*_q50 0.03168 | dV>=0 0.004 | n=150 | a_used 0.00431 -> 0.00441
[Episode 261/400] Steps: 720 | Reward:  264.30 | Battery:  76.52% | Loss: -0.0265
Placing Sensors
[Episode 262/400] Steps: 720 | Reward:  209.37 | Battery:  65.73% | Loss: 
Placing Sensors
Policy -0.0128 | Value 31.0521 | KL 0.01170 | CF 0.1483 | Std 0.1093 | |a| 0.0360 | Alpha 0.0100 | MB 24/24
  cert | viol 0.075 | dV -0.183350 | V 0.2335 | inball 0.471 | a*_q05 0.00389 | a*_q50 0.02664 | dV>=0 0.000 | n=150 | a_used 0.00441 -> 0.00418
[Episode 263/400] Steps: 720 | Reward:  260.67 | Battery:  74.88% | Loss: -0.0608
Placing Sensors
[Episode 264/400] Steps: 720 | Reward:  275.40 | Battery:  85.23% | Loss: 
Placing Sensors
Policy -0.0067 | Value 40.8382 | KL 0.01575 | CF 0.1377 | Std 0.1093 | |a| 0.0408 | Alpha 0.0100 | MB 24/24
  cert | viol 0.143 | dV -0.279591 | V 0.3914 | inball 0.490 | a*_q05 0.00063 | a*_q50 0.02589 | dV>=0 0.037 | n=150 | a_used 0.00418 -> 0.00363
[Episode 265/400] Steps: 720 | Reward:  254.30 | Battery:  71.38% | Loss: 0.0498
Placing Sensors
[Episode 266/400] Steps: 720 | Reward:  268.04 | Battery:  78.69% | Loss: 
Placing Sensors
Policy -0.0002 | Value 32.4714 | KL 0.01355 | CF 0.1655 | Std 0.1093 | |a| 0.0385 | Alpha 0.0100 | MB 24/24
  cert | viol 0.081 | dV -0.243158 | V 0.3252 | inball 0.429 | a*_q05 0.00309 | a*_q50 0.02539 | dV>=0 0.000 | n=150 | a_used 0.00363 -> 0.00358
[Episode 267/400] Steps: 720 | Reward:  208.57 | Battery:  59.79% | Loss: 0.0469
Placing Sensors
[Episode 268/400] Steps: 720 | Reward:  248.03 | Battery:  73.89% | Loss: 
Placing Sensors
Policy -0.0005 | Value 50.1680 | KL 0.01768 | CF 0.2139 | Std 0.1093 | |a| 0.0411 | Alpha 0.0100 | MB 24/24
  cert | viol 0.000 | dV -0.244915 | V 0.2722 | inball 0.571 | a*_q05 0.00724 | a*_q50 0.03723 | dV>=0 0.000 | n=150 | a_used 0.00358 -> 0.00371
[Episode 269/400] Steps: 720 | Reward:  227.85 | Battery:  62.22% | Loss: 0.0085
Placing Sensors
[Episode 270/400] Steps: 720 | Reward:  333.04 | Battery:  87.82% | Loss: 
Placing Sensors
Policy -0.0082 | Value 32.0015 | KL 0.01425 | CF 0.1424 | Std 0.1092 | |a| 0.0346 | Alpha 0.0100 | MB 24/24
  cert | viol 0.000 | dV -0.327545 | V 0.3535 | inball 0.644 | a*_q05 0.00916 | a*_q50 0.03922 | dV>=0 0.000 | n=150 | a_used 0.00371 -> 0.00390
[Episode 271/400] Steps: 720 | Reward:  319.53 | Battery:  85.14% | Loss: 0.0046
Placing Sensors
[Episode 272/400] Steps: 720 | Reward:  289.10 | Battery:  79.82% | Loss: 
Placing Sensors
Policy -0.0041 | Value 51.3122 | KL 0.01603 | CF 0.1659 | Std 0.1092 | |a| 0.0388 | Alpha 0.0100 | MB 24/24
  cert | viol 0.109 | dV -0.240115 | V 0.3275 | inball 0.565 | a*_q05 -0.00065 | a*_q50 0.02968 | dV>=0 0.067 | n=150 | a_used 0.00390 -> 0.00370
[Episode 273/400] Steps: 720 | Reward:  259.58 | Battery:  83.45% | Loss: -0.0432
Placing Sensors
[Episode 274/400] Steps: 720 | Reward:  292.66 | Battery:  74.41% | Loss: 
Placing Sensors
Policy -0.0034 | Value 30.9406 | KL 0.00956 | CF 0.0940 | Std 0.1092 | |a| 0.0401 | Alpha 0.0100 | MB 24/24
  cert | viol 0.024 | dV -0.234119 | V 0.2716 | inball 0.572 | a*_q05 0.00596 | a*_q50 0.03197 | dV>=0 0.000 | n=150 | a_used 0.00370 -> 0.00384
[Episode 275/400] Steps: 720 | Reward:  285.62 | Battery:  82.50% | Loss: 0.0148
Placing Sensors
[Episode 276/400] Steps: 720 | Reward:  261.02 | Battery:  81.19% | Loss: 
Placing Sensors
Policy -0.0055 | Value 35.5622 | KL 0.00793 | CF 0.0911 | Std 0.1091 | |a| 0.0321 | Alpha 0.0100 | MB 24/24
  cert | viol 0.121 | dV -0.241394 | V 0.3368 | inball 0.471 | a*_q05 0.00228 | a*_q50 0.02427 | dV>=0 0.008 | n=150 | a_used 0.00384 -> 0.00368
[Episode 277/400] Steps: 720 | Reward:  233.35 | Battery:  67.02% | Loss: -0.1052
Placing Sensors
[Episode 278/400] Steps: 720 | Reward:  241.65 | Battery:  72.11% | Loss: 
Placing Sensors
Policy -0.0125 | Value 27.9853 | KL 0.01081 | CF 0.0905 | Std 0.1091 | |a| 0.0308 | Alpha 0.0100 | MB 24/24
  cert | viol 0.038 | dV -0.249266 | V 0.3122 | inball 0.488 | a*_q05 0.00490 | a*_q50 0.02639 | dV>=0 0.004 | n=150 | a_used 0.00368 -> 0.00371
[Episode 279/400] Steps: 720 | Reward:  285.30 | Battery:  80.55% | Loss: -0.0864
Placing Sensors
[Episode 280/400] Steps: 720 | Reward:  279.05 | Battery:  77.87% | Loss: 
Placing Sensors
Policy -0.0048 | Value 33.3652 | KL 0.01426 | CF 0.1079 | Std 0.1091 | |a| 0.0292 | Alpha 0.0100 | MB 24/24
  cert | viol 0.018 | dV -0.230159 | V 0.2680 | inball 0.599 | a*_q05 0.00531 | a*_q50 0.03163 | dV>=0 0.000 | n=150 | a_used 0.00371 -> 0.00376
[Episode 281/400] Steps: 720 | Reward:  315.53 | Battery:  87.12% | Loss: 0.2332
Placing Sensors
[Episode 282/400] Steps: 720 | Reward:  281.40 | Battery:  81.10% | Loss: 
Placing Sensors
Policy -0.0116 | Value 39.7409 | KL 0.01020 | CF 0.1257 | Std 0.1091 | |a| 0.0334 | Alpha 0.0100 | MB 24/24
  cert | viol 0.071 | dV -0.255124 | V 0.3223 | inball 0.518 | a*_q05 0.00283 | a*_q50 0.02904 | dV>=0 0.000 | n=150 | a_used 0.00376 -> 0.00374
[Episode 283/400] Steps: 720 | Reward:  239.02 | Battery:  69.32% | Loss: 0.0292
Placing Sensors
[Episode 284/400] Steps: 720 | Reward:  282.70 | Battery:  79.26% | Loss: 
Placing Sensors
Policy -0.0122 | Value 33.1112 | KL 0.01124 | CF 0.1268 | Std 0.1092 | |a| 0.0342 | Alpha 0.0100 | MB 24/24
  cert | viol 0.082 | dV -0.302412 | V 0.3777 | inball 0.545 | a*_q05 0.00273 | a*_q50 0.03151 | dV>=0 0.021 | n=150 | a_used 0.00374 -> 0.00345
[Episode 285/400] Steps: 720 | Reward:  269.89 | Battery:  74.90% | Loss: 0.0387
Placing Sensors
[Episode 286/400] Steps: 720 | Reward:  253.59 | Battery:  75.95% | Loss: 
Placing Sensors
Policy -0.0074 | Value 34.7332 | KL 0.00695 | CF 0.0783 | Std 0.1092 | |a| 0.0369 | Alpha 0.0100 | MB 24/24
  cert | viol 0.009 | dV -0.277748 | V 0.3699 | inball 0.432 | a*_q05 0.00530 | a*_q50 0.02297 | dV>=0 0.000 | n=150 | a_used 0.00345 -> 0.00352
[Episode 287/400] Steps: 720 | Reward:  255.55 | Battery:  73.15% | Loss: 0.0372
Placing Sensors
[Episode 288/400] Steps: 720 | Reward:  251.18 | Battery:  65.41% | Loss: 
Placing Sensors
Policy -0.0115 | Value 25.3047 | KL 0.01033 | CF 0.1158 | Std 0.1092 | |a| 0.0417 | Alpha 0.0100 | MB 24/24
  cert | viol 0.002 | dV -0.235181 | V 0.2713 | inball 0.502 | a*_q05 0.00616 | a*_q50 0.03398 | dV>=0 0.000 | n=150 | a_used 0.00352 -> 0.00362
[Episode 289/400] Steps: 720 | Reward:  234.96 | Battery:  64.03% | Loss: -0.0813
Placing Sensors
[Episode 290/400] Steps: 720 | Reward:  262.65 | Battery:  72.80% | Loss: 
Placing Sensors
Policy -0.0073 | Value 27.2985 | KL 0.01106 | CF 0.0830 | Std 0.1092 | |a| 0.0358 | Alpha 0.0100 | MB 24/24
  cert | viol 0.010 | dV -0.188466 | V 0.2198 | inball 0.516 | a*_q05 0.00689 | a*_q50 0.03075 | dV>=0 0.000 | n=150 | a_used 0.00362 -> 0.00367
[Episode 291/400] Steps: 720 | Reward:  259.95 | Battery:  69.79% | Loss: 0.0213
Placing Sensors
[Episode 292/400] Steps: 720 | Reward:  255.36 | Battery:  81.42% | Loss: 
Placing Sensors
Policy -0.0046 | Value 53.8084 | KL 0.01679 | CF 0.1193 | Std 0.1092 | |a| 0.0437 | Alpha 0.0100 | MB 24/24
  cert | viol 0.187 | dV -0.271641 | V 0.4113 | inball 0.447 | a*_q05 0.00003 | a*_q50 0.02425 | dV>=0 0.068 | n=150 | a_used 0.00367 -> 0.00348
[Episode 293/400] Steps: 720 | Reward:  250.90 | Battery:  75.52% | Loss: 0.0612
Placing Sensors
[Episode 294/400] Steps: 720 | Reward:  280.06 | Battery:  75.21% | Loss: 
Placing Sensors
Policy -0.0167 | Value 30.1137 | KL 0.01419 | CF 0.1477 | Std 0.1092 | |a| 0.0379 | Alpha 0.0100 | MB 24/24
  cert | viol 0.024 | dV -0.226034 | V 0.2658 | inball 0.569 | a*_q05 0.00498 | a*_q50 0.03445 | dV>=0 0.000 | n=150 | a_used 0.00348 -> 0.00363
[Episode 295/400] Steps: 720 | Reward:  252.41 | Battery:  73.90% | Loss: -0.0652
Placing Sensors
[Episode 296/400] Steps: 720 | Reward:  281.27 | Battery:  77.05% | Loss: 
Placing Sensors
Policy -0.0070 | Value 15.6744 | KL 0.00883 | CF 0.1146 | Std 0.1092 | |a| 0.0369 | Alpha 0.0100 | MB 24/24
  cert | viol 0.024 | dV -0.225272 | V 0.2674 | inball 0.585 | a*_q05 0.00562 | a*_q50 0.03072 | dV>=0 0.000 | n=150 | a_used 0.00363 -> 0.00366
[Episode 297/400] Steps: 720 | Reward:  289.01 | Battery:  83.61% | Loss: 0.0714
Placing Sensors
[Episode 298/400] Steps: 720 | Reward:  277.38 | Battery:  74.48% | Loss: 
Placing Sensors
Policy -0.0094 | Value 21.8655 | KL 0.01128 | CF 0.1356 | Std 0.1092 | |a| 0.0390 | Alpha 0.0100 | MB 24/24
  cert | viol 0.016 | dV -0.250426 | V 0.2965 | inball 0.542 | a*_q05 0.00535 | a*_q50 0.03059 | dV>=0 0.000 | n=150 | a_used 0.00366 -> 0.00377
[Episode 299/400] Steps: 720 | Reward:  289.29 | Battery:  76.61% | Loss: -0.0043
Placing Sensors
[Episode 300/400] Steps: 720 | Reward:  281.02 | Battery:  71.39% | Loss: 
Placing Sensors
Policy -0.0141 | Value 29.4442 | KL 0.01291 | CF 0.1263 | Std 0.1092 | |a| 0.0447 | Alpha 0.0100 | MB 24/24
  cert | viol 0.120 | dV -0.259982 | V 0.3515 | inball 0.443 | a*_q05 0.00176 | a*_q50 0.02746 | dV>=0 0.026 | n=150 | a_used 0.00377 -> 0.00367
[Episode 301/400] Steps: 720 | Reward:  219.20 | Battery:  69.59% | Loss: 0.0855
Placing Sensors
[Episode 302/400] Steps: 720 | Reward:  214.89 | Battery:  60.48% | Loss: 
Placing Sensors
Policy -0.0073 | Value 23.6185 | KL 0.01042 | CF 0.1107 | Std 0.1092 | |a| 0.0494 | Alpha 0.0100 | MB 24/24
  cert | viol 0.017 | dV -0.265130 | V 0.3035 | inball 0.422 | a*_q05 0.00644 | a*_q50 0.03412 | dV>=0 0.000 | n=150 | a_used 0.00367 -> 0.00385
[Episode 303/400] Steps: 720 | Reward:  189.34 | Battery:  51.47% | Loss: 0.0950
Placing Sensors
[Episode 304/400] Steps: 720 | Reward:  270.99 | Battery:  85.15% | Loss: 
Placing Sensors
Policy -0.0034 | Value 51.1550 | KL 0.01884 | CF 0.1156 | Std 0.1092 | |a| 0.0390 | Alpha 0.0100 | MB 24/24
  cert | viol 0.124 | dV -0.227595 | V 0.3100 | inball 0.568 | a*_q05 0.00134 | a*_q50 0.02764 | dV>=0 0.019 | n=150 | a_used 0.00385 -> 0.00372
[Episode 305/400] Steps: 720 | Reward:  310.09 | Battery:  81.43% | Loss: 0.0982
Placing Sensors
[Episode 306/400] Steps: 720 | Reward:  239.80 | Battery:  71.78% | Loss: 
Placing Sensors
Policy -0.0108 | Value 30.4343 | KL 0.00630 | CF 0.0624 | Std 0.1092 | |a| 0.0392 | Alpha 0.0100 | MB 24/24
  cert | viol 0.088 | dV -0.234490 | V 0.3066 | inball 0.537 | a*_q05 0.00240 | a*_q50 0.03111 | dV>=0 0.005 | n=150 | a_used 0.00372 -> 0.00373
[Episode 307/400] Steps: 720 | Reward:  285.23 | Battery:  73.92% | Loss: -0.1909
Placing Sensors
[Episode 308/400] Steps: 720 | Reward:  268.94 | Battery:  68.09% | Loss: 
Placing Sensors
Policy -0.0053 | Value 61.7264 | KL 0.01386 | CF 0.1460 | Std 0.1092 | |a| 0.0429 | Alpha 0.0100 | MB 24/24
  cert | viol 0.000 | dV -0.245866 | V 0.2651 | inball 0.603 | a*_q05 0.00997 | a*_q50 0.03239 | dV>=0 0.000 | n=150 | a_used 0.00373 -> 0.00390
[Episode 309/400] Steps: 720 | Reward:  329.81 | Battery:  85.60% | Loss: 0.0889
Placing Sensors
[Episode 310/400] Steps: 720 | Reward:  297.88 | Battery:  80.09% | Loss: 
Placing Sensors
Policy -0.0066 | Value 40.8749 | KL 0.01654 | CF 0.1364 | Std 0.1092 | |a| 0.0415 | Alpha 0.0100 | MB 24/24
  cert | viol 0.002 | dV -0.244589 | V 0.2888 | inball 0.543 | a*_q05 0.00608 | a*_q50 0.03160 | dV>=0 0.000 | n=150 | a_used 0.00390 -> 0.00395
[Episode 311/400] Steps: 720 | Reward:  230.73 | Battery:  71.39% | Loss: 0.0569
Placing Sensors
[Episode 312/400] Steps: 720 | Reward:  275.75 | Battery:  75.42% | Loss: 
Placing Sensors
Policy 0.0008 | Value 20.1748 | KL 0.01749 | CF 0.2099 | Std 0.1092 | |a| 0.0352 | Alpha 0.0100 | MB 24/24
  cert | viol 0.000 | dV -0.284764 | V 0.3074 | inball 0.613 | a*_q05 0.00965 | a*_q50 0.03833 | dV>=0 0.000 | n=150 | a_used 0.00395 -> 0.00409
[Episode 313/400] Steps: 720 | Reward:  318.58 | Battery:  83.03% | Loss: 0.0050
Placing Sensors
[Episode 314/400] Steps: 720 | Reward:  232.36 | Battery:  66.18% | Loss: 
Placing Sensors
Policy -0.0022 | Value 34.8425 | KL 0.01663 | CF 0.1831 | Std 0.1092 | |a| 0.0405 | Alpha 0.0100 | MB 24/24
  cert | viol 0.006 | dV -0.182882 | V 0.2114 | inball 0.555 | a*_q05 0.00694 | a*_q50 0.03237 | dV>=0 0.000 | n=150 | a_used 0.00409 -> 0.00415
[Episode 315/400] Steps: 720 | Reward:  310.45 | Battery:  77.50% | Loss: -0.0136
Placing Sensors
[Episode 316/400] Steps: 720 | Reward:  257.85 | Battery:  77.21% | Loss: 
Placing Sensors
Policy -0.0031 | Value 58.9756 | KL 0.00925 | CF 0.1011 | Std 0.1092 | |a| 0.0412 | Alpha 0.0100 | MB 24/24
  cert | viol 0.247 | dV -0.252024 | V 0.4159 | inball 0.505 | a*_q05 -0.00122 | a*_q50 0.02529 | dV>=0 0.145 | n=150 | a_used 0.00415 -> 0.00394
[Episode 317/400] Steps: 720 | Reward:  302.55 | Battery:  83.19% | Loss: 0.0616
Placing Sensors
[Episode 318/400] Steps: 720 | Reward:  280.40 | Battery:  80.56% | Loss: 
Placing Sensors
Policy -0.0016 | Value 24.5287 | KL 0.01037 | CF 0.0982 | Std 0.1092 | |a| 0.0450 | Alpha 0.0100 | MB 24/24
  cert | viol 0.060 | dV -0.268379 | V 0.3366 | inball 0.532 | a*_q05 0.00392 | a*_q50 0.02832 | dV>=0 0.008 | n=150 | a_used 0.00394 -> 0.00393
[Episode 319/400] Steps: 720 | Reward:  259.89 | Battery:  80.01% | Loss: 0.1141
Placing Sensors
[Episode 320/400] Steps: 720 | Reward:  294.52 | Battery:  78.59% | Loss: 
Placing Sensors
Policy -0.0048 | Value 21.8078 | KL 0.00823 | CF 0.0939 | Std 0.1092 | |a| 0.0339 | Alpha 0.0100 | MB 24/24
  cert | viol 0.008 | dV -0.272927 | V 0.3136 | inball 0.540 | a*_q05 0.00687 | a*_q50 0.03448 | dV>=0 0.000 | n=150 | a_used 0.00393 -> 0.00401
[Episode 321/400] Steps: 720 | Reward:  247.21 | Battery:  72.07% | Loss: -0.0091
Placing Sensors
[Episode 322/400] Steps: 720 | Reward:  321.16 | Battery:  84.15% | Loss: 
Placing Sensors
Policy -0.0076 | Value 33.1713 | KL 0.00635 | CF 0.0811 | Std 0.1092 | |a| 0.0318 | Alpha 0.0100 | MB 24/24
  cert | viol 0.036 | dV -0.253986 | V 0.3000 | inball 0.532 | a*_q05 0.00481 | a*_q50 0.03012 | dV>=0 0.000 | n=150 | a_used 0.00401 -> 0.00396
[Episode 323/400] Steps: 720 | Reward:  260.61 | Battery:  75.53% | Loss: -0.0187
Placing Sensors
[Episode 324/400] Steps: 720 | Reward:  232.82 | Battery:  59.76% | Loss: 
Placing Sensors
Policy -0.0057 | Value 23.9998 | KL 0.00709 | CF 0.0896 | Std 0.1092 | |a| 0.0352 | Alpha 0.0100 | MB 24/24
  cert | viol 0.000 | dV -0.235188 | V 0.2495 | inball 0.606 | a*_q05 0.01108 | a*_q50 0.04047 | dV>=0 0.000 | n=150 | a_used 0.00396 -> 0.00414
[Episode 325/400] Steps: 720 | Reward:  332.50 | Battery:  81.72% | Loss: 0.0871
Placing Sensors
[Episode 326/400] Steps: 720 | Reward:  286.88 | Battery:  79.99% | Loss: 
Placing Sensors
Policy -0.0045 | Value 28.3388 | KL 0.00933 | CF 0.1076 | Std 0.1092 | |a| 0.0348 | Alpha 0.0100 | MB 24/24
  cert | viol 0.046 | dV -0.277965 | V 0.3257 | inball 0.555 | a*_q05 0.00491 | a*_q50 0.03288 | dV>=0 0.000 | n=150 | a_used 0.00414 -> 0.00406
[Episode 327/400] Steps: 720 | Reward:  234.90 | Battery:  74.15% | Loss: -0.0428
Placing Sensors
[Episode 328/400] Steps: 720 | Reward:  253.92 | Battery:  74.59% | Loss: 
Placing Sensors
Policy -0.0090 | Value 16.6140 | KL 0.01235 | CF 0.0937 | Std 0.1092 | |a| 0.0351 | Alpha 0.0100 | MB 24/24
  cert | viol 0.099 | dV -0.276929 | V 0.3591 | inball 0.461 | a*_q05 0.00233 | a*_q50 0.02674 | dV>=0 0.005 | n=150 | a_used 0.00406 -> 0.00402
[Episode 329/400] Steps: 720 | Reward:  237.01 | Battery:  72.27% | Loss: -0.1170
Placing Sensors
[Episode 330/400] Steps: 720 | Reward:  310.76 | Battery:  81.34% | Loss: 
Placing Sensors
Policy -0.0045 | Value 47.0509 | KL 0.00806 | CF 0.0910 | Std 0.1091 | |a| 0.0501 | Alpha 0.0100 | MB 24/24
  cert | viol 0.131 | dV -0.190396 | V 0.2846 | inball 0.445 | a*_q05 -0.02221 | a*_q50 0.02751 | dV>=0 0.123 | n=150 | a_used 0.00402 -> 0.00382
[Episode 331/400] Steps: 720 | Reward:   91.69 | Battery:  14.77% | Loss: 0.0216
Placing Sensors
[Episode 332/400] Steps: 720 | Reward:  189.63 | Battery:  54.02% | Loss: 
Placing Sensors
Policy -0.0030 | Value 31.3844 | KL 0.01091 | CF 0.0947 | Std 0.1091 | |a| 0.0423 | Alpha 0.0100 | MB 24/24
  cert | viol 0.102 | dV -0.243313 | V 0.3120 | inball 0.506 | a*_q05 0.00221 | a*_q50 0.02933 | dV>=0 0.000 | n=150 | a_used 0.00382 -> 0.00383
[Episode 333/400] Steps: 720 | Reward:  302.81 | Battery:  83.68% | Loss: 0.0664
Placing Sensors
[Episode 334/400] Steps: 720 | Reward:  286.08 | Battery:  79.24% | Loss: 
Placing Sensors
Policy -0.0013 | Value 37.3897 | KL 0.01778 | CF 0.1267 | Std 0.1091 | |a| 0.0358 | Alpha 0.0100 | MB 24/24
  cert | viol 0.038 | dV -0.316229 | V 0.3698 | inball 0.575 | a*_q05 0.00519 | a*_q50 0.03298 | dV>=0 0.000 | n=150 | a_used 0.00383 -> 0.00385
[Episode 335/400] Steps: 720 | Reward:  309.24 | Battery:  87.36% | Loss: 0.1474
Placing Sensors
[Episode 336/400] Steps: 720 | Reward:  239.28 | Battery:  75.00% | Loss: 
Placing Sensors
Policy -0.0103 | Value 27.1284 | KL 0.00974 | CF 0.0895 | Std 0.1091 | |a| 0.0390 | Alpha 0.0100 | MB 24/24
  cert | viol 0.015 | dV -0.263699 | V 0.3127 | inball 0.523 | a*_q05 0.00588 | a*_q50 0.03215 | dV>=0 0.000 | n=150 | a_used 0.00385 -> 0.00400
[Episode 337/400] Steps: 720 | Reward:  306.93 | Battery:  82.89% | Loss: 0.0208
Placing Sensors
[Episode 338/400] Steps: 720 | Reward:  228.46 | Battery:  64.91% | Loss: 
Placing Sensors
Policy -0.0052 | Value 41.8326 | KL 0.01218 | CF 0.1052 | Std 0.1091 | |a| 0.0392 | Alpha 0.0100 | MB 24/24
  cert | viol 0.081 | dV -0.258423 | V 0.3356 | inball 0.483 | a*_q05 0.00266 | a*_q50 0.02756 | dV>=0 0.005 | n=150 | a_used 0.00400 -> 0.00388
[Episode 339/400] Steps: 720 | Reward:  295.94 | Battery:  80.27% | Loss: 0.1025
Placing Sensors
[Episode 340/400] Steps: 720 | Reward:  301.70 | Battery:  81.80% | Loss: 
Placing Sensors
Policy 0.0006 | Value 21.1530 | KL 0.02061 | CF 0.1180 | Std 0.1090 | |a| 0.0382 | Alpha 0.0100 | MB 24/24
  cert | viol 0.002 | dV -0.209589 | V 0.2346 | inball 0.621 | a*_q05 0.00818 | a*_q50 0.03376 | dV>=0 0.000 | n=150 | a_used 0.00388 -> 0.00403
[Episode 341/400] Steps: 720 | Reward:  319.77 | Battery:  80.39% | Loss: -0.0537
Placing Sensors
[Episode 342/400] Steps: 720 | Reward:  272.40 | Battery:  82.28% | Loss: 
Placing Sensors
Policy -0.0062 | Value 38.1349 | KL 0.01139 | CF 0.1138 | Std 0.1090 | |a| 0.0610 | Alpha 0.0100 | MB 24/24
  cert | viol 0.000 | dV -0.209185 | V 0.2493 | inball 0.522 | a*_q05 0.00500 | a*_q50 0.02676 | dV>=0 0.000 | n=150 | a_used 0.00403 -> 0.00408
[Episode 343/400] Steps: 720 | Reward:  254.55 | Battery:  74.66% | Loss: 0.0697
Placing Sensors
[Episode 344/400] Steps: 720 | Reward:  255.31 | Battery:  68.81% | Loss: 
Placing Sensors
Policy 0.0036 | Value 28.1532 | KL 0.02621 | CF 0.1588 | Std 0.1090 | |a| 0.0419 | Alpha 0.0100 | MB 18/24
  cert | viol 0.115 | dV -0.298123 | V 0.3814 | inball 0.511 | a*_q05 0.00203 | a*_q50 0.02977 | dV>=0 0.006 | n=150 | a_used 0.00408 -> 0.00398
[Episode 345/400] Steps: 720 | Reward:  262.12 | Battery:  75.76% | Loss: 0.0335
Placing Sensors
[Episode 346/400] Steps: 720 | Reward:  276.53 | Battery:  77.33% | Loss: 
Placing Sensors
Policy -0.0059 | Value 29.5237 | KL 0.02385 | CF 0.1772 | Std 0.1090 | |a| 0.0374 | Alpha 0.0100 | MB 18/24
  cert | viol 0.055 | dV -0.260447 | V 0.3210 | inball 0.559 | a*_q05 0.00369 | a*_q50 0.03247 | dV>=0 0.000 | n=150 | a_used 0.00398 -> 0.00394
[Episode 347/400] Steps: 720 | Reward:  281.24 | Battery:  74.47% | Loss: -0.0847
Placing Sensors
[Episode 348/400] Steps: 720 | Reward:  252.04 | Battery:  70.32% | Loss: 
Placing Sensors
Policy 0.0001 | Value 29.8012 | KL 0.01242 | CF 0.1423 | Std 0.1090 | |a| 0.0557 | Alpha 0.0100 | MB 24/24
  cert | viol 0.030 | dV -0.186828 | V 0.2331 | inball 0.501 | a*_q05 0.00433 | a*_q50 0.02740 | dV>=0 0.000 | n=150 | a_used 0.00394 -> 0.00397
[Episode 349/400] Steps: 720 | Reward:  284.60 | Battery:  80.03% | Loss: 0.0965
Placing Sensors
[Episode 350/400] Steps: 720 | Reward:  252.67 | Battery:  70.28% | Loss: 
Placing Sensors
Policy -0.0092 | Value 40.2183 | KL 0.01520 | CF 0.1367 | Std 0.1090 | |a| 0.0459 | Alpha 0.0100 | MB 24/24
  cert | viol 0.000 | dV -0.280331 | V 0.3094 | inball 0.563 | a*_q05 0.00775 | a*_q50 0.03638 | dV>=0 0.000 | n=150 | a_used 0.00397 -> 0.00411
[Episode 351/400] Steps: 720 | Reward:  299.05 | Battery:  78.55% | Loss: 0.1766
Placing Sensors
[Episode 352/400] Steps: 720 | Reward:  297.91 | Battery:  79.72% | Loss: 
Placing Sensors
[Episode 353/400] Steps: 194 | Reward:  -46.92 | Battery:   0.00% | Loss: 
Placing Sensors
Policy -0.0002 | Value 85.0832 | KL 0.01173 | CF 0.1192 | Std 0.1090 | |a| 0.0435 | Alpha 0.0100 | MB 28/28
  cert | viol 0.031 | dV -0.213885 | V 0.2534 | inball 0.561 | a*_q05 0.00672 | a*_q50 0.03520 | dV>=0 0.020 | n=150 | a_used 0.00411 -> 0.00420
[Episode 354/400] Steps: 720 | Reward:  316.34 | Battery:  78.54% | Loss: 0.1440
Placing Sensors
[Episode 355/400] Steps: 720 | Reward:  291.87 | Battery:  77.84% | Loss: 
Placing Sensors
Policy -0.0075 | Value 31.1073 | KL 0.01214 | CF 0.1368 | Std 0.1091 | |a| 0.0411 | Alpha 0.0100 | MB 24/24
  cert | viol 0.029 | dV -0.252312 | V 0.3023 | inball 0.556 | a*_q05 0.00528 | a*_q50 0.02972 | dV>=0 0.000 | n=150 | a_used 0.00420 -> 0.00422
[Episode 356/400] Steps: 720 | Reward:  320.46 | Battery:  83.94% | Loss: -0.0493
Placing Sensors
[Episode 357/400] Steps: 720 | Reward:  271.66 | Battery:  69.71% | Loss: 
Placing Sensors
Policy -0.0046 | Value 27.4175 | KL 0.01024 | CF 0.1134 | Std 0.1091 | |a| 0.0426 | Alpha 0.0100 | MB 24/24
  cert | viol 0.012 | dV -0.246654 | V 0.2712 | inball 0.602 | a*_q05 0.00793 | a*_q50 0.03808 | dV>=0 0.000 | n=150 | a_used 0.00422 -> 0.00440
[Episode 358/400] Steps: 720 | Reward:  309.18 | Battery:  82.18% | Loss: 0.0392
Placing Sensors
[Episode 359/400] Steps: 720 | Reward:  233.10 | Battery:  64.88% | Loss: 
Placing Sensors
Policy -0.0016 | Value 24.5713 | KL 0.00689 | CF 0.0746 | Std 0.1090 | |a| 0.0402 | Alpha 0.0100 | MB 24/24
  cert | viol 0.045 | dV -0.243461 | V 0.2834 | inball 0.526 | a*_q05 0.00534 | a*_q50 0.03101 | dV>=0 0.000 | n=150 | a_used 0.00440 -> 0.00448
[Episode 360/400] Steps: 720 | Reward:  276.76 | Battery:  72.91% | Loss: 0.0079
Placing Sensors
[Episode 361/400] Steps: 720 | Reward:  274.31 | Battery:  77.25% | Loss: 
Placing Sensors
Policy -0.0054 | Value 17.8360 | KL 0.01013 | CF 0.1011 | Std 0.1090 | |a| 0.0437 | Alpha 0.0100 | MB 24/24
  cert | viol 0.015 | dV -0.233535 | V 0.2724 | inball 0.554 | a*_q05 0.00609 | a*_q50 0.03142 | dV>=0 0.000 | n=150 | a_used 0.00448 -> 0.00450
[Episode 362/400] Steps: 720 | Reward:  263.00 | Battery:  72.48% | Loss: 0.0416
Placing Sensors
[Episode 363/400] Steps: 720 | Reward:  313.45 | Battery:  82.33% | Loss: 
Placing Sensors
Policy -0.0054 | Value 31.4675 | KL 0.00760 | CF 0.0758 | Std 0.1090 | |a| 0.0605 | Alpha 0.0100 | MB 24/24
  cert | viol 0.000 | dV -0.230068 | V 0.2370 | inball 0.589 | a*_q05 0.01529 | a*_q50 0.03967 | dV>=0 0.000 | n=150 | a_used 0.00450 -> 0.00468
[Episode 364/400] Steps: 720 | Reward:  162.79 | Battery:  45.97% | Loss: 0.0581
Placing Sensors
[Episode 365/400] Steps: 720 | Reward:  315.24 | Battery:  86.98% | Loss: 
Placing Sensors
Policy -0.0049 | Value 32.2430 | KL 0.01363 | CF 0.1000 | Std 0.1090 | |a| 0.0420 | Alpha 0.0100 | MB 24/24
  cert | viol 0.020 | dV -0.227267 | V 0.2494 | inball 0.623 | a*_q05 0.00778 | a*_q50 0.03623 | dV>=0 0.000 | n=150 | a_used 0.00468 -> 0.00486
[Episode 366/400] Steps: 720 | Reward:  289.00 | Battery:  70.50% | Loss: -0.0358
Placing Sensors
[Episode 367/400] Steps: 720 | Reward:  245.97 | Battery:  67.95% | Loss: 
Placing Sensors
Policy -0.0038 | Value 35.3937 | KL 0.01065 | CF 0.1006 | Std 0.1090 | |a| 0.0405 | Alpha 0.0100 | MB 24/24
  cert | viol 0.006 | dV -0.298093 | V 0.3328 | inball 0.540 | a*_q05 0.00845 | a*_q50 0.03259 | dV>=0 0.000 | n=150 | a_used 0.00486 -> 0.00503
[Episode 368/400] Steps: 720 | Reward:  319.26 | Battery:  85.88% | Loss: 0.0199
Placing Sensors
[Episode 369/400] Steps: 720 | Reward:  268.51 | Battery:  78.86% | Loss: 
Placing Sensors
Policy -0.0083 | Value 20.3035 | KL 0.00895 | CF 0.0939 | Std 0.1090 | |a| 0.0391 | Alpha 0.0100 | MB 24/24
  cert | viol 0.053 | dV -0.232256 | V 0.2788 | inball 0.597 | a*_q05 0.00511 | a*_q50 0.03359 | dV>=0 0.000 | n=150 | a_used 0.00503 -> 0.00506
[Episode 370/400] Steps: 720 | Reward:  326.62 | Battery:  88.45% | Loss: -0.1065
Placing Sensors
[Episode 371/400] Steps: 720 | Reward:  291.72 | Battery:  78.77% | Loss: 
Placing Sensors
Policy -0.0133 | Value 24.6347 | KL 0.01198 | CF 0.1265 | Std 0.1090 | |a| 0.0609 | Alpha 0.0100 | MB 24/24
  cert | viol 0.016 | dV -0.245477 | V 0.2907 | inball 0.513 | a*_q05 0.00604 | a*_q50 0.03049 | dV>=0 0.000 | n=150 | a_used 0.00506 -> 0.00510
[Episode 372/400] Steps: 720 | Reward:  218.11 | Battery:  67.16% | Loss: -0.0461
Placing Sensors
[Episode 373/400] Steps: 720 | Reward:  331.20 | Battery:  79.86% | Loss: 
Placing Sensors
Policy -0.0052 | Value 23.1689 | KL 0.01769 | CF 0.1427 | Std 0.1090 | |a| 0.0421 | Alpha 0.0100 | MB 24/24
  cert | viol 0.000 | dV -0.217919 | V 0.2405 | inball 0.604 | a*_q05 0.00899 | a*_q50 0.03537 | dV>=0 0.000 | n=150 | a_used 0.00510 -> 0.00522
[Episode 374/400] Steps: 720 | Reward:  240.70 | Battery:  68.07% | Loss: 0.0211
Placing Sensors
[Episode 375/400] Steps: 720 | Reward:  313.45 | Battery:  84.39% | Loss: 
Placing Sensors
Policy -0.0135 | Value 23.7168 | KL 0.01314 | CF 0.1365 | Std 0.1090 | |a| 0.0413 | Alpha 0.0100 | MB 24/24
  cert | viol 0.017 | dV -0.268233 | V 0.2990 | inball 0.643 | a*_q05 0.00776 | a*_q50 0.03832 | dV>=0 0.000 | n=150 | a_used 0.00522 -> 0.00530
[Episode 376/400] Steps: 720 | Reward:  313.28 | Battery:  83.36% | Loss: 0.0741
Placing Sensors
[Episode 377/400] Steps: 720 | Reward:  294.05 | Battery:  79.94% | Loss: 
Placing Sensors
Policy -0.0090 | Value 14.1525 | KL 0.01205 | CF 0.0840 | Std 0.1090 | |a| 0.0384 | Alpha 0.0100 | MB 24/24
  cert | viol 0.046 | dV -0.273940 | V 0.3167 | inball 0.556 | a*_q05 0.00587 | a*_q50 0.03273 | dV>=0 0.000 | n=150 | a_used 0.00530 -> 0.00532
[Episode 378/400] Steps: 720 | Reward:  276.39 | Battery:  73.41% | Loss: -0.0344
Placing Sensors
[Episode 379/400] Steps: 720 | Reward:  283.97 | Battery:  73.44% | Loss: 
Placing Sensors
Policy -0.0082 | Value 15.0933 | KL 0.01060 | CF 0.0977 | Std 0.1089 | |a| 0.0439 | Alpha 0.0100 | MB 24/24
  cert | viol 0.007 | dV -0.216852 | V 0.2361 | inball 0.598 | a*_q05 0.00828 | a*_q50 0.03894 | dV>=0 0.000 | n=150 | a_used 0.00532 -> 0.00534
[Episode 380/400] Steps: 720 | Reward:  251.71 | Battery:  71.21% | Loss: -0.0467
Placing Sensors
[Episode 381/400] Steps: 720 | Reward:  260.08 | Battery:  68.90% | Loss: 
Placing Sensors
Policy -0.0035 | Value 30.0803 | KL 0.01241 | CF 0.0734 | Std 0.1089 | |a| 0.0479 | Alpha 0.0100 | MB 24/24
  cert | viol 0.044 | dV -0.275427 | V 0.3163 | inball 0.571 | a*_q05 0.00613 | a*_q50 0.03382 | dV>=0 0.000 | n=150 | a_used 0.00534 -> 0.00532
[Episode 382/400] Steps: 720 | Reward:  312.59 | Battery:  82.12% | Loss: 0.0103
Placing Sensors
[Episode 383/400] Steps: 720 | Reward:  286.50 | Battery:  86.03% | Loss: 
Placing Sensors
Policy -0.0044 | Value 50.9169 | KL 0.00863 | CF 0.0950 | Std 0.1089 | |a| 0.0484 | Alpha 0.0100 | MB 24/24
  cert | viol 0.185 | dV -0.242956 | V 0.3690 | inball 0.543 | a*_q05 -0.00231 | a*_q50 0.02975 | dV>=0 0.112 | n=150 | a_used 0.00532 -> 0.00505
[Episode 384/400] Steps: 720 | Reward:  276.54 | Battery:  79.88% | Loss: 0.0695
Placing Sensors
[Episode 385/400] Steps: 720 | Reward:  269.53 | Battery:  73.10% | Loss: 
Placing Sensors
Policy -0.0104 | Value 44.0665 | KL 0.01034 | CF 0.0971 | Std 0.1089 | |a| 0.0458 | Alpha 0.0100 | MB 24/24
  cert | viol 0.108 | dV -0.231620 | V 0.3007 | inball 0.556 | a*_q05 0.00259 | a*_q50 0.03012 | dV>=0 0.000 | n=150 | a_used 0.00505 -> 0.00495
[Episode 386/400] Steps: 720 | Reward:  291.49 | Battery:  85.27% | Loss: 0.1102
Placing Sensors
[Episode 387/400] Steps: 720 | Reward:  328.08 | Battery:  81.99% | Loss: 
Placing Sensors
Policy 0.0066 | Value 31.1646 | KL 0.04433 | CF 0.1588 | Std 0.1088 | |a| 0.0456 | Alpha 0.0100 | MB 12/24
  cert | viol 0.146 | dV -0.251854 | V 0.3389 | inball 0.559 | a*_q05 0.00082 | a*_q50 0.03335 | dV>=0 0.046 | n=150 | a_used 0.00495 -> 0.00471
[Episode 388/400] Steps: 720 | Reward:  249.31 | Battery:  76.09% | Loss: 0.1230
Placing Sensors
[Episode 389/400] Steps: 720 | Reward:  246.11 | Battery:  75.40% | Loss: 
Placing Sensors
[Episode 390/400] Steps: 115 | Reward:  -53.92 | Battery:   0.00% | Loss: 
Placing Sensors
Policy 0.0013 | Value 62.4458 | KL 0.01485 | CF 0.1165 | Std 0.1088 | |a| 0.0630 | Alpha 0.0100 | MB 28/28
  cert | viol 0.073 | dV -0.330770 | V 0.4021 | inball 0.425 | a*_q05 0.00536 | a*_q50 0.03183 | dV>=0 0.005 | n=150 | a_used 0.00471 -> 0.00477
[Episode 391/400] Steps: 720 | Reward:  271.14 | Battery:  73.50% | Loss: 0.0302
Placing Sensors
[Episode 392/400] Steps: 720 | Reward:  288.65 | Battery:  85.33% | Loss: 
Placing Sensors
Policy -0.0064 | Value 37.6139 | KL 0.00880 | CF 0.0655 | Std 0.1088 | |a| 0.0428 | Alpha 0.0100 | MB 24/24
  cert | viol 0.103 | dV -0.310438 | V 0.3935 | inball 0.496 | a*_q05 0.00306 | a*_q50 0.02902 | dV>=0 0.000 | n=150 | a_used 0.00477 -> 0.00456
[Episode 393/400] Steps: 720 | Reward:  229.60 | Battery:  67.54% | Loss: 0.0833
Placing Sensors
[Episode 394/400] Steps: 720 | Reward:  289.14 | Battery:  76.09% | Loss: 
Placing Sensors
Policy -0.0068 | Value 42.5178 | KL 0.00604 | CF 0.0731 | Std 0.1088 | |a| 0.0407 | Alpha 0.0100 | MB 24/24
  cert | viol 0.000 | dV -0.242892 | V 0.2632 | inball 0.631 | a*_q05 0.00941 | a*_q50 0.03850 | dV>=0 0.000 | n=150 | a_used 0.00456 -> 0.00471
[Episode 395/400] Steps: 720 | Reward:  301.91 | Battery:  82.03% | Loss: -0.0150
Placing Sensors
[Episode 396/400] Steps: 720 | Reward:  277.25 | Battery:  81.83% | Loss: 
Placing Sensors
Policy -0.0070 | Value 41.0300 | KL 0.00839 | CF 0.0926 | Std 0.1088 | |a| 0.0471 | Alpha 0.0100 | MB 24/24
  cert | viol 0.055 | dV -0.221801 | V 0.2710 | inball 0.579 | a*_q05 0.00501 | a*_q50 0.03212 | dV>=0 0.000 | n=150 | a_used 0.00471 -> 0.00473
[Episode 397/400] Steps: 720 | Reward:  281.13 | Battery:  78.71% | Loss: 0.0542
Placing Sensors
[Episode 398/400] Steps: 720 | Reward:  281.85 | Battery:  77.19% | Loss: 
Placing Sensors
Policy -0.0023 | Value 29.4598 | KL 0.01401 | CF 0.0833 | Std 0.1087 | |a| 0.0439 | Alpha 0.0100 | MB 24/24
  cert | viol 0.016 | dV -0.245234 | V 0.2849 | inball 0.551 | a*_q05 0.00642 | a*_q50 0.03394 | dV>=0 0.000 | n=150 | a_used 0.00473 -> 0.00480
[Episode 399/400] Steps: 720 | Reward:  275.40 | Battery:  75.00% | Loss: -0.1021
Placing Sensors
[Episode 400/400] Steps: 720 | Reward:  246.41 | Battery:  78.57% | Loss: 
Placing Sensors
Policy -0.0044 | Value 25.8153 | KL 0.01478 | CF 0.0990 | Std 0.1087 | |a| 0.0526 | Alpha 0.0100 | MB 24/24
  cert | viol 0.197 | dV -0.227342 | V 0.3166 | inball 0.492 | a*_q05 0.00223 | a*_q50 0.02518 | dV>=0 0.000 | n=150 | a_used 0.00480 -> 0.00474
[Episode 401/400] Steps: 720 | Reward:  271.88 | Battery:  77.43% | Loss: 0.0851
Placing Sensors
[Episode 402/400] Steps: 720 | Reward:  304.73 | Battery:  81.01% | Loss: 
Placing Sensors
Policy -0.0056 | Value 29.2129 | KL 0.00919 | CF 0.1162 | Std 0.1087 | |a| 0.0358 | Alpha 0.0100 | MB 24/24
  cert | viol 0.000 | dV -0.226660 | V 0.2376 | inball 0.662 | a*_q05 0.01248 | a*_q50 0.04094 | dV>=0 0.000 | n=150 | a_used 0.00474 -> 0.00492
[Episode 403/400] Steps: 720 | Reward:  315.29 | Battery:  81.42% | Loss: 0.1356
Placing Sensors
[Episode 404/400] Steps: 720 | Reward:  288.94 | Battery:  77.41% | Loss: 
Placing Sensors
Policy -0.0064 | Value 22.4061 | KL 0.00594 | CF 0.0754 | Std 0.1087 | |a| 0.0395 | Alpha 0.0100 | MB 24/24
  cert | viol 0.000 | dV -0.261417 | V 0.2800 | inball 0.602 | a*_q05 0.00919 | a*_q50 0.03848 | dV>=0 0.000 | n=150 | a_used 0.00492 -> 0.00504
[Episode 405/400] Steps: 720 | Reward:  295.96 | Battery:  79.04% | Loss: 0.0148
Placing Sensors
[Episode 406/400] Steps: 720 | Reward:  279.32 | Battery:  77.53% | Loss: 
Placing Sensors
Policy -0.0025 | Value 18.0889 | KL 0.02077 | CF 0.1681 | Std 0.1087 | |a| 0.0394 | Alpha 0.0100 | MB 24/24
  cert | viol 0.049 | dV -0.255615 | V 0.3005 | inball 0.575 | a*_q05 0.00548 | a*_q50 0.03456 | dV>=0 0.000 | n=150 | a_used 0.00504 -> 0.00498
[Episode 407/400] Steps: 720 | Reward:  300.30 | Battery:  78.64% | Loss: 0.0010
Placing Sensors
[Episode 408/400] Steps: 720 | Reward:  221.40 | Battery:  64.41% | Loss: 
Placing Sensors
Policy -0.0043 | Value 24.8868 | KL 0.00773 | CF 0.0938 | Std 0.1087 | |a| 0.0432 | Alpha 0.0100 | MB 24/24
  cert | viol 0.059 | dV -0.222985 | V 0.2738 | inball 0.461 | a*_q05 0.00480 | a*_q50 0.02724 | dV>=0 0.000 | n=150 | a_used 0.00498 -> 0.00495
[Episode 409/400] Steps: 720 | Reward:  220.42 | Battery:  64.41% | Loss: 0.1271
Placing Sensors
[Episode 410/400] Steps: 720 | Reward:  228.16 | Battery:  63.85% | Loss: 
Placing Sensors
Policy 0.0000 | Value 24.1066 | KL 0.00719 | CF 0.0902 | Std 0.1087 | |a| 0.0423 | Alpha 0.0100 | MB 24/24
  cert | viol 0.000 | dV -0.245068 | V 0.2687 | inball 0.594 | a*_q05 0.00847 | a*_q50 0.03865 | dV>=0 0.000 | n=150 | a_used 0.00495 -> 0.00511
[Episode 411/400] Steps: 720 | Reward:  337.65 | Battery:  86.18% | Loss: 0.0332
Placing Sensors
[Episode 412/400] Steps: 720 | Reward:  257.99 | Battery:  72.25% | Loss: 
Placing Sensors
Policy -0.0099 | Value 24.8675 | KL 0.00667 | CF 0.0797 | Std 0.1086 | |a| 0.0413 | Alpha 0.0100 | MB 24/24
  cert | viol 0.002 | dV -0.232875 | V 0.2592 | inball 0.563 | a*_q05 0.00852 | a*_q50 0.03490 | dV>=0 0.000 | n=150 | a_used 0.00511 -> 0.00522
[Episode 413/400] Steps: 720 | Reward:  310.72 | Battery:  75.24% | Loss: -0.0923
Placing Sensors
[Episode 414/400] Steps: 720 | Reward:  286.41 | Battery:  79.86% | Loss: 
Placing Sensors
Policy -0.0096 | Value 28.7253 | KL 0.01224 | CF 0.0942 | Std 0.1086 | |a| 0.0487 | Alpha 0.0100 | MB 24/24
  cert | viol 0.024 | dV -0.265103 | V 0.2901 | inball 0.622 | a*_q05 0.00849 | a*_q50 0.03874 | dV>=0 0.000 | n=150 | a_used 0.00522 -> 0.00539
[Episode 415/400] Steps: 720 | Reward:  265.91 | Battery:  78.58% | Loss: -0.0643
Placing Sensors
[Episode 416/400] Steps: 720 | Reward:  282.73 | Battery:  72.99% | Loss: 
Placing Sensors
Policy -0.0031 | Value 42.9975 | KL 0.00727 | CF 0.0786 | Std 0.1086 | |a| 0.0605 | Alpha 0.0100 | MB 24/24
  cert | viol 0.041 | dV -0.241863 | V 0.3008 | inball 0.494 | a*_q05 0.00592 | a*_q50 0.03118 | dV>=0 0.000 | n=150 | a_used 0.00539 -> 0.00545
[Episode 417/400] Steps: 720 | Reward:  265.23 | Battery:  76.48% | Loss: 0.0272
Placing Sensors
[Episode 418/400] Steps: 720 | Reward:  311.38 | Battery:  76.42% | Loss: 
Placing Sensors
Policy -0.0074 | Value 19.8356 | KL 0.01580 | CF 0.1266 | Std 0.1086 | |a| 0.0398 | Alpha 0.0100 | MB 24/24
  cert | viol 0.000 | dV -0.236432 | V 0.2467 | inball 0.669 | a*_q05 0.01311 | a*_q50 0.04021 | dV>=0 0.000 | n=150 | a_used 0.00545 -> 0.00562
[Episode 419/400] Steps: 720 | Reward:  323.57 | Battery:  84.74% | Loss: -0.0562
Placing Sensors
[Episode 420/400] Steps: 720 | Reward:  307.94 | Battery:  85.62% | Loss: 
Placing Sensors
Policy -0.0045 | Value 23.8575 | KL 0.00743 | CF 0.0865 | Std 0.1085 | |a| 0.0430 | Alpha 0.0100 | MB 24/24
  cert | viol 0.016 | dV -0.264113 | V 0.2954 | inball 0.604 | a*_q05 0.00759 | a*_q50 0.03607 | dV>=0 0.000 | n=150 | a_used 0.00562 -> 0.00574
[Episode 421/400] Steps: 720 | Reward:  274.56 | Battery:  80.74% | Loss: 0.0436
Placing Sensors
[Episode 422/400] Steps: 720 | Reward:  301.91 | Battery:  77.68% | Loss: 
Placing Sensors
Policy -0.0098 | Value 18.8894 | KL 0.00879 | CF 0.0628 | Std 0.1085 | |a| 0.0396 | Alpha 0.0100 | MB 24/24
  cert | viol 0.000 | dV -0.222891 | V 0.2305 | inball 0.657 | a*_q05 0.01440 | a*_q50 0.04059 | dV>=0 0.000 | n=150 | a_used 0.00574 -> 0.00590
[Episode 423/400] Steps: 720 | Reward:  283.14 | Battery:  79.53% | Loss: -0.0070
Placing Sensors
[Episode 424/400] Steps: 720 | Reward:  276.48 | Battery:  72.30% | Loss: 
Placing Sensors
Policy -0.0120 | Value 51.1081 | KL 0.01405 | CF 0.1455 | Std 0.1085 | |a| 0.0452 | Alpha 0.0100 | MB 24/24
  cert | viol 0.091 | dV -0.294880 | V 0.3460 | inball 0.593 | a*_q05 0.00436 | a*_q50 0.03490 | dV>=0 0.000 | n=150 | a_used 0.00590 -> 0.00598
[Episode 425/400] Steps: 720 | Reward:  309.17 | Battery:  81.65% | Loss: 0.0122
Placing Sensors
[Episode 426/400] Steps: 720 | Reward:  313.42 | Battery:  82.04% | Loss: 
Placing Sensors
Policy -0.0006 | Value 15.6678 | KL 0.00912 | CF 0.1146 | Std 0.1085 | |a| 0.0372 | Alpha 0.0100 | MB 24/24
  cert | viol 0.000 | dV -0.210745 | V 0.2185 | inball 0.668 | a*_q05 0.01457 | a*_q50 0.03979 | dV>=0 0.000 | n=150 | a_used 0.00598 -> 0.00614
[Episode 427/400] Steps: 720 | Reward:  295.39 | Battery:  75.16% | Loss: 0.0721
Placing Sensors
[Episode 428/400] Steps: 720 | Reward:  292.78 | Battery:  77.80% | Loss: 
Placing Sensors
Policy -0.0076 | Value 39.3065 | KL 0.00884 | CF 0.1094 | Std 0.1085 | |a| 0.0533 | Alpha 0.0100 | MB 24/24
  cert | viol 0.125 | dV -0.298351 | V 0.3973 | inball 0.437 | a*_q05 0.00272 | a*_q50 0.02818 | dV>=0 0.007 | n=150 | a_used 0.00614 -> 0.00586
[Episode 429/400] Steps: 720 | Reward:  199.49 | Battery:  58.15% | Loss: -0.0506
Placing Sensors
[Episode 430/400] Steps: 720 | Reward:  294.30 | Battery:  75.71% | Loss: 
Placing Sensors
Policy -0.0071 | Value 25.0809 | KL 0.00764 | CF 0.0868 | Std 0.1085 | |a| 0.0402 | Alpha 0.0100 | MB 24/24
  cert | viol 0.000 | dV -0.206820 | V 0.2195 | inball 0.596 | a*_q05 0.01164 | a*_q50 0.03438 | dV>=0 0.000 | n=150 | a_used 0.00586 -> 0.00602
[Episode 431/400] Steps: 720 | Reward:  281.43 | Battery:  74.20% | Loss: 0.0737
Placing Sensors
[Episode 432/400] Steps: 720 | Reward:  300.57 | Battery:  86.25% | Loss: 
Placing Sensors
Policy -0.0108 | Value 38.7156 | KL 0.00818 | CF 0.1009 | Std 0.1085 | |a| 0.0434 | Alpha 0.0100 | MB 24/24
  cert | viol 0.126 | dV -0.262551 | V 0.3427 | inball 0.516 | a*_q05 0.00329 | a*_q50 0.02670 | dV>=0 0.002 | n=150 | a_used 0.00602 -> 0.00552
[Episode 433/400] Steps: 720 | Reward:  270.55 | Battery:  74.86% | Loss: 0.0790
Placing Sensors
[Episode 434/400] Steps: 720 | Reward:  278.60 | Battery:  75.10% | Loss: 
Placing Sensors
Policy -0.0050 | Value 21.0570 | KL 0.00798 | CF 0.1048 | Std 0.1084 | |a| 0.0469 | Alpha 0.0100 | MB 24/24
  cert | viol 0.012 | dV -0.258769 | V 0.2868 | inball 0.589 | a*_q05 0.00856 | a*_q50 0.03492 | dV>=0 0.000 | n=150 | a_used 0.00552 -> 0.00562
[Episode 435/400] Steps: 720 | Reward:  308.83 | Battery:  82.03% | Loss: 0.0781
Placing Sensors
[Episode 436/400] Steps: 720 | Reward:  248.84 | Battery:  70.65% | Loss: 
Placing Sensors
Policy -0.0115 | Value 21.9219 | KL 0.01471 | CF 0.0847 | Std 0.1084 | |a| 0.0404 | Alpha 0.0100 | MB 24/24
  cert | viol 0.141 | dV -0.209791 | V 0.2751 | inball 0.475 | a*_q05 0.00264 | a*_q50 0.02453 | dV>=0 0.000 | n=150 | a_used 0.00562 -> 0.00550
[Episode 437/400] Steps: 720 | Reward:  246.60 | Battery:  79.06% | Loss: -0.1088
Placing Sensors
[Episode 438/400] Steps: 720 | Reward:  270.59 | Battery:  79.11% | Loss: 
Placing Sensors
Policy -0.0112 | Value 17.8663 | KL 0.00957 | CF 0.0792 | Std 0.1084 | |a| 0.0465 | Alpha 0.0100 | MB 24/24
  cert | viol 0.014 | dV -0.249372 | V 0.2805 | inball 0.494 | a*_q05 0.00707 | a*_q50 0.03312 | dV>=0 0.000 | n=150 | a_used 0.00550 -> 0.00555
[Episode 439/400] Steps: 720 | Reward:  258.88 | Battery:  74.67% | Loss: -0.0287
[budget] 288618 transitions collected over 439 episodes -- step budget met, stopping.
Placing Sensors
  [validation 1/10] steps 720 | battery  32.2% ->  69.8% (min  26.0%) | reward   321.44 | |a| 0.082 | path     134 m
Placing Sensors
  [validation 2/10] steps 720 | battery  32.0% ->  90.0% (min  27.2%) | reward   462.60 | |a| 0.026 | path     164 m
Placing Sensors
  [validation 3/10] steps 720 | battery  30.6% ->  69.0% (min  20.7%) | reward   287.74 | |a| 0.084 | path     189 m
Placing Sensors
  [validation 4/10] steps 720 | battery  33.5% ->  79.2% (min  29.8%) | reward   406.50 | |a| 0.027 | path     164 m
Placing Sensors
  [validation 5/10] steps 720 | battery  37.6% ->  88.3% (min  35.7%) | reward   439.16 | |a| 0.027 | path     172 m
Placing Sensors
  [validation 6/10] steps 720 | battery  39.1% ->  90.6% (min  30.4%) | reward   387.98 | |a| 0.030 | path     188 m
Placing Sensors
  [validation 7/10] steps 720 | battery  31.3% ->  78.7% (min  24.4%) | reward   373.69 | |a| 0.028 | path     160 m
Placing Sensors
  [validation 8/10] steps 720 | battery  39.4% ->  73.8% (min  34.2%) | reward   359.05 | |a| 0.031 | path     162 m
Placing Sensors
  [validation 9/10] steps 720 | battery  37.9% ->  84.5% (min  30.4%) | reward   358.56 | |a| 0.032 | path     227 m
Placing Sensors
  [validation 10/10] steps 720 | battery  39.5% ->  83.0% (min  38.6%) | reward   385.90 | |a| 0.041 | path      88 m

==============================================================================
VALIDATION COMPLETE -- 10 independent deterministic episodes
==============================================================================
metric                       mean        std        min        max
reward                     378.26      51.61     287.74     462.60
final battery %             80.70       7.96      69.03      90.62
min battery %               29.75       5.44      20.69      38.62
steps                      720.00       0.00     720.00     720.00
solar W                     28.64       3.43      22.34      33.31
|action|                     0.04       0.02       0.03       0.08
path m                     164.83      36.36      88.10     226.70
tortuosity                   1.70       0.50       1.12       2.63
motion mAh                 122.05      25.82      63.41     163.39
idle mAh                 11582.40       0.00   11582.40   11582.40

survived full 720 steps : 10/10
ended below 20% battery         : 0/10
ended above 70% battery         : 8/10

reward 95% CI: 378.26 +- 31.99  (346.27 to 410.25)

total step rows written: 7200

==============================================
WALL CLOCK BREAKDOWN
==============================================
Total run time        :   17139.03 s
  Rollout (training)  :   16623.63 s  ( 97.0%)
    - policy inference:     215.21 s  (  1.3%)
    - env + reward    :   16408.42 s  ( 95.7%)
  PPO update()        :      47.36 s  (  0.3%)
  Checkpoint saves    :       0.01 s  (  0.0%)
  Final evaluation    :     355.22 s  (  2.1%)
  Other / logging     :     112.81 s  (  0.7%)

==============================================
PER-CALL AVERAGES
==============================================
Policy inference      :   295818 calls |    0.746 ms/step
  final eval only     :     7200 calls |    0.739 ms/step
PPO update()          :      196 calls |  241.612 ms/update
Episode               :      400 eps   |   41.959 s/episode

update() share of wall clock: 0.3%
