Placing Sensors
Placing Sensors
[Episode 1/400] Steps: 720 | Reward:  149.94 | Battery:  45.04% | Loss: 
Placing Sensors
Policy -0.0046 | Value 306.4402 | KL 0.00536 | CF 0.0654 | Std 0.1054 | |a| 0.0097 | EV +0.002 | Rsd 16.665 | Res 18.525 | AE nan | Alpha 0.9261 | MB 24/24
  cert | viol 0.305 | dV -0.240888 | V 0.3363 | inball 0.332 | a*_q05 0.00235 | a*_q50 0.02047 | dV>=0 0.012 | n=150 | a_used 0.01000 -> 0.00926
[Episode 2/400] Steps: 720 | Reward:  175.04 | Battery:  53.82% | Loss: 1.9583
Placing Sensors
[Episode 3/400] Steps: 720 | Reward:   94.37 | Battery:  33.34% | Loss: 
Placing Sensors
Policy -0.0028 | Value 253.4278 | KL 0.00454 | CF 0.0478 | Std 0.1055 | |a| 0.0128 | EV +0.067 | Rsd 16.206 | Res 16.885 | AE nan | Alpha 0.8577 | MB 24/24
  cert | viol 0.682 | dV -0.149726 | V 0.3961 | inball 0.072 | a*_q05 -0.01785 | a*_q50 0.00367 | dV>=0 0.259 | n=150 | a_used 0.00926 -> 0.00879
[Episode 4/400] Steps: 720 | Reward:  173.49 | Battery:  60.13% | Loss: 1.8125
Placing Sensors
[Episode 5/400] Steps: 720 | Reward:  146.34 | Battery:  49.75% | Loss: 
Placing Sensors
[Episode 6/400] Steps: 103 | Reward:  -59.76 | Battery:   0.00% | Loss: 
Placing Sensors
Policy 0.0022 | Value 217.6191 | KL 0.00435 | CF 0.0621 | Std 0.1056 | |a| 0.0133 | EV +0.164 | Rsd 15.952 | Res 15.845 | AE nan | Alpha 0.7900 | MB 28/28
  cert | viol 0.442 | dV -0.170129 | V 0.2675 | inball 0.224 | a*_q05 -0.01085 | a*_q50 0.01100 | dV>=0 0.089 | n=150 | a_used 0.00879 -> 0.00835
[Episode 7/400] Steps: 720 | Reward:  214.88 | Battery:  69.05% | Loss: 1.5262
Placing Sensors
[Episode 8/400] Steps:  76 | Reward:  -67.89 | Battery:   0.00% | Loss: 
Placing Sensors
[Episode 9/400] Steps: 112 | Reward:  -48.91 | Battery:   0.00% | Loss: 
Placing Sensors
[Episode 10/400] Steps:  89 | Reward:  -71.45 | Battery:   0.00% | Loss: 
Placing Sensors
[Episode 11/400] Steps: 154 | Reward:  -52.95 | Battery:   0.00% | Loss: 
Placing Sensors
[Episode 12/400] Steps:  76 | Reward:  -62.29 | Battery:   0.00% | Loss: 
Placing Sensors
[Episode 13/400] Steps:  91 | Reward:  -77.98 | Battery:   0.00% | Loss: 
Placing Sensors
[Episode 14/400] Steps:  92 | Reward:  -56.43 | Battery:   0.00% | Loss: 
Placing Sensors
[Episode 15/400] Steps: 720 | Reward:  230.81 | Battery:  72.28% | Loss: 
Placing Sensors
Policy -0.0018 | Value 230.3367 | KL 0.00680 | CF 0.0938 | Std 0.1057 | |a| 0.0093 | EV +0.221 | Rsd 19.051 | Res 17.143 | AE nan | Alpha 0.7291 | MB 24/24
  cert | viol 0.327 | dV -0.256805 | V 0.4193 | inball 0.212 | a*_q05 -0.00226 | a*_q50 0.02300 | dV>=0 0.114 | n=150 | a_used 0.00835 -> 0.00794
[Episode 16/400] Steps:  94 | Reward:  -62.89 | Battery:   0.00% | Loss: 1.5151
Placing Sensors
[Episode 17/400] Steps:  86 | Reward:  -69.65 | Battery:   0.00% | Loss: 
Placing Sensors
[Episode 18/400] Steps:  81 | Reward:  -67.42 | Battery:   0.00% | Loss: 
Placing Sensors
[Episode 19/400] Steps:  69 | Reward:  -62.30 | Battery:   0.00% | Loss: 
Placing Sensors
[Episode 20/400] Steps: 720 | Reward:  182.46 | Battery:  57.92% | Loss: 
Placing Sensors
[Episode 21/400] Steps:  91 | Reward:  -60.66 | Battery:   0.00% | Loss: 
Placing Sensors
[Episode 22/400] Steps:  89 | Reward:  -55.36 | Battery:   0.00% | Loss: 
Placing Sensors
Policy -0.0086 | Value 219.9762 | KL 0.00399 | CF 0.0419 | Std 0.1059 | |a| 0.0071 | EV +0.373 | Rsd 20.711 | Res 16.507 | AE nan | Alpha 0.6604 | MB 32/32
  cert | viol 0.311 | dV -0.191279 | V 0.3042 | inball 0.202 | a*_q05 -0.00256 | a*_q50 0.01427 | dV>=0 0.092 | n=150 | a_used 0.00794 -> 0.00759
[Episode 23/400] Steps: 720 | Reward:  154.14 | Battery:  45.60% | Loss: 1.4226
Placing Sensors
[Episode 24/400] Steps: 116 | Reward:  -59.82 | Battery:   0.00% | Loss: 
Placing Sensors
[Episode 25/400] Steps:  88 | Reward:  -63.15 | Battery:   0.00% | Loss: 
Placing Sensors
[Episode 26/400] Steps:  75 | Reward:  -63.28 | Battery:   0.00% | Loss: 
Placing Sensors
[Episode 27/400] Steps: 180 | Reward:  -51.60 | Battery:   0.00% | Loss: 
Placing Sensors
[Episode 28/400] Steps: 720 | Reward:  140.20 | Battery:  41.78% | Loss: 
Placing Sensors
[Episode 29/400] Steps:  98 | Reward:  -69.37 | Battery:   0.00% | Loss: 
Placing Sensors
[Episode 30/400] Steps:  90 | Reward:  -69.42 | Battery:   0.00% | Loss: 
Placing Sensors
Policy -0.0029 | Value 144.0541 | KL 0.00400 | CF 0.0390 | Std 0.1061 | |a| 0.0089 | EV +0.559 | Rsd 20.402 | Res 13.621 | AE nan | Alpha 0.6112 | MB 24/24
  cert | viol 0.490 | dV -0.185541 | V 0.3537 | inball 0.056 | a*_q05 -0.01241 | a*_q50 0.00815 | dV>=0 0.170 | n=150 | a_used 0.00759 -> 0.00721
[Episode 31/400] Steps:  87 | Reward:  -68.82 | Battery:   0.00% | Loss: 1.2945
Placing Sensors
[Episode 32/400] Steps: 720 | Reward:  181.51 | Battery:  58.12% | Loss: 
Placing Sensors
Policy 0.0033 | Value 211.6647 | KL 0.00731 | CF 0.0964 | Std 0.1062 | |a| 0.0124 | EV +0.584 | Rsd 19.894 | Res 13.886 | AE nan | Alpha 0.5660 | MB 24/24
  cert | viol 0.455 | dV -0.124466 | V 0.2552 | inball 0.156 | a*_q05 -0.01193 | a*_q50 0.00750 | dV>=0 0.142 | n=150 | a_used 0.00721 -> 0.00685
[Episode 33/400] Steps: 720 | Reward:  113.38 | Battery:  35.08% | Loss: 1.2486
Placing Sensors
[Episode 34/400] Steps:  83 | Reward:  -70.02 | Battery:   0.00% | Loss: 
Placing Sensors
[Episode 35/400] Steps:  65 | Reward:  -61.08 | Battery:   0.00% | Loss: 
Placing Sensors
[Episode 36/400] Steps: 720 | Reward:  158.39 | Battery:  48.45% | Loss: 
Placing Sensors
[Episode 37/400] Steps:  87 | Reward:  -68.41 | Battery:   0.00% | Loss: 
Placing Sensors
[Episode 38/400] Steps: 134 | Reward:  -62.30 | Battery:   0.00% | Loss: 
Placing Sensors
[Episode 39/400] Steps:  77 | Reward:  -69.56 | Battery:   0.00% | Loss: 
Placing Sensors
[Episode 40/400] Steps: 109 | Reward:  -62.70 | Battery:   0.00% | Loss: 
Placing Sensors
[Episode 41/400] Steps: 139 | Reward:  -51.20 | Battery:   0.00% | Loss: 
Placing Sensors
Policy 0.0007 | Value 219.8358 | KL 0.00699 | CF 0.0877 | Std 0.1064 | |a| 0.0203 | EV +0.514 | Rsd 23.476 | Res 16.493 | AE nan | Alpha 0.5230 | MB 24/24
  cert | viol 0.521 | dV -0.191135 | V 0.3400 | inball 0.074 | a*_q05 -0.01095 | a*_q50 0.00542 | dV>=0 0.303 | n=150 | a_used 0.00685 -> 0.00650
[Episode 42/400] Steps:  71 | Reward:  -58.41 | Battery:   0.00% | Loss: 1.1567
Placing Sensors
[Episode 43/400] Steps: 720 | Reward:  172.92 | Battery:  48.40% | Loss: 
Placing Sensors
[Episode 44/400] Steps: 113 | Reward:  -71.21 | Battery:   0.00% | Loss: 
Placing Sensors
Policy 0.0051 | Value 168.9892 | KL 0.00339 | CF 0.0364 | Std 0.1066 | |a| 0.0207 | EV +0.617 | Rsd 22.749 | Res 15.718 | AE nan | Alpha 0.4814 | MB 28/28
  cert | viol 0.268 | dV -0.194759 | V 0.2920 | inball 0.241 | a*_q05 0.00257 | a*_q50 0.01838 | dV>=0 0.016 | n=150 | a_used 0.00650 -> 0.00619
[Episode 45/400] Steps: 720 | Reward:  196.85 | Battery:  58.93% | Loss: 0.9344
Placing Sensors
[Episode 46/400] Steps: 720 | Reward:  191.13 | Battery:  54.78% | Loss: 
Placing Sensors
[Episode 47/400] Steps:  67 | Reward:  -61.12 | Battery:   0.00% | Loss: 
Placing Sensors
Policy -0.0053 | Value 173.6927 | KL 0.00831 | CF 0.1111 | Std 0.1068 | |a| 0.0198 | EV +0.416 | Rsd 20.563 | Res 16.002 | AE nan | Alpha 0.4443 | MB 24/24
  cert | viol 0.220 | dV -0.154379 | V 0.2200 | inball 0.234 | a*_q05 -0.01235 | a*_q50 0.01773 | dV>=0 0.079 | n=150 | a_used 0.00619 -> 0.00588
[Episode 48/400] Steps: 720 | Reward:  155.95 | Battery:  48.75% | Loss: 0.9035
Placing Sensors
[Episode 49/400] Steps:  80 | Reward:  -61.81 | Battery:   0.00% | Loss: 
Placing Sensors
[Episode 50/400] Steps: 111 | Reward:  -74.39 | Battery:   0.00% | Loss: 
Placing Sensors
[Episode 51/400] Steps: 720 | Reward:   77.59 | Battery:  22.69% | Loss: 
Placing Sensors
[Episode 52/400] Steps:  68 | Reward:  -57.92 | Battery:   0.00% | Loss: 
Placing Sensors
[Episode 53/400] Steps: 140 | Reward:  -54.94 | Battery:   0.00% | Loss: 
Placing Sensors
[Episode 54/400] Steps: 132 | Reward:  -56.78 | Battery:   0.00% | Loss: 
Placing Sensors
Policy 0.0002 | Value 126.1171 | KL 0.01198 | CF 0.1514 | Std 0.1071 | |a| 0.0204 | EV +0.475 | Rsd 22.478 | Res 16.905 | AE nan | Alpha 0.4000 | MB 32/32
  cert | viol 0.458 | dV -0.127074 | V 0.2865 | inball 0.066 | a*_q05 -0.00910 | a*_q50 0.00623 | dV>=0 0.217 | n=150 | a_used 0.00588 -> 0.00559
[Episode 55/400] Steps: 720 | Reward:  165.29 | Battery:  57.39% | Loss: 0.7485
Placing Sensors
[Episode 56/400] Steps: 720 | Reward:  226.70 | Battery:  66.13% | Loss: 
Placing Sensors
[Episode 57/400] Steps:  93 | Reward:  -55.02 | Battery:   0.00% | Loss: 
Placing Sensors
[Episode 58/400] Steps:  77 | Reward:  -62.68 | Battery:   0.00% | Loss: 
Placing Sensors
[Episode 59/400] Steps: 137 | Reward:  -50.72 | Battery:   0.00% | Loss: 
Placing Sensors
[Episode 60/400] Steps: 100 | Reward:  -52.34 | Battery:   0.00% | Loss: 
Placing Sensors
[Episode 61/400] Steps: 128 | Reward:  -50.23 | Battery:   0.00% | Loss: 
Placing Sensors
[Episode 62/400] Steps:  68 | Reward:  -62.41 | Battery:   0.00% | Loss: 
Placing Sensors
[Episode 63/400] Steps: 100 | Reward:  -67.01 | Battery:   0.00% | Loss: 
Placing Sensors
Policy -0.0052 | Value 136.4873 | KL 0.00878 | CF 0.1123 | Std 0.1073 | |a| 0.0173 | EV +0.627 | Rsd 26.925 | Res 16.450 | AE nan | Alpha 0.3568 | MB 36/36
  cert | viol 0.369 | dV -0.171397 | V 0.2906 | inball 0.178 | a*_q05 -0.01699 | a*_q50 0.01404 | dV>=0 0.223 | n=150 | a_used 0.00559 -> 0.00531
[Episode 64/400] Steps: 720 | Reward:  124.82 | Battery:  39.99% | Loss: 0.5584
Placing Sensors
[Episode 65/400] Steps:  92 | Reward:  -75.12 | Battery:   0.00% | Loss: 
Placing Sensors
[Episode 66/400] Steps: 720 | Reward:  127.64 | Battery:  41.05% | Loss: 
Placing Sensors
Policy 0.0030 | Value 148.3375 | KL 0.00936 | CF 0.1215 | Std 0.1075 | |a| 0.0195 | EV +0.623 | Rsd 27.175 | Res 16.744 | AE nan | Alpha 0.3288 | MB 24/24
  cert | viol 0.347 | dV -0.177425 | V 0.3057 | inball 0.226 | a*_q05 -0.00072 | a*_q50 0.01097 | dV>=0 0.063 | n=150 | a_used 0.00531 -> 0.00504
[Episode 67/400] Steps: 720 | Reward:  238.07 | Battery:  76.78% | Loss: 0.7483
Placing Sensors
[Episode 68/400] Steps:  86 | Reward:  -61.21 | Battery:   0.00% | Loss: 
Placing Sensors
[Episode 69/400] Steps: 155 | Reward:  -62.86 | Battery:   0.00% | Loss: 
Placing Sensors
[Episode 70/400] Steps: 720 | Reward:  122.05 | Battery:  42.07% | Loss: 
Placing Sensors
Policy -0.0070 | Value 89.0587 | KL 0.00702 | CF 0.0887 | Std 0.1077 | |a| 0.0134 | EV +0.737 | Rsd 27.404 | Res 14.058 | AE nan | Alpha 0.3006 | MB 28/28
  cert | viol 0.272 | dV -0.200309 | V 0.3452 | inball 0.239 | a*_q05 -0.01084 | a*_q50 0.01262 | dV>=0 0.155 | n=150 | a_used 0.00504 -> 0.00479
[Episode 71/400] Steps: 720 | Reward:  258.92 | Battery:  86.28% | Loss: 0.3427
Placing Sensors
[Episode 72/400] Steps: 720 | Reward:  237.86 | Battery:  76.43% | Loss: 
Placing Sensors
Policy 0.0079 | Value 171.4288 | KL 0.00945 | CF 0.1188 | Std 0.1078 | |a| 0.0141 | EV +0.358 | Rsd 23.563 | Res 19.067 | AE nan | Alpha 0.2784 | MB 24/24
  cert | viol 0.109 | dV -0.248991 | V 0.3142 | inball 0.450 | a*_q05 0.00323 | a*_q50 0.02679 | dV>=0 0.000 | n=150 | a_used 0.00479 -> 0.00458
[Episode 73/400] Steps: 720 | Reward:  222.07 | Battery:  63.54% | Loss: 0.6145
Placing Sensors
[Episode 74/400] Steps:  96 | Reward:  -72.20 | Battery:   0.00% | Loss: 
Placing Sensors
[Episode 75/400] Steps: 720 | Reward:  123.06 | Battery:  40.88% | Loss: 
Placing Sensors
Policy -0.0031 | Value 110.8800 | KL 0.00850 | CF 0.1130 | Std 0.1080 | |a| 0.0122 | EV +0.730 | Rsd 28.642 | Res 14.923 | AE nan | Alpha 0.2565 | MB 24/24
  cert | viol 0.294 | dV -0.180763 | V 0.3113 | inball 0.231 | a*_q05 -0.01968 | a*_q50 0.00872 | dV>=0 0.194 | n=150 | a_used 0.00458 -> 0.00435
[Episode 76/400] Steps: 720 | Reward:  225.83 | Battery:  57.03% | Loss: 0.4645
Placing Sensors
[Episode 77/400] Steps: 720 | Reward:  170.40 | Battery:  46.42% | Loss: 
Placing Sensors
Policy -0.0077 | Value 195.4715 | KL 0.01107 | CF 0.1427 | Std 0.1081 | |a| 0.0193 | EV +0.614 | Rsd 30.504 | Res 19.009 | AE nan | Alpha 0.2376 | MB 24/24
  cert | viol 0.422 | dV -0.160816 | V 0.3394 | inball 0.114 | a*_q05 -0.00876 | a*_q50 0.00612 | dV>=0 0.112 | n=150 | a_used 0.00435 -> 0.00414
[Episode 78/400] Steps: 720 | Reward:  134.61 | Battery:  40.03% | Loss: 0.3170
Placing Sensors
[Episode 79/400] Steps: 125 | Reward:  -52.35 | Battery:   0.00% | Loss: 
Placing Sensors
[Episode 80/400] Steps: 102 | Reward:  -72.81 | Battery:   0.00% | Loss: 
Placing Sensors
[Episode 81/400] Steps: 720 | Reward:  241.80 | Battery:  74.34% | Loss: 
Placing Sensors
[Episode 82/400] Steps: 129 | Reward:  -53.38 | Battery:   0.00% | Loss: 
Placing Sensors
Policy 0.0255 | Value 144.5059 | KL 0.01148 | CF 0.1665 | Std 0.1083 | |a| 0.0193 | EV +0.673 | Rsd 28.595 | Res 16.450 | AE nan | Alpha 0.2159 | MB 32/32
  cert | viol 0.152 | dV -0.232097 | V 0.3497 | inball 0.319 | a*_q05 0.00203 | a*_q50 0.02259 | dV>=0 0.064 | n=150 | a_used 0.00414 -> 0.00417
[Episode 83/400] Steps: 720 | Reward:  173.87 | Battery:  49.15% | Loss: 0.7373
Placing Sensors
[Episode 84/400] Steps: 100 | Reward:  -62.57 | Battery:   0.00% | Loss: 
Placing Sensors
[Episode 85/400] Steps: 720 | Reward:  133.86 | Battery:  40.26% | Loss: 
Placing Sensors
Policy 0.0124 | Value 130.0230 | KL 0.00924 | CF 0.1228 | Std 0.1084 | |a| 0.0159 | EV +0.677 | Rsd 29.987 | Res 17.179 | AE nan | Alpha 0.1989 | MB 28/28
  cert | viol 0.139 | dV -0.198026 | V 0.2854 | inball 0.267 | a*_q05 0.00222 | a*_q50 0.01780 | dV>=0 0.023 | n=150 | a_used 0.00417 -> 0.00428
[Episode 86/400] Steps: 720 | Reward:  189.78 | Battery:  52.33% | Loss: -0.0616
Placing Sensors
[Episode 87/400] Steps: 101 | Reward:  -56.26 | Battery:   0.00% | Loss: 
Placing Sensors
[Episode 88/400] Steps:  94 | Reward:  -56.70 | Battery:   0.00% | Loss: 
Placing Sensors
[Episode 89/400] Steps: 111 | Reward:  -54.72 | Battery:   0.00% | Loss: 
Placing Sensors
[Episode 90/400] Steps:  62 | Reward:  -61.67 | Battery:   0.00% | Loss: 
Placing Sensors
[Episode 91/400] Steps: 720 | Reward:  222.35 | Battery:  65.89% | Loss: 
Placing Sensors
Policy 0.0254 | Value 110.8069 | KL 0.01315 | CF 0.1665 | Std 0.1085 | |a| 0.0173 | EV +0.694 | Rsd 30.530 | Res 16.881 | AE nan | Alpha 0.1806 | MB 32/32
  cert | viol 0.049 | dV -0.187679 | V 0.2438 | inball 0.299 | a*_q05 0.00514 | a*_q50 0.01476 | dV>=0 0.001 | n=150 | a_used 0.00428 -> 0.00444
[Episode 92/400] Steps: 720 | Reward:  201.71 | Battery:  61.50% | Loss: 0.3075
Placing Sensors
[Episode 93/400] Steps: 720 | Reward:  247.75 | Battery:  75.10% | Loss: 
Placing Sensors
[Episode 94/400] Steps:  89 | Reward:  -78.17 | Battery:   0.00% | Loss: 
Placing Sensors
Policy -0.0057 | Value 158.2177 | KL 0.00728 | CF 0.0947 | Std 0.1087 | |a| 0.0158 | EV +0.647 | Rsd 28.382 | Res 16.872 | AE nan | Alpha 0.1665 | MB 24/24
  cert | viol 0.299 | dV -0.209384 | V 0.3464 | inball 0.349 | a*_q05 -0.00084 | a*_q50 0.01514 | dV>=0 0.088 | n=150 | a_used 0.00444 -> 0.00351
[Episode 95/400] Steps: 720 | Reward:  217.15 | Battery:  73.08% | Loss: 0.3048
Placing Sensors
[Episode 96/400] Steps:  69 | Reward:  -61.73 | Battery:   0.00% | Loss: 
Placing Sensors
[Episode 97/400] Steps: 720 | Reward:  236.45 | Battery:  72.92% | Loss: 
Placing Sensors
Policy -0.0007 | Value 123.8066 | KL 0.00935 | CF 0.1107 | Std 0.1088 | |a| 0.0189 | EV +0.726 | Rsd 27.476 | Res 14.450 | AE nan | Alpha 0.1536 | MB 24/24
  cert | viol 0.051 | dV -0.198435 | V 0.2489 | inball 0.478 | a*_q05 0.00372 | a*_q50 0.02669 | dV>=0 0.000 | n=150 | a_used 0.00351 -> 0.00351
[Episode 98/400] Steps: 720 | Reward:  254.72 | Battery:  74.31% | Loss: 0.3606
Placing Sensors
[Episode 99/400] Steps: 720 | Reward:  158.74 | Battery:  50.98% | Loss: 
Placing Sensors
[Episode 100/400] Steps:  76 | Reward:  -70.55 | Battery:   0.00% | Loss: 
Placing Sensors
Policy -0.0016 | Value 143.5835 | KL 0.00688 | CF 0.0855 | Std 0.1088 | |a| 0.0182 | EV +0.736 | Rsd 32.730 | Res 16.849 | AE nan | Alpha 0.1417 | MB 24/24
  cert | viol 0.192 | dV -0.190955 | V 0.3467 | inball 0.338 | a*_q05 -0.00342 | a*_q50 0.01996 | dV>=0 0.153 | n=150 | a_used 0.00351 -> 0.00334
[Episode 101/400] Steps: 720 | Reward:  208.52 | Battery:  65.51% | Loss: 0.2097
Placing Sensors
[Episode 102/400] Steps: 106 | Reward:  -55.75 | Battery:   0.00% | Loss: 
Placing Sensors
[Episode 103/400] Steps: 720 | Reward:  197.07 | Battery:  62.70% | Loss: 
Placing Sensors
[Episode 104/400] Steps: 103 | Reward:  -72.32 | Battery:   0.00% | Loss: 
Placing Sensors
[Episode 105/400] Steps:  79 | Reward:  -60.86 | Battery:   0.00% | Loss: 
Placing Sensors
[Episode 106/400] Steps:  63 | Reward:  -60.91 | Battery:   0.00% | Loss: 
Placing Sensors
Policy 0.0009 | Value 158.6023 | KL 0.01405 | CF 0.1763 | Std 0.1089 | |a| 0.0199 | EV +0.565 | Rsd 29.748 | Res 19.666 | AE nan | Alpha 0.1288 | MB 28/28
  cert | viol 0.143 | dV -0.250818 | V 0.3654 | inball 0.302 | a*_q05 0.00239 | a*_q50 0.02129 | dV>=0 0.010 | n=150 | a_used 0.00334 -> 0.00330
[Episode 107/400] Steps: 720 | Reward:  236.17 | Battery:  77.66% | Loss: 0.2174
Placing Sensors
[Episode 108/400] Steps: 720 | Reward:  200.45 | Battery:  60.07% | Loss: 
Placing Sensors
[Episode 109/400] Steps:  70 | Reward:  -63.58 | Battery:   0.00% | Loss: 
Placing Sensors
Policy 0.0063 | Value 150.3183 | KL 0.01405 | CF 0.1602 | Std 0.1090 | |a| 0.0189 | EV +0.764 | Rsd 35.009 | Res 17.060 | AE nan | Alpha 0.1188 | MB 24/24
  cert | viol 0.131 | dV -0.292623 | V 0.4015 | inball 0.402 | a*_q05 0.00111 | a*_q50 0.02708 | dV>=0 0.003 | n=150 | a_used 0.00330 -> 0.00305
[Episode 110/400] Steps: 720 | Reward:  231.39 | Battery:  62.30% | Loss: 0.3191
Placing Sensors
[Episode 111/400] Steps: 720 | Reward:  215.38 | Battery:  69.14% | Loss: 
Placing Sensors
Policy 0.0052 | Value 174.1722 | KL 0.00995 | CF 0.1136 | Std 0.1091 | |a| 0.0190 | EV +0.714 | Rsd 32.115 | Res 17.169 | AE nan | Alpha 0.1100 | MB 24/24
  cert | viol 0.159 | dV -0.264100 | V 0.3888 | inball 0.373 | a*_q05 -0.00046 | a*_q50 0.02471 | dV>=0 0.080 | n=150 | a_used 0.00305 -> 0.00290
[Episode 112/400] Steps: 720 | Reward:  214.20 | Battery:  63.96% | Loss: 0.3354
Placing Sensors
[Episode 113/400] Steps: 720 | Reward:  255.99 | Battery:  73.57% | Loss: 
Placing Sensors
Policy 0.0009 | Value 169.0789 | KL 0.00766 | CF 0.0999 | Std 0.1092 | |a| 0.0199 | EV +0.688 | Rsd 32.044 | Res 18.495 | AE nan | Alpha 0.1019 | MB 24/24
  cert | viol 0.267 | dV -0.225933 | V 0.3568 | inball 0.324 | a*_q05 -0.02227 | a*_q50 0.01338 | dV>=0 0.127 | n=150 | a_used 0.00290 -> 0.00275
[Episode 114/400] Steps: 720 | Reward:  160.54 | Battery:  45.90% | Loss: 0.2808
Placing Sensors
[Episode 115/400] Steps: 103 | Reward:  -67.24 | Battery:   0.00% | Loss: 
Placing Sensors
[Episode 116/400] Steps:  87 | Reward:  -67.11 | Battery:   0.00% | Loss: 
Placing Sensors
[Episode 117/400] Steps: 720 | Reward:  220.77 | Battery:  62.98% | Loss: 
Placing Sensors
[Episode 118/400] Steps:  64 | Reward:  -62.02 | Battery:   0.00% | Loss: 
Placing Sensors
Policy -0.0036 | Value 139.2321 | KL 0.01137 | CF 0.1258 | Std 0.1093 | |a| 0.0219 | EV +0.814 | Rsd 35.955 | Res 15.553 | AE nan | Alpha 0.0931 | MB 28/28
  cert | viol 0.057 | dV -0.283575 | V 0.3729 | inball 0.343 | a*_q05 0.00032 | a*_q50 0.02186 | dV>=0 0.030 | n=150 | a_used 0.00275 -> 0.00261
[Episode 119/400] Steps: 720 | Reward:  288.93 | Battery:  84.32% | Loss: 0.1685
Placing Sensors
[Episode 120/400] Steps: 720 | Reward:  217.12 | Battery:  64.25% | Loss: 
Placing Sensors
[Episode 121/400] Steps:  78 | Reward:  -68.86 | Battery:   0.00% | Loss: 
Placing Sensors
Policy -0.0010 | Value 140.1713 | KL 0.01391 | CF 0.1580 | Std 0.1093 | |a| 0.0178 | EV +0.761 | Rsd 29.734 | Res 14.615 | AE nan | Alpha 0.0859 | MB 24/24
  cert | viol 0.172 | dV -0.225878 | V 0.3861 | inball 0.350 | a*_q05 -0.00101 | a*_q50 0.02112 | dV>=0 0.078 | n=150 | a_used 0.00261 -> 0.00248
[Episode 122/400] Steps: 720 | Reward:  226.32 | Battery:  67.88% | Loss: 0.0962
Placing Sensors
[Episode 123/400] Steps: 720 | Reward:  146.42 | Battery:  44.27% | Loss: 
Placing Sensors
Policy -0.0051 | Value 103.1651 | KL 0.00889 | CF 0.1129 | Std 0.1094 | |a| 0.0162 | EV +0.750 | Rsd 29.715 | Res 15.081 | AE nan | Alpha 0.0795 | MB 24/24
  cert | viol 0.108 | dV -0.159374 | V 0.2374 | inball 0.267 | a*_q05 -0.00093 | a*_q50 0.01846 | dV>=0 0.055 | n=150 | a_used 0.00248 -> 0.00236
[Episode 124/400] Steps: 720 | Reward:  183.41 | Battery:  59.66% | Loss: 0.1127
Placing Sensors
[Episode 125/400] Steps:  97 | Reward:  -59.25 | Battery:   0.00% | Loss: 
Placing Sensors
[Episode 126/400] Steps: 207 | Reward:  -49.81 | Battery:   0.00% | Loss: 
Placing Sensors
[Episode 127/400] Steps: 720 | Reward:  210.69 | Battery:  73.30% | Loss: 
Placing Sensors
[Episode 128/400] Steps:  95 | Reward:  -77.97 | Battery:   0.00% | Loss: 
Placing Sensors
[Episode 129/400] Steps: 103 | Reward:  -62.35 | Battery:   0.00% | Loss: 
Placing Sensors
Policy -0.0026 | Value 107.8083 | KL 0.00774 | CF 0.0930 | Std 0.1094 | |a| 0.0188 | EV +0.787 | Rsd 31.381 | Res 14.518 | AE nan | Alpha 0.0717 | MB 32/32
  cert | viol 0.221 | dV -0.190615 | V 0.3485 | inball 0.199 | a*_q05 -0.00119 | a*_q50 0.01601 | dV>=0 0.106 | n=150 | a_used 0.00236 -> 0.00224
[Episode 130/400] Steps: 720 | Reward:  201.63 | Battery:  57.72% | Loss: 0.1126
Placing Sensors
[Episode 131/400] Steps: 720 | Reward:  250.87 | Battery:  76.34% | Loss: 
Placing Sensors
Policy -0.0026 | Value 170.7258 | KL 0.00883 | CF 0.1051 | Std 0.1095 | |a| 0.0147 | EV +0.644 | Rsd 28.287 | Res 17.437 | AE nan | Alpha 0.0664 | MB 24/24
  cert | viol 0.028 | dV -0.264064 | V 0.3386 | inball 0.491 | a*_q05 0.00436 | a*_q50 0.02456 | dV>=0 0.009 | n=150 | a_used 0.00224 -> 0.00230
[Episode 132/400] Steps: 720 | Reward:  268.64 | Battery:  80.73% | Loss: 0.1540
Placing Sensors
[Episode 133/400] Steps: 103 | Reward:  -51.95 | Battery:   0.00% | Loss: 
Placing Sensors
[Episode 134/400] Steps:  74 | Reward:  -68.11 | Battery:   0.00% | Loss: 
Placing Sensors
[Episode 135/400] Steps: 107 | Reward:  -54.14 | Battery:   0.00% | Loss: 
Placing Sensors
[Episode 136/400] Steps: 720 | Reward:  234.21 | Battery:  75.40% | Loss: 
Placing Sensors
Policy -0.0077 | Value 132.8447 | KL 0.00980 | CF 0.1305 | Std 0.1095 | |a| 0.0189 | EV +0.767 | Rsd 29.585 | Res 14.284 | AE nan | Alpha 0.0606 | MB 28/28
  cert | viol 0.157 | dV -0.224586 | V 0.3855 | inball 0.217 | a*_q05 -0.00302 | a*_q50 0.01232 | dV>=0 0.106 | n=150 | a_used 0.00230 -> 0.00219
[Episode 137/400] Steps: 720 | Reward:  132.60 | Battery:  41.45% | Loss: 0.1948
Placing Sensors
[Episode 138/400] Steps: 720 | Reward:  164.92 | Battery:  57.19% | Loss: 
Placing Sensors
Policy 0.0006 | Value 95.3364 | KL 0.01182 | CF 0.1385 | Std 0.1096 | |a| 0.0197 | EV +0.767 | Rsd 30.403 | Res 14.667 | AE nan | Alpha 0.0561 | MB 24/24
  cert | viol 0.079 | dV -0.242118 | V 0.3535 | inball 0.382 | a*_q05 0.00101 | a*_q50 0.02075 | dV>=0 0.034 | n=150 | a_used 0.00219 -> 0.00208
[Episode 139/400] Steps: 720 | Reward:  256.29 | Battery:  73.37% | Loss: 0.2320
Placing Sensors
[Episode 140/400] Steps:  72 | Reward:  -64.09 | Battery:   0.00% | Loss: 
Placing Sensors
[Episode 141/400] Steps: 720 | Reward:  201.95 | Battery:  68.30% | Loss: 
Placing Sensors
[Episode 142/400] Steps:  85 | Reward:  -64.24 | Battery:   0.00% | Loss: 
Placing Sensors
Policy -0.0035 | Value 78.9765 | KL 0.01110 | CF 0.1255 | Std 0.1096 | |a| 0.0214 | EV +0.851 | Rsd 32.933 | Res 12.703 | AE nan | Alpha 0.0515 | MB 28/28
  cert | viol 0.149 | dV -0.223264 | V 0.3639 | inball 0.330 | a*_q05 0.00034 | a*_q50 0.02016 | dV>=0 0.040 | n=150 | a_used 0.00208 -> 0.00198
[Episode 143/400] Steps: 720 | Reward:  240.31 | Battery:  72.40% | Loss: 0.0586
Placing Sensors
[Episode 144/400] Steps:  97 | Reward:  -75.64 | Battery:   0.00% | Loss: 
Placing Sensors
[Episode 145/400] Steps: 105 | Reward:  -60.87 | Battery:   0.00% | Loss: 
Placing Sensors
[Episode 146/400] Steps: 720 | Reward:  172.62 | Battery:  56.48% | Loss: 
Placing Sensors
[Episode 147/400] Steps:  91 | Reward:  -66.24 | Battery:   0.00% | Loss: 
Placing Sensors
[Episode 148/400] Steps:  73 | Reward:  -61.97 | Battery:   0.00% | Loss: 
Placing Sensors
Policy 0.0094 | Value 106.5074 | KL 0.01202 | CF 0.1391 | Std 0.1097 | |a| 0.0202 | EV +0.790 | Rsd 35.938 | Res 16.863 | AE nan | Alpha 0.0468 | MB 32/32
  cert | viol 0.126 | dV -0.239985 | V 0.3368 | inball 0.288 | a*_q05 -0.00031 | a*_q50 0.01893 | dV>=0 0.064 | n=150 | a_used 0.00198 -> 0.00188
[Episode 149/400] Steps: 720 | Reward:  209.96 | Battery:  58.35% | Loss: -0.0027
Placing Sensors
[Episode 150/400] Steps: 720 | Reward:  179.53 | Battery:  54.49% | Loss: 
Placing Sensors
[Episode 151/400] Steps:  84 | Reward:  -53.87 | Battery:   0.00% | Loss: 
Placing Sensors
Policy -0.0010 | Value 126.8014 | KL 0.00880 | CF 0.1136 | Std 0.1097 | |a| 0.0198 | EV +0.759 | Rsd 34.305 | Res 16.871 | AE nan | Alpha 0.0431 | MB 24/24
  cert | viol 0.160 | dV -0.238398 | V 0.3958 | inball 0.251 | a*_q05 -0.00072 | a*_q50 0.02056 | dV>=0 0.099 | n=150 | a_used 0.00188 -> 0.00178
[Episode 152/400] Steps: 720 | Reward:  179.77 | Battery:  51.84% | Loss: 0.0578
Placing Sensors
[Episode 153/400] Steps: 112 | Reward:  -48.25 | Battery:   0.00% | Loss: 
Placing Sensors
[Episode 154/400] Steps: 720 | Reward:  198.09 | Battery:  61.17% | Loss: 
Placing Sensors
Policy 0.0018 | Value 129.7094 | KL 0.01576 | CF 0.1814 | Std 0.1097 | |a| 0.0225 | EV +0.811 | Rsd 35.107 | Res 16.329 | AE nan | Alpha 0.0397 | MB 28/28
  cert | viol 0.252 | dV -0.224455 | V 0.4239 | inball 0.252 | a*_q05 -0.00186 | a*_q50 0.01732 | dV>=0 0.162 | n=150 | a_used 0.00178 -> 0.00171
[Episode 155/400] Steps: 720 | Reward:  182.12 | Battery:  58.71% | Loss: 0.3659
Placing Sensors
[Episode 156/400] Steps:  75 | Reward:  -56.33 | Battery:   0.00% | Loss: 
Placing Sensors
[Episode 157/400] Steps:  73 | Reward:  -60.76 | Battery:   0.00% | Loss: 
Placing Sensors
[Episode 158/400] Steps: 720 | Reward:  214.21 | Battery:  62.80% | Loss: 
Placing Sensors
Policy 0.0021 | Value 94.5962 | KL 0.00751 | CF 0.0925 | Std 0.1098 | |a| 0.0175 | EV +0.798 | Rsd 31.910 | Res 14.612 | AE nan | Alpha 0.0365 | MB 28/28
  cert | viol 0.024 | dV -0.228935 | V 0.3078 | inball 0.375 | a*_q05 0.00414 | a*_q50 0.01726 | dV>=0 0.000 | n=150 | a_used 0.00171 -> 0.00182
[Episode 159/400] Steps: 720 | Reward:  273.61 | Battery:  82.05% | Loss: 0.1059
Placing Sensors
[Episode 160/400] Steps:  91 | Reward:  -60.63 | Battery:   0.00% | Loss: 
Placing Sensors
[Episode 161/400] Steps: 720 | Reward:  242.87 | Battery:  71.96% | Loss: 
Placing Sensors
Policy -0.0040 | Value 143.8263 | KL 0.00696 | CF 0.0807 | Std 0.1098 | |a| 0.0197 | EV +0.843 | Rsd 36.500 | Res 14.526 | AE nan | Alpha 0.0336 | MB 24/24
  cert | viol 0.129 | dV -0.241449 | V 0.3629 | inball 0.364 | a*_q05 -0.00028 | a*_q50 0.02230 | dV>=0 0.066 | n=150 | a_used 0.00182 -> 0.00169
[Episode 162/400] Steps: 720 | Reward:  167.83 | Battery:  51.96% | Loss: 0.0679
Placing Sensors
[Episode 163/400] Steps: 720 | Reward:  256.62 | Battery:  74.25% | Loss: 
Placing Sensors
[Episode 164/400] Steps:  98 | Reward:  -76.33 | Battery:   0.00% | Loss: 
Placing Sensors
Policy 0.0462 | Value 145.9528 | KL 0.00925 | CF 0.1306 | Std 0.1098 | |a| 0.0184 | EV +0.634 | Rsd 29.971 | Res 18.305 | AE nan | Alpha 0.0310 | MB 28/28
  cert | viol 0.047 | dV -0.278097 | V 0.3383 | inball 0.489 | a*_q05 0.00368 | a*_q50 0.02918 | dV>=0 0.016 | n=150 | a_used 0.00169 -> 0.00179
[Episode 165/400] Steps: 720 | Reward:  255.48 | Battery:  73.79% | Loss: 1.4310
Placing Sensors
[Episode 166/400] Steps: 720 | Reward:  101.90 | Battery:  27.73% | Loss: 
Placing Sensors
Policy 0.0007 | Value 131.1488 | KL 0.00883 | CF 0.1173 | Std 0.1099 | |a| 0.0208 | EV +0.826 | Rsd 37.108 | Res 15.566 | AE nan | Alpha 0.0287 | MB 24/24
  cert | viol 0.140 | dV -0.228270 | V 0.3528 | inball 0.259 | a*_q05 -0.00810 | a*_q50 0.01815 | dV>=0 0.078 | n=150 | a_used 0.00179 -> 0.00155
[Episode 167/400] Steps: 720 | Reward:  191.59 | Battery:  55.19% | Loss: 0.1549
Placing Sensors
[Episode 168/400] Steps: 720 | Reward:  234.35 | Battery:  62.63% | Loss: 
Placing Sensors
[Episode 169/400] Steps:  69 | Reward:  -62.46 | Battery:   0.00% | Loss: 
Placing Sensors
Policy -0.0027 | Value 115.2174 | KL 0.00651 | CF 0.0796 | Std 0.1099 | |a| 0.0225 | EV +0.795 | Rsd 31.082 | Res 14.424 | AE nan | Alpha 0.0265 | MB 24/24
  cert | viol 0.013 | dV -0.210630 | V 0.3054 | inball 0.387 | a*_q05 0.00234 | a*_q50 0.02073 | dV>=0 0.000 | n=150 | a_used 0.00155 -> 0.00157
[Episode 170/400] Steps: 720 | Reward:  201.05 | Battery:  62.97% | Loss: 0.0737
Placing Sensors
[Episode 171/400] Steps: 720 | Reward:  191.40 | Battery:  54.01% | Loss: 
Placing Sensors
Policy -0.0058 | Value 91.8905 | KL 0.00741 | CF 0.0926 | Std 0.1099 | |a| 0.0260 | EV +0.835 | Rsd 32.883 | Res 13.615 | AE nan | Alpha 0.0245 | MB 24/24
  cert | viol 0.136 | dV -0.188046 | V 0.2919 | inball 0.347 | a*_q05 -0.00518 | a*_q50 0.02053 | dV>=0 0.108 | n=150 | a_used 0.00157 -> 0.00149
[Episode 172/400] Steps: 720 | Reward:  168.17 | Battery:  53.26% | Loss: 0.0300
Placing Sensors
[Episode 173/400] Steps:  95 | Reward:  -56.19 | Battery:   0.00% | Loss: 
Placing Sensors
[Episode 174/400] Steps: 720 | Reward:  190.93 | Battery:  53.84% | Loss: 
Placing Sensors
[Episode 175/400] Steps:  72 | Reward:  -60.53 | Battery:   0.00% | Loss: 
Placing Sensors
[Episode 176/400] Steps: 120 | Reward:  -53.89 | Battery:   0.00% | Loss: 
Placing Sensors
Policy -0.0071 | Value 117.7154 | KL 0.01036 | CF 0.1354 | Std 0.1099 | |a| 0.0291 | EV +0.752 | Rsd 31.246 | Res 15.626 | AE nan | Alpha 0.0224 | MB 28/28
  cert | viol 0.111 | dV -0.237452 | V 0.3380 | inball 0.325 | a*_q05 -0.00092 | a*_q50 0.02566 | dV>=0 0.058 | n=150 | a_used 0.00149 -> 0.00142
[Episode 177/400] Steps: 720 | Reward:  289.92 | Battery:  78.77% | Loss: 0.0780
Placing Sensors
[Episode 178/400] Steps: 720 | Reward:  162.86 | Battery:  42.83% | Loss: 
Placing Sensors
Policy -0.0093 | Value 117.3224 | KL 0.00834 | CF 0.1025 | Std 0.1099 | |a| 0.0218 | EV +0.747 | Rsd 31.575 | Res 16.342 | AE nan | Alpha 0.0207 | MB 24/24
  cert | viol 0.115 | dV -0.235610 | V 0.3699 | inball 0.320 | a*_q05 0.00041 | a*_q50 0.02333 | dV>=0 0.045 | n=150 | a_used 0.00142 -> 0.00141
[Episode 179/400] Steps: 720 | Reward:  189.61 | Battery:  53.25% | Loss: 0.1028
Placing Sensors
[Episode 180/400] Steps: 720 | Reward:  192.68 | Battery:  68.02% | Loss: 
Placing Sensors
Policy 0.0070 | Value 126.5810 | KL 0.01298 | CF 0.1592 | Std 0.1099 | |a| 0.0248 | EV +0.777 | Rsd 29.162 | Res 14.841 | AE nan | Alpha 0.0192 | MB 24/24
  cert | viol 0.200 | dV -0.189321 | V 0.3285 | inball 0.268 | a*_q05 -0.00238 | a*_q50 0.01236 | dV>=0 0.172 | n=150 | a_used 0.00141 -> 0.00134
[Episode 181/400] Steps: 720 | Reward:  270.76 | Battery:  74.21% | Loss: 0.1468
Placing Sensors
[Episode 182/400] Steps: 720 | Reward:  261.19 | Battery:  65.80% | Loss: 
Placing Sensors
Policy -0.0078 | Value 91.9827 | KL 0.00909 | CF 0.1171 | Std 0.1099 | |a| 0.0242 | EV +0.868 | Rsd 31.816 | Res 12.112 | AE nan | Alpha 0.0178 | MB 24/24
  cert | viol 0.000 | dV -0.270147 | V 0.3284 | inball 0.499 | a*_q05 0.00446 | a*_q50 0.03135 | dV>=0 0.000 | n=150 | a_used 0.00134 -> 0.00139
[Episode 183/400] Steps: 720 | Reward:  237.77 | Battery:  70.46% | Loss: 0.0992
Placing Sensors
[Episode 184/400] Steps: 720 | Reward:  239.50 | Battery:  72.18% | Loss: 
Placing Sensors
[Episode 185/400] Steps:  70 | Reward:  -58.82 | Battery:   0.00% | Loss: 
Placing Sensors
[Episode 186/400] Steps:  98 | Reward:  -66.72 | Battery:   0.00% | Loss: 
Placing Sensors
Policy -0.0134 | Value 132.1750 | KL 0.01596 | CF 0.1675 | Std 0.1099 | |a| 0.0258 | EV +0.693 | Rsd 26.056 | Res 14.442 | AE nan | Alpha 0.0163 | MB 28/28
  cert | viol 0.010 | dV -0.183373 | V 0.2351 | inball 0.424 | a*_q05 0.00340 | a*_q50 0.02511 | dV>=0 0.000 | n=150 | a_used 0.00139 -> 0.00150
[Episode 187/400] Steps: 720 | Reward:  269.20 | Battery:  73.21% | Loss: -0.2194
Placing Sensors
[Episode 188/400] Steps: 720 | Reward:  234.49 | Battery:  70.46% | Loss: 
Placing Sensors
[Episode 189/400] Steps:  89 | Reward:  -63.79 | Battery:   0.00% | Loss: 
Placing Sensors
Policy -0.0042 | Value 90.4883 | KL 0.00914 | CF 0.1207 | Std 0.1100 | |a| 0.0235 | EV +0.773 | Rsd 28.007 | Res 14.123 | AE nan | Alpha 0.0150 | MB 24/24
  cert | viol 0.036 | dV -0.319988 | V 0.4325 | inball 0.370 | a*_q05 0.00217 | a*_q50 0.02507 | dV>=0 0.014 | n=150 | a_used 0.00150 -> 0.00150
[Episode 190/400] Steps: 720 | Reward:  238.95 | Battery:  76.02% | Loss: 0.0634
Placing Sensors
[Episode 191/400] Steps:  63 | Reward:  -59.68 | Battery:   0.00% | Loss: 
Placing Sensors
[Episode 192/400] Steps: 720 | Reward:  298.19 | Battery:  78.42% | Loss: 
Placing Sensors
Policy -0.0077 | Value 142.2708 | KL 0.00937 | CF 0.1199 | Std 0.1100 | |a| 0.0259 | EV +0.807 | Rsd 32.492 | Res 14.419 | AE nan | Alpha 0.0139 | MB 24/24
  cert | viol 0.061 | dV -0.269343 | V 0.3227 | inball 0.457 | a*_q05 0.00144 | a*_q50 0.03326 | dV>=0 0.032 | n=150 | a_used 0.00150 -> 0.00138
[Episode 193/400] Steps: 720 | Reward:  196.32 | Battery:  57.57% | Loss: 0.0924
Placing Sensors
[Episode 194/400] Steps: 720 | Reward:  106.31 | Battery:  34.36% | Loss: 
Placing Sensors
Policy 0.0005 | Value 122.7047 | KL 0.01110 | CF 0.1376 | Std 0.1100 | |a| 0.0351 | EV +0.834 | Rsd 35.408 | Res 14.413 | AE nan | Alpha 0.0129 | MB 24/24
  cert | viol 0.184 | dV -0.186581 | V 0.2802 | inball 0.277 | a*_q05 -0.02004 | a*_q50 0.01526 | dV>=0 0.170 | n=150 | a_used 0.00138 -> 0.00131
[Episode 195/400] Steps: 720 | Reward:  218.38 | Battery:  60.75% | Loss: 0.1237
Placing Sensors
[Episode 196/400] Steps: 720 | Reward:  253.79 | Battery:  67.05% | Loss: 
Placing Sensors
Policy 0.0098 | Value 121.5568 | KL 0.01735 | CF 0.1998 | Std 0.1100 | |a| 0.0384 | EV +0.741 | Rsd 26.485 | Res 14.229 | AE nan | Alpha 0.0119 | MB 24/24
  cert | viol 0.000 | dV -0.265906 | V 0.3111 | inball 0.510 | a*_q05 0.00570 | a*_q50 0.03146 | dV>=0 0.000 | n=150 | a_used 0.00131 -> 0.00142
[Episode 197/400] Steps: 720 | Reward:  257.86 | Battery:  79.39% | Loss: 0.1161
Placing Sensors
[Episode 198/400] Steps: 720 | Reward:  214.28 | Battery:  62.46% | Loss: 
Placing Sensors
Policy 0.0015 | Value 93.7100 | KL 0.01278 | CF 0.1646 | Std 0.1101 | |a| 0.0347 | EV +0.869 | Rsd 31.942 | Res 11.792 | AE nan | Alpha 0.0110 | MB 24/24
  cert | viol 0.039 | dV -0.302960 | V 0.3967 | inball 0.476 | a*_q05 0.00194 | a*_q50 0.02746 | dV>=0 0.023 | n=150 | a_used 0.00142 -> 0.00140
[Episode 199/400] Steps: 720 | Reward:  260.86 | Battery:  70.03% | Loss: 0.0349
Placing Sensors
[Episode 200/400] Steps: 720 | Reward:  250.77 | Battery:  72.20% | Loss: 
Placing Sensors
[Episode 201/400] Steps: 140 | Reward:  -49.01 | Battery:   0.00% | Loss: 
Placing Sensors
Policy -0.0006 | Value 157.0178 | KL 0.01997 | CF 0.2295 | Std 0.1101 | |a| 0.0266 | EV +0.812 | Rsd 29.211 | Res 12.858 | AE nan | Alpha 0.0101 | MB 21/28
  cert | viol 0.000 | dV -0.249707 | V 0.2921 | inball 0.483 | a*_q05 0.00591 | a*_q50 0.03145 | dV>=0 0.000 | n=150 | a_used 0.00140 -> 0.00151
[Episode 202/400] Steps: 720 | Reward:  270.35 | Battery:  66.06% | Loss: 0.2783
Placing Sensors
[Episode 203/400] Steps: 117 | Reward:  -52.13 | Battery:   0.00% | Loss: 
Placing Sensors
[Episode 204/400] Steps: 720 | Reward:  283.53 | Battery:  77.64% | Loss: 
Placing Sensors
[Episode 205/400] Steps:  80 | Reward:  -68.49 | Battery:   0.00% | Loss: 
Placing Sensors
Policy -0.0030 | Value 105.2933 | KL 0.01476 | CF 0.1548 | Std 0.1101 | |a| 0.0305 | EV +0.735 | Rsd 26.915 | Res 14.505 | AE nan | Alpha 0.0100 | MB 28/28
  cert | viol 0.034 | dV -0.287076 | V 0.3524 | inball 0.450 | a*_q05 0.00340 | a*_q50 0.03143 | dV>=0 0.016 | n=150 | a_used 0.00151 -> 0.00163
[Episode 206/400] Steps: 720 | Reward:  235.40 | Battery:  69.97% | Loss: 0.0547
Placing Sensors
[Episode 207/400] Steps: 720 | Reward:  317.50 | Battery:  84.82% | Loss: 
Placing Sensors
Policy -0.0013 | Value 70.6905 | KL 0.01027 | CF 0.0990 | Std 0.1100 | |a| 0.0218 | EV +0.862 | Rsd 26.643 | Res 11.225 | AE nan | Alpha 0.0100 | MB 24/24
  cert | viol 0.000 | dV -0.251852 | V 0.2807 | inball 0.592 | a*_q05 0.00782 | a*_q50 0.03483 | dV>=0 0.000 | n=150 | a_used 0.00163 -> 0.00175
[Episode 208/400] Steps: 720 | Reward:  251.19 | Battery:  64.87% | Loss: -0.0373
Placing Sensors
[Episode 209/400] Steps:  73 | Reward:  -58.14 | Battery:   0.00% | Loss: 
Placing Sensors
[Episode 210/400] Steps: 720 | Reward:  203.49 | Battery:  60.30% | Loss: 
Placing Sensors
[Episode 211/400] Steps: 150 | Reward:  -64.91 | Battery:   0.00% | Loss: 
Placing Sensors
Policy -0.0028 | Value 100.3185 | KL 0.01475 | CF 0.1713 | Std 0.1100 | |a| 0.0287 | EV +0.753 | Rsd 29.405 | Res 14.979 | AE nan | Alpha 0.0100 | MB 28/28
  cert | viol 0.040 | dV -0.272015 | V 0.3363 | inball 0.406 | a*_q05 0.00366 | a*_q50 0.03261 | dV>=0 0.017 | n=150 | a_used 0.00175 -> 0.00169
[Episode 212/400] Steps: 720 | Reward:  211.63 | Battery:  57.21% | Loss: 0.0574
Placing Sensors
[Episode 213/400] Steps: 720 | Reward:  237.81 | Battery:  70.40% | Loss: 
Placing Sensors
Policy -0.0005 | Value 100.7581 | KL 0.00572 | CF 0.0704 | Std 0.1100 | |a| 0.0270 | EV +0.783 | Rsd 28.545 | Res 14.509 | AE nan | Alpha 0.0100 | MB 24/24
  cert | viol 0.012 | dV -0.275381 | V 0.3549 | inball 0.474 | a*_q05 0.00334 | a*_q50 0.02468 | dV>=0 0.000 | n=150 | a_used 0.00169 -> 0.00174
[Episode 214/400] Steps: 720 | Reward:  248.54 | Battery:  76.78% | Loss: -0.0396
Placing Sensors
[Episode 215/400] Steps: 720 | Reward:  203.94 | Battery:  54.67% | Loss: 
Placing Sensors
Policy -0.0051 | Value 82.6544 | KL 0.00605 | CF 0.0784 | Std 0.1100 | |a| 0.0249 | EV +0.876 | Rsd 31.740 | Res 11.176 | AE nan | Alpha 0.0100 | MB 24/24
  cert | viol 0.150 | dV -0.230874 | V 0.3829 | inball 0.304 | a*_q05 -0.00031 | a*_q50 0.01755 | dV>=0 0.069 | n=150 | a_used 0.00174 -> 0.00166
[Episode 216/400] Steps: 720 | Reward:  203.59 | Battery:  70.85% | Loss: 0.0827
Placing Sensors
[Episode 217/400] Steps: 720 | Reward:  213.69 | Battery:  68.64% | Loss: 
Placing Sensors
[Episode 218/400] Steps:  74 | Reward:  -61.95 | Battery:   0.00% | Loss: 
Placing Sensors
Policy -0.0056 | Value 138.4329 | KL 0.00647 | CF 0.0801 | Std 0.1100 | |a| 0.0278 | EV +0.879 | Rsd 31.639 | Res 11.253 | AE nan | Alpha 0.0100 | MB 24/24
  cert | viol 0.064 | dV -0.266702 | V 0.3681 | inball 0.448 | a*_q05 0.00106 | a*_q50 0.02904 | dV>=0 0.041 | n=150 | a_used 0.00166 -> 0.00168
[Episode 219/400] Steps: 720 | Reward:  282.72 | Battery:  71.72% | Loss: 0.0113
Placing Sensors
[Episode 220/400] Steps: 720 | Reward:  228.06 | Battery:  66.73% | Loss: 
Placing Sensors
Policy -0.0050 | Value 73.4976 | KL 0.01709 | CF 0.1485 | Std 0.1099 | |a| 0.0265 | EV +0.884 | Rsd 31.851 | Res 11.024 | AE nan | Alpha 0.0100 | MB 24/24
  cert | viol 0.046 | dV -0.209279 | V 0.3044 | inball 0.364 | a*_q05 0.00188 | a*_q50 0.01882 | dV>=0 0.008 | n=150 | a_used 0.00168 -> 0.00171
[Episode 221/400] Steps: 720 | Reward:  206.18 | Battery:  62.64% | Loss: 0.0580
Placing Sensors
[Episode 222/400] Steps: 720 | Reward:  150.04 | Battery:  47.23% | Loss: 
Placing Sensors
[Episode 223/400] Steps:  70 | Reward:  -59.74 | Battery:   0.00% | Loss: 
Placing Sensors
[Episode 224/400] Steps:  72 | Reward:  -66.06 | Battery:   0.00% | Loss: 
Placing Sensors
[Episode 225/400] Steps:  71 | Reward:  -62.85 | Battery:   0.00% | Loss: 
Placing Sensors
[Episode 226/400] Steps:  82 | Reward:  -58.56 | Battery:   0.00% | Loss: 
Placing Sensors
[Episode 227/400] Steps: 163 | Reward:  -61.32 | Battery:   0.00% | Loss: 
Placing Sensors
Policy -0.0052 | Value 88.5798 | KL 0.01084 | CF 0.1214 | Std 0.1099 | |a| 0.0330 | EV +0.804 | Rsd 31.373 | Res 14.146 | AE nan | Alpha 0.0100 | MB 32/32
  cert | viol 0.077 | dV -0.182258 | V 0.2809 | inball 0.241 | a*_q05 0.00081 | a*_q50 0.01518 | dV>=0 0.049 | n=150 | a_used 0.00171 -> 0.00163
[Episode 228/400] Steps: 720 | Reward:  216.61 | Battery:  62.43% | Loss: 0.1363
Placing Sensors
[Episode 229/400] Steps: 720 | Reward:  268.08 | Battery:  70.79% | Loss: 
Placing Sensors
Policy -0.0088 | Value 76.3112 | KL 0.00995 | CF 0.0990 | Std 0.1099 | |a| 0.0318 | EV +0.873 | Rsd 33.976 | Res 12.330 | AE nan | Alpha 0.0100 | MB 24/24
  cert | viol 0.065 | dV -0.251018 | V 0.3428 | inball 0.408 | a*_q05 0.00152 | a*_q50 0.02603 | dV>=0 0.017 | n=150 | a_used 0.00163 -> 0.00149
[Episode 230/400] Steps: 720 | Reward:  174.68 | Battery:  56.80% | Loss: 0.0343
Placing Sensors
[Episode 231/400] Steps: 720 | Reward:  287.65 | Battery:  80.03% | Loss: 
Placing Sensors
Policy -0.0043 | Value 121.6600 | KL 0.01476 | CF 0.1785 | Std 0.1099 | |a| 0.0269 | EV +0.807 | Rsd 33.177 | Res 14.661 | AE nan | Alpha 0.0100 | MB 24/24
  cert | viol 0.146 | dV -0.241816 | V 0.3097 | inball 0.400 | a*_q05 -0.01255 | a*_q50 0.02308 | dV>=0 0.124 | n=150 | a_used 0.00149 -> 0.00141
[Episode 232/400] Steps: 720 | Reward:  167.47 | Battery:  53.35% | Loss: 0.1115
Placing Sensors
[Episode 233/400] Steps:  72 | Reward:  -64.48 | Battery:   0.00% | Loss: 
Placing Sensors
[Episode 234/400] Steps: 720 | Reward:  212.59 | Battery:  62.85% | Loss: 
Placing Sensors
Policy 0.0083 | Value 67.6793 | KL 0.01323 | CF 0.1422 | Std 0.1099 | |a| 0.0324 | EV +0.919 | Rsd 35.686 | Res 10.283 | AE nan | Alpha 0.0100 | MB 24/24
  cert | viol 0.000 | dV -0.232815 | V 0.2853 | inball 0.424 | a*_q05 0.00506 | a*_q50 0.02428 | dV>=0 0.000 | n=150 | a_used 0.00141 -> 0.00151
[Episode 235/400] Steps: 720 | Reward:  271.13 | Battery:  77.70% | Loss: 0.0379
Placing Sensors
[Episode 236/400] Steps: 144 | Reward:  -47.76 | Battery:   0.00% | Loss: 
Placing Sensors
[Episode 237/400] Steps: 720 | Reward:  289.81 | Battery:  79.44% | Loss: 
Placing Sensors
Policy -0.0177 | Value 111.8021 | KL 0.00791 | CF 0.0807 | Std 0.1099 | |a| 0.0298 | EV +0.792 | Rsd 30.356 | Res 13.867 | AE nan | Alpha 0.0100 | MB 28/28
  cert | viol 0.000 | dV -0.225393 | V 0.2923 | inball 0.469 | a*_q05 0.00305 | a*_q50 0.03201 | dV>=0 0.000 | n=150 | a_used 0.00151 -> 0.00158
[Episode 238/400] Steps: 720 | Reward:  224.81 | Battery:  62.22% | Loss: -0.1819
Placing Sensors
[Episode 239/400] Steps: 720 | Reward:  179.80 | Battery:  59.69% | Loss: 
Placing Sensors
Policy -0.0003 | Value 58.9530 | KL 0.01275 | CF 0.1513 | Std 0.1099 | |a| 0.0281 | EV +0.924 | Rsd 36.694 | Res 10.301 | AE nan | Alpha 0.0100 | MB 24/24
  cert | viol 0.095 | dV -0.240459 | V 0.3379 | inball 0.417 | a*_q05 -0.00007 | a*_q50 0.02458 | dV>=0 0.060 | n=150 | a_used 0.00158 -> 0.00150
[Episode 240/400] Steps: 720 | Reward:  268.76 | Battery:  69.16% | Loss: 0.0968
Placing Sensors
[Episode 241/400] Steps: 720 | Reward:  270.75 | Battery:  68.87% | Loss: 
Placing Sensors
Policy -0.0068 | Value 88.6148 | KL 0.00931 | CF 0.1190 | Std 0.1099 | |a| 0.0233 | EV +0.855 | Rsd 32.661 | Res 12.510 | AE nan | Alpha 0.0100 | MB 24/24
  cert | viol 0.000 | dV -0.309072 | V 0.3459 | inball 0.533 | a*_q05 0.00767 | a*_q50 0.03216 | dV>=0 0.000 | n=150 | a_used 0.00150 -> 0.00165
[Episode 242/400] Steps: 720 | Reward:  263.76 | Battery:  74.23% | Loss: -0.0140
Placing Sensors
[Episode 243/400] Steps: 720 | Reward:  264.08 | Battery:  78.08% | Loss: 
Placing Sensors
Policy -0.0000 | Value 52.8946 | KL 0.01253 | CF 0.1626 | Std 0.1099 | |a| 0.0253 | EV +0.904 | Rsd 27.932 | Res 8.905 | AE nan | Alpha 0.0100 | MB 24/24
  cert | viol 0.000 | dV -0.231238 | V 0.2803 | inball 0.501 | a*_q05 0.00497 | a*_q50 0.03162 | dV>=0 0.000 | n=150 | a_used 0.00165 -> 0.00173
[Episode 244/400] Steps: 720 | Reward:  268.67 | Battery:  73.35% | Loss: 0.0300
Placing Sensors
[Episode 245/400] Steps: 720 | Reward:  263.65 | Battery:  70.51% | Loss: 
Placing Sensors
Policy -0.0112 | Value 106.0652 | KL 0.01340 | CF 0.1468 | Std 0.1099 | |a| 0.0301 | EV +0.888 | Rsd 32.557 | Res 11.082 | AE nan | Alpha 0.0100 | MB 24/24
  cert | viol 0.082 | dV -0.258207 | V 0.3295 | inball 0.536 | a*_q05 -0.00046 | a*_q50 0.03208 | dV>=0 0.060 | n=150 | a_used 0.00173 -> 0.00164
[Episode 246/400] Steps: 720 | Reward:  274.71 | Battery:  80.80% | Loss: 0.0781
Placing Sensors
[Episode 247/400] Steps:  75 | Reward:  -67.32 | Battery:   0.00% | Loss: 
Placing Sensors
[Episode 248/400] Steps: 720 | Reward:  224.32 | Battery:  60.78% | Loss: 
Placing Sensors
[Episode 249/400] Steps: 131 | Reward:  -45.39 | Battery:   0.00% | Loss: 
Placing Sensors
Policy -0.0124 | Value 116.9309 | KL 0.01945 | CF 0.1865 | Std 0.1099 | |a| 0.0294 | EV +0.850 | Rsd 35.371 | Res 14.231 | AE nan | Alpha 0.0100 | MB 28/28
  cert | viol 0.034 | dV -0.221435 | V 0.3022 | inball 0.367 | a*_q05 0.00233 | a*_q50 0.02474 | dV>=0 0.001 | n=150 | a_used 0.00164 -> 0.00171
[Episode 250/400] Steps: 720 | Reward:  208.18 | Battery:  63.15% | Loss: 0.0282
Placing Sensors
[Episode 251/400] Steps: 720 | Reward:  310.18 | Battery:  81.44% | Loss: 
Placing Sensors
Policy -0.0082 | Value 59.2336 | KL 0.00884 | CF 0.1027 | Std 0.1099 | |a| 0.0276 | EV +0.912 | Rsd 33.093 | Res 9.825 | AE nan | Alpha 0.0100 | MB 24/24
  cert | viol 0.015 | dV -0.260512 | V 0.3186 | inball 0.539 | a*_q05 0.00404 | a*_q50 0.03228 | dV>=0 0.000 | n=150 | a_used 0.00171 -> 0.00176
[Episode 252/400] Steps: 720 | Reward:  227.95 | Battery:  63.49% | Loss: -0.0161
Placing Sensors
[Episode 253/400] Steps: 720 | Reward:  252.33 | Battery:  72.23% | Loss: 
Placing Sensors
Policy -0.0139 | Value 87.2550 | KL 0.01113 | CF 0.1346 | Std 0.1099 | |a| 0.0285 | EV +0.902 | Rsd 33.341 | Res 10.443 | AE nan | Alpha 0.0100 | MB 24/24
  cert | viol 0.000 | dV -0.262523 | V 0.3055 | inball 0.533 | a*_q05 0.00696 | a*_q50 0.03479 | dV>=0 0.000 | n=150 | a_used 0.00176 -> 0.00191
[Episode 254/400] Steps: 720 | Reward:  259.59 | Battery:  69.08% | Loss: 0.1289
Placing Sensors
[Episode 255/400] Steps: 720 | Reward:  342.28 | Battery:  84.43% | Loss: 
Placing Sensors
Policy -0.0119 | Value 66.5854 | KL 0.00828 | CF 0.1076 | Std 0.1099 | |a| 0.0254 | EV +0.937 | Rsd 37.068 | Res 9.441 | AE nan | Alpha 0.0100 | MB 24/24
  cert | viol 0.135 | dV -0.208192 | V 0.2945 | inball 0.432 | a*_q05 -0.00311 | a*_q50 0.02116 | dV>=0 0.056 | n=150 | a_used 0.00191 -> 0.00184
[Episode 256/400] Steps: 720 | Reward:  146.14 | Battery:  48.21% | Loss: -0.1504
Placing Sensors
[Episode 257/400] Steps: 720 | Reward:  277.30 | Battery:  76.97% | Loss: 
Placing Sensors
Policy -0.0092 | Value 37.7099 | KL 0.01326 | CF 0.1505 | Std 0.1099 | |a| 0.0295 | EV +0.965 | Rsd 37.860 | Res 7.280 | AE nan | Alpha 0.0100 | MB 24/24
  cert | viol 0.037 | dV -0.248415 | V 0.3172 | inball 0.415 | a*_q05 -0.00250 | a*_q50 0.02585 | dV>=0 0.037 | n=150 | a_used 0.00184 -> 0.00191
[Episode 258/400] Steps: 720 | Reward:  177.14 | Battery:  51.43% | Loss: -0.0118
Placing Sensors
[Episode 259/400] Steps: 720 | Reward:  246.61 | Battery:  59.46% | Loss: 
Placing Sensors
Policy -0.0105 | Value 64.6189 | KL 0.01066 | CF 0.1240 | Std 0.1098 | |a| 0.0301 | EV +0.929 | Rsd 37.349 | Res 9.993 | AE nan | Alpha 0.0100 | MB 24/24
  cert | viol 0.027 | dV -0.290931 | V 0.3562 | inball 0.513 | a*_q05 0.00360 | a*_q50 0.03202 | dV>=0 0.004 | n=150 | a_used 0.00191 -> 0.00199
[Episode 260/400] Steps: 720 | Reward:  275.68 | Battery:  79.26% | Loss: -0.0439
Placing Sensors
[Episode 261/400] Steps: 720 | Reward:  216.28 | Battery:  63.81% | Loss: 
Placing Sensors
[Episode 262/400] Steps:  65 | Reward:  -64.54 | Battery:   0.00% | Loss: 
Placing Sensors
Policy -0.0086 | Value 82.5225 | KL 0.01262 | CF 0.1500 | Std 0.1098 | |a| 0.0305 | EV +0.934 | Rsd 39.509 | Res 10.311 | AE nan | Alpha 0.0100 | MB 24/24
  cert | viol 0.073 | dV -0.245857 | V 0.3218 | inball 0.455 | a*_q05 0.00116 | a*_q50 0.03368 | dV>=0 0.039 | n=150 | a_used 0.00199 -> 0.00189
[Episode 263/400] Steps: 720 | Reward:  256.85 | Battery:  67.23% | Loss: -0.0622
Placing Sensors
[Episode 264/400] Steps:  66 | Reward:  -58.52 | Battery:   0.00% | Loss: 
Placing Sensors
[Episode 265/400] Steps: 720 | Reward:  250.60 | Battery:  71.49% | Loss: 
Placing Sensors
Policy -0.0014 | Value 134.5264 | KL 0.01796 | CF 0.2126 | Std 0.1098 | |a| 0.0328 | EV +0.904 | Rsd 37.127 | Res 11.796 | AE nan | Alpha 0.0100 | MB 24/24
  cert | viol 0.026 | dV -0.223641 | V 0.2700 | inball 0.516 | a*_q05 0.00357 | a*_q50 0.03251 | dV>=0 0.000 | n=150 | a_used 0.00189 -> 0.00200
[Episode 266/400] Steps: 720 | Reward:  278.37 | Battery:  71.78% | Loss: 0.0291
Placing Sensors
[Episode 267/400] Steps: 720 | Reward:  213.83 | Battery:  68.28% | Loss: 
Placing Sensors
[Episode 268/400] Steps:  75 | Reward:  -56.37 | Battery:   0.00% | Loss: 
Placing Sensors
Policy -0.0053 | Value 67.0113 | KL 0.01176 | CF 0.1333 | Std 0.1097 | |a| 0.0380 | EV +0.932 | Rsd 38.134 | Res 9.963 | AE nan | Alpha 0.0100 | MB 24/24
  cert | viol 0.058 | dV -0.279919 | V 0.4108 | inball 0.362 | a*_q05 0.00180 | a*_q50 0.01717 | dV>=0 0.026 | n=150 | a_used 0.00200 -> 0.00197
[Episode 269/400] Steps: 720 | Reward:  262.46 | Battery:  79.03% | Loss: 0.0027
Placing Sensors
[Episode 270/400] Steps: 720 | Reward:  298.48 | Battery:  81.19% | Loss: 
Placing Sensors
Policy -0.0044 | Value 74.5469 | KL 0.00955 | CF 0.1228 | Std 0.1097 | |a| 0.0290 | EV +0.884 | Rsd 35.578 | Res 12.620 | AE nan | Alpha 0.0100 | MB 24/24
  cert | viol 0.000 | dV -0.238479 | V 0.2614 | inball 0.589 | a*_q05 0.00880 | a*_q50 0.03304 | dV>=0 0.000 | n=150 | a_used 0.00197 -> 0.00213
[Episode 271/400] Steps: 720 | Reward:  255.98 | Battery:  74.25% | Loss: 0.0258
Placing Sensors
[Episode 272/400] Steps: 720 | Reward:  226.15 | Battery:  73.61% | Loss: 
Placing Sensors
Policy -0.0129 | Value 74.6203 | KL 0.01165 | CF 0.1411 | Std 0.1097 | |a| 0.0376 | EV +0.885 | Rsd 31.797 | Res 10.775 | AE nan | Alpha 0.0100 | MB 24/24
  cert | viol 0.038 | dV -0.232593 | V 0.3202 | inball 0.379 | a*_q05 0.00274 | a*_q50 0.01930 | dV>=0 0.000 | n=150 | a_used 0.00213 -> 0.00215
[Episode 273/400] Steps: 720 | Reward:  255.18 | Battery:  78.70% | Loss: -0.1137
Placing Sensors
[Episode 274/400] Steps: 720 | Reward:  253.87 | Battery:  76.99% | Loss: 
Placing Sensors
Policy -0.0115 | Value 67.9488 | KL 0.01077 | CF 0.1371 | Std 0.1097 | |a| 0.0315 | EV +0.916 | Rsd 32.335 | Res 9.388 | AE nan | Alpha 0.0100 | MB 24/24
  cert | viol 0.025 | dV -0.230898 | V 0.2790 | inball 0.510 | a*_q05 0.00459 | a*_q50 0.02921 | dV>=0 0.000 | n=150 | a_used 0.00215 -> 0.00218
[Episode 275/400] Steps: 720 | Reward:  263.48 | Battery:  75.97% | Loss: -0.0316
Placing Sensors
[Episode 276/400] Steps: 720 | Reward:  251.89 | Battery:  76.47% | Loss: 
Placing Sensors
Policy -0.0077 | Value 36.3895 | KL 0.01356 | CF 0.1214 | Std 0.1097 | |a| 0.0323 | EV +0.944 | Rsd 29.448 | Res 7.044 | AE nan | Alpha 0.0100 | MB 24/24
  cert | viol 0.004 | dV -0.203735 | V 0.2535 | inball 0.508 | a*_q05 0.00468 | a*_q50 0.02687 | dV>=0 0.000 | n=150 | a_used 0.00218 -> 0.00230
[Episode 277/400] Steps: 720 | Reward:  266.74 | Battery:  78.82% | Loss: -0.0396
Placing Sensors
[Episode 278/400] Steps: 720 | Reward:  300.91 | Battery:  78.50% | Loss: 
Placing Sensors
Policy -0.0147 | Value 65.7429 | KL 0.01050 | CF 0.1283 | Std 0.1097 | |a| 0.0349 | EV +0.901 | Rsd 31.924 | Res 10.058 | AE nan | Alpha 0.0100 | MB 24/24
  cert | viol 0.030 | dV -0.300106 | V 0.3589 | inball 0.554 | a*_q05 0.00409 | a*_q50 0.03233 | dV>=0 0.000 | n=150 | a_used 0.00230 -> 0.00242
[Episode 279/400] Steps: 720 | Reward:  269.69 | Battery:  82.36% | Loss: -0.0417
Placing Sensors
[Episode 280/400] Steps: 720 | Reward:  238.62 | Battery:  76.42% | Loss: 
Placing Sensors
Policy -0.0031 | Value 124.0824 | KL 0.02096 | CF 0.2065 | Std 0.1097 | |a| 0.0387 | EV +0.898 | Rsd 35.751 | Res 11.423 | AE nan | Alpha 0.0100 | MB 18/24
  cert | viol 0.006 | dV -0.311393 | V 0.3854 | inball 0.493 | a*_q05 0.00521 | a*_q50 0.03063 | dV>=0 0.000 | n=150 | a_used 0.00242 -> 0.00254
[Episode 281/400] Steps: 720 | Reward:  277.92 | Battery:  74.39% | Loss: 0.1092
Placing Sensors
[Episode 282/400] Steps: 720 | Reward:  284.12 | Battery:  78.29% | Loss: 
Placing Sensors
Policy -0.0052 | Value 79.2770 | KL 0.01740 | CF 0.1821 | Std 0.1097 | |a| 0.0392 | EV +0.883 | Rsd 30.262 | Res 10.663 | AE nan | Alpha 0.0100 | MB 24/24
  cert | viol 0.073 | dV -0.226473 | V 0.3051 | inball 0.589 | a*_q05 0.00218 | a*_q50 0.03332 | dV>=0 0.000 | n=150 | a_used 0.00254 -> 0.00247
[Episode 283/400] Steps: 720 | Reward:  285.12 | Battery:  83.18% | Loss: 0.0721
Placing Sensors
[Episode 284/400] Steps: 720 | Reward:  226.95 | Battery:  62.93% | Loss: 
Placing Sensors
Policy -0.0070 | Value 46.2980 | KL 0.01957 | CF 0.1971 | Std 0.1097 | |a| 0.0389 | EV +0.912 | Rsd 27.761 | Res 8.258 | AE nan | Alpha 0.0100 | MB 24/24
  cert | viol 0.009 | dV -0.248612 | V 0.3082 | inball 0.504 | a*_q05 0.00532 | a*_q50 0.02815 | dV>=0 0.000 | n=150 | a_used 0.00247 -> 0.00252
[Episode 285/400] Steps: 720 | Reward:  299.55 | Battery:  86.26% | Loss: 0.0884
Placing Sensors
[Episode 286/400] Steps: 720 | Reward:  233.98 | Battery:  64.76% | Loss: 
Placing Sensors
Policy 0.0074 | Value 57.8862 | KL 0.02181 | CF 0.1889 | Std 0.1097 | |a| 0.0419 | EV +0.934 | Rsd 32.770 | Res 8.795 | AE nan | Alpha 0.0100 | MB 12/24
  cert | viol 0.000 | dV -0.192035 | V 0.2152 | inball 0.532 | a*_q05 0.00759 | a*_q50 0.03405 | dV>=0 0.000 | n=150 | a_used 0.00252 -> 0.00267
[Episode 287/400] Steps: 720 | Reward:  224.48 | Battery:  63.59% | Loss: 0.0713
Placing Sensors
[Episode 288/400] Steps: 720 | Reward:  278.53 | Battery:  79.47% | Loss: 
Placing Sensors
Policy -0.0053 | Value 61.6238 | KL 0.01216 | CF 0.1314 | Std 0.1097 | |a| 0.0363 | EV +0.905 | Rsd 29.089 | Res 9.308 | AE nan | Alpha 0.0100 | MB 24/24
  cert | viol 0.037 | dV -0.239383 | V 0.2930 | inball 0.579 | a*_q05 0.00399 | a*_q50 0.03122 | dV>=0 0.000 | n=150 | a_used 0.00267 -> 0.00280
[Episode 289/400] Steps: 720 | Reward:  317.34 | Battery:  84.62% | Loss: 0.0911
Placing Sensors
[Episode 290/400] Steps: 720 | Reward:  258.83 | Battery:  74.79% | Loss: 
Placing Sensors
Policy -0.0101 | Value 57.5655 | KL 0.01281 | CF 0.1515 | Std 0.1097 | |a| 0.0365 | EV +0.944 | Rsd 33.754 | Res 8.002 | AE nan | Alpha 0.0100 | MB 24/24
  cert | viol 0.000 | dV -0.244010 | V 0.2619 | inball 0.594 | a*_q05 0.00969 | a*_q50 0.03835 | dV>=0 0.000 | n=150 | a_used 0.00280 -> 0.00299
[Episode 291/400] Steps: 720 | Reward:  261.22 | Battery:  63.28% | Loss: 0.0666
Placing Sensors
[Episode 292/400] Steps: 720 | Reward:  262.96 | Battery:  74.63% | Loss: 
Placing Sensors
Policy -0.0086 | Value 115.2139 | KL 0.01184 | CF 0.1433 | Std 0.1097 | |a| 0.0326 | EV +0.920 | Rsd 31.619 | Res 9.122 | AE nan | Alpha 0.0100 | MB 24/24
  cert | viol 0.000 | dV -0.250929 | V 0.2831 | inball 0.571 | a*_q05 0.00734 | a*_q50 0.03626 | dV>=0 0.000 | n=150 | a_used 0.00299 -> 0.00316
[Episode 293/400] Steps: 720 | Reward:  276.72 | Battery:  72.88% | Loss: 0.0356
Placing Sensors
[Episode 294/400] Steps: 720 | Reward:  242.90 | Battery:  64.47% | Loss: 
Placing Sensors
Policy -0.0043 | Value 76.4577 | KL 0.02331 | CF 0.2393 | Std 0.1097 | |a| 0.0499 | EV +0.950 | Rsd 32.781 | Res 7.464 | AE nan | Alpha 0.0100 | MB 18/24
  cert | viol 0.000 | dV -0.214631 | V 0.2425 | inball 0.566 | a*_q05 0.00713 | a*_q50 0.03459 | dV>=0 0.000 | n=150 | a_used 0.00316 -> 0.00325
[Episode 295/400] Steps: 720 | Reward:  281.16 | Battery:  75.56% | Loss: 0.0088
Placing Sensors
[Episode 296/400] Steps: 720 | Reward:  191.92 | Battery:  58.28% | Loss: 
Placing Sensors
Policy -0.0059 | Value 94.3814 | KL 0.01247 | CF 0.1508 | Std 0.1097 | |a| 0.0445 | EV +0.887 | Rsd 33.580 | Res 11.503 | AE nan | Alpha 0.0100 | MB 24/24
  cert | viol 0.014 | dV -0.267824 | V 0.3161 | inball 0.531 | a*_q05 0.00514 | a*_q50 0.03120 | dV>=0 0.000 | n=150 | a_used 0.00325 -> 0.00329
[Episode 297/400] Steps: 720 | Reward:  315.58 | Battery:  83.28% | Loss: 0.0924
Placing Sensors
[Episode 298/400] Steps: 720 | Reward:  265.02 | Battery:  72.68% | Loss: 
Placing Sensors
Policy -0.0126 | Value 53.3727 | KL 0.01312 | CF 0.1390 | Std 0.1097 | |a| 0.0319 | EV +0.936 | Rsd 33.773 | Res 8.583 | AE nan | Alpha 0.0100 | MB 24/24
  cert | viol 0.000 | dV -0.254066 | V 0.2794 | inball 0.563 | a*_q05 0.00993 | a*_q50 0.03520 | dV>=0 0.000 | n=150 | a_used 0.00329 -> 0.00347
[Episode 299/400] Steps: 720 | Reward:  262.37 | Battery:  75.87% | Loss: 0.0084
Placing Sensors
[Episode 300/400] Steps: 720 | Reward:  231.16 | Battery:  68.76% | Loss: 
Placing Sensors
Policy -0.0095 | Value 62.1765 | KL 0.01305 | CF 0.1191 | Std 0.1097 | |a| 0.0442 | EV +0.916 | Rsd 32.575 | Res 9.874 | AE nan | Alpha 0.0100 | MB 24/24
  cert | viol 0.182 | dV -0.194931 | V 0.2747 | inball 0.395 | a*_q05 0.00259 | a*_q50 0.02295 | dV>=0 0.000 | n=150 | a_used 0.00347 -> 0.00342
[Episode 301/400] Steps: 720 | Reward:  276.51 | Battery:  78.50% | Loss: -0.0782
Placing Sensors
[Episode 302/400] Steps: 720 | Reward:  269.07 | Battery:  73.88% | Loss: 
Placing Sensors
Policy -0.0105 | Value 74.5401 | KL 0.01477 | CF 0.1725 | Std 0.1096 | |a| 0.0437 | EV +0.895 | Rsd 33.293 | Res 11.864 | AE nan | Alpha 0.0100 | MB 24/24
  cert | viol 0.204 | dV -0.206982 | V 0.3380 | inball 0.500 | a*_q05 -0.00216 | a*_q50 0.02539 | dV>=0 0.154 | n=150 | a_used 0.00342 -> 0.00325
[Episode 303/400] Steps: 720 | Reward:  313.60 | Battery:  85.16% | Loss: 0.0715
Placing Sensors
[Episode 304/400] Steps: 720 | Reward:  264.52 | Battery:  72.28% | Loss: 
Placing Sensors
Policy -0.0094 | Value 34.5191 | KL 0.01392 | CF 0.1518 | Std 0.1096 | |a| 0.0344 | EV +0.963 | Rsd 34.022 | Res 6.529 | AE nan | Alpha 0.0100 | MB 24/24
  cert | viol 0.028 | dV -0.245426 | V 0.3065 | inball 0.476 | a*_q05 0.00433 | a*_q50 0.02673 | dV>=0 0.000 | n=150 | a_used 0.00325 -> 0.00333
[Episode 305/400] Steps: 720 | Reward:  250.36 | Battery:  72.23% | Loss: 0.0051
Placing Sensors
[Episode 306/400] Steps: 720 | Reward:  305.11 | Battery:  86.40% | Loss: 
Placing Sensors
[Episode 307/400] Steps:  79 | Reward:  -63.66 | Battery:   0.00% | Loss: 
Placing Sensors
Policy -0.0092 | Value 105.1467 | KL 0.00747 | CF 0.0902 | Std 0.1096 | |a| 0.0380 | EV +0.896 | Rsd 35.420 | Res 11.444 | AE nan | Alpha 0.0100 | MB 24/24
  cert | viol 0.051 | dV -0.319946 | V 0.3842 | inball 0.517 | a*_q05 0.00403 | a*_q50 0.03218 | dV>=0 0.000 | n=150 | a_used 0.00333 -> 0.00335
[Episode 308/400] Steps: 720 | Reward:  262.27 | Battery:  74.14% | Loss: -0.0005
Placing Sensors
[Episode 309/400] Steps: 720 | Reward:  319.51 | Battery:  82.58% | Loss: 
Placing Sensors
Policy -0.0083 | Value 38.8473 | KL 0.00920 | CF 0.1140 | Std 0.1096 | |a| 0.0376 | EV +0.955 | Rsd 32.942 | Res 7.540 | AE nan | Alpha 0.0100 | MB 24/24
  cert | viol 0.013 | dV -0.282060 | V 0.3286 | inball 0.571 | a*_q05 0.00568 | a*_q50 0.03363 | dV>=0 0.000 | n=150 | a_used 0.00335 -> 0.00345
[Episode 310/400] Steps: 720 | Reward:  267.35 | Battery:  75.00% | Loss: 0.0520
Placing Sensors
[Episode 311/400] Steps: 720 | Reward:  256.19 | Battery:  74.14% | Loss: 
Placing Sensors
Policy -0.0067 | Value 55.6614 | KL 0.01393 | CF 0.1530 | Std 0.1096 | |a| 0.0336 | EV +0.919 | Rsd 31.209 | Res 9.188 | AE nan | Alpha 0.0100 | MB 24/24
  cert | viol 0.000 | dV -0.249217 | V 0.2775 | inball 0.588 | a*_q05 0.00728 | a*_q50 0.03726 | dV>=0 0.000 | n=150 | a_used 0.00345 -> 0.00354
[Episode 312/400] Steps: 720 | Reward:  288.58 | Battery:  75.75% | Loss: -0.0109
Placing Sensors
[Episode 313/400] Steps: 720 | Reward:  228.93 | Battery:  66.97% | Loss: 
Placing Sensors
[Episode 314/400] Steps: 123 | Reward:  -69.46 | Battery:   0.00% | Loss: 
Placing Sensors
Policy -0.0119 | Value 103.4648 | KL 0.01436 | CF 0.1700 | Std 0.1096 | |a| 0.0346 | EV +0.823 | Rsd 33.350 | Res 14.255 | AE nan | Alpha 0.0100 | MB 28/28
  cert | viol 0.028 | dV -0.220961 | V 0.2646 | inball 0.467 | a*_q05 0.00562 | a*_q50 0.02695 | dV>=0 0.000 | n=150 | a_used 0.00354 -> 0.00366
[Episode 315/400] Steps: 720 | Reward:  251.26 | Battery:  76.55% | Loss: -0.1762
Placing Sensors
[Episode 316/400] Steps: 720 | Reward:  273.08 | Battery:  75.89% | Loss: 
Placing Sensors
Policy -0.0115 | Value 50.0743 | KL 0.01111 | CF 0.1240 | Std 0.1096 | |a| 0.0338 | EV +0.948 | Rsd 34.615 | Res 7.931 | AE nan | Alpha 0.0100 | MB 24/24
  cert | viol 0.000 | dV -0.258270 | V 0.3018 | inball 0.478 | a*_q05 0.00609 | a*_q50 0.02995 | dV>=0 0.000 | n=150 | a_used 0.00366 -> 0.00370
[Episode 317/400] Steps: 720 | Reward:  203.06 | Battery:  60.83% | Loss: -0.0247
Placing Sensors
[Episode 318/400] Steps: 720 | Reward:  231.54 | Battery:  63.95% | Loss: 
Placing Sensors
Policy -0.0073 | Value 45.6094 | KL 0.01052 | CF 0.1184 | Std 0.1096 | |a| 0.0339 | EV +0.950 | Rsd 31.255 | Res 6.983 | AE nan | Alpha 0.0100 | MB 24/24
  cert | viol 0.017 | dV -0.229200 | V 0.2829 | inball 0.475 | a*_q05 0.00594 | a*_q50 0.02684 | dV>=0 0.000 | n=150 | a_used 0.00370 -> 0.00377
[Episode 319/400] Steps: 720 | Reward:  276.10 | Battery:  77.42% | Loss: 0.1452
Placing Sensors
[Episode 320/400] Steps: 720 | Reward:  272.55 | Battery:  72.54% | Loss: 
Placing Sensors
Policy -0.0061 | Value 39.8656 | KL 0.00901 | CF 0.1006 | Std 0.1096 | |a| 0.0411 | EV +0.958 | Rsd 35.742 | Res 7.305 | AE nan | Alpha 0.0100 | MB 24/24
  cert | viol 0.024 | dV -0.293888 | V 0.3431 | inball 0.558 | a*_q05 0.00594 | a*_q50 0.03643 | dV>=0 0.000 | n=150 | a_used 0.00377 -> 0.00385
[Episode 321/400] Steps: 720 | Reward:  258.96 | Battery:  74.14% | Loss: -0.1141
Placing Sensors
[Episode 322/400] Steps: 720 | Reward:  266.19 | Battery:  72.02% | Loss: 
Placing Sensors
Policy -0.0089 | Value 37.6001 | KL 0.01816 | CF 0.1445 | Std 0.1095 | |a| 0.0393 | EV +0.948 | Rsd 33.533 | Res 7.934 | AE nan | Alpha 0.0100 | MB 24/24
  cert | viol 0.053 | dV -0.219171 | V 0.2696 | inball 0.570 | a*_q05 0.00415 | a*_q50 0.03135 | dV>=0 0.000 | n=150 | a_used 0.00385 -> 0.00393
[Episode 323/400] Steps: 720 | Reward:  285.90 | Battery:  77.52% | Loss: 0.0307
Placing Sensors
[Episode 324/400] Steps: 720 | Reward:  222.40 | Battery:  59.51% | Loss: 
Placing Sensors
Policy -0.0083 | Value 35.4009 | KL 0.01504 | CF 0.1146 | Std 0.1095 | |a| 0.0497 | EV +0.968 | Rsd 37.043 | Res 6.602 | AE nan | Alpha 0.0100 | MB 24/24
  cert | viol 0.005 | dV -0.225133 | V 0.2708 | inball 0.419 | a*_q05 0.00626 | a*_q50 0.02671 | dV>=0 0.000 | n=150 | a_used 0.00393 -> 0.00398
[Episode 325/400] Steps: 720 | Reward:  263.88 | Battery:  74.89% | Loss: 0.0959
Placing Sensors
[Episode 326/400] Steps: 720 | Reward:  218.48 | Battery:  66.04% | Loss: 
Placing Sensors
Policy -0.0107 | Value 36.0277 | KL 0.01071 | CF 0.1210 | Std 0.1095 | |a| 0.0452 | EV +0.937 | Rsd 32.824 | Res 8.588 | AE nan | Alpha 0.0100 | MB 24/24
  cert | viol 0.122 | dV -0.235299 | V 0.3181 | inball 0.485 | a*_q05 0.00150 | a*_q50 0.03054 | dV>=0 0.023 | n=150 | a_used 0.00398 -> 0.00366
[Episode 327/400] Steps: 720 | Reward:  268.29 | Battery:  65.49% | Loss: 0.0265
Placing Sensors
[Episode 328/400] Steps: 720 | Reward:  249.24 | Battery:  71.95% | Loss: 
Placing Sensors
Policy 0.0021 | Value 51.2967 | KL 0.02848 | CF 0.1849 | Std 0.1095 | |a| 0.0418 | EV +0.958 | Rsd 36.057 | Res 7.495 | AE nan | Alpha 0.0100 | MB 24/24
  cert | viol 0.034 | dV -0.217529 | V 0.2622 | inball 0.555 | a*_q05 0.00456 | a*_q50 0.03238 | dV>=0 0.000 | n=150 | a_used 0.00366 -> 0.00365
[Episode 329/400] Steps: 720 | Reward:  283.73 | Battery:  77.71% | Loss: 0.1832
Placing Sensors
[Episode 330/400] Steps: 720 | Reward:  282.47 | Battery:  78.26% | Loss: 
Placing Sensors
Policy -0.0049 | Value 32.2511 | KL 0.01858 | CF 0.1316 | Std 0.1094 | |a| 0.0383 | EV +0.977 | Rsd 36.989 | Res 6.246 | AE nan | Alpha 0.0100 | MB 24/24
  cert | viol 0.011 | dV -0.271486 | V 0.3084 | inball 0.583 | a*_q05 0.00631 | a*_q50 0.03563 | dV>=0 0.000 | n=150 | a_used 0.00365 -> 0.00369
[Episode 331/400] Steps: 720 | Reward:  277.38 | Battery:  71.22% | Loss: -0.0294
Placing Sensors
[Episode 332/400] Steps: 720 | Reward:  289.60 | Battery:  85.53% | Loss: 
Placing Sensors
Policy -0.0028 | Value 37.2011 | KL 0.01789 | CF 0.1576 | Std 0.1094 | |a| 0.0387 | EV +0.957 | Rsd 32.665 | Res 6.981 | AE nan | Alpha 0.0100 | MB 24/24
  cert | viol 0.026 | dV -0.297762 | V 0.3535 | inball 0.536 | a*_q05 0.00581 | a*_q50 0.02922 | dV>=0 0.000 | n=150 | a_used 0.00369 -> 0.00377
[Episode 333/400] Steps: 720 | Reward:  288.16 | Battery:  74.35% | Loss: -0.0789
Placing Sensors
[Episode 334/400] Steps: 720 | Reward:  305.41 | Battery:  82.00% | Loss: 
Placing Sensors
Policy -0.0026 | Value 46.4841 | KL 0.01285 | CF 0.1325 | Std 0.1094 | |a| 0.0576 | EV +0.928 | Rsd 34.845 | Res 9.575 | AE nan | Alpha 0.0100 | MB 24/24
  cert | viol 0.000 | dV -0.218545 | V 0.2304 | inball 0.613 | a*_q05 0.01238 | a*_q50 0.03963 | dV>=0 0.000 | n=150 | a_used 0.00377 -> 0.00396
[Episode 335/400] Steps: 720 | Reward:  237.81 | Battery:  59.94% | Loss: 0.0371
Placing Sensors
[Episode 336/400] Steps: 720 | Reward:  311.85 | Battery:  79.04% | Loss: 
Placing Sensors
Policy 0.0052 | Value 48.8808 | KL 0.02752 | CF 0.2264 | Std 0.1094 | |a| 0.0446 | EV +0.951 | Rsd 33.127 | Res 7.418 | AE nan | Alpha 0.0100 | MB 12/24
  cert | viol 0.025 | dV -0.282075 | V 0.3291 | inball 0.593 | a*_q05 0.00533 | a*_q50 0.03523 | dV>=0 0.000 | n=150 | a_used 0.00396 -> 0.00402
[Episode 337/400] Steps: 720 | Reward:  288.10 | Battery:  80.01% | Loss: 0.0062
Placing Sensors
[Episode 338/400] Steps: 720 | Reward:  270.24 | Battery:  73.28% | Loss: 
Placing Sensors
Policy 0.0095 | Value 43.8883 | KL 0.02731 | CF 0.2470 | Std 0.1094 | |a| 0.0415 | EV +0.972 | Rsd 40.408 | Res 7.057 | AE nan | Alpha 0.0100 | MB 24/24
  cert | viol 0.040 | dV -0.276747 | V 0.3274 | inball 0.553 | a*_q05 0.00524 | a*_q50 0.03472 | dV>=0 0.000 | n=150 | a_used 0.00402 -> 0.00412
[Episode 339/400] Steps: 720 | Reward:  246.81 | Battery:  63.98% | Loss: -0.0104
Placing Sensors
[Episode 340/400] Steps: 720 | Reward:  252.76 | Battery:  68.75% | Loss: 
Placing Sensors
Policy -0.0025 | Value 21.0752 | KL 0.01951 | CF 0.1506 | Std 0.1094 | |a| 0.0405 | EV +0.974 | Rsd 34.306 | Res 5.569 | AE nan | Alpha 0.0100 | MB 18/24
  cert | viol 0.000 | dV -0.226272 | V 0.2443 | inball 0.613 | a*_q05 0.00907 | a*_q50 0.03887 | dV>=0 0.000 | n=150 | a_used 0.00412 -> 0.00428
[Episode 341/400] Steps: 720 | Reward:  304.84 | Battery:  81.50% | Loss: -0.0096
Placing Sensors
[Episode 342/400] Steps: 720 | Reward:  304.74 | Battery:  77.08% | Loss: 
Placing Sensors
Policy -0.0055 | Value 25.8338 | KL 0.01083 | CF 0.1053 | Std 0.1094 | |a| 0.0540 | EV +0.976 | Rsd 34.535 | Res 5.347 | AE nan | Alpha 0.0100 | MB 24/24
  cert | viol 0.029 | dV -0.189724 | V 0.2223 | inball 0.599 | a*_q05 0.00565 | a*_q50 0.03157 | dV>=0 0.000 | n=150 | a_used 0.00428 -> 0.00438
[Episode 343/400] Steps: 720 | Reward:  262.79 | Battery:  75.43% | Loss: 0.0983
Placing Sensors
[Episode 344/400] Steps: 720 | Reward:  300.00 | Battery:  83.52% | Loss: 
Placing Sensors
Policy -0.0033 | Value 25.9357 | KL 0.02046 | CF 0.1439 | Std 0.1094 | |a| 0.0356 | EV +0.961 | Rsd 32.795 | Res 6.570 | AE nan | Alpha 0.0100 | MB 24/24
  cert | viol 0.000 | dV -0.265158 | V 0.2899 | inball 0.624 | a*_q05 0.00845 | a*_q50 0.03830 | dV>=0 0.000 | n=150 | a_used 0.00438 -> 0.00450
[Episode 345/400] Steps: 720 | Reward:  294.65 | Battery:  78.58% | Loss: 0.1213
Placing Sensors
[Episode 346/400] Steps: 720 | Reward:  283.26 | Battery:  70.70% | Loss: 
Placing Sensors
Policy -0.0062 | Value 54.8906 | KL 0.01474 | CF 0.1746 | Std 0.1094 | |a| 0.0362 | EV +0.932 | Rsd 33.430 | Res 8.834 | AE nan | Alpha 0.0100 | MB 24/24
  cert | viol 0.000 | dV -0.236222 | V 0.2496 | inball 0.651 | a*_q05 0.01183 | a*_q50 0.04055 | dV>=0 0.000 | n=150 | a_used 0.00450 -> 0.00468
[Episode 347/400] Steps: 720 | Reward:  308.11 | Battery:  81.40% | Loss: -0.0024
Placing Sensors
[Episode 348/400] Steps: 720 | Reward:  292.31 | Battery:  79.19% | Loss: 
Placing Sensors
Policy -0.0122 | Value 39.2489 | KL 0.01485 | CF 0.1501 | Std 0.1094 | |a| 0.0400 | EV +0.965 | Rsd 37.949 | Res 7.140 | AE nan | Alpha 0.0100 | MB 24/24
  cert | viol 0.084 | dV -0.252579 | V 0.3094 | inball 0.555 | a*_q05 0.00314 | a*_q50 0.03289 | dV>=0 0.007 | n=150 | a_used 0.00468 -> 0.00469
[Episode 349/400] Steps: 720 | Reward:  273.62 | Battery:  77.38% | Loss: -0.0694
Placing Sensors
[Episode 350/400] Steps: 720 | Reward:  226.87 | Battery:  65.24% | Loss: 
Placing Sensors
Policy -0.0018 | Value 32.5996 | KL 0.02037 | CF 0.1285 | Std 0.1094 | |a| 0.0337 | EV +0.970 | Rsd 36.909 | Res 6.466 | AE nan | Alpha 0.0100 | MB 24/24
  cert | viol 0.018 | dV -0.306154 | V 0.3441 | inball 0.556 | a*_q05 0.00719 | a*_q50 0.03632 | dV>=0 0.000 | n=150 | a_used 0.00469 -> 0.00487
[Episode 351/400] Steps: 720 | Reward:  309.59 | Battery:  81.94% | Loss: -0.0632
Placing Sensors
[Episode 352/400] Steps: 720 | Reward:  291.04 | Battery:  76.47% | Loss: 
Placing Sensors
Policy -0.0085 | Value 32.9778 | KL 0.00972 | CF 0.0944 | Std 0.1094 | |a| 0.0368 | EV +0.968 | Rsd 35.352 | Res 6.346 | AE nan | Alpha 0.0100 | MB 24/24
  cert | viol 0.000 | dV -0.254762 | V 0.2792 | inball 0.623 | a*_q05 0.00902 | a*_q50 0.03739 | dV>=0 0.000 | n=150 | a_used 0.00487 -> 0.00500
[Episode 353/400] Steps: 720 | Reward:  321.82 | Battery:  82.58% | Loss: 0.0823
Placing Sensors
[Episode 354/400] Steps: 720 | Reward:  237.87 | Battery:  71.18% | Loss: 
Placing Sensors
Policy -0.0041 | Value 40.5361 | KL 0.01030 | CF 0.0723 | Std 0.1094 | |a| 0.0370 | EV +0.955 | Rsd 35.111 | Res 7.436 | AE nan | Alpha 0.0100 | MB 24/24
  cert | viol 0.089 | dV -0.264343 | V 0.3263 | inball 0.525 | a*_q05 0.00364 | a*_q50 0.02927 | dV>=0 0.000 | n=150 | a_used 0.00500 -> 0.00501
[Episode 355/400] Steps: 720 | Reward:  259.49 | Battery:  81.32% | Loss: -0.0064
Placing Sensors
[Episode 356/400] Steps: 720 | Reward:  264.49 | Battery:  78.14% | Loss: 
Placing Sensors
Policy -0.0074 | Value 46.4439 | KL 0.01316 | CF 0.1087 | Std 0.1094 | |a| 0.0428 | EV +0.943 | Rsd 32.938 | Res 8.050 | AE nan | Alpha 0.0100 | MB 24/24
  cert | viol 0.099 | dV -0.251674 | V 0.3201 | inball 0.553 | a*_q05 0.00317 | a*_q50 0.03271 | dV>=0 0.000 | n=150 | a_used 0.00501 -> 0.00501
[Episode 357/400] Steps: 720 | Reward:  279.27 | Battery:  76.50% | Loss: -0.0772
Placing Sensors
[Episode 358/400] Steps: 720 | Reward:  311.01 | Battery:  81.39% | Loss: 
Placing Sensors
Policy -0.0024 | Value 40.2504 | KL 0.01453 | CF 0.1113 | Std 0.1094 | |a| 0.0331 | EV +0.940 | Rsd 29.983 | Res 7.335 | AE nan | Alpha 0.0100 | MB 24/24
  cert | viol 0.000 | dV -0.250227 | V 0.2663 | inball 0.599 | a*_q05 0.01050 | a*_q50 0.03946 | dV>=0 0.000 | n=150 | a_used 0.00501 -> 0.00518
[Episode 359/400] Steps: 720 | Reward:  286.65 | Battery:  77.45% | Loss: -0.0510
Placing Sensors
[Episode 360/400] Steps: 720 | Reward:  296.79 | Battery:  79.13% | Loss: 
Placing Sensors
Policy -0.0126 | Value 30.2579 | KL 0.01484 | CF 0.1305 | Std 0.1094 | |a| 0.0338 | EV +0.974 | Rsd 36.130 | Res 5.781 | AE nan | Alpha 0.0100 | MB 24/24
  cert | viol 0.067 | dV -0.269130 | V 0.3123 | inball 0.604 | a*_q05 0.00455 | a*_q50 0.03775 | dV>=0 0.000 | n=150 | a_used 0.00518 -> 0.00512
[Episode 361/400] Steps: 720 | Reward:  313.01 | Battery:  75.12% | Loss: -0.0049
Placing Sensors
[Episode 362/400] Steps: 720 | Reward:  270.93 | Battery:  77.10% | Loss: 
Placing Sensors
Policy -0.0129 | Value 29.6608 | KL 0.00943 | CF 0.1172 | Std 0.1093 | |a| 0.0392 | EV +0.951 | Rsd 30.923 | Res 6.861 | AE nan | Alpha 0.0100 | MB 24/24
  cert | viol 0.076 | dV -0.210109 | V 0.2515 | inball 0.605 | a*_q05 0.00374 | a*_q50 0.03188 | dV>=0 0.004 | n=150 | a_used 0.00512 -> 0.00506
[Episode 363/400] Steps: 720 | Reward:  291.78 | Battery:  85.29% | Loss: -0.0010
Placing Sensors
[Episode 364/400] Steps: 720 | Reward:  296.35 | Battery:  75.77% | Loss: 
Placing Sensors
Policy -0.0045 | Value 38.9305 | KL 0.01423 | CF 0.1505 | Std 0.1094 | |a| 0.0480 | EV +0.941 | Rsd 32.582 | Res 7.944 | AE nan | Alpha 0.0100 | MB 24/24
  cert | viol 0.186 | dV -0.201143 | V 0.3048 | inball 0.507 | a*_q05 0.00002 | a*_q50 0.02511 | dV>=0 0.052 | n=150 | a_used 0.00506 -> 0.00408
[Episode 365/400] Steps: 720 | Reward:  272.95 | Battery:  83.98% | Loss: 0.0306
Placing Sensors
[Episode 366/400] Steps: 720 | Reward:  265.22 | Battery:  73.59% | Loss: 
Placing Sensors
Policy -0.0094 | Value 27.5539 | KL 0.00817 | CF 0.0922 | Std 0.1093 | |a| 0.0366 | EV +0.975 | Rsd 34.438 | Res 5.498 | AE nan | Alpha 0.0100 | MB 24/24
  cert | viol 0.034 | dV -0.271520 | V 0.3151 | inball 0.585 | a*_q05 0.00510 | a*_q50 0.03514 | dV>=0 0.000 | n=150 | a_used 0.00408 -> 0.00413
[Episode 367/400] Steps: 720 | Reward:  326.42 | Battery:  86.50% | Loss: 0.0577
Placing Sensors
[Episode 368/400] Steps: 720 | Reward:  292.37 | Battery:  83.98% | Loss: 
Placing Sensors
Policy -0.0091 | Value 19.3668 | KL 0.01277 | CF 0.1423 | Std 0.1093 | |a| 0.0380 | EV +0.979 | Rsd 32.012 | Res 5.429 | AE nan | Alpha 0.0100 | MB 24/24
  cert | viol 0.009 | dV -0.192460 | V 0.2134 | inball 0.651 | a*_q05 0.00734 | a*_q50 0.03656 | dV>=0 0.000 | n=150 | a_used 0.00413 -> 0.00421
[Episode 369/400] Steps: 720 | Reward:  321.26 | Battery:  83.26% | Loss: -0.0327
Placing Sensors
[Episode 370/400] Steps: 720 | Reward:  285.72 | Battery:  84.04% | Loss: 
Placing Sensors
Policy -0.0120 | Value 30.6560 | KL 0.01985 | CF 0.1492 | Std 0.1093 | |a| 0.0466 | EV +0.962 | Rsd 33.396 | Res 6.624 | AE nan | Alpha 0.0100 | MB 24/24
  cert | viol 0.084 | dV -0.257063 | V 0.3357 | inball 0.534 | a*_q05 0.00343 | a*_q50 0.02881 | dV>=0 0.000 | n=150 | a_used 0.00421 -> 0.00427
[Episode 371/400] Steps: 720 | Reward:  280.86 | Battery:  77.56% | Loss: -0.0672
Placing Sensors
[Episode 372/400] Steps: 720 | Reward:  329.05 | Battery:  85.75% | Loss: 
Placing Sensors
Policy -0.0140 | Value 28.5162 | KL 0.00987 | CF 0.1023 | Std 0.1093 | |a| 0.0371 | EV +0.962 | Rsd 33.242 | Res 6.518 | AE nan | Alpha 0.0100 | MB 24/24
  cert | viol 0.000 | dV -0.242030 | V 0.2696 | inball 0.649 | a*_q05 0.00759 | a*_q50 0.03458 | dV>=0 0.000 | n=150 | a_used 0.00427 -> 0.00439
[Episode 373/400] Steps: 720 | Reward:  326.68 | Battery:  87.68% | Loss: -0.1288
Placing Sensors
[Episode 374/400] Steps: 720 | Reward:  276.75 | Battery:  78.85% | Loss: 
Placing Sensors
Policy -0.0098 | Value 35.0471 | KL 0.01180 | CF 0.1336 | Std 0.1093 | |a| 0.0398 | EV +0.968 | Rsd 36.327 | Res 6.563 | AE nan | Alpha 0.0100 | MB 24/24
  cert | viol 0.039 | dV -0.310641 | V 0.3569 | inball 0.575 | a*_q05 0.00550 | a*_q50 0.03506 | dV>=0 0.000 | n=150 | a_used 0.00439 -> 0.00433
[Episode 375/400] Steps: 720 | Reward:  279.39 | Battery:  68.26% | Loss: 0.0391
Placing Sensors
[Episode 376/400] Steps: 720 | Reward:  265.14 | Battery:  79.41% | Loss: 
Placing Sensors
Policy -0.0046 | Value 30.4002 | KL 0.00772 | CF 0.0830 | Std 0.1093 | |a| 0.0357 | EV +0.955 | Rsd 30.848 | Res 6.948 | AE nan | Alpha 0.0100 | MB 24/24
  cert | viol 0.000 | dV -0.228749 | V 0.2468 | inball 0.620 | a*_q05 0.00969 | a*_q50 0.03654 | dV>=0 0.000 | n=150 | a_used 0.00433 -> 0.00450
[Episode 377/400] Steps: 720 | Reward:  298.50 | Battery:  82.76% | Loss: 0.0162
Placing Sensors
[Episode 378/400] Steps: 720 | Reward:  293.81 | Battery:  77.33% | Loss: 
Placing Sensors
Policy -0.0064 | Value 26.8148 | KL 0.00871 | CF 0.0880 | Std 0.1093 | |a| 0.0423 | EV +0.954 | Rsd 32.726 | Res 7.050 | AE nan | Alpha 0.0100 | MB 24/24
  cert | viol 0.035 | dV -0.219457 | V 0.2626 | inball 0.615 | a*_q05 0.00610 | a*_q50 0.03433 | dV>=0 0.000 | n=150 | a_used 0.00450 -> 0.00457
[Episode 379/400] Steps: 720 | Reward:  308.82 | Battery:  76.38% | Loss: 0.0510
Placing Sensors
[Episode 380/400] Steps: 720 | Reward:  267.78 | Battery:  74.41% | Loss: 
Placing Sensors
Policy 0.0517 | Value 63.2469 | KL 0.04774 | CF 0.1455 | Std 0.1093 | |a| 0.0403 | EV +0.954 | Rsd 34.443 | Res 7.751 | AE nan | Alpha 0.0100 | MB 10/24
  cert | viol 0.065 | dV -0.285415 | V 0.3524 | inball 0.497 | a*_q05 0.00405 | a*_q50 0.03066 | dV>=0 0.000 | n=150 | a_used 0.00457 -> 0.00446
[Episode 381/400] Steps: 720 | Reward:  264.32 | Battery:  77.77% | Loss: 0.4192
Placing Sensors
[Episode 382/400] Steps: 720 | Reward:  262.82 | Battery:  75.21% | Loss: 
Placing Sensors
Policy 0.0006 | Value 56.7814 | KL 0.01346 | CF 0.1351 | Std 0.1093 | |a| 0.0376 | EV +0.909 | Rsd 32.069 | Res 9.804 | AE nan | Alpha 0.0100 | MB 24/24
  cert | viol 0.106 | dV -0.281193 | V 0.3729 | inball 0.514 | a*_q05 0.00281 | a*_q50 0.02668 | dV>=0 0.000 | n=150 | a_used 0.00446 -> 0.00423
[Episode 383/400] Steps: 720 | Reward:  287.61 | Battery:  84.83% | Loss: 0.0208
Placing Sensors
[Episode 384/400] Steps: 720 | Reward:  304.05 | Battery:  77.52% | Loss: 
Placing Sensors
Policy -0.0061 | Value 25.8098 | KL 0.01970 | CF 0.1086 | Std 0.1092 | |a| 0.0340 | EV +0.974 | Rsd 36.590 | Res 5.913 | AE nan | Alpha 0.0100 | MB 24/24
  cert | viol 0.000 | dV -0.291393 | V 0.3078 | inball 0.646 | a*_q05 0.01111 | a*_q50 0.03894 | dV>=0 0.000 | n=150 | a_used 0.00423 -> 0.00442
[Episode 385/400] Steps: 720 | Reward:  308.39 | Battery:  79.96% | Loss: 0.0178
Placing Sensors
[Episode 386/400] Steps: 720 | Reward:  280.29 | Battery:  74.60% | Loss: 
Placing Sensors
Policy -0.0066 | Value 30.6528 | KL 0.00888 | CF 0.0964 | Std 0.1092 | |a| 0.0438 | EV +0.969 | Rsd 37.064 | Res 6.533 | AE nan | Alpha 0.0100 | MB 24/24
  cert | viol 0.035 | dV -0.278626 | V 0.3170 | inball 0.582 | a*_q05 0.00567 | a*_q50 0.03744 | dV>=0 0.000 | n=150 | a_used 0.00442 -> 0.00452
[Episode 387/400] Steps: 720 | Reward:  298.83 | Battery:  74.89% | Loss: -0.0077
Placing Sensors
[Episode 388/400] Steps: 720 | Reward:  256.10 | Battery:  76.98% | Loss: 
Placing Sensors
Policy -0.0076 | Value 29.8188 | KL 0.00700 | CF 0.0651 | Std 0.1092 | |a| 0.0378 | EV +0.968 | Rsd 33.700 | Res 6.038 | AE nan | Alpha 0.0100 | MB 24/24
  cert | viol 0.032 | dV -0.199621 | V 0.2426 | inball 0.557 | a*_q05 0.00548 | a*_q50 0.02841 | dV>=0 0.000 | n=150 | a_used 0.00452 -> 0.00457
[Episode 389/400] Steps: 720 | Reward:  276.65 | Battery:  84.32% | Loss: 0.0216
Placing Sensors
[Episode 390/400] Steps: 720 | Reward:  301.18 | Battery:  85.15% | Loss: 
Placing Sensors
Policy -0.0157 | Value 30.7250 | KL 0.00795 | CF 0.0922 | Std 0.1092 | |a| 0.0449 | EV +0.960 | Rsd 30.888 | Res 6.202 | AE nan | Alpha 0.0100 | MB 24/24
  cert | viol 0.067 | dV -0.254957 | V 0.3078 | inball 0.570 | a*_q05 0.00429 | a*_q50 0.03074 | dV>=0 0.000 | n=150 | a_used 0.00457 -> 0.00451
[Episode 391/400] Steps: 720 | Reward:  265.46 | Battery:  76.86% | Loss: -0.0594
Placing Sensors
[Episode 392/400] Steps: 119 | Reward:  -66.11 | Battery:   0.00% | Loss: 
Placing Sensors
[Episode 393/400] Steps:  84 | Reward:  -53.79 | Battery:   0.00% | Loss: 
Placing Sensors
[Episode 394/400] Steps: 720 | Reward:  336.05 | Battery:  85.24% | Loss: 
Placing Sensors
Policy -0.0028 | Value 172.9405 | KL 0.01363 | CF 0.1569 | Std 0.1092 | |a| 0.0406 | EV +0.700 | Rsd 33.247 | Res 18.778 | AE nan | Alpha 0.0100 | MB 28/28
  cert | viol 0.033 | dV -0.298634 | V 0.3440 | inball 0.536 | a*_q05 0.00601 | a*_q50 0.03630 | dV>=0 0.000 | n=150 | a_used 0.00451 -> 0.00456
[Episode 395/400] Steps: 720 | Reward:  281.77 | Battery:  79.49% | Loss: -0.0054
Placing Sensors
[Episode 396/400] Steps: 720 | Reward:  328.88 | Battery:  86.00% | Loss: 
Placing Sensors
Policy -0.0097 | Value 43.2651 | KL 0.01261 | CF 0.1608 | Std 0.1092 | |a| 0.0407 | EV +0.947 | Rsd 32.787 | Res 7.665 | AE nan | Alpha 0.0100 | MB 24/24
  cert | viol 0.104 | dV -0.255063 | V 0.3334 | inball 0.532 | a*_q05 0.00197 | a*_q50 0.03131 | dV>=0 0.000 | n=150 | a_used 0.00456 -> 0.00453
[Episode 397/400] Steps: 720 | Reward:  239.76 | Battery:  69.76% | Loss: 0.0731
Placing Sensors
[Episode 398/400] Steps: 720 | Reward:  282.22 | Battery:  80.24% | Loss: 
Placing Sensors
Policy -0.0090 | Value 45.1274 | KL 0.01674 | CF 0.1994 | Std 0.1092 | |a| 0.0357 | EV +0.947 | Rsd 32.168 | Res 7.519 | AE nan | Alpha 0.0100 | MB 24/24
  cert | viol 0.105 | dV -0.279606 | V 0.3703 | inball 0.532 | a*_q05 0.00206 | a*_q50 0.02771 | dV>=0 0.012 | n=150 | a_used 0.00453 -> 0.00427
[Episode 399/400] Steps: 720 | Reward:  291.17 | Battery:  85.21% | Loss: -0.0744
Placing Sensors
[Episode 400/400] Steps: 720 | Reward:  316.20 | Battery:  83.14% | Loss: 
Placing Sensors
[Episode 401/400] Steps: 177 | Reward:  -60.06 | Battery:   0.00% | Loss: 
Placing Sensors
Policy 0.0061 | Value 89.8061 | KL 0.01325 | CF 0.1554 | Std 0.1092 | |a| 0.0428 | EV +0.824 | Rsd 32.166 | Res 13.957 | AE nan | Alpha 0.0100 | MB 28/28
  cert | viol 0.002 | dV -0.247547 | V 0.2688 | inball 0.546 | a*_q05 0.01020 | a*_q50 0.03418 | dV>=0 0.002 | n=150 | a_used 0.00427 -> 0.00443
[Episode 402/400] Steps: 720 | Reward:  307.69 | Battery:  82.97% | Loss: 0.0237
Placing Sensors
[Episode 403/400] Steps: 720 | Reward:  268.07 | Battery:  73.73% | Loss: 
Placing Sensors
Policy -0.0036 | Value 28.7495 | KL 0.00779 | CF 0.0875 | Std 0.1092 | |a| 0.0406 | EV +0.961 | Rsd 34.676 | Res 6.866 | AE nan | Alpha 0.0100 | MB 24/24
  cert | viol 0.000 | dV -0.252320 | V 0.2671 | inball 0.580 | a*_q05 0.01105 | a*_q50 0.04040 | dV>=0 0.000 | n=150 | a_used 0.00443 -> 0.00462
[Episode 404/400] Steps: 720 | Reward:  245.84 | Battery:  67.36% | Loss: 0.1786
Placing Sensors
[Episode 405/400] Steps: 720 | Reward:  306.13 | Battery:  81.95% | Loss: 
Placing Sensors
Policy -0.0005 | Value 48.1941 | KL 0.02161 | CF 0.1863 | Std 0.1091 | |a| 0.0399 | EV +0.951 | Rsd 33.239 | Res 7.469 | AE nan | Alpha 0.0100 | MB 18/24
  cert | viol 0.015 | dV -0.225146 | V 0.2492 | inball 0.636 | a*_q05 0.00786 | a*_q50 0.03780 | dV>=0 0.000 | n=150 | a_used 0.00462 -> 0.00476
[Episode 406/400] Steps: 720 | Reward:  295.04 | Battery:  79.21% | Loss: -0.0859
Placing Sensors
[Episode 407/400] Steps: 720 | Reward:  301.58 | Battery:  75.00% | Loss: 
Placing Sensors
Policy -0.0030 | Value 27.0347 | KL 0.00730 | CF 0.0941 | Std 0.1091 | |a| 0.0385 | EV +0.968 | Rsd 35.752 | Res 6.450 | AE nan | Alpha 0.0100 | MB 24/24
  cert | viol 0.000 | dV -0.289578 | V 0.3135 | inball 0.597 | a*_q05 0.00931 | a*_q50 0.03637 | dV>=0 0.000 | n=150 | a_used 0.00476 -> 0.00488
[Episode 408/400] Steps: 720 | Reward:  288.30 | Battery:  72.04% | Loss: 0.1609
Placing Sensors
[Episode 409/400] Steps: 720 | Reward:  291.43 | Battery:  79.46% | Loss: 
Placing Sensors
Policy -0.0057 | Value 19.8747 | KL 0.00945 | CF 0.1105 | Std 0.1091 | |a| 0.0415 | EV +0.981 | Rsd 34.175 | Res 4.711 | AE nan | Alpha 0.0100 | MB 24/24
  cert | viol 0.015 | dV -0.229632 | V 0.2609 | inball 0.601 | a*_q05 0.00673 | a*_q50 0.03512 | dV>=0 0.000 | n=150 | a_used 0.00488 -> 0.00499
[Episode 410/400] Steps: 720 | Reward:  275.43 | Battery:  75.97% | Loss: 0.0135
Placing Sensors
[Episode 411/400] Steps: 720 | Reward:  283.04 | Battery:  77.71% | Loss: 
Placing Sensors
Policy -0.0081 | Value 20.0820 | KL 0.01538 | CF 0.1307 | Std 0.1091 | |a| 0.0461 | EV +0.974 | Rsd 36.736 | Res 5.914 | AE nan | Alpha 0.0100 | MB 24/24
  cert | viol 0.020 | dV -0.260142 | V 0.3016 | inball 0.508 | a*_q05 0.00647 | a*_q50 0.03123 | dV>=0 0.000 | n=150 | a_used 0.00499 -> 0.00503
[Episode 412/400] Steps: 720 | Reward:  219.64 | Battery:  64.84% | Loss: 0.1290
Placing Sensors
[Episode 413/400] Steps: 720 | Reward:  250.65 | Battery:  66.12% | Loss: 
Placing Sensors
Policy 0.0092 | Value 34.7456 | KL 0.01688 | CF 0.0889 | Std 0.1091 | |a| 0.0453 | EV +0.974 | Rsd 37.599 | Res 6.257 | AE nan | Alpha 0.0100 | MB 24/24
  cert | viol 0.022 | dV -0.239189 | V 0.2740 | inball 0.542 | a*_q05 0.00693 | a*_q50 0.03285 | dV>=0 0.000 | n=150 | a_used 0.00503 -> 0.00515
[Episode 414/400] Steps: 720 | Reward:  278.49 | Battery:  75.17% | Loss: 0.1245
Placing Sensors
[Episode 415/400] Steps: 720 | Reward:  307.46 | Battery:  83.24% | Loss: 
Placing Sensors
Policy -0.0104 | Value 22.6596 | KL 0.00949 | CF 0.0981 | Std 0.1091 | |a| 0.0401 | EV +0.975 | Rsd 33.047 | Res 5.260 | AE nan | Alpha 0.0100 | MB 24/24
  cert | viol 0.059 | dV -0.230369 | V 0.2674 | inball 0.637 | a*_q05 0.00547 | a*_q50 0.03580 | dV>=0 0.000 | n=150 | a_used 0.00515 -> 0.00514
[Episode 416/400] Steps: 720 | Reward:  310.20 | Battery:  81.40% | Loss: -0.0590
Placing Sensors
[Episode 417/400] Steps: 720 | Reward:  272.88 | Battery:  72.72% | Loss: 
Placing Sensors
Policy -0.0034 | Value 30.9448 | KL 0.02544 | CF 0.1426 | Std 0.1091 | |a| 0.0490 | EV +0.980 | Rsd 34.510 | Res 5.640 | AE nan | Alpha 0.0100 | MB 18/24
  cert | viol 0.024 | dV -0.223156 | V 0.2495 | inball 0.596 | a*_q05 0.00644 | a*_q50 0.03485 | dV>=0 0.000 | n=150 | a_used 0.00514 -> 0.00518
[Episode 418/400] Steps: 720 | Reward:  271.95 | Battery:  81.56% | Loss: 0.0011
Placing Sensors
[Episode 419/400] Steps: 720 | Reward:  295.74 | Battery:  82.02% | Loss: 
Placing Sensors
Policy -0.0044 | Value 27.0873 | KL 0.01848 | CF 0.1647 | Std 0.1090 | |a| 0.0446 | EV +0.955 | Rsd 31.265 | Res 7.522 | AE nan | Alpha 0.0100 | MB 24/24
  cert | viol 0.027 | dV -0.226021 | V 0.2569 | inball 0.609 | a*_q05 0.00670 | a*_q50 0.03488 | dV>=0 0.000 | n=150 | a_used 0.00518 -> 0.00522
[Episode 420/400] Steps: 720 | Reward:  286.76 | Battery:  76.67% | Loss: 0.0288
Placing Sensors
[Episode 421/400] Steps: 720 | Reward:  215.90 | Battery:  62.22% | Loss: 
Placing Sensors
Policy -0.0016 | Value 23.1239 | KL 0.01917 | CF 0.1102 | Std 0.1090 | |a| 0.0434 | EV +0.983 | Rsd 38.680 | Res 5.103 | AE nan | Alpha 0.0100 | MB 24/24
  cert | viol 0.066 | dV -0.226538 | V 0.2771 | inball 0.484 | a*_q05 0.00508 | a*_q50 0.02924 | dV>=0 0.000 | n=150 | a_used 0.00522 -> 0.00519
[Episode 422/400] Steps: 720 | Reward:  236.26 | Battery:  66.01% | Loss: -0.0646
Placing Sensors
[Episode 423/400] Steps: 720 | Reward:  311.49 | Battery:  82.84% | Loss: 
Placing Sensors
Policy -0.0059 | Value 32.7649 | KL 0.01099 | CF 0.1319 | Std 0.1090 | |a| 0.0377 | EV +0.963 | Rsd 33.341 | Res 6.391 | AE nan | Alpha 0.0100 | MB 24/24
  cert | viol 0.000 | dV -0.242714 | V 0.2575 | inball 0.652 | a*_q05 0.01137 | a*_q50 0.04034 | dV>=0 0.000 | n=150 | a_used 0.00519 -> 0.00536
[Episode 424/400] Steps: 720 | Reward:  301.07 | Battery:  75.11% | Loss: -0.0339
Placing Sensors
[Episode 425/400] Steps: 720 | Reward:  246.31 | Battery:  66.46% | Loss: 
Placing Sensors
Policy -0.0057 | Value 25.5290 | KL 0.00365 | CF 0.0350 | Std 0.1090 | |a| 0.0393 | EV +0.981 | Rsd 39.725 | Res 5.577 | AE nan | Alpha 0.0100 | MB 24/24
  cert | viol 0.042 | dV -0.228026 | V 0.2588 | inball 0.558 | a*_q05 0.00672 | a*_q50 0.03468 | dV>=0 0.000 | n=150 | a_used 0.00536 -> 0.00536
[Episode 426/400] Steps: 720 | Reward:  291.54 | Battery:  70.18% | Loss: 0.0235
Placing Sensors
[Episode 427/400] Steps: 720 | Reward:  312.32 | Battery:  80.68% | Loss: 
Placing Sensors
Policy -0.0055 | Value 21.3332 | KL 0.00957 | CF 0.0988 | Std 0.1089 | |a| 0.0374 | EV +0.981 | Rsd 35.438 | Res 4.883 | AE nan | Alpha 0.0100 | MB 24/24
  cert | viol 0.000 | dV -0.260457 | V 0.2793 | inball 0.673 | a*_q05 0.01001 | a*_q50 0.03969 | dV>=0 0.000 | n=150 | a_used 0.00536 -> 0.00548
[Episode 428/400] Steps: 720 | Reward:  327.41 | Battery:  85.52% | Loss: 0.0584
Placing Sensors
[Episode 429/400] Steps: 720 | Reward:  268.64 | Battery:  75.85% | Loss: 
Placing Sensors
Policy -0.0103 | Value 24.2880 | KL 0.00872 | CF 0.1027 | Std 0.1089 | |a| 0.0350 | EV +0.975 | Rsd 35.049 | Res 5.815 | AE nan | Alpha 0.0100 | MB 24/24
  cert | viol 0.008 | dV -0.242922 | V 0.2684 | inball 0.573 | a*_q05 0.00837 | a*_q50 0.03646 | dV>=0 0.000 | n=150 | a_used 0.00548 -> 0.00559
[Episode 430/400] Steps: 720 | Reward:  271.96 | Battery:  68.99% | Loss: -0.0162
Placing Sensors
[Episode 431/400] Steps: 720 | Reward:  260.46 | Battery:  79.04% | Loss: 
Placing Sensors
Policy -0.0145 | Value 27.3857 | KL 0.00850 | CF 0.0907 | Std 0.1089 | |a| 0.0322 | EV +0.965 | Rsd 32.133 | Res 6.021 | AE nan | Alpha 0.0100 | MB 24/24
  cert | viol 0.041 | dV -0.243300 | V 0.2697 | inball 0.583 | a*_q05 0.00680 | a*_q50 0.03487 | dV>=0 0.000 | n=150 | a_used 0.00559 -> 0.00562
[Episode 432/400] Steps: 720 | Reward:  307.16 | Battery:  80.76% | Loss: 0.0421
Placing Sensors
[Episode 433/400] Steps: 720 | Reward:  299.47 | Battery:  79.90% | Loss: 
Placing Sensors
Policy -0.0006 | Value 20.4220 | KL 0.01192 | CF 0.1091 | Std 0.1088 | |a| 0.0399 | EV +0.985 | Rsd 37.509 | Res 4.667 | AE nan | Alpha 0.0100 | MB 24/24
  cert | viol 0.045 | dV -0.294817 | V 0.3488 | inball 0.524 | a*_q05 0.00618 | a*_q50 0.02978 | dV>=0 0.000 | n=150 | a_used 0.00562 -> 0.00556
[Episode 434/400] Steps: 720 | Reward:  238.34 | Battery:  69.59% | Loss: -0.0400
Placing Sensors
[Episode 435/400] Steps: 720 | Reward:  324.69 | Battery:  85.25% | Loss: 
Placing Sensors
Policy -0.0047 | Value 23.4418 | KL 0.00596 | CF 0.0698 | Std 0.1088 | |a| 0.0403 | EV +0.976 | Rsd 32.468 | Res 5.075 | AE nan | Alpha 0.0100 | MB 24/24
  cert | viol 0.000 | dV -0.204009 | V 0.2178 | inball 0.643 | a*_q05 0.01141 | a*_q50 0.03588 | dV>=0 0.000 | n=150 | a_used 0.00556 -> 0.00573
[Episode 436/400] Steps: 720 | Reward:  301.65 | Battery:  78.50% | Loss: 0.0200
Placing Sensors
[Episode 437/400] Steps: 720 | Reward:  349.38 | Battery:  87.61% | Loss: 
Placing Sensors
Policy -0.0014 | Value 22.4228 | KL 0.01323 | CF 0.1654 | Std 0.1088 | |a| 0.0382 | EV +0.980 | Rsd 36.802 | Res 5.720 | AE nan | Alpha 0.0100 | MB 24/24
  cert | viol 0.000 | dV -0.230889 | V 0.2423 | inball 0.660 | a*_q05 0.01231 | a*_q50 0.04086 | dV>=0 0.000 | n=150 | a_used 0.00573 -> 0.00589
[Episode 438/400] Steps: 720 | Reward:  275.54 | Battery:  73.96% | Loss: 0.0711
Placing Sensors
[Episode 439/400] Steps: 720 | Reward:  285.03 | Battery:  77.73% | Loss: 
Placing Sensors
Policy 0.0104 | Value 22.4398 | KL 0.01621 | CF 0.1113 | Std 0.1088 | |a| 0.0357 | EV +0.982 | Rsd 35.164 | Res 5.198 | AE nan | Alpha 0.0100 | MB 24/24
  cert | viol 0.009 | dV -0.219682 | V 0.2363 | inball 0.640 | a*_q05 0.01017 | a*_q50 0.03731 | dV>=0 0.000 | n=150 | a_used 0.00589 -> 0.00603
[Episode 440/400] Steps: 720 | Reward:  301.03 | Battery:  82.22% | Loss: 0.1559
Placing Sensors
[Episode 441/400] Steps: 720 | Reward:  279.33 | Battery:  76.44% | Loss: 
Placing Sensors
Policy -0.0074 | Value 38.7736 | KL 0.01339 | CF 0.1068 | Std 0.1088 | |a| 0.0463 | EV +0.951 | Rsd 34.177 | Res 7.590 | AE nan | Alpha 0.0100 | MB 24/24
  cert | viol 0.145 | dV -0.258928 | V 0.3413 | inball 0.491 | a*_q05 0.00327 | a*_q50 0.02410 | dV>=0 0.000 | n=150 | a_used 0.00603 -> 0.00584
[Episode 442/400] Steps: 720 | Reward:  269.14 | Battery:  85.43% | Loss: 0.1229
Placing Sensors
[Episode 443/400] Steps: 720 | Reward:  247.39 | Battery:  70.86% | Loss: 
Placing Sensors
Policy -0.0094 | Value 24.4516 | KL 0.00951 | CF 0.1049 | Std 0.1088 | |a| 0.0451 | EV +0.978 | Rsd 36.794 | Res 5.548 | AE nan | Alpha 0.0100 | MB 24/24
  cert | viol 0.055 | dV -0.230677 | V 0.2643 | inball 0.561 | a*_q05 0.00620 | a*_q50 0.03362 | dV>=0 0.000 | n=150 | a_used 0.00584 -> 0.00597
[Episode 444/400] Steps: 720 | Reward:  298.71 | Battery:  79.48% | Loss: -0.0896
Placing Sensors
[Episode 445/400] Steps: 720 | Reward:  322.44 | Battery:  78.59% | Loss: 
Placing Sensors
Policy -0.0144 | Value 38.9789 | KL 0.00784 | CF 0.0959 | Std 0.1087 | |a| 0.0454 | EV +0.969 | Rsd 34.764 | Res 6.204 | AE nan | Alpha 0.0100 | MB 24/24
  cert | viol 0.065 | dV -0.210751 | V 0.2464 | inball 0.573 | a*_q05 0.00607 | a*_q50 0.03248 | dV>=0 0.000 | n=150 | a_used 0.00597 -> 0.00596
[Episode 446/400] Steps: 720 | Reward:  251.98 | Battery:  72.64% | Loss: -0.0786
Placing Sensors
[Episode 447/400] Steps: 720 | Reward:  302.86 | Battery:  81.65% | Loss: 
Placing Sensors
Policy -0.0053 | Value 34.6601 | KL 0.00675 | CF 0.0768 | Std 0.1087 | |a| 0.0475 | EV +0.959 | Rsd 31.375 | Res 6.432 | AE nan | Alpha 0.0100 | MB 24/24
  cert | viol 0.000 | dV -0.264550 | V 0.2871 | inball 0.644 | a*_q05 0.00895 | a*_q50 0.03713 | dV>=0 0.000 | n=150 | a_used 0.00596 -> 0.00611
[Episode 448/400] Steps: 720 | Reward:  317.70 | Battery:  81.48% | Loss: 0.0247
Placing Sensors
[Episode 449/400] Steps: 720 | Reward:  275.48 | Battery:  70.00% | Loss: 
Placing Sensors
Policy -0.0135 | Value 24.6908 | KL 0.01226 | CF 0.1107 | Std 0.1087 | |a| 0.0432 | EV +0.975 | Rsd 31.248 | Res 5.059 | AE nan | Alpha 0.0100 | MB 24/24
  cert | viol 0.037 | dV -0.261994 | V 0.2958 | inball 0.566 | a*_q05 0.00691 | a*_q50 0.03387 | dV>=0 0.000 | n=150 | a_used 0.00611 -> 0.00615
[Episode 450/400] Steps: 720 | Reward:  320.42 | Battery:  88.31% | Loss: 0.0827
Placing Sensors
[Episode 451/400] Steps: 720 | Reward:  319.59 | Battery:  80.82% | Loss: 
Placing Sensors
Policy -0.0041 | Value 35.2942 | KL 0.00948 | CF 0.1021 | Std 0.1087 | |a| 0.0486 | EV +0.966 | Rsd 36.385 | Res 6.704 | AE nan | Alpha 0.0100 | MB 24/24
  cert | viol 0.123 | dV -0.228270 | V 0.2769 | inball 0.598 | a*_q05 0.00231 | a*_q50 0.03689 | dV>=0 0.000 | n=150 | a_used 0.00615 -> 0.00569
[Episode 452/400] Steps: 720 | Reward:  261.83 | Battery:  73.86% | Loss: -0.0324
Placing Sensors
