Placing Sensors
Placing Sensors
[Episode 1/400] Steps: 720 | Reward:   74.16 | Battery:  27.68% | Loss: 
Placing Sensors
[Episode 2/400] Steps: 720 | Reward:   74.30 | Battery:  25.42% | Loss: 
Placing Sensors
[Episode 3/400] Steps: 720 | Reward:  184.49 | Battery:  64.60% | Loss: 
Placing Sensors
Policy -0.0015 | Value 10.3712 | KL 0.00562 | CF 0.0637 | Std 0.1764 | |a| 0.0121 | Alpha 0.8577 | MB 48/48
[Episode 4/400] Steps: 720 | Reward:   73.65 | Battery:  31.07% | Loss: 0.6336
Placing Sensors
[Episode 5/400] Steps: 720 | Reward:  164.30 | Battery:  60.50% | Loss: 
Placing Sensors
[Episode 6/400] Steps: 720 | Reward:  152.70 | Battery:  54.21% | Loss: 
Placing Sensors
[Episode 7/400] Steps: 720 | Reward:   83.87 | Battery:  34.11% | Loss: 
Placing Sensors
Policy 0.0034 | Value 8.3125 | KL 0.00612 | CF 0.0797 | Std 0.1819 | |a| 0.0134 | Alpha 0.7356 | MB 48/48
[Episode 8/400] Steps: 720 | Reward:   25.24 | Battery:  16.29% | Loss: 0.4840
Placing Sensors
[Episode 9/400] Steps: 720 | Reward:  102.87 | Battery:  36.03% | Loss: 
Placing Sensors
[Episode 10/400] Steps: 720 | Reward:  191.99 | Battery:  64.66% | Loss: 
Placing Sensors
[Episode 11/400] Steps: 720 | Reward:  205.72 | Battery:  71.38% | Loss: 
Placing Sensors
Policy -0.0061 | Value 10.3366 | KL 0.00816 | CF 0.0964 | Std 0.1875 | |a| 0.0145 | Alpha 0.6310 | MB 48/48
[Episode 12/400] Steps: 720 | Reward:  126.36 | Battery:  46.12% | Loss: 0.2010
Placing Sensors
[Episode 13/400] Steps: 720 | Reward:  111.08 | Battery:  39.72% | Loss: 
Placing Sensors
[Episode 14/400] Steps: 720 | Reward:   88.07 | Battery:  31.33% | Loss: 
Placing Sensors
[Episode 15/400] Steps: 720 | Reward:   99.72 | Battery:  36.23% | Loss: 
Placing Sensors
Policy -0.0017 | Value 7.6198 | KL 0.00793 | CF 0.0899 | Std 0.1934 | |a| 0.0179 | Alpha 0.5412 | MB 48/48
[Episode 16/400] Steps: 720 | Reward:   75.83 | Battery:  32.78% | Loss: 0.5396
Placing Sensors
[Episode 17/400] Steps: 720 | Reward:  159.76 | Battery:  55.28% | Loss: 
Placing Sensors
[Episode 18/400] Steps: 720 | Reward:  110.57 | Battery:  39.41% | Loss: 
Placing Sensors
[Episode 19/400] Steps: 720 | Reward:  124.24 | Battery:  48.57% | Loss: 
Placing Sensors
Policy 0.0009 | Value 8.2138 | KL 0.00896 | CF 0.1033 | Std 0.1996 | |a| 0.0219 | Alpha 0.4642 | MB 48/48
[Episode 20/400] Steps: 720 | Reward:  137.65 | Battery:  53.90% | Loss: 0.2043
Placing Sensors
[Episode 21/400] Steps: 720 | Reward:  138.53 | Battery:  46.54% | Loss: 
Placing Sensors
[Episode 22/400] Steps: 720 | Reward:  197.42 | Battery:  71.56% | Loss: 
Placing Sensors
[Episode 23/400] Steps: 720 | Reward:  123.68 | Battery:  44.64% | Loss: 
Placing Sensors
Policy -0.0043 | Value 9.6377 | KL 0.00840 | CF 0.1020 | Std 0.2054 | |a| 0.0240 | Alpha 0.3981 | MB 48/48
[Episode 24/400] Steps: 720 | Reward:  140.62 | Battery:  54.47% | Loss: 0.0359
Placing Sensors
[Episode 25/400] Steps: 720 | Reward:  107.55 | Battery:  40.84% | Loss: 
Placing Sensors
[Episode 26/400] Steps: 720 | Reward:  169.43 | Battery:  63.76% | Loss: 
Placing Sensors
[Episode 27/400] Steps: 720 | Reward:  106.00 | Battery:  40.78% | Loss: 
Placing Sensors
Policy -0.0086 | Value 8.7335 | KL 0.00871 | CF 0.1060 | Std 0.2110 | |a| 0.0207 | Alpha 0.3415 | MB 48/48
[Episode 28/400] Steps: 720 | Reward:  152.82 | Battery:  51.92% | Loss: 0.2982
Placing Sensors
[Episode 29/400] Steps: 720 | Reward:  112.08 | Battery:  40.25% | Loss: 
Placing Sensors
[Episode 30/400] Steps: 720 | Reward:  105.25 | Battery:  42.81% | Loss: 
Placing Sensors
[Episode 31/400] Steps: 720 | Reward:  140.85 | Battery:  51.51% | Loss: 
Placing Sensors
Policy -0.0154 | Value 8.2557 | KL 0.01095 | CF 0.1448 | Std 0.2167 | |a| 0.0322 | Alpha 0.2929 | MB 48/48
[Episode 32/400] Steps: 720 | Reward:  126.22 | Battery:  41.69% | Loss: -0.0432
Placing Sensors
[Episode 33/400] Steps: 720 | Reward:  193.33 | Battery:  68.57% | Loss: 
Placing Sensors
[Episode 34/400] Steps: 720 | Reward:  155.76 | Battery:  59.76% | Loss: 
Placing Sensors
[Episode 35/400] Steps: 720 | Reward:  195.12 | Battery:  67.08% | Loss: 
Placing Sensors
Policy -0.0085 | Value 11.7736 | KL 0.01363 | CF 0.1619 | Std 0.2214 | |a| 0.0373 | Alpha 0.2512 | MB 48/48
[Episode 36/400] Steps: 720 | Reward:  136.47 | Battery:  47.80% | Loss: -0.0367
Placing Sensors
[Episode 37/400] Steps: 720 | Reward:  151.85 | Battery:  58.38% | Loss: 
Placing Sensors
[Episode 38/400] Steps: 720 | Reward:  188.59 | Battery:  68.36% | Loss: 
Placing Sensors
[Episode 39/400] Steps: 720 | Reward:  201.38 | Battery:  69.41% | Loss: 
Placing Sensors
Policy -0.0066 | Value 11.0401 | KL 0.01582 | CF 0.1755 | Std 0.2257 | |a| 0.0346 | Alpha 0.2154 | MB 48/48
[Episode 40/400] Steps: 720 | Reward:  179.35 | Battery:  64.26% | Loss: -0.0429
Placing Sensors
[Episode 41/400] Steps: 720 | Reward:  130.88 | Battery:  51.51% | Loss: 
Placing Sensors
[Episode 42/400] Steps: 720 | Reward:  147.22 | Battery:  57.42% | Loss: 
Placing Sensors
[Episode 43/400] Steps: 720 | Reward:  212.29 | Battery:  76.73% | Loss: 
Placing Sensors
Policy -0.0043 | Value 11.7176 | KL 0.01314 | CF 0.1604 | Std 0.2295 | |a| 0.0398 | Alpha 0.1848 | MB 48/48
[Episode 44/400] Steps: 720 | Reward:  181.28 | Battery:  63.38% | Loss: 0.0110
Placing Sensors
[Episode 45/400] Steps: 720 | Reward:  135.49 | Battery:  50.72% | Loss: 
Placing Sensors
[Episode 46/400] Steps: 720 | Reward:   99.79 | Battery:  39.60% | Loss: 
Placing Sensors
[Episode 47/400] Steps: 720 | Reward:  185.95 | Battery:  70.21% | Loss: 
Placing Sensors
Policy -0.0098 | Value 11.0045 | KL 0.01843 | CF 0.2093 | Std 0.2327 | |a| 0.0419 | Alpha 0.1585 | MB 48/48
[Episode 48/400] Steps: 720 | Reward:  150.92 | Battery:  53.27% | Loss: 0.0483
Placing Sensors
[Episode 49/400] Steps: 720 | Reward:   82.31 | Battery:  34.32% | Loss: 
Placing Sensors
[Episode 50/400] Steps: 720 | Reward:  147.99 | Battery:  50.49% | Loss: 
Placing Sensors
[Episode 51/400] Steps: 720 | Reward:  179.85 | Battery:  62.72% | Loss: 
Placing Sensors
Policy 0.0024 | Value 8.5815 | KL 0.01853 | CF 0.2009 | Std 0.2359 | |a| 0.0564 | Alpha 0.1359 | MB 48/48
[Episode 52/400] Steps: 720 | Reward:  164.80 | Battery:  58.82% | Loss: 0.1915
Placing Sensors
[Episode 53/400] Steps: 720 | Reward:  141.86 | Battery:  47.87% | Loss: 
Placing Sensors
[Episode 54/400] Steps: 720 | Reward:  126.76 | Battery:  46.87% | Loss: 
Placing Sensors
[Episode 55/400] Steps: 720 | Reward:  188.03 | Battery:  68.62% | Loss: 
Placing Sensors
Policy 0.0040 | Value 20.1828 | KL 0.01732 | CF 0.1974 | Std 0.2381 | |a| 0.0549 | Alpha 0.1166 | MB 48/48
[Episode 56/400] Steps: 720 | Reward:  189.28 | Battery:  68.60% | Loss: 0.3119
Placing Sensors
[Episode 57/400] Steps: 720 | Reward:  191.89 | Battery:  69.16% | Loss: 
Placing Sensors
[Episode 58/400] Steps: 720 | Reward:  174.69 | Battery:  59.68% | Loss: 
Placing Sensors
[Episode 59/400] Steps: 720 | Reward:  147.97 | Battery:  53.54% | Loss: 
Placing Sensors
Policy -0.0088 | Value 13.8710 | KL 0.01805 | CF 0.2167 | Std 0.2403 | |a| 0.0502 | Alpha 0.1000 | MB 48/48
[Episode 60/400] Steps: 720 | Reward:  152.86 | Battery:  61.91% | Loss: 0.0286
Placing Sensors
[Episode 61/400] Steps: 720 | Reward:  212.81 | Battery:  74.01% | Loss: 
Placing Sensors
[Episode 62/400] Steps: 720 | Reward:  214.44 | Battery:  78.43% | Loss: 
Placing Sensors
[Episode 63/400] Steps: 720 | Reward:  184.63 | Battery:  69.48% | Loss: 
Placing Sensors
Policy -0.0037 | Value 11.0270 | KL 0.02682 | CF 0.2358 | Std 0.2425 | |a| 0.0695 | Alpha 0.0858 | MB 48/48
[Episode 64/400] Steps: 720 | Reward:  152.92 | Battery:  60.66% | Loss: 0.1567
Placing Sensors
[Episode 65/400] Steps: 720 | Reward:  196.64 | Battery:  70.41% | Loss: 
Placing Sensors
[Episode 66/400] Steps: 720 | Reward:  186.42 | Battery:  67.50% | Loss: 
Placing Sensors
[Episode 67/400] Steps: 720 | Reward:  184.37 | Battery:  64.88% | Loss: 
Placing Sensors
Policy 0.0045 | Value 27.4912 | KL 0.02569 | CF 0.2447 | Std 0.2439 | |a| 0.0564 | Alpha 0.0736 | MB 36/48
[Episode 68/400] Steps: 720 | Reward:  233.19 | Battery:  75.98% | Loss: 0.0326
Placing Sensors
[Episode 69/400] Steps: 720 | Reward:  205.56 | Battery:  73.70% | Loss: 
Placing Sensors
[Episode 70/400] Steps: 720 | Reward:  187.04 | Battery:  70.83% | Loss: 
Placing Sensors
[Episode 71/400] Steps: 720 | Reward:  206.56 | Battery:  71.04% | Loss: 
Placing Sensors
Policy -0.0082 | Value 21.0403 | KL 0.01895 | CF 0.1865 | Std 0.2448 | |a| 0.0556 | Alpha 0.0631 | MB 48/48
[Episode 72/400] Steps: 720 | Reward:  157.99 | Battery:  59.17% | Loss: -0.1048
Placing Sensors
[Episode 73/400] Steps: 720 | Reward:  195.00 | Battery:  73.25% | Loss: 
Placing Sensors
[Episode 74/400] Steps: 720 | Reward:  204.35 | Battery:  76.97% | Loss: 
Placing Sensors
[Episode 75/400] Steps: 720 | Reward:  178.52 | Battery:  64.39% | Loss: 
Placing Sensors
Policy 0.0077 | Value 21.8883 | KL 0.02391 | CF 0.2116 | Std 0.2453 | |a| 0.0579 | Alpha 0.0541 | MB 24/48
[Episode 76/400] Steps: 720 | Reward:  204.02 | Battery:  72.84% | Loss: 0.0918
Placing Sensors
[Episode 77/400] Steps: 720 | Reward:  160.76 | Battery:  60.82% | Loss: 
Placing Sensors
[Episode 78/400] Steps: 720 | Reward:  186.74 | Battery:  66.17% | Loss: 
Placing Sensors
[Episode 79/400] Steps: 720 | Reward:  209.54 | Battery:  73.49% | Loss: 
Placing Sensors
Policy -0.0089 | Value 14.3578 | KL 0.02064 | CF 0.2042 | Std 0.2458 | |a| 0.0553 | Alpha 0.0464 | MB 48/48
[Episode 80/400] Steps: 720 | Reward:  187.60 | Battery:  70.87% | Loss: -0.0135
Placing Sensors
[Episode 81/400] Steps: 720 | Reward:  204.98 | Battery:  74.19% | Loss: 
Placing Sensors
[Episode 82/400] Steps: 720 | Reward:  147.82 | Battery:  53.03% | Loss: 
Placing Sensors
[Episode 83/400] Steps: 720 | Reward:  202.02 | Battery:  74.66% | Loss: 
Placing Sensors
Policy -0.0023 | Value 16.5905 | KL 0.01877 | CF 0.2127 | Std 0.2464 | |a| 0.0616 | Alpha 0.0398 | MB 48/48
[Episode 84/400] Steps: 720 | Reward:  220.79 | Battery:  78.26% | Loss: 0.0828
Placing Sensors
[Episode 85/400] Steps: 720 | Reward:  109.37 | Battery:  36.73% | Loss: 
Placing Sensors
[Episode 86/400] Steps: 720 | Reward:  132.93 | Battery:  45.95% | Loss: 
Placing Sensors
[Episode 87/400] Steps: 720 | Reward:  182.74 | Battery:  63.66% | Loss: 
Placing Sensors
Policy -0.0124 | Value 14.5694 | KL 0.02089 | CF 0.2301 | Std 0.2469 | |a| 0.0722 | Alpha 0.0341 | MB 48/48
[Episode 88/400] Steps: 720 | Reward:  159.19 | Battery:  64.34% | Loss: -0.0645
Placing Sensors
[Episode 89/400] Steps: 720 | Reward:  164.58 | Battery:  64.14% | Loss: 
Placing Sensors
[Episode 90/400] Steps: 720 | Reward:  154.41 | Battery:  54.20% | Loss: 
Placing Sensors
[Episode 91/400] Steps: 720 | Reward:  221.80 | Battery:  73.80% | Loss: 
Placing Sensors
Policy -0.0095 | Value 17.4765 | KL 0.01623 | CF 0.1971 | Std 0.2472 | |a| 0.0761 | Alpha 0.0293 | MB 48/48
[Episode 92/400] Steps: 720 | Reward:  205.21 | Battery:  73.86% | Loss: 0.0148
Placing Sensors
[Episode 93/400] Steps: 720 | Reward:  154.52 | Battery:  59.36% | Loss: 
Placing Sensors
[Episode 94/400] Steps: 720 | Reward:  193.91 | Battery:  72.07% | Loss: 
Placing Sensors
[Episode 95/400] Steps: 720 | Reward:  202.36 | Battery:  69.85% | Loss: 
Placing Sensors
Policy -0.0062 | Value 18.9452 | KL 0.02287 | CF 0.2491 | Std 0.2477 | |a| 0.0768 | Alpha 0.0251 | MB 48/48
[Episode 96/400] Steps: 720 | Reward:  196.71 | Battery:  67.63% | Loss: -0.0138
Placing Sensors
[Episode 97/400] Steps: 720 | Reward:  202.71 | Battery:  75.37% | Loss: 
Placing Sensors
[Episode 98/400] Steps: 720 | Reward:  245.15 | Battery:  84.79% | Loss: 
Placing Sensors
[Episode 99/400] Steps: 720 | Reward:  178.36 | Battery:  64.46% | Loss: 
Placing Sensors
Policy -0.0108 | Value 16.1929 | KL 0.01657 | CF 0.1923 | Std 0.2479 | |a| 0.0897 | Alpha 0.0215 | MB 48/48
[Episode 100/400] Steps: 720 | Reward:  202.72 | Battery:  68.27% | Loss: 0.0746
Placing Sensors
[Episode 101/400] Steps: 720 | Reward:  194.61 | Battery:  67.70% | Loss: 
Placing Sensors
[Episode 102/400] Steps: 720 | Reward:  153.38 | Battery:  56.57% | Loss: 
Placing Sensors
[Episode 103/400] Steps: 720 | Reward:  229.06 | Battery:  80.85% | Loss: 
Placing Sensors
Policy -0.0164 | Value 15.3723 | KL 0.01776 | CF 0.1847 | Std 0.2483 | |a| 0.1008 | Alpha 0.0185 | MB 48/48
[Episode 104/400] Steps: 720 | Reward:  211.63 | Battery:  73.44% | Loss: 0.0326
Placing Sensors
[Episode 105/400] Steps: 720 | Reward:  180.10 | Battery:  65.34% | Loss: 
Placing Sensors
[Episode 106/400] Steps: 720 | Reward:  225.72 | Battery:  76.59% | Loss: 
Placing Sensors
[Episode 107/400] Steps: 720 | Reward:  189.46 | Battery:  69.27% | Loss: 
Placing Sensors
Policy -0.0017 | Value 18.2738 | KL 0.02599 | CF 0.2485 | Std 0.2482 | |a| 0.0868 | Alpha 0.0158 | MB 48/48
[Episode 108/400] Steps: 720 | Reward:  248.55 | Battery:  80.27% | Loss: 0.0550
Placing Sensors
[Episode 109/400] Steps: 720 | Reward:  248.86 | Battery:  83.29% | Loss: 
Placing Sensors
[Episode 110/400] Steps: 720 | Reward:  228.21 | Battery:  78.76% | Loss: 
Placing Sensors
[Episode 111/400] Steps: 720 | Reward:  208.42 | Battery:  73.63% | Loss: 
Placing Sensors
Policy 0.0142 | Value 22.6199 | KL 0.02341 | CF 0.2482 | Std 0.2475 | |a| 0.0870 | Alpha 0.0136 | MB 24/48
[Episode 112/400] Steps: 720 | Reward:  187.75 | Battery:  68.42% | Loss: 0.1611
Placing Sensors
[Episode 113/400] Steps: 720 | Reward:  222.45 | Battery:  75.79% | Loss: 
Placing Sensors
[Episode 114/400] Steps: 720 | Reward:  183.56 | Battery:  69.80% | Loss: 
Placing Sensors
[Episode 115/400] Steps: 720 | Reward:  210.06 | Battery:  76.71% | Loss: 
Placing Sensors
Policy -0.0088 | Value 17.5453 | KL 0.01923 | CF 0.2033 | Std 0.2469 | |a| 0.0866 | Alpha 0.0117 | MB 48/48
[Episode 116/400] Steps: 720 | Reward:  205.91 | Battery:  75.57% | Loss: 0.0768
Placing Sensors
[Episode 117/400] Steps: 720 | Reward:  193.81 | Battery:  68.84% | Loss: 
Placing Sensors
[Episode 118/400] Steps: 720 | Reward:  203.48 | Battery:  70.05% | Loss: 
Placing Sensors
[Episode 119/400] Steps: 720 | Reward:  228.08 | Battery:  77.09% | Loss: 
Placing Sensors
Policy -0.0128 | Value 12.2031 | KL 0.02266 | CF 0.2362 | Std 0.2460 | |a| 0.0969 | Alpha 0.0100 | MB 48/48
[Episode 120/400] Steps: 720 | Reward:  230.92 | Battery:  78.83% | Loss: -0.0180
Placing Sensors
[Episode 121/400] Steps: 720 | Reward:  259.53 | Battery:  84.96% | Loss: 
Placing Sensors
[Episode 122/400] Steps: 720 | Reward:  237.56 | Battery:  77.76% | Loss: 
Placing Sensors
[Episode 123/400] Steps: 720 | Reward:  224.90 | Battery:  77.72% | Loss: 
Placing Sensors
Policy -0.0065 | Value 26.6376 | KL 0.02430 | CF 0.2450 | Std 0.2455 | |a| 0.0915 | Alpha 0.0100 | MB 48/48
[Episode 124/400] Steps: 720 | Reward:  234.20 | Battery:  81.30% | Loss: -0.0262
Placing Sensors
[Episode 125/400] Steps: 720 | Reward:  223.51 | Battery:  77.66% | Loss: 
Placing Sensors
[Episode 126/400] Steps: 720 | Reward:  261.25 | Battery:  83.83% | Loss: 
Placing Sensors
[Episode 127/400] Steps: 720 | Reward:  222.40 | Battery:  73.23% | Loss: 
Placing Sensors
Policy -0.0137 | Value 24.2332 | KL 0.02523 | CF 0.2449 | Std 0.2450 | |a| 0.0996 | Alpha 0.0100 | MB 48/48
[Episode 128/400] Steps: 720 | Reward:  185.72 | Battery:  71.76% | Loss: -0.3084
Placing Sensors
[Episode 129/400] Steps: 720 | Reward:  199.27 | Battery:  70.45% | Loss: 
Placing Sensors
[Episode 130/400] Steps: 720 | Reward:  212.20 | Battery:  74.18% | Loss: 
Placing Sensors
[Episode 131/400] Steps: 720 | Reward:  227.27 | Battery:  82.42% | Loss: 
Placing Sensors
Policy -0.0017 | Value 14.3007 | KL 0.02322 | CF 0.2530 | Std 0.2441 | |a| 0.0996 | Alpha 0.0100 | MB 48/48
[Episode 132/400] Steps: 720 | Reward:  227.36 | Battery:  78.14% | Loss: 0.0488
Placing Sensors
[Episode 133/400] Steps: 720 | Reward:  268.82 | Battery:  86.62% | Loss: 
Placing Sensors
[Episode 134/400] Steps: 720 | Reward:  197.12 | Battery:  71.80% | Loss: 
Placing Sensors
[Episode 135/400] Steps: 720 | Reward:  213.78 | Battery:  73.90% | Loss: 
Placing Sensors
Policy -0.0130 | Value 15.5045 | KL 0.02072 | CF 0.2148 | Std 0.2435 | |a| 0.1080 | Alpha 0.0100 | MB 48/48
[Episode 136/400] Steps: 720 | Reward:  224.01 | Battery:  80.92% | Loss: -0.1385
Placing Sensors
[Episode 137/400] Steps: 720 | Reward:  225.40 | Battery:  79.33% | Loss: 
Placing Sensors
[Episode 138/400] Steps: 720 | Reward:  175.83 | Battery:  64.84% | Loss: 
Placing Sensors
[Episode 139/400] Steps: 720 | Reward:  250.22 | Battery:  80.72% | Loss: 
Placing Sensors
Policy 0.0019 | Value 21.7556 | KL 0.02237 | CF 0.2061 | Std 0.2429 | |a| 0.1025 | Alpha 0.0100 | MB 24/48
[Episode 140/400] Steps: 720 | Reward:  240.65 | Battery:  81.22% | Loss: 0.1133
Placing Sensors
[Episode 141/400] Steps: 720 | Reward:  170.86 | Battery:  57.98% | Loss: 
Placing Sensors
[Episode 142/400] Steps: 720 | Reward:  150.77 | Battery:  57.90% | Loss: 
Placing Sensors
[Episode 143/400] Steps: 720 | Reward:  169.88 | Battery:  60.77% | Loss: 
Placing Sensors
Policy -0.0049 | Value 10.4942 | KL 0.01861 | CF 0.2074 | Std 0.2428 | |a| 0.1182 | Alpha 0.0100 | MB 48/48
[Episode 144/400] Steps: 720 | Reward:  187.00 | Battery:  68.78% | Loss: -0.0570
Placing Sensors
[Episode 145/400] Steps: 720 | Reward:  181.64 | Battery:  67.02% | Loss: 
Placing Sensors
[Episode 146/400] Steps: 720 | Reward:  207.39 | Battery:  75.84% | Loss: 
Placing Sensors
[Episode 147/400] Steps: 720 | Reward:  241.30 | Battery:  80.42% | Loss: 
Placing Sensors
Policy -0.0141 | Value 15.5768 | KL 0.01886 | CF 0.1957 | Std 0.2427 | |a| 0.1233 | Alpha 0.0100 | MB 48/48
[Episode 148/400] Steps: 720 | Reward:  200.03 | Battery:  75.85% | Loss: -0.0058
Placing Sensors
[Episode 149/400] Steps: 720 | Reward:  189.51 | Battery:  68.53% | Loss: 
Placing Sensors
[Episode 150/400] Steps: 720 | Reward:  149.41 | Battery:  55.49% | Loss: 
Placing Sensors
[Episode 151/400] Steps: 720 | Reward:  178.26 | Battery:  65.57% | Loss: 
Placing Sensors
Policy -0.0095 | Value 15.6972 | KL 0.01843 | CF 0.2026 | Std 0.2423 | |a| 0.1392 | Alpha 0.0100 | MB 48/48
[Episode 152/400] Steps: 720 | Reward:  229.24 | Battery:  79.64% | Loss: -0.3001
Placing Sensors
[Episode 153/400] Steps: 720 | Reward:  231.76 | Battery:  80.72% | Loss: 
Placing Sensors
[Episode 154/400] Steps: 720 | Reward:  180.03 | Battery:  64.28% | Loss: 
Placing Sensors
[Episode 155/400] Steps: 720 | Reward:  171.75 | Battery:  60.19% | Loss: 
Placing Sensors
Policy -0.0066 | Value 15.6435 | KL 0.02120 | CF 0.2318 | Std 0.2422 | |a| 0.1441 | Alpha 0.0100 | MB 48/48
[Episode 156/400] Steps: 720 | Reward:  197.61 | Battery:  71.92% | Loss: 0.0779
Placing Sensors
[Episode 157/400] Steps: 720 | Reward:  157.98 | Battery:  55.96% | Loss: 
Placing Sensors
[Episode 158/400] Steps: 720 | Reward:  219.29 | Battery:  75.39% | Loss: 
Placing Sensors
[Episode 159/400] Steps: 720 | Reward:  247.49 | Battery:  85.30% | Loss: 
Placing Sensors
Policy -0.0068 | Value 12.6667 | KL 0.01756 | CF 0.1903 | Std 0.2419 | |a| 0.1704 | Alpha 0.0100 | MB 48/48
[Episode 160/400] Steps: 720 | Reward:  208.95 | Battery:  70.87% | Loss: 0.0116
Placing Sensors
[Episode 161/400] Steps: 720 | Reward:  228.76 | Battery:  79.97% | Loss: 
Placing Sensors
[Episode 162/400] Steps: 720 | Reward:  257.26 | Battery:  85.08% | Loss: 
Placing Sensors
[Episode 163/400] Steps: 720 | Reward:  184.88 | Battery:  69.76% | Loss: 
Placing Sensors
Policy -0.0040 | Value 8.9086 | KL 0.02257 | CF 0.2149 | Std 0.2417 | |a| 0.1569 | Alpha 0.0100 | MB 48/48
[Episode 164/400] Steps: 720 | Reward:  257.99 | Battery:  86.94% | Loss: -0.0333
Placing Sensors
[Episode 165/400] Steps: 720 | Reward:  261.80 | Battery:  84.76% | Loss: 
Placing Sensors
[Episode 166/400] Steps: 720 | Reward:  209.75 | Battery:  76.35% | Loss: 
Placing Sensors
[Episode 167/400] Steps: 720 | Reward:  200.41 | Battery:  69.26% | Loss: 
Placing Sensors
Policy -0.0040 | Value 13.0070 | KL 0.02437 | CF 0.2165 | Std 0.2417 | |a| 0.1269 | Alpha 0.0100 | MB 36/48
[Episode 168/400] Steps: 720 | Reward:  150.81 | Battery:  56.31% | Loss: 0.1045
Placing Sensors
[Episode 169/400] Steps: 720 | Reward:  223.52 | Battery:  76.34% | Loss: 
Placing Sensors
[Episode 170/400] Steps: 720 | Reward:  232.50 | Battery:  77.72% | Loss: 
Placing Sensors
[Episode 171/400] Steps: 720 | Reward:  218.53 | Battery:  78.52% | Loss: 
Placing Sensors
Policy 0.0025 | Value 19.2013 | KL 0.02722 | CF 0.2455 | Std 0.2413 | |a| 0.1315 | Alpha 0.0100 | MB 26/48
[Episode 172/400] Steps: 720 | Reward:  225.31 | Battery:  80.78% | Loss: 0.0311
Placing Sensors
[Episode 173/400] Steps: 720 | Reward:  222.57 | Battery:  78.11% | Loss: 
Placing Sensors
[Episode 174/400] Steps: 720 | Reward:  201.01 | Battery:  73.21% | Loss: 
Placing Sensors
[Episode 175/400] Steps: 720 | Reward:  237.07 | Battery:  81.57% | Loss: 
Placing Sensors
Policy 0.0118 | Value 14.3676 | KL 0.02317 | CF 0.1623 | Std 0.2412 | |a| 0.1290 | Alpha 0.0100 | MB 24/48
[Episode 176/400] Steps: 720 | Reward:  268.52 | Battery:  89.60% | Loss: 0.1347
Placing Sensors
[Episode 177/400] Steps: 720 | Reward:  223.54 | Battery:  76.47% | Loss: 
Placing Sensors
[Episode 178/400] Steps: 720 | Reward:  222.91 | Battery:  79.21% | Loss: 
Placing Sensors
[Episode 179/400] Steps: 720 | Reward:  228.63 | Battery:  80.15% | Loss: 
Placing Sensors
Policy 0.0075 | Value 17.7043 | KL 0.02740 | CF 0.2643 | Std 0.2413 | |a| 0.1040 | Alpha 0.0100 | MB 24/48
[Episode 180/400] Steps: 720 | Reward:  187.10 | Battery:  68.90% | Loss: 0.1319
Placing Sensors
[Episode 181/400] Steps: 720 | Reward:  247.84 | Battery:  82.41% | Loss: 
Placing Sensors
[Episode 182/400] Steps: 720 | Reward:  187.68 | Battery:  64.63% | Loss: 
Placing Sensors
[Episode 183/400] Steps: 720 | Reward:  215.72 | Battery:  76.51% | Loss: 
Placing Sensors
Policy -0.0009 | Value 17.2716 | KL 0.02489 | CF 0.1930 | Std 0.2412 | |a| 0.1091 | Alpha 0.0100 | MB 24/48
[Episode 184/400] Steps: 720 | Reward:  230.00 | Battery:  83.84% | Loss: 0.1284
Placing Sensors
[Episode 185/400] Steps: 720 | Reward:  192.58 | Battery:  68.38% | Loss: 
Placing Sensors
[Episode 186/400] Steps: 720 | Reward:  181.76 | Battery:  66.38% | Loss: 
Placing Sensors
[Episode 187/400] Steps: 720 | Reward:  194.63 | Battery:  69.48% | Loss: 
Placing Sensors
Policy -0.0028 | Value 13.9433 | KL 0.01711 | CF 0.1967 | Std 0.2408 | |a| 0.1296 | Alpha 0.0100 | MB 48/48
[Episode 188/400] Steps: 720 | Reward:  198.04 | Battery:  73.03% | Loss: -0.0932
Placing Sensors
[Episode 189/400] Steps: 720 | Reward:  202.07 | Battery:  73.63% | Loss: 
Placing Sensors
[Episode 190/400] Steps: 720 | Reward:  252.26 | Battery:  84.34% | Loss: 
Placing Sensors
[Episode 191/400] Steps: 720 | Reward:  255.74 | Battery:  83.27% | Loss: 
Placing Sensors
Policy -0.0106 | Value 13.2052 | KL 0.01823 | CF 0.1912 | Std 0.2400 | |a| 0.1185 | Alpha 0.0100 | MB 48/48
[Episode 192/400] Steps: 720 | Reward:  220.92 | Battery:  78.63% | Loss: 0.0431
Placing Sensors
[Episode 193/400] Steps: 720 | Reward:  230.71 | Battery:  84.29% | Loss: 
Placing Sensors
[Episode 194/400] Steps: 720 | Reward:  276.69 | Battery:  89.17% | Loss: 
Placing Sensors
[Episode 195/400] Steps: 720 | Reward:  214.93 | Battery:  78.54% | Loss: 
Placing Sensors
Policy -0.0009 | Value 23.4011 | KL 0.02689 | CF 0.2472 | Std 0.2391 | |a| 0.1160 | Alpha 0.0100 | MB 24/48
[Episode 196/400] Steps: 720 | Reward:  219.41 | Battery:  76.16% | Loss: -0.1359
Placing Sensors
[Episode 197/400] Steps: 720 | Reward:  211.80 | Battery:  74.26% | Loss: 
Placing Sensors
[Episode 198/400] Steps: 720 | Reward:  208.41 | Battery:  76.98% | Loss: 
Placing Sensors
[Episode 199/400] Steps: 720 | Reward:  260.16 | Battery:  83.42% | Loss: 
Placing Sensors
Policy -0.0077 | Value 13.8223 | KL 0.02023 | CF 0.1853 | Std 0.2389 | |a| 0.1314 | Alpha 0.0100 | MB 48/48
[Episode 200/400] Steps: 720 | Reward:  240.68 | Battery:  80.81% | Loss: 0.0593
Placing Sensors
[Episode 201/400] Steps: 720 | Reward:  207.90 | Battery:  70.87% | Loss: 
Placing Sensors
[Episode 202/400] Steps: 720 | Reward:  233.96 | Battery:  81.17% | Loss: 
Placing Sensors
[Episode 203/400] Steps: 720 | Reward:  217.52 | Battery:  78.29% | Loss: 
Placing Sensors
Policy -0.0119 | Value 12.1390 | KL 0.01444 | CF 0.1646 | Std 0.2378 | |a| 0.1422 | Alpha 0.0100 | MB 48/48
[Episode 204/400] Steps: 720 | Reward:  185.24 | Battery:  68.02% | Loss: 0.0467
Placing Sensors
[Episode 205/400] Steps: 720 | Reward:  183.98 | Battery:  68.87% | Loss: 
Placing Sensors
[Episode 206/400] Steps: 720 | Reward:  222.67 | Battery:  82.76% | Loss: 
Placing Sensors
[Episode 207/400] Steps: 720 | Reward:  248.25 | Battery:  81.22% | Loss: 
Placing Sensors
Policy -0.0091 | Value 10.0244 | KL 0.02096 | CF 0.2240 | Std 0.2363 | |a| 0.1318 | Alpha 0.0100 | MB 48/48
[Episode 208/400] Steps: 720 | Reward:  214.03 | Battery:  76.04% | Loss: -0.0278
Placing Sensors
[Episode 209/400] Steps: 720 | Reward:  218.29 | Battery:  76.21% | Loss: 
Placing Sensors
[Episode 210/400] Steps: 720 | Reward:  228.90 | Battery:  83.76% | Loss: 
Placing Sensors
[Episode 211/400] Steps: 720 | Reward:  217.18 | Battery:  74.81% | Loss: 
Placing Sensors
Policy 0.0077 | Value 16.5691 | KL 0.02651 | CF 0.2209 | Std 0.2358 | |a| 0.1303 | Alpha 0.0100 | MB 24/48
[Episode 212/400] Steps: 720 | Reward:  178.83 | Battery:  63.71% | Loss: 0.0225
Placing Sensors
[Episode 213/400] Steps: 720 | Reward:  233.00 | Battery:  84.09% | Loss: 
Placing Sensors
[Episode 214/400] Steps: 720 | Reward:  198.76 | Battery:  70.85% | Loss: 
Placing Sensors
[Episode 215/400] Steps: 720 | Reward:  227.45 | Battery:  81.06% | Loss: 
Placing Sensors
Policy 0.0085 | Value 14.8421 | KL 0.01894 | CF 0.1742 | Std 0.2354 | |a| 0.1177 | Alpha 0.0100 | MB 24/48
[Episode 216/400] Steps: 720 | Reward:  251.62 | Battery:  82.41% | Loss: 0.0865
Placing Sensors
[Episode 217/400] Steps: 720 | Reward:  219.07 | Battery:  72.46% | Loss: 
Placing Sensors
[Episode 218/400] Steps: 720 | Reward:  258.74 | Battery:  86.12% | Loss: 
Placing Sensors
[Episode 219/400] Steps: 720 | Reward:  213.25 | Battery:  77.80% | Loss: 
Placing Sensors
Policy -0.0031 | Value 14.8111 | KL 0.02014 | CF 0.2028 | Std 0.2352 | |a| 0.1134 | Alpha 0.0100 | MB 36/48
[Episode 220/400] Steps: 720 | Reward:  286.66 | Battery:  89.04% | Loss: -0.1281
Placing Sensors
[Episode 221/400] Steps: 720 | Reward:  228.31 | Battery:  81.26% | Loss: 
Placing Sensors
[Episode 222/400] Steps: 720 | Reward:  230.58 | Battery:  82.14% | Loss: 
Placing Sensors
[Episode 223/400] Steps: 720 | Reward:  248.44 | Battery:  84.24% | Loss: 
Placing Sensors
Policy -0.0078 | Value 19.1552 | KL 0.01887 | CF 0.2104 | Std 0.2349 | |a| 0.1190 | Alpha 0.0100 | MB 48/48
[Episode 224/400] Steps: 720 | Reward:  218.08 | Battery:  78.59% | Loss: 0.2311
Placing Sensors
[Episode 225/400] Steps: 720 | Reward:  227.97 | Battery:  82.18% | Loss: 
Placing Sensors
[Episode 226/400] Steps: 720 | Reward:  245.34 | Battery:  81.98% | Loss: 
Placing Sensors
[Episode 227/400] Steps: 720 | Reward:  228.94 | Battery:  81.30% | Loss: 
Placing Sensors
Policy -0.0114 | Value 19.4427 | KL 0.01748 | CF 0.1755 | Std 0.2346 | |a| 0.1107 | Alpha 0.0100 | MB 48/48
[Episode 228/400] Steps: 720 | Reward:  243.71 | Battery:  79.97% | Loss: -0.1055
Placing Sensors
[Episode 229/400] Steps: 720 | Reward:  218.38 | Battery:  77.84% | Loss: 
Placing Sensors
[Episode 230/400] Steps: 720 | Reward:  184.01 | Battery:  70.97% | Loss: 
Placing Sensors
[Episode 231/400] Steps: 720 | Reward:  238.14 | Battery:  80.21% | Loss: 
Placing Sensors
Policy -0.0140 | Value 11.6125 | KL 0.01789 | CF 0.1767 | Std 0.2342 | |a| 0.1276 | Alpha 0.0100 | MB 48/48
[Episode 232/400] Steps: 720 | Reward:  246.76 | Battery:  87.33% | Loss: -0.1761
Placing Sensors
[Episode 233/400] Steps: 720 | Reward:  243.60 | Battery:  81.75% | Loss: 
Placing Sensors
[Episode 234/400] Steps: 720 | Reward:  266.36 | Battery:  87.27% | Loss: 
Placing Sensors
[Episode 235/400] Steps: 720 | Reward:  196.79 | Battery:  71.33% | Loss: 
Placing Sensors
Policy -0.0025 | Value 14.4117 | KL 0.02214 | CF 0.2149 | Std 0.2338 | |a| 0.1283 | Alpha 0.0100 | MB 48/48
[Episode 236/400] Steps: 720 | Reward:  263.94 | Battery:  86.17% | Loss: -0.0334
Placing Sensors
[Episode 237/400] Steps: 720 | Reward:  249.34 | Battery:  80.80% | Loss: 
Placing Sensors
[Episode 238/400] Steps: 720 | Reward:  219.49 | Battery:  74.31% | Loss: 
Placing Sensors
[Episode 239/400] Steps: 720 | Reward:  224.15 | Battery:  80.17% | Loss: 
Placing Sensors
Policy -0.0106 | Value 11.0164 | KL 0.02205 | CF 0.2151 | Std 0.2333 | |a| 0.1284 | Alpha 0.0100 | MB 48/48
[Episode 240/400] Steps: 720 | Reward:  224.39 | Battery:  77.97% | Loss: -0.0096
Placing Sensors
[Episode 241/400] Steps: 720 | Reward:  232.69 | Battery:  81.13% | Loss: 
Placing Sensors
[Episode 242/400] Steps: 720 | Reward:  258.20 | Battery:  85.75% | Loss: 
Placing Sensors
[Episode 243/400] Steps: 720 | Reward:  276.36 | Battery:  87.17% | Loss: 
Placing Sensors
Policy -0.0094 | Value 14.3007 | KL 0.02403 | CF 0.1994 | Std 0.2326 | |a| 0.1163 | Alpha 0.0100 | MB 36/48
[Episode 244/400] Steps: 720 | Reward:  225.67 | Battery:  82.43% | Loss: 0.0325
Placing Sensors
[Episode 245/400] Steps: 720 | Reward:  264.73 | Battery:  87.38% | Loss: 
Placing Sensors
[Episode 246/400] Steps: 720 | Reward:  268.49 | Battery:  89.27% | Loss: 
Placing Sensors
[Episode 247/400] Steps: 720 | Reward:  236.74 | Battery:  82.54% | Loss: 
Placing Sensors
Policy -0.0047 | Value 11.3488 | KL 0.01886 | CF 0.1984 | Std 0.2324 | |a| 0.1059 | Alpha 0.0100 | MB 48/48
[Episode 248/400] Steps: 720 | Reward:  216.67 | Battery:  74.49% | Loss: 0.0296
Placing Sensors
[Episode 249/400] Steps: 720 | Reward:  230.12 | Battery:  77.59% | Loss: 
Placing Sensors
[Episode 250/400] Steps: 720 | Reward:  244.78 | Battery:  83.78% | Loss: 
Placing Sensors
[Episode 251/400] Steps: 720 | Reward:  235.77 | Battery:  78.54% | Loss: 
Placing Sensors
Policy -0.0137 | Value 14.0920 | KL 0.01678 | CF 0.1729 | Std 0.2321 | |a| 0.0961 | Alpha 0.0100 | MB 48/48
[Episode 252/400] Steps: 720 | Reward:  255.44 | Battery:  85.71% | Loss: 0.0316
Placing Sensors
[Episode 253/400] Steps: 720 | Reward:  262.22 | Battery:  87.36% | Loss: 
Placing Sensors
[Episode 254/400] Steps: 720 | Reward:  268.96 | Battery:  87.87% | Loss: 
Placing Sensors
[Episode 255/400] Steps: 720 | Reward:  234.13 | Battery:  78.69% | Loss: 
Placing Sensors
Policy 0.0027 | Value 8.8527 | KL 0.03237 | CF 0.1571 | Std 0.2319 | |a| 0.1162 | Alpha 0.0100 | MB 24/48
[Episode 256/400] Steps: 720 | Reward:  239.00 | Battery:  82.53% | Loss: -0.0025
Placing Sensors
[Episode 257/400] Steps: 720 | Reward:  245.37 | Battery:  83.55% | Loss: 
Placing Sensors
[Episode 258/400] Steps: 720 | Reward:  191.40 | Battery:  67.27% | Loss: 
Placing Sensors
[Episode 259/400] Steps: 720 | Reward:  208.29 | Battery:  78.16% | Loss: 
Placing Sensors
Policy -0.0132 | Value 12.1303 | KL 0.02022 | CF 0.1771 | Std 0.2317 | |a| 0.1104 | Alpha 0.0100 | MB 48/48
[Episode 260/400] Steps: 720 | Reward:  243.66 | Battery:  79.51% | Loss: -0.1429
Placing Sensors
[Episode 261/400] Steps: 720 | Reward:  269.47 | Battery:  86.80% | Loss: 
Placing Sensors
[Episode 262/400] Steps: 720 | Reward:  232.68 | Battery:  81.02% | Loss: 
Placing Sensors
[Episode 263/400] Steps: 720 | Reward:  246.21 | Battery:  81.80% | Loss: 
Placing Sensors
Policy -0.0017 | Value 8.7712 | KL 0.02091 | CF 0.1453 | Std 0.2310 | |a| 0.1009 | Alpha 0.0100 | MB 36/48
[Episode 264/400] Steps: 720 | Reward:  221.22 | Battery:  80.42% | Loss: -0.0745
Placing Sensors
[Episode 265/400] Steps: 720 | Reward:  243.32 | Battery:  83.19% | Loss: 
Placing Sensors
[Episode 266/400] Steps: 720 | Reward:  258.57 | Battery:  84.07% | Loss: 
Placing Sensors
[Episode 267/400] Steps: 720 | Reward:  231.29 | Battery:  78.02% | Loss: 
Placing Sensors
Policy -0.0078 | Value 15.0909 | KL 0.03121 | CF 0.1974 | Std 0.2306 | |a| 0.0984 | Alpha 0.0100 | MB 30/48
[Episode 268/400] Steps: 720 | Reward:  251.86 | Battery:  83.66% | Loss: -0.0167
Placing Sensors
[Episode 269/400] Steps: 720 | Reward:  248.40 | Battery:  82.28% | Loss: 
Placing Sensors
[Episode 270/400] Steps: 720 | Reward:  217.70 | Battery:  76.68% | Loss: 
Placing Sensors
[Episode 271/400] Steps: 720 | Reward:  260.71 | Battery:  84.13% | Loss: 
Placing Sensors
Policy -0.0114 | Value 8.6973 | KL 0.01624 | CF 0.1704 | Std 0.2302 | |a| 0.1038 | Alpha 0.0100 | MB 48/48
[Episode 272/400] Steps: 720 | Reward:  235.00 | Battery:  82.58% | Loss: 0.0960
Placing Sensors
[Episode 273/400] Steps: 720 | Reward:  229.71 | Battery:  77.11% | Loss: 
Placing Sensors
[Episode 274/400] Steps: 720 | Reward:  227.33 | Battery:  76.97% | Loss: 
Placing Sensors
[Episode 275/400] Steps: 720 | Reward:  259.44 | Battery:  83.31% | Loss: 
Placing Sensors
Policy 0.0232 | Value 10.9310 | KL 0.02566 | CF 0.1584 | Std 0.2295 | |a| 0.1186 | Alpha 0.0100 | MB 24/48
[Episode 276/400] Steps: 720 | Reward:  209.93 | Battery:  73.96% | Loss: 0.1009
Placing Sensors
[Episode 277/400] Steps: 720 | Reward:  270.99 | Battery:  83.45% | Loss: 
Placing Sensors
[Episode 278/400] Steps: 720 | Reward:  227.85 | Battery:  77.97% | Loss: 
Placing Sensors
[Episode 279/400] Steps: 720 | Reward:  210.37 | Battery:  72.89% | Loss: 
Placing Sensors
Policy -0.0096 | Value 13.0929 | KL 0.01561 | CF 0.1838 | Std 0.2288 | |a| 0.1050 | Alpha 0.0100 | MB 48/48
[Episode 280/400] Steps: 720 | Reward:  253.93 | Battery:  81.21% | Loss: 0.0209
Placing Sensors
[Episode 281/400] Steps: 720 | Reward:  239.53 | Battery:  80.53% | Loss: 
Placing Sensors
[Episode 282/400] Steps: 720 | Reward:  213.55 | Battery:  77.50% | Loss: 
Placing Sensors
[Episode 283/400] Steps: 720 | Reward:  264.75 | Battery:  83.39% | Loss: 
Placing Sensors
Policy -0.0053 | Value 15.9816 | KL 0.02034 | CF 0.1958 | Std 0.2281 | |a| 0.1119 | Alpha 0.0100 | MB 48/48
[Episode 284/400] Steps: 720 | Reward:  208.09 | Battery:  72.55% | Loss: -0.0398
Placing Sensors
[Episode 285/400] Steps: 720 | Reward:  229.48 | Battery:  78.04% | Loss: 
Placing Sensors
[Episode 286/400] Steps: 720 | Reward:  241.92 | Battery:  82.40% | Loss: 
Placing Sensors
[Episode 287/400] Steps: 720 | Reward:  250.06 | Battery:  81.62% | Loss: 
Placing Sensors
Policy -0.0135 | Value 15.2471 | KL 0.01585 | CF 0.1530 | Std 0.2274 | |a| 0.1097 | Alpha 0.0100 | MB 48/48
[Episode 288/400] Steps: 720 | Reward:  251.56 | Battery:  84.69% | Loss: -0.0961
Placing Sensors
[Episode 289/400] Steps: 720 | Reward:  235.64 | Battery:  79.82% | Loss: 
Placing Sensors
[Episode 290/400] Steps: 720 | Reward:  231.52 | Battery:  77.14% | Loss: 
Placing Sensors
[Episode 291/400] Steps: 720 | Reward:  251.34 | Battery:  84.45% | Loss: 
Placing Sensors
Policy -0.0054 | Value 8.2117 | KL 0.01135 | CF 0.1346 | Std 0.2268 | |a| 0.1292 | Alpha 0.0100 | MB 48/48
[Episode 292/400] Steps: 720 | Reward:  209.37 | Battery:  75.16% | Loss: -0.0149
Placing Sensors
[Episode 293/400] Steps: 720 | Reward:  291.50 | Battery:  88.68% | Loss: 
Placing Sensors
[Episode 294/400] Steps: 720 | Reward:  301.68 | Battery:  89.60% | Loss: 
Placing Sensors
[Episode 295/400] Steps: 720 | Reward:  229.92 | Battery:  79.69% | Loss: 
Placing Sensors
Policy -0.0086 | Value 9.7001 | KL 0.01309 | CF 0.1480 | Std 0.2265 | |a| 0.1176 | Alpha 0.0100 | MB 48/48
[Episode 296/400] Steps: 720 | Reward:  250.47 | Battery:  79.39% | Loss: 0.0376
Placing Sensors
[Episode 297/400] Steps: 720 | Reward:  259.91 | Battery:  83.10% | Loss: 
Placing Sensors
[Episode 298/400] Steps: 720 | Reward:  241.13 | Battery:  81.31% | Loss: 
Placing Sensors
[Episode 299/400] Steps: 720 | Reward:  231.22 | Battery:  80.20% | Loss: 
Placing Sensors
Policy -0.0119 | Value 11.8570 | KL 0.01287 | CF 0.1398 | Std 0.2260 | |a| 0.1153 | Alpha 0.0100 | MB 48/48
[Episode 300/400] Steps: 720 | Reward:  227.39 | Battery:  76.89% | Loss: -0.1650
Placing Sensors
[Episode 301/400] Steps: 720 | Reward:  245.40 | Battery:  83.37% | Loss: 
Placing Sensors
[Episode 302/400] Steps: 720 | Reward:  248.89 | Battery:  82.57% | Loss: 
Placing Sensors
[Episode 303/400] Steps: 720 | Reward:  224.71 | Battery:  77.72% | Loss: 
Placing Sensors
Policy -0.0039 | Value 7.9414 | KL 0.01702 | CF 0.1848 | Std 0.2255 | |a| 0.1230 | Alpha 0.0100 | MB 48/48
[Episode 304/400] Steps: 720 | Reward:  193.59 | Battery:  67.51% | Loss: 0.1889
Placing Sensors
[Episode 305/400] Steps: 720 | Reward:  268.56 | Battery:  86.19% | Loss: 
Placing Sensors
[Episode 306/400] Steps: 720 | Reward:  232.66 | Battery:  78.76% | Loss: 
Placing Sensors
[Episode 307/400] Steps: 720 | Reward:  244.42 | Battery:  82.29% | Loss: 
Placing Sensors
Policy -0.0080 | Value 7.4163 | KL 0.01407 | CF 0.1695 | Std 0.2250 | |a| 0.1083 | Alpha 0.0100 | MB 48/48
[Episode 308/400] Steps: 720 | Reward:  231.54 | Battery:  77.36% | Loss: -0.1100
Placing Sensors
[Episode 309/400] Steps: 720 | Reward:  264.78 | Battery:  86.40% | Loss: 
Placing Sensors
[Episode 310/400] Steps: 720 | Reward:  250.15 | Battery:  85.55% | Loss: 
Placing Sensors
[Episode 311/400] Steps: 720 | Reward:  228.22 | Battery:  80.96% | Loss: 
Placing Sensors
Policy -0.0120 | Value 9.5628 | KL 0.01692 | CF 0.1757 | Std 0.2243 | |a| 0.1149 | Alpha 0.0100 | MB 48/48
[Episode 312/400] Steps: 720 | Reward:  256.40 | Battery:  84.83% | Loss: -0.0551
Placing Sensors
[Episode 313/400] Steps: 720 | Reward:  202.82 | Battery:  76.79% | Loss: 
Placing Sensors
[Episode 314/400] Steps: 720 | Reward:  210.83 | Battery:  75.08% | Loss: 
Placing Sensors
[Episode 315/400] Steps: 720 | Reward:  259.47 | Battery:  86.80% | Loss: 
Placing Sensors
Policy -0.0086 | Value 9.9412 | KL 0.01726 | CF 0.1353 | Std 0.2238 | |a| 0.1264 | Alpha 0.0100 | MB 48/48
[Episode 316/400] Steps: 720 | Reward:  258.96 | Battery:  84.21% | Loss: -0.0319
Placing Sensors
[Episode 317/400] Steps: 720 | Reward:  230.55 | Battery:  77.75% | Loss: 
Placing Sensors
[Episode 318/400] Steps: 720 | Reward:  228.26 | Battery:  80.66% | Loss: 
Placing Sensors
[Episode 319/400] Steps: 720 | Reward:  245.15 | Battery:  82.39% | Loss: 
Placing Sensors
Policy -0.0113 | Value 8.5185 | KL 0.01403 | CF 0.1641 | Std 0.2229 | |a| 0.1168 | Alpha 0.0100 | MB 48/48
[Episode 320/400] Steps: 720 | Reward:  279.77 | Battery:  87.45% | Loss: -0.0903
Placing Sensors
[Episode 321/400] Steps: 720 | Reward:  234.78 | Battery:  78.53% | Loss: 
Placing Sensors
[Episode 322/400] Steps: 720 | Reward:  237.93 | Battery:  83.51% | Loss: 
Placing Sensors
[Episode 323/400] Steps: 720 | Reward:  265.37 | Battery:  83.62% | Loss: 
Placing Sensors
Policy -0.0109 | Value 10.4627 | KL 0.01751 | CF 0.1758 | Std 0.2216 | |a| 0.1152 | Alpha 0.0100 | MB 48/48
[Episode 324/400] Steps: 720 | Reward:  240.17 | Battery:  81.07% | Loss: 0.1224
Placing Sensors
[Episode 325/400] Steps: 720 | Reward:  253.82 | Battery:  86.71% | Loss: 
Placing Sensors
[Episode 326/400] Steps: 720 | Reward:  268.35 | Battery:  87.15% | Loss: 
Placing Sensors
[Episode 327/400] Steps: 720 | Reward:  249.78 | Battery:  80.33% | Loss: 
Placing Sensors
Policy -0.0092 | Value 9.8671 | KL 0.01356 | CF 0.1683 | Std 0.2205 | |a| 0.1273 | Alpha 0.0100 | MB 48/48
[Episode 328/400] Steps: 720 | Reward:  228.72 | Battery:  79.96% | Loss: 0.0342
Placing Sensors
[Episode 329/400] Steps: 720 | Reward:  238.26 | Battery:  82.47% | Loss: 
Placing Sensors
[Episode 330/400] Steps: 720 | Reward:  248.57 | Battery:  81.97% | Loss: 
Placing Sensors
[Episode 331/400] Steps: 720 | Reward:  279.42 | Battery:  87.08% | Loss: 
Placing Sensors
Policy -0.0129 | Value 8.4841 | KL 0.01400 | CF 0.1611 | Std 0.2196 | |a| 0.1121 | Alpha 0.0100 | MB 48/48
[Episode 332/400] Steps: 720 | Reward:  253.22 | Battery:  81.77% | Loss: 0.0761
Placing Sensors
[Episode 333/400] Steps: 720 | Reward:  243.15 | Battery:  81.29% | Loss: 
Placing Sensors
[Episode 334/400] Steps: 720 | Reward:  231.37 | Battery:  80.46% | Loss: 
Placing Sensors
[Episode 335/400] Steps: 720 | Reward:  228.43 | Battery:  77.63% | Loss: 
Placing Sensors
Policy -0.0031 | Value 9.3882 | KL 0.01400 | CF 0.1614 | Std 0.2188 | |a| 0.1195 | Alpha 0.0100 | MB 48/48
[Episode 336/400] Steps: 720 | Reward:  284.61 | Battery:  87.84% | Loss: 0.2076
Placing Sensors
[Episode 337/400] Steps: 720 | Reward:  252.70 | Battery:  82.32% | Loss: 
Placing Sensors
[Episode 338/400] Steps: 720 | Reward:  235.69 | Battery:  78.53% | Loss: 
Placing Sensors
[Episode 339/400] Steps: 720 | Reward:  199.45 | Battery:  71.41% | Loss: 
Placing Sensors
Policy -0.0174 | Value 7.1677 | KL 0.01414 | CF 0.1542 | Std 0.2184 | |a| 0.1357 | Alpha 0.0100 | MB 48/48
[Episode 340/400] Steps: 720 | Reward:  232.51 | Battery:  77.56% | Loss: -0.0136
Placing Sensors
[Episode 341/400] Steps: 720 | Reward:  227.91 | Battery:  81.51% | Loss: 
Placing Sensors
[Episode 342/400] Steps: 720 | Reward:  218.24 | Battery:  74.66% | Loss: 
Placing Sensors
[Episode 343/400] Steps: 720 | Reward:  239.37 | Battery:  83.79% | Loss: 
Placing Sensors
Policy -0.0038 | Value 10.2546 | KL 0.01220 | CF 0.1369 | Std 0.2183 | |a| 0.1177 | Alpha 0.0100 | MB 48/48
[Episode 344/400] Steps: 720 | Reward:  278.78 | Battery:  88.77% | Loss: 0.0681
Placing Sensors
[Episode 345/400] Steps: 720 | Reward:  267.98 | Battery:  83.66% | Loss: 
Placing Sensors
[Episode 346/400] Steps: 720 | Reward:  224.36 | Battery:  78.72% | Loss: 
Placing Sensors
[Episode 347/400] Steps: 720 | Reward:  248.51 | Battery:  83.35% | Loss: 
Placing Sensors
Policy -0.0141 | Value 9.6491 | KL 0.01216 | CF 0.1429 | Std 0.2179 | |a| 0.1251 | Alpha 0.0100 | MB 48/48
[Episode 348/400] Steps: 720 | Reward:  254.98 | Battery:  84.88% | Loss: 0.0800
Placing Sensors
[Episode 349/400] Steps: 720 | Reward:  249.37 | Battery:  83.87% | Loss: 
Placing Sensors
[Episode 350/400] Steps: 720 | Reward:  237.95 | Battery:  80.32% | Loss: 
Placing Sensors
[Episode 351/400] Steps: 720 | Reward:  230.18 | Battery:  77.70% | Loss: 
Placing Sensors
Policy -0.0179 | Value 8.3625 | KL 0.01661 | CF 0.1613 | Std 0.2172 | |a| 0.1251 | Alpha 0.0100 | MB 48/48
[Episode 352/400] Steps: 720 | Reward:  210.45 | Battery:  73.26% | Loss: -0.0451
Placing Sensors
[Episode 353/400] Steps: 720 | Reward:  237.11 | Battery:  81.75% | Loss: 
Placing Sensors
[Episode 354/400] Steps: 720 | Reward:  257.15 | Battery:  81.81% | Loss: 
Placing Sensors
[Episode 355/400] Steps: 720 | Reward:  259.62 | Battery:  86.04% | Loss: 
Placing Sensors
Policy -0.0206 | Value 6.5895 | KL 0.01561 | CF 0.1755 | Std 0.2163 | |a| 0.1211 | Alpha 0.0100 | MB 48/48
[Episode 356/400] Steps: 720 | Reward:  266.16 | Battery:  87.30% | Loss: -0.0986
Placing Sensors
[Episode 357/400] Steps: 720 | Reward:  267.66 | Battery:  87.15% | Loss: 
Placing Sensors
[Episode 358/400] Steps: 720 | Reward:  270.36 | Battery:  87.28% | Loss: 
Placing Sensors
[Episode 359/400] Steps: 720 | Reward:  280.67 | Battery:  87.28% | Loss: 
Placing Sensors
Policy 0.0023 | Value 7.0521 | KL 0.02026 | CF 0.2257 | Std 0.2156 | |a| 0.1162 | Alpha 0.0100 | MB 48/48
[Episode 360/400] Steps: 720 | Reward:  262.21 | Battery:  84.28% | Loss: 0.1545
Placing Sensors
[Episode 361/400] Steps: 720 | Reward:  270.19 | Battery:  86.32% | Loss: 
Placing Sensors
[Episode 362/400] Steps: 720 | Reward:  221.32 | Battery:  75.39% | Loss: 
Placing Sensors
[Episode 363/400] Steps: 720 | Reward:  301.58 | Battery:  87.42% | Loss: 
Placing Sensors
Policy -0.0151 | Value 8.8095 | KL 0.01844 | CF 0.1490 | Std 0.2152 | |a| 0.1190 | Alpha 0.0100 | MB 48/48
[Episode 364/400] Steps: 720 | Reward:  261.25 | Battery:  82.52% | Loss: -0.0394
Placing Sensors
[Episode 365/400] Steps: 720 | Reward:  258.02 | Battery:  82.08% | Loss: 
Placing Sensors
[Episode 366/400] Steps: 720 | Reward:  271.94 | Battery:  87.69% | Loss: 
Placing Sensors
[Episode 367/400] Steps: 720 | Reward:  240.24 | Battery:  78.83% | Loss: 
Placing Sensors
Policy -0.0120 | Value 9.3199 | KL 0.01243 | CF 0.1383 | Std 0.2150 | |a| 0.1109 | Alpha 0.0100 | MB 48/48
[Episode 368/400] Steps: 720 | Reward:  276.03 | Battery:  86.96% | Loss: 0.0920
Placing Sensors
[Episode 369/400] Steps: 720 | Reward:  304.42 | Battery:  88.03% | Loss: 
Placing Sensors
[Episode 370/400] Steps: 720 | Reward:  225.16 | Battery:  77.59% | Loss: 
Placing Sensors
[Episode 371/400] Steps: 720 | Reward:  228.00 | Battery:  78.84% | Loss: 
Placing Sensors
Policy -0.0123 | Value 8.0857 | KL 0.01557 | CF 0.1785 | Std 0.2147 | |a| 0.1141 | Alpha 0.0100 | MB 48/48
[Episode 372/400] Steps: 720 | Reward:  268.30 | Battery:  87.18% | Loss: -0.0741
Placing Sensors
[Episode 373/400] Steps: 720 | Reward:  194.38 | Battery:  69.09% | Loss: 
Placing Sensors
[Episode 374/400] Steps: 720 | Reward:  272.56 | Battery:  85.98% | Loss: 
Placing Sensors
[Episode 375/400] Steps: 720 | Reward:  240.25 | Battery:  79.60% | Loss: 
Placing Sensors
Policy -0.0141 | Value 7.2151 | KL 0.01240 | CF 0.1462 | Std 0.2144 | |a| 0.1158 | Alpha 0.0100 | MB 48/48
[Episode 376/400] Steps: 720 | Reward:  239.47 | Battery:  79.65% | Loss: -0.1780
Placing Sensors
[Episode 377/400] Steps: 720 | Reward:  273.58 | Battery:  85.48% | Loss: 
Placing Sensors
[Episode 378/400] Steps: 720 | Reward:  270.09 | Battery:  88.01% | Loss: 
Placing Sensors
[Episode 379/400] Steps: 720 | Reward:  261.26 | Battery:  86.18% | Loss: 
Placing Sensors
Policy -0.0110 | Value 10.1277 | KL 0.01084 | CF 0.1281 | Std 0.2138 | |a| 0.1054 | Alpha 0.0100 | MB 48/48
[Episode 380/400] Steps: 720 | Reward:  262.99 | Battery:  87.98% | Loss: -0.0766
Placing Sensors
[Episode 381/400] Steps: 720 | Reward:  277.59 | Battery:  89.16% | Loss: 
Placing Sensors
[Episode 382/400] Steps: 720 | Reward:  227.08 | Battery:  78.78% | Loss: 
Placing Sensors
[Episode 383/400] Steps: 720 | Reward:  253.57 | Battery:  85.50% | Loss: 
Placing Sensors
Policy -0.0135 | Value 8.0376 | KL 0.01390 | CF 0.1385 | Std 0.2133 | |a| 0.1206 | Alpha 0.0100 | MB 48/48
[Episode 384/400] Steps: 720 | Reward:  249.22 | Battery:  81.35% | Loss: -0.1893
Placing Sensors
[Episode 385/400] Steps: 720 | Reward:  211.93 | Battery:  72.24% | Loss: 
Placing Sensors
[Episode 386/400] Steps: 720 | Reward:  241.70 | Battery:  83.12% | Loss: 
Placing Sensors
[Episode 387/400] Steps: 720 | Reward:  245.08 | Battery:  81.08% | Loss: 
Placing Sensors
Policy -0.0094 | Value 10.3722 | KL 0.00969 | CF 0.1173 | Std 0.2130 | |a| 0.1256 | Alpha 0.0100 | MB 48/48
[Episode 388/400] Steps: 720 | Reward:  261.92 | Battery:  84.13% | Loss: -0.1100
Placing Sensors
[Episode 389/400] Steps: 720 | Reward:  251.69 | Battery:  82.27% | Loss: 
Placing Sensors
[Episode 390/400] Steps: 720 | Reward:  252.12 | Battery:  84.47% | Loss: 
Placing Sensors
[Episode 391/400] Steps: 720 | Reward:  264.20 | Battery:  83.66% | Loss: 
Placing Sensors
Policy -0.0078 | Value 8.4002 | KL 0.01237 | CF 0.1540 | Std 0.2125 | |a| 0.1090 | Alpha 0.0100 | MB 48/48
[Episode 392/400] Steps: 720 | Reward:  260.33 | Battery:  84.78% | Loss: 0.1844
Placing Sensors
[Episode 393/400] Steps: 720 | Reward:  246.26 | Battery:  82.70% | Loss: 
Placing Sensors
[Episode 394/400] Steps: 720 | Reward:  215.52 | Battery:  77.97% | Loss: 
Placing Sensors
[Episode 395/400] Steps: 720 | Reward:  233.30 | Battery:  81.67% | Loss: 
Placing Sensors
Policy -0.0132 | Value 10.0573 | KL 0.01233 | CF 0.1331 | Std 0.2118 | |a| 0.1160 | Alpha 0.0100 | MB 48/48
[Episode 396/400] Steps: 720 | Reward:  239.84 | Battery:  84.12% | Loss: -0.0190
Placing Sensors
[Episode 397/400] Steps: 720 | Reward:  270.65 | Battery:  87.60% | Loss: 
Placing Sensors
[Episode 398/400] Steps: 720 | Reward:  256.67 | Battery:  85.03% | Loss: 
Placing Sensors
[Episode 399/400] Steps: 720 | Reward:  228.29 | Battery:  77.00% | Loss: 
Placing Sensors
Policy -0.0142 | Value 7.5953 | KL 0.01247 | CF 0.1470 | Std 0.2108 | |a| 0.1157 | Alpha 0.0100 | MB 48/48
[Episode 400/400] Steps: 720 | Reward:  211.39 | Battery:  72.93% | Loss: 0.2198
Placing Sensors
  [validation 1/10] steps 720 | battery  37.8% ->  90.6% (min  36.5%) | reward   433.39 | |a| 0.044 | path     444 m
Placing Sensors
  [validation 2/10] steps 720 | battery  34.1% ->  88.3% (min  28.8%) | reward   338.42 | |a| 0.180 | path     283 m
Placing Sensors
  [validation 3/10] steps 720 | battery  39.6% ->  84.7% (min  36.7%) | reward   344.10 | |a| 0.068 | path     743 m
Placing Sensors
  [validation 4/10] steps 720 | battery  32.6% ->  87.9% (min  30.3%) | reward   349.99 | |a| 0.097 | path     545 m
Placing Sensors
  [validation 5/10] steps 720 | battery  35.9% ->  85.2% (min  31.4%) | reward   338.88 | |a| 0.077 | path     949 m
Placing Sensors
  [validation 6/10] steps 720 | battery  39.8% ->  85.0% (min  34.4%) | reward   332.82 | |a| 0.085 | path     900 m
Placing Sensors
  [validation 7/10] steps 720 | battery  38.1% ->  84.7% (min  37.4%) | reward   336.46 | |a| 0.093 | path     610 m
Placing Sensors
  [validation 8/10] steps 720 | battery  38.7% ->  91.9% (min  32.9%) | reward   416.11 | |a| 0.055 | path     622 m
Placing Sensors
  [validation 9/10] steps 720 | battery  39.0% ->  86.4% (min  31.5%) | reward   322.45 | |a| 0.124 | path     315 m
Placing Sensors
  [validation 10/10] steps 720 | battery  39.1% ->  84.6% (min  36.7%) | reward   328.12 | |a| 0.075 | path     939 m

==============================================================================
VALIDATION COMPLETE -- 10 independent deterministic episodes
==============================================================================
metric                       mean        std        min        max
reward                     354.07      38.25     322.45     433.39
final battery %             86.94       2.65      84.56      91.89
min battery %               33.66       3.10      28.83      37.41
steps                      720.00       0.00     720.00     720.00
solar W                     27.79       2.71      24.50      32.88
|action|                     0.09       0.04       0.04       0.18
path m                     635.18     246.07     282.77     949.44
tortuosity                   4.30       1.47       2.33       7.09
motion mAh                 441.38     164.65     203.60     653.51
idle mAh                 11582.40       0.00   11582.40   11582.40

survived full 720 steps : 10/10
ended below 20% battery         : 0/10
ended above 70% battery         : 10/10

reward 95% CI: 354.07 +- 23.71  (330.37 to 377.78)

total step rows written: 7200

==============================================
WALL CLOCK BREAKDOWN
==============================================
Total run time        :   21617.20 s
  Rollout (training)  :   20956.85 s  ( 96.9%)
    - policy inference:     206.35 s  (  1.0%)
    - env + reward    :   20750.50 s  ( 96.0%)
  PPO update()        :      39.98 s  (  0.2%)
  Checkpoint saves    :       0.01 s  (  0.0%)
  Final evaluation    :     508.15 s  (  2.4%)
  Other / logging     :     112.21 s  (  0.5%)

==============================================
PER-CALL AVERAGES
==============================================
Policy inference      :   295200 calls |    0.717 ms/step
  final eval only     :     7200 calls |    0.732 ms/step
PPO update()          :      100 calls |  399.770 ms/update
Episode               :      400 eps   |   52.772 s/episode

update() share of wall clock: 0.2%
