Placing Sensors
Placing Sensors
[Episode 1/30] Steps: 720 | Reward:  388.82 | Battery:  86.16% | Loss: N/A (planner)
Placing Sensors
[Episode 2/30] Steps: 720 | Reward:  391.67 | Battery:  85.55% | Loss: N/A (planner)
Placing Sensors
[Episode 3/30] Steps: 720 | Reward:  388.26 | Battery:  81.59% | Loss: N/A (planner)
Placing Sensors
[Episode 4/30] Steps: 720 | Reward:  381.70 | Battery:  84.10% | Loss: N/A (planner)
Placing Sensors
[Episode 5/30] Steps: 720 | Reward:  396.10 | Battery:  84.86% | Loss: N/A (planner)
Placing Sensors
[Episode 6/30] Steps: 720 | Reward:  405.27 | Battery:  86.64% | Loss: N/A (planner)
Placing Sensors
[Episode 7/30] Steps: 720 | Reward:  385.62 | Battery:  86.71% | Loss: N/A (planner)
Placing Sensors
[Episode 8/30] Steps: 720 | Reward:  393.85 | Battery:  89.46% | Loss: N/A (planner)
Placing Sensors
[Episode 9/30] Steps: 720 | Reward:  303.27 | Battery:  86.31% | Loss: N/A (planner)
Placing Sensors
[Episode 10/30] Steps: 720 | Reward:  375.02 | Battery:  78.98% | Loss: N/A (planner)
Placing Sensors
[Episode 11/30] Steps: 720 | Reward:  344.55 | Battery:  84.07% | Loss: N/A (planner)
Placing Sensors
[Episode 12/30] Steps: 720 | Reward:  356.18 | Battery:  88.26% | Loss: N/A (planner)
Placing Sensors
[Episode 13/30] Steps: 720 | Reward:  352.33 | Battery:  85.99% | Loss: N/A (planner)
Placing Sensors
[Episode 14/30] Steps: 720 | Reward:  368.28 | Battery:  83.48% | Loss: N/A (planner)
Placing Sensors
[Episode 15/30] Steps: 720 | Reward:  359.19 | Battery:  81.03% | Loss: N/A (planner)
Placing Sensors
[Episode 16/30] Steps: 720 | Reward:  376.40 | Battery:  87.57% | Loss: N/A (planner)
Placing Sensors
[Episode 17/30] Steps: 720 | Reward:  385.44 | Battery:  83.03% | Loss: N/A (planner)
Placing Sensors
[Episode 18/30] Steps: 720 | Reward:  339.67 | Battery:  88.39% | Loss: N/A (planner)
Placing Sensors
[Episode 19/30] Steps: 720 | Reward:  339.19 | Battery:  80.45% | Loss: N/A (planner)
Placing Sensors
[Episode 20/30] Steps: 720 | Reward:  367.71 | Battery:  87.09% | Loss: N/A (planner)
Placing Sensors
[Episode 21/30] Steps: 720 | Reward:  336.67 | Battery:  73.05% | Loss: N/A (planner)
Placing Sensors
[Episode 22/30] Steps: 720 | Reward:  398.13 | Battery:  88.37% | Loss: N/A (planner)
Placing Sensors
[Episode 23/30] Steps: 720 | Reward:  400.61 | Battery:  88.29% | Loss: N/A (planner)
Placing Sensors
[Episode 24/30] Steps: 720 | Reward:  354.14 | Battery:  80.24% | Loss: N/A (planner)
Placing Sensors
[Episode 25/30] Steps: 720 | Reward:  336.91 | Battery:  83.69% | Loss: N/A (planner)
Placing Sensors
[Episode 26/30] Steps: 720 | Reward:  322.98 | Battery:  77.83% | Loss: N/A (planner)
Placing Sensors
[Episode 27/30] Steps: 720 | Reward:  389.64 | Battery:  87.46% | Loss: N/A (planner)
Placing Sensors
[Episode 28/30] Steps: 720 | Reward:  387.26 | Battery:  87.76% | Loss: N/A (planner)
Placing Sensors
[Episode 29/30] Steps: 720 | Reward:  377.19 | Battery:  88.33% | Loss: N/A (planner)
Placing Sensors
[Episode 30/30] Steps: 720 | Reward:  382.62 | Battery:  87.50% | Loss: N/A (planner)
[budget] 21600 transitions collected over 30 episodes -- step budget met, stopping.
Placing Sensors
  [validation 1/10] steps 720 | battery  34.9% ->  85.4% (min  26.1%) | reward   367.61 | |a| 0.014 | path     123 m
Placing Sensors
  [validation 2/10] steps 720 | battery  34.0% ->  75.8% (min  31.8%) | reward   335.24 | |a| 0.020 | path     180 m
Placing Sensors
  [validation 3/10] steps 720 | battery  34.7% ->  88.9% (min  34.5%) | reward   417.85 | |a| 0.011 | path      90 m
Placing Sensors
  [validation 4/10] steps 720 | battery  33.8% ->  86.3% (min  28.1%) | reward   375.40 | |a| 0.015 | path     139 m
Placing Sensors
  [validation 5/10] steps 720 | battery  31.7% ->  80.8% (min  30.6%) | reward   416.48 | |a| 0.011 | path     107 m
Placing Sensors
  [validation 6/10] steps 720 | battery  35.3% ->  86.3% (min  34.8%) | reward   380.62 | |a| 0.016 | path     156 m
Placing Sensors
  [validation 7/10] steps 720 | battery  32.5% ->  85.9% (min  30.7%) | reward   408.62 | |a| 0.016 | path     138 m
Placing Sensors
  [validation 8/10] steps 720 | battery  38.6% ->  74.5% (min  36.4%) | reward   340.77 | |a| 0.038 | path     171 m
Placing Sensors
  [validation 9/10] steps 720 | battery  34.8% ->  88.2% (min  29.2%) | reward   392.80 | |a| 0.014 | path     130 m
Placing Sensors
  [validation 10/10] steps 720 | battery  39.5% ->  87.9% (min  38.6%) | reward   341.88 | |a| 0.073 | path     134 m

==============================================================================
VALIDATION COMPLETE -- 10 independent deterministic episodes
==============================================================================
metric                       mean        std        min        max
reward                     377.73      31.39     335.24     417.85
final battery %             84.00       5.17      74.48      88.88
min battery %               32.09       3.92      26.07      38.55
steps                      720.00       0.00     720.00     720.00
solar W                     31.20       1.61      27.46      33.00
|action|                     0.02       0.02       0.01       0.07
path m                     136.72      27.37      89.94     180.28
tortuosity                   2.70       2.94       1.39      10.99
motion mAh                  97.06      19.27      62.86     129.15
idle mAh                 11582.40       0.00   11582.40   11582.40

survived full 720 steps : 10/10
ended below 20% battery         : 0/10
ended above 70% battery         : 10/10

reward 95% CI: 377.73 +- 19.45  (358.27 to 397.18)

total step rows written: 7200

==============================================
WALL CLOCK BREAKDOWN
==============================================
Total run time        :    1483.60 s
  Rollout (training)  :    1114.03 s  ( 75.1%)
    - policy inference:      35.86 s  (  2.4%)
    - env + reward    :    1078.17 s  ( 72.7%)
  PPO update()        :       0.00 s  (  0.0%)
  Checkpoint saves    :       0.00 s  (  0.0%)
  Final evaluation    :     361.60 s  ( 24.4%)
  Other / logging     :       7.97 s  (  0.5%)

==============================================
PER-CALL AVERAGES
==============================================
Policy inference      :    28800 calls |    1.667 ms/step
  final eval only     :     7200 calls |    1.689 ms/step
Episode               :       30 eps   |   37.399 s/episode

update() share of wall clock: 0.0%
