Placing Sensors
Placing Sensors
[Episode 1/30] Steps: 720 | Reward:  372.36 | Battery:  81.96% | Loss: N/A (planner)
Placing Sensors
[Episode 2/30] Steps: 720 | Reward:  352.35 | Battery:  86.65% | Loss: N/A (planner)
Placing Sensors
[Episode 3/30] Steps: 720 | Reward:  387.96 | Battery:  84.62% | Loss: N/A (planner)
Placing Sensors
[Episode 4/30] Steps: 720 | Reward:  333.04 | Battery:  76.25% | Loss: N/A (planner)
Placing Sensors
[Episode 5/30] Steps: 720 | Reward:  356.50 | Battery:  83.98% | Loss: N/A (planner)
Placing Sensors
[Episode 6/30] Steps: 720 | Reward:  312.16 | Battery:  78.46% | Loss: N/A (planner)
Placing Sensors
[Episode 7/30] Steps: 720 | Reward:  372.53 | Battery:  88.64% | Loss: N/A (planner)
Placing Sensors
[Episode 8/30] Steps: 720 | Reward:  338.36 | Battery:  81.01% | Loss: N/A (planner)
Placing Sensors
[Episode 9/30] Steps: 720 | Reward:  378.95 | Battery:  87.71% | Loss: N/A (planner)
Placing Sensors
[Episode 10/30] Steps: 720 | Reward:  419.54 | Battery:  87.86% | Loss: N/A (planner)
Placing Sensors
[Episode 11/30] Steps: 720 | Reward:  340.95 | Battery:  84.74% | Loss: N/A (planner)
Placing Sensors
[Episode 12/30] Steps: 720 | Reward:  384.09 | Battery:  85.93% | Loss: N/A (planner)
Placing Sensors
[Episode 13/30] Steps: 720 | Reward:  373.48 | Battery:  88.28% | Loss: N/A (planner)
Placing Sensors
[Episode 14/30] Steps: 720 | Reward:  398.72 | Battery:  73.27% | Loss: N/A (planner)
Placing Sensors
[Episode 15/30] Steps: 720 | Reward:  384.27 | Battery:  89.27% | Loss: N/A (planner)
Placing Sensors
[Episode 16/30] Steps: 720 | Reward:  416.23 | Battery:  88.79% | Loss: N/A (planner)
Placing Sensors
[Episode 17/30] Steps: 720 | Reward:  413.08 | Battery:  87.75% | Loss: N/A (planner)
Placing Sensors
[Episode 18/30] Steps: 720 | Reward:  457.83 | Battery:  86.35% | Loss: N/A (planner)
Placing Sensors
[Episode 19/30] Steps: 720 | Reward:  389.67 | Battery:  87.67% | Loss: N/A (planner)
Placing Sensors
[Episode 20/30] Steps: 720 | Reward:  427.79 | Battery:  85.35% | Loss: N/A (planner)
Placing Sensors
[Episode 21/30] Steps: 720 | Reward:  415.63 | Battery:  88.45% | Loss: N/A (planner)
Placing Sensors
[Episode 22/30] Steps: 720 | Reward:  413.93 | Battery:  90.84% | Loss: N/A (planner)
Placing Sensors
[Episode 23/30] Steps: 720 | Reward:  380.41 | Battery:  82.45% | Loss: N/A (planner)
Placing Sensors
[Episode 24/30] Steps: 720 | Reward:  355.67 | Battery:  78.50% | Loss: N/A (planner)
Placing Sensors
[Episode 25/30] Steps: 720 | Reward:  377.26 | Battery:  87.78% | Loss: N/A (planner)
Placing Sensors
[Episode 26/30] Steps: 720 | Reward:  381.91 | Battery:  88.09% | Loss: N/A (planner)
Placing Sensors
[Episode 27/30] Steps: 720 | Reward:  386.01 | Battery:  87.21% | Loss: N/A (planner)
Placing Sensors
[Episode 28/30] Steps: 720 | Reward:  344.59 | Battery:  76.89% | Loss: N/A (planner)
Placing Sensors
[Episode 29/30] Steps: 720 | Reward:  360.53 | Battery:  86.22% | Loss: N/A (planner)
Placing Sensors
[Episode 30/30] Steps: 720 | Reward:  289.61 | Battery:  52.33% | Loss: N/A (planner)
[budget] 21600 transitions collected over 30 episodes -- step budget met, stopping.
Placing Sensors
  [validation 1/10] steps 720 | battery  30.4% ->  87.5% (min  29.3%) | reward   416.70 | |a| 0.013 | path     111 m
Placing Sensors
  [validation 2/10] steps 720 | battery  32.9% ->  82.5% (min  32.1%) | reward   361.42 | |a| 0.018 | path     174 m
Placing Sensors
  [validation 3/10] steps 720 | battery  39.9% ->  87.9% (min  39.0%) | reward   382.89 | |a| 0.012 | path      94 m
Placing Sensors
  [validation 4/10] steps 720 | battery  37.8% ->  87.0% (min  37.4%) | reward   390.09 | |a| 0.012 | path      96 m
Placing Sensors
  [validation 5/10] steps 720 | battery  31.1% ->  84.7% (min  30.2%) | reward   353.90 | |a| 0.045 | path     211 m
Placing Sensors
  [validation 6/10] steps 720 | battery  30.2% ->  86.3% (min  29.9%) | reward   399.54 | |a| 0.014 | path     122 m
Placing Sensors
  [validation 7/10] steps 720 | battery  33.1% ->  81.8% (min  32.7%) | reward   370.61 | |a| 0.016 | path     137 m
Placing Sensors
  [validation 8/10] steps 720 | battery  30.3% ->  82.9% (min  26.9%) | reward   372.98 | |a| 0.028 | path     279 m
Placing Sensors
  [validation 9/10] steps 720 | battery  38.2% ->  86.5% (min  37.4%) | reward   389.38 | |a| 0.011 | path      93 m
Placing Sensors
  [validation 10/10] steps 720 | battery  33.9% ->  87.3% (min  32.7%) | reward   385.37 | |a| 0.016 | path     149 m

==============================================================================
VALIDATION COMPLETE -- 10 independent deterministic episodes
==============================================================================
metric                       mean        std        min        max
reward                     382.29      18.46     353.90     416.70
final battery %             85.42       2.29      81.77      87.85
min battery %               32.76       4.01      26.90      39.05
steps                      720.00       0.00     720.00     720.00
solar W                     31.16       1.66      27.03      32.71
|action|                     0.02       0.01       0.01       0.05
path m                     146.53      60.14      92.56     278.65
tortuosity                   2.24       1.38       1.38       5.98
motion mAh                 104.20      41.09      65.84     195.90
idle mAh                 11582.40       0.00   11582.40   11582.40

survived full 720 steps : 10/10
ended below 20% battery         : 0/10
ended above 70% battery         : 10/10

reward 95% CI: 382.29 +- 11.44  (370.85 to 393.73)

total step rows written: 7200

==============================================
WALL CLOCK BREAKDOWN
==============================================
Total run time        :    1964.42 s
  Rollout (training)  :    1581.51 s  ( 80.5%)
    - policy inference:      52.79 s  (  2.7%)
    - env + reward    :    1528.72 s  ( 77.8%)
  PPO update()        :       0.00 s  (  0.0%)
  Checkpoint saves    :       0.00 s  (  0.0%)
  Final evaluation    :     371.14 s  ( 18.9%)
  Other / logging     :      11.77 s  (  0.6%)

==============================================
PER-CALL AVERAGES
==============================================
Policy inference      :    28800 calls |    2.255 ms/step
  final eval only     :     7200 calls |    1.687 ms/step
Episode               :       30 eps   |   53.109 s/episode

update() share of wall clock: 0.0%
