Placing Sensors
Placing Sensors
[Episode 1/30] Steps: 720 | Reward:  367.80 | Battery:  86.94% | Loss: N/A (planner)
Placing Sensors
[Episode 2/30] Steps: 720 | Reward:  316.15 | Battery:  57.65% | Loss: N/A (planner)
Placing Sensors
[Episode 3/30] Steps: 720 | Reward:  388.64 | Battery:  83.93% | Loss: N/A (planner)
Placing Sensors
[Episode 4/30] Steps: 720 | Reward:  382.34 | Battery:  88.30% | Loss: N/A (planner)
Placing Sensors
[Episode 5/30] Steps: 720 | Reward:  385.10 | Battery:  79.54% | Loss: N/A (planner)
Placing Sensors
[Episode 6/30] Steps: 720 | Reward:  412.97 | Battery:  88.12% | Loss: N/A (planner)
Placing Sensors
[Episode 7/30] Steps: 720 | Reward:  368.45 | Battery:  76.62% | Loss: N/A (planner)
Placing Sensors
[Episode 8/30] Steps: 720 | Reward:  436.61 | Battery:  88.77% | Loss: N/A (planner)
Placing Sensors
[Episode 9/30] Steps: 720 | Reward:  400.17 | Battery:  88.11% | Loss: N/A (planner)
Placing Sensors
[Episode 10/30] Steps: 720 | Reward:  398.32 | Battery:  88.78% | Loss: N/A (planner)
Placing Sensors
[Episode 11/30] Steps: 720 | Reward:  386.80 | Battery:  88.88% | Loss: N/A (planner)
Placing Sensors
[Episode 12/30] Steps: 720 | Reward:  389.80 | Battery:  87.75% | Loss: N/A (planner)
Placing Sensors
[Episode 13/30] Steps: 720 | Reward:  386.81 | Battery:  87.12% | Loss: N/A (planner)
Placing Sensors
[Episode 14/30] Steps: 720 | Reward:  352.57 | Battery:  81.73% | Loss: N/A (planner)
Placing Sensors
[Episode 15/30] Steps: 720 | Reward:  324.96 | Battery:  80.46% | Loss: N/A (planner)
Placing Sensors
[Episode 16/30] Steps: 720 | Reward:  356.81 | Battery:  83.81% | Loss: N/A (planner)
Placing Sensors
[Episode 17/30] Steps: 720 | Reward:  349.85 | Battery:  80.49% | Loss: N/A (planner)
Placing Sensors
[Episode 18/30] Steps: 720 | Reward:  426.81 | Battery:  87.72% | Loss: N/A (planner)
Placing Sensors
[Episode 19/30] Steps: 720 | Reward:  380.14 | Battery:  84.49% | Loss: N/A (planner)
Placing Sensors
[Episode 20/30] Steps: 720 | Reward:  386.25 | Battery:  85.72% | Loss: N/A (planner)
Placing Sensors
[Episode 21/30] Steps: 720 | Reward:  378.65 | Battery:  89.53% | Loss: N/A (planner)
Placing Sensors
[Episode 22/30] Steps: 720 | Reward:  378.38 | Battery:  86.33% | Loss: N/A (planner)
Placing Sensors
[Episode 23/30] Steps: 720 | Reward:  361.73 | Battery:  84.33% | Loss: N/A (planner)
Placing Sensors
[Episode 24/30] Steps: 720 | Reward:  405.65 | Battery:  85.00% | Loss: N/A (planner)
Placing Sensors
[Episode 25/30] Steps: 720 | Reward:  421.36 | Battery:  86.40% | Loss: N/A (planner)
Placing Sensors
[Episode 26/30] Steps: 720 | Reward:  415.77 | Battery:  81.34% | Loss: N/A (planner)
Placing Sensors
[Episode 27/30] Steps: 720 | Reward:  292.76 | Battery:  69.52% | Loss: N/A (planner)
Placing Sensors
[Episode 28/30] Steps: 720 | Reward:  389.10 | Battery:  86.43% | Loss: N/A (planner)
Placing Sensors
[Episode 29/30] Steps: 720 | Reward:  361.54 | Battery:  82.99% | Loss: N/A (planner)
Placing Sensors
[Episode 30/30] Steps: 720 | Reward:  403.55 | Battery:  89.91% | Loss: N/A (planner)
[budget] 21600 transitions collected over 30 episodes -- step budget met, stopping.
Placing Sensors
  [validation 1/10] steps 720 | battery  32.3% ->  85.5% (min  31.4%) | reward   388.73 | |a| 0.015 | path     128 m
Placing Sensors
  [validation 2/10] steps 720 | battery  30.1% ->  85.6% (min  19.7%) | reward   391.36 | |a| 0.014 | path     125 m
Placing Sensors
  [validation 3/10] steps 720 | battery  40.0% ->  80.5% (min  37.9%) | reward   339.00 | |a| 0.018 | path     164 m
Placing Sensors
  [validation 4/10] steps 720 | battery  39.6% ->  87.0% (min  39.0%) | reward   372.86 | |a| 0.014 | path     133 m
Placing Sensors
  [validation 5/10] steps 720 | battery  35.1% ->  86.2% (min  28.1%) | reward   352.02 | |a| 0.018 | path     160 m
Placing Sensors
  [validation 6/10] steps 720 | battery  35.9% ->  87.8% (min  35.6%) | reward   434.19 | |a| 0.008 | path      73 m
Placing Sensors
  [validation 7/10] steps 720 | battery  38.3% ->  79.6% (min  37.8%) | reward   346.31 | |a| 0.017 | path     163 m
Placing Sensors
  [validation 8/10] steps 720 | battery  32.0% ->  87.0% (min  30.8%) | reward   375.38 | |a| 0.017 | path     146 m
Placing Sensors
  [validation 9/10] steps 720 | battery  37.7% ->  87.0% (min  37.5%) | reward   395.20 | |a| 0.011 | path      83 m
Placing Sensors
  [validation 10/10] steps 720 | battery  33.1% ->  77.1% (min  32.6%) | reward   355.50 | |a| 0.038 | path     137 m

==============================================================================
VALIDATION COMPLETE -- 10 independent deterministic episodes
==============================================================================
metric                       mean        std        min        max
reward                     375.05      28.67     339.00     434.19
final battery %             84.33       3.79      77.12      87.76
min battery %               33.03       5.93      19.75      38.97
steps                      720.00       0.00     720.00     720.00
solar W                     31.31       1.11      29.88      33.46
|action|                     0.02       0.01       0.01       0.04
path m                     131.03      31.51      73.13     163.76
tortuosity                   2.06       0.65       1.26       3.24
motion mAh                  93.62      21.86      52.14     116.70
idle mAh                 11582.54       0.44   11582.40   11583.80

survived full 720 steps : 10/10
ended below 20% battery         : 0/10
ended above 70% battery         : 10/10

reward 95% CI: 375.05 +- 17.77  (357.28 to 392.83)

total step rows written: 7200

==============================================
WALL CLOCK BREAKDOWN
==============================================
Total run time        :    1451.37 s
  Rollout (training)  :    1081.38 s  ( 74.5%)
    - policy inference:      35.85 s  (  2.5%)
    - env + reward    :    1045.54 s  ( 72.0%)
  PPO update()        :       0.00 s  (  0.0%)
  Checkpoint saves    :       0.00 s  (  0.0%)
  Final evaluation    :     362.04 s  ( 24.9%)
  Other / logging     :       7.94 s  (  0.5%)

==============================================
PER-CALL AVERAGES
==============================================
Policy inference      :    28800 calls |    1.665 ms/step
  final eval only     :     7200 calls |    1.681 ms/step
Episode               :       30 eps   |   36.310 s/episode

update() share of wall clock: 0.0%
