Placing Sensors
Placing Sensors
[Episode 1/30] Steps: 720 | Reward:  346.40 | Battery:  86.10% | Loss: N/A (planner)
Placing Sensors
[Episode 2/30] Steps: 720 | Reward:  385.77 | Battery:  87.26% | Loss: N/A (planner)
Placing Sensors
[Episode 3/30] Steps: 720 | Reward:  378.02 | Battery:  83.63% | Loss: N/A (planner)
Placing Sensors
[Episode 4/30] Steps: 720 | Reward:  391.13 | Battery:  82.64% | Loss: N/A (planner)
Placing Sensors
[Episode 5/30] Steps: 720 | Reward:  456.14 | Battery:  88.80% | Loss: N/A (planner)
Placing Sensors
[Episode 6/30] Steps: 720 | Reward:  355.93 | Battery:  88.15% | Loss: N/A (planner)
Placing Sensors
[Episode 7/30] Steps: 720 | Reward:  307.66 | Battery:  74.17% | Loss: N/A (planner)
Placing Sensors
[Episode 8/30] Steps: 720 | Reward:  384.43 | Battery:  83.11% | Loss: N/A (planner)
Placing Sensors
[Episode 9/30] Steps: 720 | Reward:  363.99 | Battery:  80.54% | Loss: N/A (planner)
Placing Sensors
[Episode 10/30] Steps: 720 | Reward:  382.59 | Battery:  90.01% | Loss: N/A (planner)
Placing Sensors
[Episode 11/30] Steps: 720 | Reward:  389.33 | Battery:  88.47% | Loss: N/A (planner)
Placing Sensors
[Episode 12/30] Steps: 720 | Reward:  360.27 | Battery:  79.13% | Loss: N/A (planner)
Placing Sensors
[Episode 13/30] Steps: 720 | Reward:  402.58 | Battery:  88.52% | Loss: N/A (planner)
Placing Sensors
[Episode 14/30] Steps: 720 | Reward:  368.37 | Battery:  86.65% | Loss: N/A (planner)
Placing Sensors
[Episode 15/30] Steps: 720 | Reward:  395.34 | Battery:  83.66% | Loss: N/A (planner)
Placing Sensors
[Episode 16/30] Steps: 720 | Reward:  329.47 | Battery:  69.56% | Loss: N/A (planner)
Placing Sensors
[Episode 17/30] Steps: 720 | Reward:  376.53 | Battery:  85.90% | Loss: N/A (planner)
Placing Sensors
[Episode 18/30] Steps: 720 | Reward:  388.53 | Battery:  87.45% | Loss: N/A (planner)
Placing Sensors
[Episode 19/30] Steps: 720 | Reward:  342.00 | Battery:  72.74% | Loss: N/A (planner)
Placing Sensors
[Episode 20/30] Steps: 720 | Reward:  414.11 | Battery:  86.67% | Loss: N/A (planner)
Placing Sensors
[Episode 21/30] Steps: 720 | Reward:  405.01 | Battery:  86.39% | Loss: N/A (planner)
Placing Sensors
[Episode 22/30] Steps: 720 | Reward:  359.95 | Battery:  81.84% | Loss: N/A (planner)
Placing Sensors
[Episode 23/30] Steps: 720 | Reward:  399.94 | Battery:  88.13% | Loss: N/A (planner)
Placing Sensors
[Episode 24/30] Steps: 720 | Reward:  397.29 | Battery:  89.55% | Loss: N/A (planner)
Placing Sensors
[Episode 25/30] Steps: 720 | Reward:  387.95 | Battery:  86.41% | Loss: N/A (planner)
Placing Sensors
[Episode 26/30] Steps: 720 | Reward:  387.15 | Battery:  86.11% | Loss: N/A (planner)
Placing Sensors
[Episode 27/30] Steps: 720 | Reward:  391.67 | Battery:  83.13% | Loss: N/A (planner)
Placing Sensors
[Episode 28/30] Steps: 720 | Reward:  407.27 | Battery:  87.94% | Loss: N/A (planner)
Placing Sensors
[Episode 29/30] Steps: 720 | Reward:  316.49 | Battery:  67.53% | Loss: N/A (planner)
Placing Sensors
[Episode 30/30] Steps: 720 | Reward:  386.49 | Battery:  82.92% | Loss: N/A (planner)
[budget] 21600 transitions collected over 30 episodes -- step budget met, stopping.
Placing Sensors
  [validation 1/10] steps 720 | battery  32.7% ->  86.9% (min  31.7%) | reward   389.12 | |a| 0.019 | path     185 m
Placing Sensors
  [validation 2/10] steps 720 | battery  38.4% ->  74.2% (min  31.1%) | reward   291.35 | |a| 0.023 | path     223 m
Placing Sensors
  [validation 3/10] steps 720 | battery  38.6% ->  62.9% (min  37.6%) | reward   305.73 | |a| 0.036 | path     220 m
Placing Sensors
  [validation 4/10] steps 720 | battery  33.9% ->  89.5% (min  19.4%) | reward   381.47 | |a| 0.015 | path     157 m
Placing Sensors
  [validation 5/10] steps 720 | battery  33.5% ->  86.0% (min  32.8%) | reward   387.43 | |a| 0.017 | path     160 m
Placing Sensors
  [validation 6/10] steps 720 | battery  34.3% ->  85.7% (min  34.3%) | reward   402.00 | |a| 0.013 | path     103 m
Placing Sensors
  [validation 7/10] steps 112 | battery  32.7% ->   0.0% (min   0.0%) | reward   -56.25 | |a| 0.375 | path      50 m
Placing Sensors
  [validation 8/10] steps 720 | battery  33.0% ->  89.1% (min  32.4%) | reward   413.81 | |a| 0.013 | path     109 m
Placing Sensors
  [validation 9/10] steps 720 | battery  38.2% ->  86.9% (min  35.9%) | reward   414.63 | |a| 0.013 | path     115 m
Placing Sensors
  [validation 10/10] steps 720 | battery  30.9% ->  85.8% (min  29.7%) | reward   397.64 | |a| 0.012 | path      97 m

==============================================================================
VALIDATION COMPLETE -- 10 independent deterministic episodes
==============================================================================
metric                       mean        std        min        max
reward                     332.69     143.21     -56.25     414.63
final battery %             74.71      27.52       0.00      89.49
min battery %               28.48      11.14       0.00      37.57
steps                      659.20     192.27     112.00     720.00
solar W                     28.38       8.74       3.80      32.28
|action|                     0.05       0.11       0.01       0.38
path m                     141.94      56.65      49.87     223.27
tortuosity                   2.40       1.78       1.24       6.82
motion mAh                 100.01      37.25      40.43     159.27
idle mAh                 10606.45    3086.68    1821.62   11583.69

survived full 720 steps : 9/10
ended below 20% battery         : 1/10
ended above 70% battery         : 8/10

reward 95% CI: 332.69 +- 88.76  (243.93 to 421.46)

total step rows written: 6592

==============================================
WALL CLOCK BREAKDOWN
==============================================
Total run time        :    1421.68 s
  Rollout (training)  :    1076.42 s  ( 75.7%)
    - policy inference:      35.67 s  (  2.5%)
    - env + reward    :    1040.75 s  ( 73.2%)
  PPO update()        :       0.00 s  (  0.0%)
  Checkpoint saves    :       0.00 s  (  0.0%)
  Final evaluation    :     337.49 s  ( 23.7%)
  Other / logging     :       7.77 s  (  0.5%)

==============================================
PER-CALL AVERAGES
==============================================
Policy inference      :    28192 calls |    1.657 ms/step
  final eval only     :     6592 calls |    1.677 ms/step
Episode               :       30 eps   |   36.139 s/episode

update() share of wall clock: 0.0%
