nohup: ignoring input
[probe] architecture restored from checkpoint: LTAC_ENCODER_C=2.0, LTAC_ENCODER_QK_C=4.0, LTAC_QK_TEMP=4.0, LTAC_VARIANT=cost_lipschitz
[probe] checkpoint : rl_csv_cost_lipschitz_s8_2026-08-29_04-10-25/checkpoints/probe_converged.pt
[probe] variant    : cost_lipschitz
[probe] full checkpoint, saved at episode 676
Placing Sensors
variant=cost_lipschitz  episodes=50
Placing Sensors
  episode 1/50: steps=720 minSOC=27.68 path=152
Placing Sensors
  episode 2/50: steps=720 minSOC=32.12 path=289
Placing Sensors
  episode 3/50: steps=720 minSOC=27.26 path=261
Placing Sensors
  episode 4/50: steps=720 minSOC=25.46 path=171
Placing Sensors
  episode 5/50: steps=720 minSOC=30.19 path=193
Placing Sensors
  episode 6/50: steps=720 minSOC=34.60 path=141
Placing Sensors
  episode 7/50: steps=720 minSOC=16.77 path=192
Placing Sensors
  episode 8/50: steps=720 minSOC=13.46 path=234
Placing Sensors
  episode 9/50: steps=720 minSOC=20.37 path=256
Placing Sensors
  episode 10/50: steps=720 minSOC=21.81 path=198
Placing Sensors
  episode 11/50: steps=720 minSOC=30.55 path=240
Placing Sensors
  episode 12/50: steps=720 minSOC=24.06 path=169
Placing Sensors
  episode 13/50: steps=720 minSOC=25.37 path=225
Placing Sensors
  episode 14/50: steps=720 minSOC=24.31 path=298
Placing Sensors
  episode 15/50: steps=720 minSOC=34.92 path=169
Placing Sensors
  episode 16/50: steps=720 minSOC=18.48 path=211
Placing Sensors
  episode 17/50: steps=720 minSOC=20.13 path=199
Placing Sensors
  episode 18/50: steps=720 minSOC=15.85 path=252
Placing Sensors
  episode 19/50: steps=720 minSOC=10.49 path=288
Placing Sensors
  episode 20/50: steps=720 minSOC=26.16 path=290
Placing Sensors
  episode 21/50: steps=720 minSOC=28.69 path=183
Placing Sensors
  episode 22/50: steps=720 minSOC=29.32 path=234
Placing Sensors
  episode 23/50: steps=720 minSOC=15.84 path=214
Placing Sensors
  episode 24/50: steps=720 minSOC=28.89 path=164
Placing Sensors
  episode 25/50: steps=720 minSOC=33.12 path=169
Placing Sensors
  episode 26/50: steps=720 minSOC=26.38 path=204
Placing Sensors
  episode 27/50: steps=720 minSOC=16.39 path=176
Placing Sensors
  episode 28/50: steps=720 minSOC=29.94 path=147
Placing Sensors
  episode 29/50: steps=720 minSOC=30.66 path=163
Placing Sensors
  episode 30/50: steps=720 minSOC=20.49 path=137
Placing Sensors
  episode 31/50: steps=720 minSOC=15.84 path=194
Placing Sensors
  episode 32/50: steps=720 minSOC=29.56 path=195
Placing Sensors
  episode 33/50: steps=720 minSOC=13.99 path=201
Placing Sensors
  episode 34/50: steps=720 minSOC=22.42 path=215
Placing Sensors
  episode 35/50: steps=720 minSOC=26.19 path=254
Placing Sensors
  episode 36/50: steps=720 minSOC=20.52 path=229
Placing Sensors
  episode 37/50: steps=720 minSOC=29.65 path=197
Placing Sensors
  episode 38/50: steps=720 minSOC=28.39 path=178
Placing Sensors
  episode 39/50: steps=720 minSOC=25.02 path=173
Placing Sensors
  episode 40/50: steps=720 minSOC=32.06 path=192
Placing Sensors
  episode 41/50: steps=720 minSOC=26.67 path=153
Placing Sensors
  episode 42/50: steps=720 minSOC=23.59 path=188
Placing Sensors
  episode 43/50: steps=720 minSOC=27.32 path=184
Placing Sensors
  episode 44/50: steps=720 minSOC=37.25 path=185
Placing Sensors
  episode 45/50: steps=720 minSOC=20.11 path=265
Placing Sensors
  episode 46/50: steps=720 minSOC=30.36 path=253
Placing Sensors
  episode 47/50: steps=720 minSOC=27.37 path=231
Placing Sensors
  episode 48/50: steps=720 minSOC=20.12 path=197
Placing Sensors
  episode 49/50: steps=720 minSOC=21.18 path=216
Placing Sensors
  episode 50/50: steps=720 minSOC=35.49 path=184

  VALIDATION (this checkpoint)
    survived                   50/50
    min_batt                   mean   25.057  sd   6.327  worst   10.486
    path_m                     mean  206.012  sd  41.061  worst  136.770
    tortuosity                 mean    3.167  sd   3.086  worst    1.140
    mean_solar_w               mean   28.632  sd   2.821  worst   20.960
    mean_abs_action            mean    0.021  sd   0.006  worst    0.016

  CERTIFICATION CONSTANTS
    variant                    cost_lipschitz
    episodes                   50
    steps                      36000
    states_outside_target      16422
    kappa1_linear_slope        0.5620861514985968
    kappa2_linear_slope        2.1345758608586505
    nu_p95                     0.5727994721710354
    D_soc                      0.0067673282400935175
    D_full_soc_plus_latent     8.214900475446964
    L_V_soc_maxslope           4.55120086229657
    V_mean                     0.4989325388069782
    V_min                      0.10743796080350876
    d_max                      0.7951442710023102

wrote Certify_Probe/cost_lipschitz_s8_probe_converged_steps.csv
wrote Certify_Probe/cost_lipschitz_s8_probe_converged_validation.csv
wrote Certify_Probe/cost_lipschitz_s8_probe_converged_envelope.csv
wrote Certify_Probe/cost_lipschitz_s8_probe_converged_summary.json

To obtain R: c = varrho / (1 - alpha_hat) using the margin and
cert_alpha_q05 from the training CSV, then
    R = (c + L_V * D) / kappa1_linear_slope
with L_V the spectral bound if certifying in the latent, or
L_V_soc_maxslope with D_soc if certifying in SoC alone.

Report kappa1_linear_slope as an ESTIMATE: a per-bin minimum
over finitely many samples is biased above the true infimum,
so the fitted slope is optimistic and R correspondingly small.
