Placing Sensors
File header (hex): 49492a00
Successfully loaded topography: (801, 801)
Placing Sensors
[Episode 1/1000] Steps: 720 | Reward: -146.96 | Battery:  41.21% | Loss: 
Placing Sensors
[Episode 2/1000] Steps: 720 | Reward: -150.29 | Battery:  40.91% | Loss: 
Placing Sensors
[Episode 3/1000] Steps: 720 | Reward: -191.95 | Battery:  24.95% | Loss: 
Placing Sensors
[Episode 4/1000] Steps: 720 | Reward:  -53.87 | Battery:  74.79% | Loss: 
Placing Sensors
[Episode 5/1000] Steps: 720 | Reward: -149.46 | Battery:  39.98% | Loss: 201.1857
Placing Sensors
[Episode 6/1000] Steps: 720 | Reward: -201.66 | Battery:  25.55% | Loss: 
Placing Sensors
[Episode 7/1000] Steps: 720 | Reward: -136.79 | Battery:  40.50% | Loss: 
Placing Sensors
[Episode 8/1000] Steps: 720 | Reward: -195.28 | Battery:  25.32% | Loss: 
Placing Sensors
[Episode 9/1000] Steps: 720 | Reward: -196.98 | Battery:  25.52% | Loss: 
Placing Sensors
[Episode 10/1000] Steps: 720 | Reward: -197.02 | Battery:  25.33% | Loss: 266.2379
Placing Sensors
[Episode 11/1000] Steps: 720 | Reward: -187.79 | Battery:  24.61% | Loss: 
Placing Sensors
[Episode 12/1000] Steps: 720 | Reward: -173.13 | Battery:  23.70% | Loss: 
Placing Sensors
[Episode 13/1000] Steps: 720 | Reward: -189.80 | Battery:  24.91% | Loss: 
Placing Sensors
[Episode 14/1000] Steps: 720 | Reward: -170.30 | Battery:  23.47% | Loss: 
Placing Sensors
[Episode 15/1000] Steps: 720 | Reward: -175.92 | Battery:  23.96% | Loss: 217.5318
Placing Sensors
[Episode 16/1000] Steps: 720 | Reward: -108.60 | Battery:  38.38% | Loss: 
Placing Sensors
[Episode 17/1000] Steps: 720 | Reward: -104.95 | Battery:  39.11% | Loss: 
Placing Sensors
[Episode 18/1000] Steps: 720 | Reward: -163.35 | Battery:  22.98% | Loss: 
Placing Sensors
[Episode 19/1000] Steps: 720 | Reward: -111.99 | Battery:  39.02% | Loss: 
Placing Sensors
[Episode 20/1000] Steps: 720 | Reward: -107.31 | Battery:  38.96% | Loss: 105.0417
Placing Sensors
[Episode 21/1000] Steps: 720 | Reward:  -93.76 | Battery:  38.28% | Loss: 
Placing Sensors
[Episode 22/1000] Steps: 720 | Reward:  -93.74 | Battery:  38.13% | Loss: 
Placing Sensors
[Episode 23/1000] Steps: 720 | Reward:  -93.13 | Battery:  38.18% | Loss: 
Placing Sensors
[Episode 24/1000] Steps: 720 | Reward:  -97.67 | Battery:  38.18% | Loss: 
Placing Sensors
[Episode 25/1000] Steps: 720 | Reward:  -95.90 | Battery:  38.14% | Loss: 71.3795
Placing Sensors
[Episode 26/1000] Steps: 720 | Reward:  -82.16 | Battery:  35.86% | Loss: 
Placing Sensors
[Episode 27/1000] Steps: 720 | Reward:  -84.09 | Battery:  37.28% | Loss: 
Placing Sensors
[Episode 28/1000] Steps: 720 | Reward:  -81.58 | Battery:  37.53% | Loss: 
Placing Sensors
[Episode 29/1000] Steps: 720 | Reward:  -87.50 | Battery:  38.07% | Loss: 
Placing Sensors
[Episode 30/1000] Steps: 720 | Reward:  -82.46 | Battery:  37.37% | Loss: 50.8655
Placing Sensors
[Episode 31/1000] Steps: 720 | Reward:  -75.84 | Battery:  36.27% | Loss: 
Placing Sensors
[Episode 32/1000] Steps: 720 | Reward:  -72.78 | Battery:  36.95% | Loss: 
Placing Sensors
[Episode 33/1000] Steps: 720 | Reward:  -69.29 | Battery:  37.30% | Loss: 
Placing Sensors
[Episode 34/1000] Steps: 720 | Reward:  -75.54 | Battery:  37.18% | Loss: 
Placing Sensors
[Episode 35/1000] Steps: 720 | Reward:  -73.48 | Battery:  36.67% | Loss: 40.0754
Placing Sensors
[Episode 36/1000] Steps: 720 | Reward:  -73.90 | Battery:  36.70% | Loss: 
Placing Sensors
[Episode 37/1000] Steps: 720 | Reward:  -69.17 | Battery:  37.00% | Loss: 
Placing Sensors
[Episode 38/1000] Steps: 720 | Reward:  -71.32 | Battery:  37.07% | Loss: 
Placing Sensors
[Episode 39/1000] Steps: 720 | Reward:  -70.59 | Battery:  36.22% | Loss: 
Placing Sensors
[Episode 40/1000] Steps: 720 | Reward:  -65.00 | Battery:  36.66% | Loss: 35.8689
Placing Sensors
[Episode 41/1000] Steps: 720 | Reward:  -65.56 | Battery:  36.63% | Loss: 
Placing Sensors
[Episode 42/1000] Steps: 720 | Reward:  -63.38 | Battery:  36.63% | Loss: 
Placing Sensors
[Episode 43/1000] Steps: 720 | Reward:  -62.09 | Battery:  36.73% | Loss: 
Placing Sensors
[Episode 44/1000] Steps: 720 | Reward:  -60.58 | Battery:  36.10% | Loss: 
Placing Sensors
[Episode 45/1000] Steps: 720 | Reward:  -67.18 | Battery:  36.52% | Loss: 30.1567
Placing Sensors
[Episode 46/1000] Steps: 720 | Reward:  -62.62 | Battery:  36.04% | Loss: 
Placing Sensors
[Episode 47/1000] Steps: 720 | Reward:  -62.31 | Battery:  36.45% | Loss: 
Placing Sensors
[Episode 48/1000] Steps: 720 | Reward:  -59.33 | Battery:  36.13% | Loss: 
Placing Sensors
[Episode 49/1000] Steps: 720 | Reward:  -57.28 | Battery:  36.54% | Loss: 
Placing Sensors
[Episode 50/1000] Steps: 720 | Reward:  -59.88 | Battery:  36.27% | Loss: 27.8999
Placing Sensors
[Episode 51/1000] Steps: 720 | Reward:  -57.39 | Battery:  36.32% | Loss: 
Placing Sensors
[Episode 52/1000] Steps: 720 | Reward:  -56.86 | Battery:  36.24% | Loss: 
Placing Sensors
[Episode 53/1000] Steps: 720 | Reward:  -58.88 | Battery:  35.96% | Loss: 
Placing Sensors
[Episode 54/1000] Steps: 720 | Reward:  -55.57 | Battery:  36.44% | Loss: 
Placing Sensors
[Episode 55/1000] Steps: 720 | Reward:  -58.91 | Battery:  35.10% | Loss: 26.9485
Placing Sensors
[Episode 56/1000] Steps: 720 | Reward:  -61.44 | Battery:  35.93% | Loss: 
Placing Sensors
[Episode 57/1000] Steps: 720 | Reward:  -58.56 | Battery:  35.89% | Loss: 
Placing Sensors
[Episode 58/1000] Steps: 720 | Reward:  -59.97 | Battery:  35.54% | Loss: 
Placing Sensors
[Episode 59/1000] Steps: 720 | Reward:  -57.18 | Battery:  36.18% | Loss: 
Placing Sensors
[Episode 60/1000] Steps: 720 | Reward:  -57.61 | Battery:  35.75% | Loss: 24.8694
Placing Sensors
[Episode 61/1000] Steps: 720 | Reward:  -61.24 | Battery:  36.03% | Loss: 
Placing Sensors
[Episode 62/1000] Steps: 720 | Reward:  -58.59 | Battery:  35.83% | Loss: 
Placing Sensors
[Episode 63/1000] Steps: 720 | Reward:  -57.51 | Battery:  35.94% | Loss: 
Placing Sensors
[Episode 64/1000] Steps: 720 | Reward:  -55.13 | Battery:  36.12% | Loss: 
Placing Sensors
[Episode 65/1000] Steps: 720 | Reward:  -60.80 | Battery:  36.30% | Loss: 24.5646
Placing Sensors
[Episode 66/1000] Steps: 720 | Reward:  -58.78 | Battery:  36.11% | Loss: 
Placing Sensors
[Episode 67/1000] Steps: 720 | Reward:  -62.71 | Battery:  35.85% | Loss: 
Placing Sensors
[Episode 68/1000] Steps: 720 | Reward:  -56.76 | Battery:  36.02% | Loss: 
Placing Sensors
[Episode 69/1000] Steps: 720 | Reward:  -61.13 | Battery:  36.12% | Loss: 
Placing Sensors
[Episode 70/1000] Steps: 720 | Reward:  -53.84 | Battery:  36.14% | Loss: 24.9822
Placing Sensors
[Episode 71/1000] Steps: 720 | Reward:  -55.13 | Battery:  35.72% | Loss: 
Placing Sensors
[Episode 72/1000] Steps: 720 | Reward:  -57.45 | Battery:  36.14% | Loss: 
Placing Sensors
[Episode 73/1000] Steps: 720 | Reward:  -56.55 | Battery:  36.24% | Loss: 
Placing Sensors
[Episode 74/1000] Steps: 720 | Reward:  -65.01 | Battery:  35.71% | Loss: 
Placing Sensors
[Episode 75/1000] Steps: 720 | Reward:  -56.95 | Battery:  36.09% | Loss: 25.6050
Placing Sensors
[Episode 76/1000] Steps: 720 | Reward:  -58.67 | Battery:  35.75% | Loss: 
Placing Sensors
[Episode 77/1000] Steps: 720 | Reward:  -57.53 | Battery:  36.00% | Loss: 
Placing Sensors
[Episode 78/1000] Steps: 720 | Reward:  -61.52 | Battery:  35.91% | Loss: 
Placing Sensors
[Episode 79/1000] Steps: 720 | Reward:  -60.37 | Battery:  35.92% | Loss: 
Placing Sensors
[Episode 80/1000] Steps: 720 | Reward:  -57.77 | Battery:  35.90% | Loss: 26.1192
Placing Sensors
[Episode 81/1000] Steps: 720 | Reward:  -59.86 | Battery:  36.08% | Loss: 
Placing Sensors
[Episode 82/1000] Steps: 720 | Reward:  -56.80 | Battery:  35.94% | Loss: 
Placing Sensors
[Episode 83/1000] Steps: 720 | Reward:  -60.45 | Battery:  35.88% | Loss: 
Placing Sensors
[Episode 84/1000] Steps: 720 | Reward:  -58.69 | Battery:  36.23% | Loss: 
Placing Sensors
[Episode 85/1000] Steps: 720 | Reward:  -60.67 | Battery:  35.92% | Loss: 25.5786
Placing Sensors
[Episode 86/1000] Steps: 720 | Reward:  -60.87 | Battery:  36.04% | Loss: 
Placing Sensors
[Episode 87/1000] Steps: 720 | Reward:  -57.03 | Battery:  36.00% | Loss: 
Placing Sensors
[Episode 88/1000] Steps: 720 | Reward:  -56.48 | Battery:  35.76% | Loss: 
Placing Sensors
[Episode 89/1000] Steps: 720 | Reward:  -60.71 | Battery:  36.39% | Loss: 
Placing Sensors
[Episode 90/1000] Steps: 720 | Reward:  -61.93 | Battery:  35.97% | Loss: 25.1082
Placing Sensors
[Episode 91/1000] Steps: 720 | Reward:  -61.84 | Battery:  34.32% | Loss: 
Placing Sensors
[Episode 92/1000] Steps: 720 | Reward:  -63.77 | Battery:  35.96% | Loss: 
Placing Sensors
[Episode 93/1000] Steps: 720 | Reward:  -63.70 | Battery:  36.33% | Loss: 
Placing Sensors
[Episode 94/1000] Steps: 720 | Reward:  -59.53 | Battery:  36.02% | Loss: 
Placing Sensors
[Episode 95/1000] Steps: 720 | Reward:  -56.51 | Battery:  36.27% | Loss: 24.9772
Placing Sensors
[Episode 96/1000] Steps: 720 | Reward:  -64.03 | Battery:  36.14% | Loss: 
Placing Sensors
[Episode 97/1000] Steps: 720 | Reward:  -62.56 | Battery:  36.27% | Loss: 
Placing Sensors
[Episode 98/1000] Steps: 720 | Reward:  -57.01 | Battery:  36.17% | Loss: 
Placing Sensors
[Episode 99/1000] Steps: 720 | Reward:  -60.37 | Battery:  36.26% | Loss: 
Placing Sensors
[Episode 100/1000] Steps: 720 | Reward:  -59.01 | Battery:  36.42% | Loss: 25.2142
Placing Sensors
[Episode 101/1000] Steps: 720 | Reward:  -58.20 | Battery:  36.35% | Loss: 
Placing Sensors
[Episode 102/1000] Steps: 720 | Reward:  -59.24 | Battery:  36.26% | Loss: 
Placing Sensors
[Episode 103/1000] Steps: 720 | Reward:  -66.50 | Battery:  36.40% | Loss: 
Placing Sensors
[Episode 104/1000] Steps: 720 | Reward:  -62.13 | Battery:  35.89% | Loss: 
Placing Sensors
[Episode 105/1000] Steps: 720 | Reward:  -66.84 | Battery:  36.01% | Loss: 23.3891
Placing Sensors
[Episode 106/1000] Steps: 720 | Reward:  -62.76 | Battery:  36.24% | Loss: 
Placing Sensors
[Episode 107/1000] Steps: 720 | Reward:  -61.16 | Battery:  34.93% | Loss: 
Placing Sensors
[Episode 108/1000] Steps: 720 | Reward:  -60.04 | Battery:  36.35% | Loss: 
Placing Sensors
[Episode 109/1000] Steps: 720 | Reward:  -60.82 | Battery:  36.13% | Loss: 
Placing Sensors
[Episode 110/1000] Steps: 720 | Reward:  -59.47 | Battery:  36.33% | Loss: 24.6650
Placing Sensors
[Episode 111/1000] Steps: 720 | Reward:  -57.67 | Battery:  35.83% | Loss: 
Placing Sensors
[Episode 112/1000] Steps: 720 | Reward:  -65.01 | Battery:  36.13% | Loss: 
Placing Sensors
[Episode 113/1000] Steps: 720 | Reward:  -61.95 | Battery:  36.38% | Loss: 
Placing Sensors
[Episode 114/1000] Steps: 720 | Reward:  -59.76 | Battery:  36.31% | Loss: 
Placing Sensors
[Episode 115/1000] Steps: 720 | Reward:  -57.67 | Battery:  36.45% | Loss: 24.6492
Placing Sensors
[Episode 116/1000] Steps: 720 | Reward:  -62.28 | Battery:  36.15% | Loss: 
Placing Sensors
[Episode 117/1000] Steps: 720 | Reward:  -64.37 | Battery:  36.26% | Loss: 
Placing Sensors
[Episode 118/1000] Steps: 720 | Reward:  -60.01 | Battery:  36.34% | Loss: 
Placing Sensors
[Episode 119/1000] Steps: 720 | Reward:  -55.45 | Battery:  36.19% | Loss: 
Placing Sensors
[Episode 120/1000] Steps: 720 | Reward:  -59.82 | Battery:  36.46% | Loss: 24.6168
Placing Sensors
[Episode 121/1000] Steps: 720 | Reward:  -57.16 | Battery:  36.09% | Loss: 
Placing Sensors
[Episode 122/1000] Steps: 720 | Reward:  -56.64 | Battery:  35.77% | Loss: 
Placing Sensors
[Episode 123/1000] Steps: 720 | Reward:  -58.68 | Battery:  36.24% | Loss: 
Placing Sensors
[Episode 124/1000] Steps: 720 | Reward:  -62.50 | Battery:  36.08% | Loss: 
Placing Sensors
[Episode 125/1000] Steps: 720 | Reward:  -56.89 | Battery:  36.18% | Loss: 24.2907
Placing Sensors
[Episode 126/1000] Steps: 720 | Reward:  -57.87 | Battery:  35.96% | Loss: 
Placing Sensors
[Episode 127/1000] Steps: 720 | Reward:  -61.76 | Battery:  36.34% | Loss: 
Placing Sensors
[Episode 128/1000] Steps: 720 | Reward:  -59.98 | Battery:  36.28% | Loss: 
Placing Sensors
[Episode 129/1000] Steps: 720 | Reward:  -61.24 | Battery:  36.04% | Loss: 
Placing Sensors
[Episode 130/1000] Steps: 720 | Reward:  -61.64 | Battery:  36.41% | Loss: 24.0535
Placing Sensors
[Episode 131/1000] Steps: 720 | Reward:  -61.90 | Battery:  36.26% | Loss: 
Placing Sensors
[Episode 132/1000] Steps: 720 | Reward:  -58.29 | Battery:  35.97% | Loss: 
Placing Sensors
[Episode 133/1000] Steps: 720 | Reward:  -58.50 | Battery:  36.37% | Loss: 
Placing Sensors
[Episode 134/1000] Steps: 720 | Reward:  -60.60 | Battery:  36.08% | Loss: 
Placing Sensors
[Episode 135/1000] Steps: 720 | Reward:  -59.98 | Battery:  36.06% | Loss: 23.6654
Placing Sensors
[Episode 136/1000] Steps: 720 | Reward:  -65.69 | Battery:  35.87% | Loss: 
Placing Sensors
[Episode 137/1000] Steps: 720 | Reward:  -58.22 | Battery:  36.03% | Loss: 
Placing Sensors
[Episode 138/1000] Steps: 720 | Reward:  -64.68 | Battery:  36.46% | Loss: 
Placing Sensors
[Episode 139/1000] Steps: 720 | Reward:  -61.69 | Battery:  36.38% | Loss: 
Placing Sensors
[Episode 140/1000] Steps: 720 | Reward:  -65.79 | Battery:  36.04% | Loss: 23.7365
Placing Sensors
[Episode 141/1000] Steps: 720 | Reward:  -67.06 | Battery:  36.23% | Loss: 
Placing Sensors
[Episode 142/1000] Steps: 720 | Reward:  -61.27 | Battery:  36.19% | Loss: 
Placing Sensors
[Episode 143/1000] Steps: 720 | Reward:  -64.27 | Battery:  36.26% | Loss: 
Placing Sensors
[Episode 144/1000] Steps: 720 | Reward:  -59.60 | Battery:  35.66% | Loss: 
Placing Sensors
[Episode 145/1000] Steps: 720 | Reward:  -55.61 | Battery:  36.11% | Loss: 23.5524
Placing Sensors
[Episode 146/1000] Steps: 720 | Reward:  -66.51 | Battery:  36.38% | Loss: 
Placing Sensors
[Episode 147/1000] Steps: 720 | Reward:  -62.32 | Battery:  36.62% | Loss: 
Placing Sensors
[Episode 148/1000] Steps: 720 | Reward:  -68.59 | Battery:  36.46% | Loss: 
Placing Sensors
[Episode 149/1000] Steps: 720 | Reward:  -66.10 | Battery:  35.78% | Loss: 
Placing Sensors
[Episode 150/1000] Steps: 720 | Reward:  -68.65 | Battery:  36.75% | Loss: 22.7282
Placing Sensors
[Episode 151/1000] Steps: 720 | Reward:  -64.62 | Battery:  36.47% | Loss: 
Placing Sensors
[Episode 152/1000] Steps: 720 | Reward:  -64.03 | Battery:  36.60% | Loss: 
Placing Sensors
[Episode 153/1000] Steps: 720 | Reward:  -64.26 | Battery:  36.51% | Loss: 
Placing Sensors
[Episode 154/1000] Steps: 720 | Reward:  -69.37 | Battery:  36.66% | Loss: 
Placing Sensors
[Episode 155/1000] Steps: 720 | Reward:  -65.91 | Battery:  36.71% | Loss: 21.6166
Placing Sensors
[Episode 156/1000] Steps: 720 | Reward:  -70.90 | Battery:  36.50% | Loss: 
Placing Sensors
[Episode 157/1000] Steps: 720 | Reward:  -67.60 | Battery:  36.57% | Loss: 
Placing Sensors
[Episode 158/1000] Steps: 720 | Reward:  -67.15 | Battery:  36.71% | Loss: 
Placing Sensors
[Episode 159/1000] Steps: 720 | Reward:  -65.29 | Battery:  36.34% | Loss: 
Placing Sensors
[Episode 160/1000] Steps: 720 | Reward:  -70.64 | Battery:  36.76% | Loss: 19.9490
Placing Sensors
[Episode 161/1000] Steps: 720 | Reward:  -63.97 | Battery:  36.81% | Loss: 
Placing Sensors
[Episode 162/1000] Steps: 720 | Reward:  -72.08 | Battery:  36.25% | Loss: 
Placing Sensors
[Episode 163/1000] Steps: 720 | Reward:  -68.51 | Battery:  36.81% | Loss: 
Placing Sensors
[Episode 164/1000] Steps: 720 | Reward:  -64.73 | Battery:  36.69% | Loss: 
Placing Sensors
[Episode 165/1000] Steps: 720 | Reward:  -67.94 | Battery:  36.55% | Loss: 22.6021
Placing Sensors
[Episode 166/1000] Steps: 720 | Reward:  -71.30 | Battery:  36.47% | Loss: 
Placing Sensors
[Episode 167/1000] Steps: 720 | Reward:  -64.81 | Battery:  36.60% | Loss: 
Placing Sensors
[Episode 168/1000] Steps: 720 | Reward:  -71.68 | Battery:  36.45% | Loss: 
Placing Sensors
[Episode 169/1000] Steps: 720 | Reward:  -64.75 | Battery:  36.59% | Loss: 
Placing Sensors
[Episode 170/1000] Steps: 720 | Reward:  -68.74 | Battery:  36.48% | Loss: 19.4094
Placing Sensors
[Episode 171/1000] Steps: 720 | Reward:  -65.96 | Battery:  36.06% | Loss: 
Placing Sensors
[Episode 172/1000] Steps: 720 | Reward:  -61.97 | Battery:  36.53% | Loss: 
Placing Sensors
[Episode 173/1000] Steps: 720 | Reward:  -62.28 | Battery:  36.49% | Loss: 
Placing Sensors
[Episode 174/1000] Steps: 720 | Reward:  -66.39 | Battery:  36.44% | Loss: 
Placing Sensors
[Episode 175/1000] Steps: 720 | Reward:  -69.85 | Battery:  36.51% | Loss: 20.2400
Placing Sensors
[Episode 176/1000] Steps: 720 | Reward:  -63.06 | Battery:  36.33% | Loss: 
Placing Sensors
[Episode 177/1000] Steps: 720 | Reward:  -64.48 | Battery:  36.14% | Loss: 
Placing Sensors
[Episode 178/1000] Steps: 720 | Reward:  -61.84 | Battery:  36.38% | Loss: 
Placing Sensors
[Episode 179/1000] Steps: 720 | Reward:  -64.74 | Battery:  36.44% | Loss: 
Placing Sensors
[Episode 180/1000] Steps: 720 | Reward:  -65.53 | Battery:  36.70% | Loss: 18.8978
Placing Sensors
[Episode 181/1000] Steps: 720 | Reward:  -65.10 | Battery:  36.41% | Loss: 
Placing Sensors
[Episode 182/1000] Steps: 720 | Reward:  -73.08 | Battery:  36.94% | Loss: 
Placing Sensors
[Episode 183/1000] Steps: 720 | Reward:  -75.39 | Battery:  36.56% | Loss: 
Placing Sensors
[Episode 184/1000] Steps: 720 | Reward:  -69.89 | Battery:  36.33% | Loss: 
Placing Sensors
[Episode 185/1000] Steps: 720 | Reward:  -64.06 | Battery:  36.62% | Loss: 16.5310
Placing Sensors
[Episode 186/1000] Steps: 720 | Reward:  -66.28 | Battery:  35.46% | Loss: 
Placing Sensors
[Episode 187/1000] Steps: 720 | Reward:  -77.18 | Battery:  36.27% | Loss: 
Placing Sensors
[Episode 188/1000] Steps: 720 | Reward:  -64.25 | Battery:  36.19% | Loss: 
Placing Sensors
[Episode 189/1000] Steps: 720 | Reward:  -71.13 | Battery:  36.76% | Loss: 
Placing Sensors
[Episode 190/1000] Steps: 720 | Reward:  -74.53 | Battery:  36.66% | Loss: 14.5155
Placing Sensors
[Episode 191/1000] Steps: 720 | Reward:  -78.09 | Battery:  36.36% | Loss: 
Placing Sensors
[Episode 192/1000] Steps: 720 | Reward:  -82.64 | Battery:  35.49% | Loss: 
Placing Sensors
[Episode 193/1000] Steps: 720 | Reward:  -68.67 | Battery:  36.22% | Loss: 
Placing Sensors
[Episode 194/1000] Steps: 720 | Reward:  -73.96 | Battery:  36.51% | Loss: 
Placing Sensors
[Episode 195/1000] Steps: 720 | Reward:  -75.42 | Battery:  36.48% | Loss: 14.4987
Placing Sensors
[Episode 196/1000] Steps: 720 | Reward:  -71.89 | Battery:  36.29% | Loss: 
Placing Sensors
[Episode 197/1000] Steps: 720 | Reward:  -72.46 | Battery:  36.19% | Loss: 
Placing Sensors
[Episode 198/1000] Steps: 720 | Reward:  -67.63 | Battery:  36.18% | Loss: 
Placing Sensors
[Episode 199/1000] Steps: 720 | Reward:  -72.18 | Battery:  36.47% | Loss: 
Placing Sensors
[Episode 200/1000] Steps: 720 | Reward:  -66.72 | Battery:  36.17% | Loss: 11.7888
Placing Sensors
[Episode 201/1000] Steps: 720 | Reward:  -61.57 | Battery:  35.89% | Loss: 
Placing Sensors
[Episode 202/1000] Steps: 720 | Reward:  -61.73 | Battery:  36.48% | Loss: 
Placing Sensors
[Episode 203/1000] Steps: 720 | Reward:  -69.08 | Battery:  36.04% | Loss: 
Placing Sensors
[Episode 204/1000] Steps: 720 | Reward:  -53.88 | Battery:  36.06% | Loss: 
Placing Sensors
[Episode 205/1000] Steps: 720 | Reward:  -54.31 | Battery:  36.07% | Loss: 19.9709
Placing Sensors
[Episode 206/1000] Steps: 720 | Reward:  -57.02 | Battery:  35.96% | Loss: 
Placing Sensors
[Episode 207/1000] Steps: 720 | Reward:  -59.85 | Battery:  36.02% | Loss: 
Placing Sensors
[Episode 208/1000] Steps: 720 | Reward:  -65.88 | Battery:  35.81% | Loss: 
Placing Sensors
[Episode 209/1000] Steps: 720 | Reward:  -61.79 | Battery:  36.20% | Loss: 
Placing Sensors
[Episode 210/1000] Steps: 720 | Reward:  -69.65 | Battery:  35.91% | Loss: 16.5844
Placing Sensors
[Episode 211/1000] Steps: 720 | Reward:  -69.84 | Battery:  34.68% | Loss: 
Placing Sensors
[Episode 212/1000] Steps: 720 | Reward:  -69.66 | Battery:  35.71% | Loss: 
Placing Sensors
[Episode 213/1000] Steps: 720 | Reward:  -64.49 | Battery:  35.33% | Loss: 
Placing Sensors
[Episode 214/1000] Steps: 720 | Reward:  -69.85 | Battery:  35.99% | Loss: 
Placing Sensors
[Episode 215/1000] Steps: 720 | Reward:  -63.04 | Battery:  35.95% | Loss: 11.9336
Placing Sensors
[Episode 216/1000] Steps: 720 | Reward:  -89.30 | Battery:  35.90% | Loss: 
Placing Sensors
[Episode 217/1000] Steps: 720 | Reward:  -77.87 | Battery:  36.37% | Loss: 
Placing Sensors
[Episode 218/1000] Steps: 720 | Reward:  -78.90 | Battery:  35.68% | Loss: 
Placing Sensors
[Episode 219/1000] Steps: 720 | Reward: -130.04 | Battery:  20.20% | Loss: 
Placing Sensors
[Episode 220/1000] Steps: 720 | Reward:  -82.51 | Battery:  35.80% | Loss: 18.1381
Placing Sensors
[Episode 221/1000] Steps: 720 | Reward: -112.69 | Battery:  37.85% | Loss: 
Placing Sensors
[Episode 222/1000] Steps: 720 | Reward:  -91.43 | Battery:  31.65% | Loss: 
Placing Sensors
[Episode 223/1000] Steps: 720 | Reward:  -84.51 | Battery:  36.22% | Loss: 
Placing Sensors
[Episode 224/1000] Steps: 720 | Reward:  -90.32 | Battery:  36.61% | Loss: 
Placing Sensors
[Episode 225/1000] Steps: 720 | Reward:  -70.44 | Battery:  35.63% | Loss: 21.0947
Placing Sensors
[Episode 226/1000] Steps: 720 | Reward:  -80.67 | Battery:  36.80% | Loss: 
Placing Sensors
[Episode 227/1000] Steps: 720 | Reward:  -64.09 | Battery:  35.72% | Loss: 
Placing Sensors
[Episode 228/1000] Steps: 720 | Reward:  -75.00 | Battery:  35.47% | Loss: 
Placing Sensors
[Episode 229/1000] Steps: 720 | Reward:  -65.83 | Battery:  35.94% | Loss: 
Placing Sensors
[Episode 230/1000] Steps: 720 | Reward:  -88.24 | Battery:  37.15% | Loss: 15.3870
Placing Sensors
[Episode 231/1000] Steps: 720 | Reward:  -60.07 | Battery:  35.90% | Loss: 
Placing Sensors
[Episode 232/1000] Steps: 720 | Reward:  -58.65 | Battery:  36.11% | Loss: 
Placing Sensors
[Episode 233/1000] Steps: 720 | Reward:  -61.66 | Battery:  34.84% | Loss: 
Placing Sensors
[Episode 234/1000] Steps: 720 | Reward:  -57.69 | Battery:  35.83% | Loss: 
Placing Sensors
[Episode 235/1000] Steps: 720 | Reward:  -56.77 | Battery:  35.90% | Loss: 21.9011
Placing Sensors
[Episode 236/1000] Steps: 720 | Reward:  -72.59 | Battery:  35.99% | Loss: 
Placing Sensors
[Episode 237/1000] Steps: 720 | Reward:  -64.19 | Battery:  36.01% | Loss: 
Placing Sensors
[Episode 238/1000] Steps: 720 | Reward:  -58.57 | Battery:  36.08% | Loss: 
Placing Sensors
[Episode 239/1000] Steps: 720 | Reward:  -71.45 | Battery:  36.22% | Loss: 
Placing Sensors
[Episode 240/1000] Steps: 720 | Reward:  -78.16 | Battery:  36.39% | Loss: 13.1597
Placing Sensors
[Episode 241/1000] Steps: 720 | Reward:  -69.58 | Battery:  35.61% | Loss: 
Placing Sensors
[Episode 242/1000] Steps: 720 | Reward:  -55.86 | Battery:  36.26% | Loss: 
Placing Sensors
[Episode 243/1000] Steps: 720 | Reward:  -60.31 | Battery:  36.18% | Loss: 
Placing Sensors
[Episode 244/1000] Steps: 720 | Reward:  -57.64 | Battery:  36.06% | Loss: 
Placing Sensors
[Episode 245/1000] Steps: 720 | Reward:  -62.66 | Battery:  35.89% | Loss: 19.6676
Placing Sensors
[Episode 246/1000] Steps: 720 | Reward:  -61.57 | Battery:  36.07% | Loss: 
Placing Sensors
[Episode 247/1000] Steps: 720 | Reward:  -80.46 | Battery:  34.20% | Loss: 
Placing Sensors
[Episode 248/1000] Steps: 720 | Reward:  -62.92 | Battery:  36.38% | Loss: 
Placing Sensors
[Episode 249/1000] Steps: 720 | Reward:  -57.12 | Battery:  36.13% | Loss: 
Placing Sensors
[Episode 250/1000] Steps: 720 | Reward:  -71.12 | Battery:  36.52% | Loss: 14.2460
Placing Sensors
[Episode 251/1000] Steps: 720 | Reward:  -78.90 | Battery:  35.33% | Loss: 
Placing Sensors
[Episode 252/1000] Steps: 720 | Reward:  -82.32 | Battery:  35.53% | Loss: 
Placing Sensors
[Episode 253/1000] Steps: 720 | Reward:  -68.51 | Battery:  36.10% | Loss: 
Placing Sensors
[Episode 254/1000] Steps: 720 | Reward:  -63.19 | Battery:  35.85% | Loss: 
Placing Sensors
[Episode 255/1000] Steps: 720 | Reward:  -68.24 | Battery:  36.32% | Loss: 12.6744
Placing Sensors
[Episode 256/1000] Steps: 720 | Reward:  -56.44 | Battery:  36.24% | Loss: 
Placing Sensors
[Episode 257/1000] Steps: 720 | Reward:  -60.49 | Battery:  36.00% | Loss: 
Placing Sensors
[Episode 258/1000] Steps: 720 | Reward:  -74.51 | Battery:  35.75% | Loss: 
Placing Sensors
[Episode 259/1000] Steps: 720 | Reward:  -71.33 | Battery:  36.05% | Loss: 
Placing Sensors
[Episode 260/1000] Steps: 720 | Reward:  -74.19 | Battery:  36.38% | Loss: 14.2468
Placing Sensors
[Episode 261/1000] Steps: 720 | Reward:  -60.08 | Battery:  35.79% | Loss: 
Placing Sensors
[Episode 262/1000] Steps: 720 | Reward:  -64.62 | Battery:  36.02% | Loss: 
Placing Sensors
[Episode 263/1000] Steps: 720 | Reward:  -63.56 | Battery:  35.74% | Loss: 
Placing Sensors
[Episode 264/1000] Steps: 720 | Reward:  -61.23 | Battery:  35.66% | Loss: 
Placing Sensors
[Episode 265/1000] Steps: 720 | Reward:  -61.24 | Battery:  36.21% | Loss: 15.3878
Placing Sensors
[Episode 266/1000] Steps: 720 | Reward:  -60.98 | Battery:  35.83% | Loss: 
Placing Sensors
[Episode 267/1000] Steps: 720 | Reward:  -84.60 | Battery:  33.91% | Loss: 
Placing Sensors
[Episode 268/1000] Steps: 720 | Reward:  -53.93 | Battery:  35.88% | Loss: 
Placing Sensors
[Episode 269/1000] Steps: 720 | Reward:  -75.65 | Battery:  31.04% | Loss: 
Placing Sensors
[Episode 270/1000] Steps: 720 | Reward:  -92.01 | Battery:  31.95% | Loss: 15.9386
Placing Sensors
[Episode 271/1000] Steps: 720 | Reward:  -79.26 | Battery:  35.92% | Loss: 
Placing Sensors
[Episode 272/1000] Steps: 720 | Reward:  -84.31 | Battery:  36.42% | Loss: 
Placing Sensors
[Episode 273/1000] Steps: 720 | Reward:  -59.22 | Battery:  35.82% | Loss: 
Placing Sensors
[Episode 274/1000] Steps: 720 | Reward:  -61.86 | Battery:  36.07% | Loss: 
Placing Sensors
[Episode 275/1000] Steps: 720 | Reward:  -62.67 | Battery:  36.01% | Loss: 13.1776
Placing Sensors
[Episode 276/1000] Steps: 720 | Reward:  -60.03 | Battery:  36.34% | Loss: 
Placing Sensors
[Episode 277/1000] Steps: 720 | Reward:  -56.27 | Battery:  35.74% | Loss: 
Placing Sensors
[Episode 278/1000] Steps: 720 | Reward:  -66.33 | Battery:  35.93% | Loss: 
Placing Sensors
[Episode 279/1000] Steps: 720 | Reward:  -67.63 | Battery:  34.65% | Loss: 
Placing Sensors
[Episode 280/1000] Steps: 720 | Reward:  -60.81 | Battery:  36.15% | Loss: 16.2786
Placing Sensors
[Episode 281/1000] Steps: 720 | Reward:  -63.25 | Battery:  35.93% | Loss: 
Placing Sensors
[Episode 282/1000] Steps: 720 | Reward: -126.98 | Battery:  19.97% | Loss: 
Placing Sensors
[Episode 283/1000] Steps: 720 | Reward:  -57.43 | Battery:  35.98% | Loss: 
Placing Sensors
[Episode 284/1000] Steps: 720 | Reward:  -64.90 | Battery:  35.58% | Loss: 
Placing Sensors
[Episode 285/1000] Steps: 720 | Reward:  -71.43 | Battery:  36.06% | Loss: 18.5057
Placing Sensors
[Episode 286/1000] Steps: 720 | Reward:  -66.09 | Battery:  35.96% | Loss: 
Placing Sensors
[Episode 287/1000] Steps: 720 | Reward:  -68.82 | Battery:  35.92% | Loss: 
Placing Sensors
[Episode 288/1000] Steps: 720 | Reward:  -65.07 | Battery:  35.96% | Loss: 
Placing Sensors
[Episode 289/1000] Steps: 720 | Reward:  -71.51 | Battery:  35.90% | Loss: 
Placing Sensors
[Episode 290/1000] Steps: 720 | Reward:  -72.08 | Battery:  36.13% | Loss: 9.9868
Placing Sensors
[Episode 291/1000] Steps: 720 | Reward:  -62.41 | Battery:  35.84% | Loss: 
Placing Sensors
[Episode 292/1000] Steps: 720 | Reward:  -64.34 | Battery:  35.93% | Loss: 
Placing Sensors
[Episode 293/1000] Steps: 720 | Reward:  -71.71 | Battery:  35.64% | Loss: 
Placing Sensors
[Episode 294/1000] Steps: 720 | Reward:  -61.41 | Battery:  34.86% | Loss: 
Placing Sensors
[Episode 295/1000] Steps: 720 | Reward:  -75.81 | Battery:  35.98% | Loss: 14.1499
Placing Sensors
[Episode 296/1000] Steps: 720 | Reward:  -62.31 | Battery:  36.01% | Loss: 
Placing Sensors
[Episode 297/1000] Steps: 720 | Reward:  -72.77 | Battery:  35.98% | Loss: 
Placing Sensors
[Episode 298/1000] Steps: 720 | Reward:  -60.24 | Battery:  34.83% | Loss: 
Placing Sensors
[Episode 299/1000] Steps: 720 | Reward:  -53.66 | Battery:  35.98% | Loss: 
Placing Sensors
[Episode 300/1000] Steps: 720 | Reward: -139.49 | Battery:  20.93% | Loss: 20.7780
Placing Sensors
[Episode 301/1000] Steps: 720 | Reward:  -61.45 | Battery:  34.99% | Loss: 
Placing Sensors
[Episode 302/1000] Steps: 720 | Reward:  -58.52 | Battery:  35.65% | Loss: 
Placing Sensors
[Episode 303/1000] Steps: 720 | Reward:  -62.47 | Battery:  36.05% | Loss: 
Placing Sensors
[Episode 304/1000] Steps: 720 | Reward:  -69.76 | Battery:  35.66% | Loss: 
Placing Sensors
[Episode 305/1000] Steps: 720 | Reward: -131.44 | Battery:  20.25% | Loss: 15.4310
Placing Sensors
[Episode 306/1000] Steps: 720 | Reward:  -59.70 | Battery:  35.73% | Loss: 
Placing Sensors
[Episode 307/1000] Steps: 720 | Reward:  -62.20 | Battery:  35.89% | Loss: 
Placing Sensors
[Episode 308/1000] Steps: 720 | Reward:  -58.89 | Battery:  35.94% | Loss: 
Placing Sensors
[Episode 309/1000] Steps: 720 | Reward:  -75.04 | Battery:  35.74% | Loss: 
Placing Sensors
[Episode 310/1000] Steps: 720 | Reward:  -58.09 | Battery:  36.08% | Loss: 16.8715
Placing Sensors
[Episode 311/1000] Steps: 720 | Reward:  -59.14 | Battery:  35.89% | Loss: 
Placing Sensors
[Episode 312/1000] Steps: 720 | Reward:  -78.38 | Battery:  36.00% | Loss: 
Placing Sensors
[Episode 313/1000] Steps: 720 | Reward:  -60.15 | Battery:  35.90% | Loss: 
Placing Sensors
[Episode 314/1000] Steps: 720 | Reward:  -75.10 | Battery:  35.13% | Loss: 
Placing Sensors
[Episode 315/1000] Steps: 720 | Reward:  -58.02 | Battery:  35.77% | Loss: 15.7571
Placing Sensors
[Episode 316/1000] Steps: 720 | Reward:  -61.35 | Battery:  35.95% | Loss: 
Placing Sensors
[Episode 317/1000] Steps: 720 | Reward:  -75.93 | Battery:  36.18% | Loss: 
Placing Sensors
[Episode 318/1000] Steps: 720 | Reward:  -62.02 | Battery:  35.79% | Loss: 
Placing Sensors
[Episode 319/1000] Steps: 720 | Reward:  -91.09 | Battery:  36.15% | Loss: 
Placing Sensors
[Episode 320/1000] Steps: 720 | Reward:  -71.87 | Battery:  36.25% | Loss: 12.0607
Placing Sensors
[Episode 321/1000] Steps: 720 | Reward:  -69.87 | Battery:  36.06% | Loss: 
Placing Sensors
[Episode 322/1000] Steps: 720 | Reward:  -59.18 | Battery:  35.93% | Loss: 
Placing Sensors
[Episode 323/1000] Steps: 720 | Reward:  -56.65 | Battery:  36.03% | Loss: 
Placing Sensors
[Episode 324/1000] Steps: 720 | Reward:  -59.92 | Battery:  36.04% | Loss: 
Placing Sensors
[Episode 325/1000] Steps: 720 | Reward:  -59.77 | Battery:  36.12% | Loss: 17.0329
Placing Sensors
[Episode 326/1000] Steps: 720 | Reward: -121.55 | Battery:  39.26% | Loss: 
Placing Sensors
[Episode 327/1000] Steps: 720 | Reward: -105.58 | Battery:  38.17% | Loss: 
Placing Sensors
[Episode 328/1000] Steps: 720 | Reward:  -98.55 | Battery:  38.05% | Loss: 
Placing Sensors
[Episode 329/1000] Steps: 720 | Reward:  -57.37 | Battery:  36.36% | Loss: 
Placing Sensors
[Episode 330/1000] Steps: 720 | Reward:  -68.06 | Battery:  35.69% | Loss: 37.8098
Placing Sensors
[Episode 331/1000] Steps: 720 | Reward:  -91.90 | Battery:  51.96% | Loss: 
Placing Sensors
[Episode 332/1000] Steps: 720 | Reward:  -85.03 | Battery:  36.84% | Loss: 
Placing Sensors
[Episode 333/1000] Steps: 720 | Reward: -133.82 | Battery:  39.69% | Loss: 
Placing Sensors
[Episode 334/1000] Steps: 720 | Reward:  -64.74 | Battery:  34.21% | Loss: 
Placing Sensors
[Episode 335/1000] Steps: 720 | Reward:  -62.43 | Battery:  35.91% | Loss: 49.1128
Placing Sensors
[Episode 336/1000] Steps: 720 | Reward:  -80.92 | Battery:  36.21% | Loss: 
Placing Sensors
[Episode 337/1000] Steps: 720 | Reward:  -57.02 | Battery:  35.92% | Loss: 
Placing Sensors
[Episode 338/1000] Steps: 720 | Reward:  -93.92 | Battery:  37.47% | Loss: 
Placing Sensors
[Episode 339/1000] Steps: 720 | Reward:  -60.29 | Battery:  36.10% | Loss: 
Placing Sensors
[Episode 340/1000] Steps: 720 | Reward:  -68.81 | Battery:  35.95% | Loss: 17.6096
Placing Sensors
[Episode 341/1000] Steps: 720 | Reward: -112.01 | Battery:  38.75% | Loss: 
Placing Sensors
[Episode 342/1000] Steps: 720 | Reward:  -61.41 | Battery:  35.81% | Loss: 
Placing Sensors
[Episode 343/1000] Steps: 720 | Reward:  -87.13 | Battery:  37.43% | Loss: 
Placing Sensors
[Episode 344/1000] Steps: 720 | Reward:  -60.04 | Battery:  36.20% | Loss: 
Placing Sensors
[Episode 345/1000] Steps: 720 | Reward:  -55.14 | Battery:  35.95% | Loss: 22.6723
Placing Sensors
[Episode 346/1000] Steps: 720 | Reward:  -66.29 | Battery:  36.09% | Loss: 
Placing Sensors
[Episode 347/1000] Steps: 720 | Reward:  -56.00 | Battery:  36.00% | Loss: 
Placing Sensors
[Episode 348/1000] Steps: 720 | Reward:  -61.68 | Battery:  35.93% | Loss: 
Placing Sensors
[Episode 349/1000] Steps: 720 | Reward:  -64.76 | Battery:  36.20% | Loss: 
Placing Sensors
[Episode 350/1000] Steps: 720 | Reward:  -59.67 | Battery:  35.90% | Loss: 17.7722
Placing Sensors
[Episode 351/1000] Steps: 720 | Reward:  -57.79 | Battery:  36.16% | Loss: 
Placing Sensors
[Episode 352/1000] Steps: 720 | Reward:  -54.50 | Battery:  35.46% | Loss: 
Placing Sensors
[Episode 353/1000] Steps: 720 | Reward:  -70.24 | Battery:  35.80% | Loss: 
Placing Sensors
[Episode 354/1000] Steps: 720 | Reward:  -66.48 | Battery:  36.12% | Loss: 
Placing Sensors
[Episode 355/1000] Steps: 720 | Reward:  -58.44 | Battery:  35.98% | Loss: 15.8653
Placing Sensors
[Episode 356/1000] Steps: 720 | Reward:  -55.81 | Battery:  35.84% | Loss: 
Placing Sensors
[Episode 357/1000] Steps: 720 | Reward:  -61.04 | Battery:  36.11% | Loss: 
Placing Sensors
[Episode 358/1000] Steps: 720 | Reward:  -57.75 | Battery:  36.17% | Loss: 
Placing Sensors
[Episode 359/1000] Steps: 720 | Reward:  -60.51 | Battery:  35.70% | Loss: 
Placing Sensors
[Episode 360/1000] Steps: 720 | Reward:  -59.76 | Battery:  35.84% | Loss: 20.0544
Placing Sensors
[Episode 361/1000] Steps: 720 | Reward:  -60.28 | Battery:  36.23% | Loss: 
Placing Sensors
[Episode 362/1000] Steps: 720 | Reward:  -61.99 | Battery:  35.84% | Loss: 
Placing Sensors
[Episode 363/1000] Steps: 720 | Reward:  -57.49 | Battery:  35.88% | Loss: 
Placing Sensors
[Episode 364/1000] Steps: 720 | Reward:  -60.90 | Battery:  35.98% | Loss: 
Placing Sensors
[Episode 365/1000] Steps: 720 | Reward:  -60.43 | Battery:  36.27% | Loss: 16.1623
Placing Sensors
[Episode 366/1000] Steps: 720 | Reward:  -66.00 | Battery:  35.84% | Loss: 
Placing Sensors
[Episode 367/1000] Steps: 720 | Reward:  -72.75 | Battery:  35.50% | Loss: 
Placing Sensors
[Episode 368/1000] Steps: 720 | Reward:  -59.74 | Battery:  35.92% | Loss: 
Placing Sensors
[Episode 369/1000] Steps: 720 | Reward:  -65.88 | Battery:  36.03% | Loss: 
Placing Sensors
[Episode 370/1000] Steps: 720 | Reward:  -62.03 | Battery:  35.97% | Loss: 12.7267
Placing Sensors
[Episode 371/1000] Steps: 720 | Reward:  -58.02 | Battery:  36.01% | Loss: 
Placing Sensors
[Episode 372/1000] Steps: 720 | Reward:  -64.56 | Battery:  36.10% | Loss: 
Placing Sensors
[Episode 373/1000] Steps: 720 | Reward:  -64.13 | Battery:  33.36% | Loss: 
Placing Sensors
[Episode 374/1000] Steps: 720 | Reward:  -62.24 | Battery:  36.31% | Loss: 
Placing Sensors
[Episode 375/1000] Steps: 720 | Reward:  -68.07 | Battery:  36.14% | Loss: 16.7735
Placing Sensors
[Episode 376/1000] Steps: 720 | Reward:  -64.54 | Battery:  36.10% | Loss: 
Placing Sensors
[Episode 377/1000] Steps: 720 | Reward:  -81.82 | Battery:  36.63% | Loss: 
Placing Sensors
[Episode 378/1000] Steps: 720 | Reward:  -62.28 | Battery:  36.17% | Loss: 
Placing Sensors
[Episode 379/1000] Steps: 720 | Reward:  -66.30 | Battery:  36.23% | Loss: 
Placing Sensors
[Episode 380/1000] Steps: 720 | Reward:  -64.96 | Battery:  34.89% | Loss: 14.8315
Placing Sensors
[Episode 381/1000] Steps: 720 | Reward:  -80.47 | Battery:  36.39% | Loss: 
Placing Sensors
[Episode 382/1000] Steps: 720 | Reward:  -62.15 | Battery:  36.13% | Loss: 
Placing Sensors
[Episode 383/1000] Steps: 720 | Reward:  -62.51 | Battery:  36.16% | Loss: 
Placing Sensors
[Episode 384/1000] Steps: 720 | Reward:  -69.64 | Battery:  32.64% | Loss: 
Placing Sensors
[Episode 385/1000] Steps: 720 | Reward:  -66.17 | Battery:  36.06% | Loss: 14.2985
Placing Sensors
[Episode 386/1000] Steps: 720 | Reward:  -79.43 | Battery:  36.57% | Loss: 
Placing Sensors
[Episode 387/1000] Steps: 720 | Reward:  -79.99 | Battery:  36.90% | Loss: 
Placing Sensors
[Episode 388/1000] Steps: 720 | Reward:  -73.21 | Battery:  35.90% | Loss: 
Placing Sensors
[Episode 389/1000] Steps: 720 | Reward:  -76.44 | Battery:  36.80% | Loss: 
Placing Sensors
[Episode 390/1000] Steps: 720 | Reward:  -77.68 | Battery:  36.67% | Loss: 12.8124
Placing Sensors
[Episode 391/1000] Steps: 720 | Reward:  -81.40 | Battery:  37.07% | Loss: 
Placing Sensors
[Episode 392/1000] Steps: 720 | Reward:  -60.19 | Battery:  35.99% | Loss: 
Placing Sensors
[Episode 393/1000] Steps: 720 | Reward:  -55.39 | Battery:  35.95% | Loss: 
Placing Sensors
[Episode 394/1000] Steps: 720 | Reward:  -54.26 | Battery:  35.89% | Loss: 
Placing Sensors
[Episode 395/1000] Steps: 720 | Reward:  -73.67 | Battery:  36.48% | Loss: 15.6322
Placing Sensors
[Episode 396/1000] Steps: 720 | Reward:  -74.49 | Battery:  36.51% | Loss: 
Placing Sensors
[Episode 397/1000] Steps: 720 | Reward:  -56.71 | Battery:  36.13% | Loss: 
Placing Sensors
[Episode 398/1000] Steps: 720 | Reward:  -59.68 | Battery:  35.67% | Loss: 
Placing Sensors
[Episode 399/1000] Steps: 720 | Reward:  -62.83 | Battery:  35.79% | Loss: 
Placing Sensors
[Episode 400/1000] Steps: 720 | Reward:  -61.37 | Battery:  35.82% | Loss: 14.6037
Placing Sensors
[Episode 401/1000] Steps: 720 | Reward:  -59.55 | Battery:  35.95% | Loss: 
Placing Sensors
[Episode 402/1000] Steps: 720 | Reward:  -66.80 | Battery:  35.90% | Loss: 
Placing Sensors
[Episode 403/1000] Steps: 720 | Reward:  -63.44 | Battery:  36.01% | Loss: 
Placing Sensors
[Episode 404/1000] Steps: 720 | Reward:  -74.53 | Battery:  35.70% | Loss: 
Placing Sensors
[Episode 405/1000] Steps: 720 | Reward:  -72.78 | Battery:  35.92% | Loss: 9.6203
Placing Sensors
[Episode 406/1000] Steps: 720 | Reward:  -72.47 | Battery:  34.37% | Loss: 
Placing Sensors
[Episode 407/1000] Steps: 720 | Reward:  -63.62 | Battery:  36.07% | Loss: 
Placing Sensors
[Episode 408/1000] Steps: 720 | Reward:  -65.09 | Battery:  36.14% | Loss: 
Placing Sensors
[Episode 409/1000] Steps: 720 | Reward:  -71.40 | Battery:  35.92% | Loss: 
Placing Sensors
[Episode 410/1000] Steps: 720 | Reward:  -62.34 | Battery:  36.04% | Loss: 9.8777
Placing Sensors
[Episode 411/1000] Steps: 720 | Reward:  -64.21 | Battery:  36.16% | Loss: 
Placing Sensors
[Episode 412/1000] Steps: 720 | Reward:  -60.50 | Battery:  35.87% | Loss: 
Placing Sensors
[Episode 413/1000] Steps: 720 | Reward:  -63.54 | Battery:  35.92% | Loss: 
Placing Sensors
[Episode 414/1000] Steps: 720 | Reward:  -62.89 | Battery:  34.72% | Loss: 
Placing Sensors
[Episode 415/1000] Steps: 720 | Reward:  -72.97 | Battery:  36.31% | Loss: 14.9659
Placing Sensors
[Episode 416/1000] Steps: 720 | Reward:  -64.90 | Battery:  36.01% | Loss: 
Placing Sensors
[Episode 417/1000] Steps: 720 | Reward:  -71.64 | Battery:  35.67% | Loss: 
Placing Sensors
[Episode 418/1000] Steps: 720 | Reward:  -78.52 | Battery:  36.02% | Loss: 
Placing Sensors
[Episode 419/1000] Steps: 720 | Reward:  -76.30 | Battery:  36.54% | Loss: 
Placing Sensors
[Episode 420/1000] Steps: 720 | Reward:  -56.41 | Battery:  35.82% | Loss: 9.8865
Placing Sensors
[Episode 421/1000] Steps: 720 | Reward:  -73.91 | Battery:  36.11% | Loss: 
Placing Sensors
[Episode 422/1000] Steps: 720 | Reward:  -67.60 | Battery:  36.46% | Loss: 
Placing Sensors
[Episode 423/1000] Steps: 720 | Reward:  -65.25 | Battery:  36.27% | Loss: 
Placing Sensors
[Episode 424/1000] Steps: 720 | Reward:  -63.17 | Battery:  36.13% | Loss: 
Placing Sensors
[Episode 425/1000] Steps: 720 | Reward:  -58.19 | Battery:  36.13% | Loss: 11.8718
Placing Sensors
[Episode 426/1000] Steps: 720 | Reward:  -60.27 | Battery:  36.08% | Loss: 
Placing Sensors
[Episode 427/1000] Steps: 720 | Reward:  -83.06 | Battery:  37.18% | Loss: 
Placing Sensors
[Episode 428/1000] Steps: 720 | Reward:  -63.60 | Battery:  36.23% | Loss: 
Placing Sensors
[Episode 429/1000] Steps: 720 | Reward:  -67.32 | Battery:  35.79% | Loss: 
Placing Sensors
[Episode 430/1000] Steps: 720 | Reward:  -77.75 | Battery:  36.02% | Loss: 10.0485
Placing Sensors
[Episode 431/1000] Steps: 720 | Reward:  -62.84 | Battery:  35.96% | Loss: 
Placing Sensors
[Episode 432/1000] Steps: 720 | Reward:  -82.29 | Battery:  36.54% | Loss: 
Placing Sensors
[Episode 433/1000] Steps: 720 | Reward:  -75.65 | Battery:  36.64% | Loss: 
Placing Sensors
[Episode 434/1000] Steps: 720 | Reward:  -61.70 | Battery:  35.71% | Loss: 
Placing Sensors
[Episode 435/1000] Steps: 720 | Reward:  -61.09 | Battery:  35.88% | Loss: 12.2502
Placing Sensors
[Episode 436/1000] Steps: 720 | Reward:  -96.62 | Battery:  37.73% | Loss: 
Placing Sensors
[Episode 437/1000] Steps: 720 | Reward:  -90.46 | Battery:  37.50% | Loss: 
Placing Sensors
[Episode 438/1000] Steps: 720 | Reward:  -83.76 | Battery:  37.64% | Loss: 
Placing Sensors
[Episode 439/1000] Steps: 720 | Reward:  -77.40 | Battery:  36.36% | Loss: 
Placing Sensors
[Episode 440/1000] Steps: 720 | Reward:  -70.64 | Battery:  35.98% | Loss: 19.9760
Placing Sensors
[Episode 441/1000] Steps: 720 | Reward: -121.69 | Battery:  38.86% | Loss: 
Placing Sensors
[Episode 442/1000] Steps: 720 | Reward:  -60.20 | Battery:  35.69% | Loss: 
Placing Sensors
[Episode 443/1000] Steps: 720 | Reward:  -85.73 | Battery:  37.05% | Loss: 
Placing Sensors
[Episode 444/1000] Steps: 720 | Reward:  -74.07 | Battery:  35.89% | Loss: 
Placing Sensors
[Episode 445/1000] Steps: 720 | Reward: -117.15 | Battery:  39.39% | Loss: 53.5841
Placing Sensors
[Episode 446/1000] Steps: 720 | Reward:  -64.08 | Battery:  35.99% | Loss: 
Placing Sensors
[Episode 447/1000] Steps: 720 | Reward:  -73.52 | Battery:  36.24% | Loss: 
Placing Sensors
[Episode 448/1000] Steps: 720 | Reward:  -80.03 | Battery:  36.60% | Loss: 
Placing Sensors
[Episode 449/1000] Steps: 720 | Reward:  -90.96 | Battery:  36.54% | Loss: 
Placing Sensors
[Episode 450/1000] Steps: 720 | Reward:  -69.87 | Battery:  36.08% | Loss: 11.3077
Placing Sensors
[Episode 451/1000] Steps: 720 | Reward:  -66.21 | Battery:  35.54% | Loss: 
Placing Sensors
[Episode 452/1000] Steps: 720 | Reward:  -79.57 | Battery:  36.03% | Loss: 
Placing Sensors
[Episode 453/1000] Steps: 720 | Reward:  -62.28 | Battery:  35.82% | Loss: 
Placing Sensors
[Episode 454/1000] Steps: 720 | Reward:  -57.96 | Battery:  36.13% | Loss: 
Placing Sensors
[Episode 455/1000] Steps: 720 | Reward:  -64.73 | Battery:  35.47% | Loss: 12.5768
Placing Sensors
[Episode 456/1000] Steps: 720 | Reward:  -61.31 | Battery:  36.12% | Loss: 
Placing Sensors
[Episode 457/1000] Steps: 720 | Reward:  -57.17 | Battery:  35.96% | Loss: 
Placing Sensors
[Episode 458/1000] Steps: 720 | Reward:  -61.53 | Battery:  35.82% | Loss: 
Placing Sensors
[Episode 459/1000] Steps: 720 | Reward:  -62.42 | Battery:  34.79% | Loss: 
Placing Sensors
[Episode 460/1000] Steps: 720 | Reward:  -61.40 | Battery:  35.96% | Loss: 18.2810
Placing Sensors
[Episode 461/1000] Steps: 720 | Reward:  -63.62 | Battery:  36.36% | Loss: 
Placing Sensors
[Episode 462/1000] Steps: 720 | Reward:  -64.75 | Battery:  36.13% | Loss: 
Placing Sensors
[Episode 463/1000] Steps: 720 | Reward:  -61.10 | Battery:  36.33% | Loss: 
Placing Sensors
[Episode 464/1000] Steps: 720 | Reward:  -60.28 | Battery:  36.15% | Loss: 
Placing Sensors
[Episode 465/1000] Steps: 720 | Reward:  -73.34 | Battery:  35.94% | Loss: 12.5813
Placing Sensors
[Episode 466/1000] Steps: 720 | Reward:  -54.73 | Battery:  36.15% | Loss: 
Placing Sensors
[Episode 467/1000] Steps: 720 | Reward:  -57.54 | Battery:  36.28% | Loss: 
Placing Sensors
[Episode 468/1000] Steps: 720 | Reward:  -63.11 | Battery:  35.89% | Loss: 
Placing Sensors
[Episode 469/1000] Steps: 720 | Reward:  -63.28 | Battery:  35.88% | Loss: 
Placing Sensors
[Episode 470/1000] Steps: 720 | Reward:  -56.67 | Battery:  36.26% | Loss: 19.4833
Placing Sensors
[Episode 471/1000] Steps: 720 | Reward:  -72.92 | Battery:  36.16% | Loss: 
Placing Sensors
[Episode 472/1000] Steps: 720 | Reward:  -72.10 | Battery:  35.45% | Loss: 
Placing Sensors
[Episode 473/1000] Steps: 720 | Reward:  -65.88 | Battery:  35.88% | Loss: 
Placing Sensors
[Episode 474/1000] Steps: 720 | Reward:  -63.25 | Battery:  36.03% | Loss: 
Placing Sensors
[Episode 475/1000] Steps: 720 | Reward:  -59.50 | Battery:  36.02% | Loss: 8.0267
Placing Sensors
[Episode 476/1000] Steps: 720 | Reward:  -68.42 | Battery:  36.33% | Loss: 
Placing Sensors
[Episode 477/1000] Steps: 720 | Reward:  -65.88 | Battery:  35.86% | Loss: 
Placing Sensors
[Episode 478/1000] Steps: 720 | Reward:  -66.92 | Battery:  36.16% | Loss: 
Placing Sensors
[Episode 479/1000] Steps: 720 | Reward:  -66.62 | Battery:  35.82% | Loss: 
Placing Sensors
[Episode 480/1000] Steps: 720 | Reward:  -68.62 | Battery:  36.27% | Loss: 9.0747
Placing Sensors
[Episode 481/1000] Steps: 720 | Reward:  -70.46 | Battery:  35.87% | Loss: 
Placing Sensors
[Episode 482/1000] Steps: 720 | Reward:  -71.72 | Battery:  35.82% | Loss: 
Placing Sensors
[Episode 483/1000] Steps: 720 | Reward:  -69.02 | Battery:  35.73% | Loss: 
Placing Sensors
[Episode 484/1000] Steps: 720 | Reward:  -70.09 | Battery:  35.93% | Loss: 
Placing Sensors
[Episode 485/1000] Steps: 720 | Reward:  -76.60 | Battery:  36.50% | Loss: 7.2040
Placing Sensors
[Episode 486/1000] Steps: 720 | Reward:  -77.34 | Battery:  32.48% | Loss: 
Placing Sensors
[Episode 487/1000] Steps: 720 | Reward:  -65.69 | Battery:  35.44% | Loss: 
Placing Sensors
[Episode 488/1000] Steps: 720 | Reward:  -69.55 | Battery:  36.24% | Loss: 
Placing Sensors
[Episode 489/1000] Steps: 720 | Reward:  -57.33 | Battery:  36.06% | Loss: 
Placing Sensors
[Episode 490/1000] Steps: 720 | Reward:  -67.54 | Battery:  35.94% | Loss: 9.9497
Placing Sensors
[Episode 491/1000] Steps: 720 | Reward:  -58.56 | Battery:  35.82% | Loss: 
Placing Sensors
[Episode 492/1000] Steps: 720 | Reward:  -65.00 | Battery:  36.33% | Loss: 
Placing Sensors
[Episode 493/1000] Steps: 720 | Reward:  -69.78 | Battery:  36.11% | Loss: 
Placing Sensors
[Episode 494/1000] Steps: 720 | Reward:  -67.52 | Battery:  35.91% | Loss: 
Placing Sensors
[Episode 495/1000] Steps: 720 | Reward:  -61.64 | Battery:  36.20% | Loss: 11.1886
Placing Sensors
[Episode 496/1000] Steps: 720 | Reward:  -64.43 | Battery:  36.21% | Loss: 
Placing Sensors
[Episode 497/1000] Steps: 720 | Reward:  -68.88 | Battery:  36.03% | Loss: 
Placing Sensors
[Episode 498/1000] Steps: 720 | Reward:  -68.72 | Battery:  36.28% | Loss: 
Placing Sensors
[Episode 499/1000] Steps: 720 | Reward:  -58.72 | Battery:  36.11% | Loss: 
Placing Sensors
[Episode 500/1000] Steps: 720 | Reward:  -61.99 | Battery:  36.17% | Loss: 12.9151
Placing Sensors
[Episode 501/1000] Steps: 720 | Reward:  -71.69 | Battery:  36.22% | Loss: 
Placing Sensors
[Episode 502/1000] Steps: 720 | Reward:  -64.69 | Battery:  35.80% | Loss: 
Placing Sensors
[Episode 503/1000] Steps: 720 | Reward:  -74.02 | Battery:  35.87% | Loss: 
Placing Sensors
[Episode 504/1000] Steps: 720 | Reward:  -71.33 | Battery:  36.28% | Loss: 
Placing Sensors
[Episode 505/1000] Steps: 720 | Reward:  -66.92 | Battery:  35.92% | Loss: 8.2407
Placing Sensors
[Episode 506/1000] Steps: 720 | Reward:  -65.41 | Battery:  36.40% | Loss: 
Placing Sensors
[Episode 507/1000] Steps: 720 | Reward:  -75.90 | Battery:  35.61% | Loss: 
Placing Sensors
[Episode 508/1000] Steps: 720 | Reward:  -66.73 | Battery:  35.89% | Loss: 
Placing Sensors
[Episode 509/1000] Steps: 720 | Reward:  -68.60 | Battery:  36.28% | Loss: 
Placing Sensors
[Episode 510/1000] Steps: 720 | Reward:  -66.68 | Battery:  35.97% | Loss: 8.3146
Placing Sensors
[Episode 511/1000] Steps: 720 | Reward:  -72.94 | Battery:  35.57% | Loss: 
Placing Sensors
[Episode 512/1000] Steps: 720 | Reward:  -71.77 | Battery:  36.34% | Loss: 
Placing Sensors
[Episode 513/1000] Steps: 720 | Reward:  -68.96 | Battery:  36.14% | Loss: 
Placing Sensors
[Episode 514/1000] Steps: 720 | Reward:  -68.04 | Battery:  36.09% | Loss: 
Placing Sensors
[Episode 515/1000] Steps: 720 | Reward:  -64.95 | Battery:  36.04% | Loss: 8.6447
Placing Sensors
[Episode 516/1000] Steps: 720 | Reward:  -66.24 | Battery:  35.79% | Loss: 
Placing Sensors
[Episode 517/1000] Steps: 720 | Reward:  -59.61 | Battery:  36.22% | Loss: 
Placing Sensors
[Episode 518/1000] Steps: 720 | Reward:  -62.17 | Battery:  36.22% | Loss: 
Placing Sensors
[Episode 519/1000] Steps: 720 | Reward:  -59.98 | Battery:  35.81% | Loss: 
Placing Sensors
[Episode 520/1000] Steps: 720 | Reward:  -59.85 | Battery:  35.86% | Loss: 14.2557
Placing Sensors
[Episode 521/1000] Steps: 720 | Reward:  -64.89 | Battery:  35.85% | Loss: 
Placing Sensors
[Episode 522/1000] Steps: 720 | Reward:  -69.22 | Battery:  36.23% | Loss: 
Placing Sensors
[Episode 523/1000] Steps: 720 | Reward:  -57.20 | Battery:  35.72% | Loss: 
Placing Sensors
[Episode 524/1000] Steps: 720 | Reward:  -63.75 | Battery:  36.05% | Loss: 
Placing Sensors
[Episode 525/1000] Steps: 720 | Reward:  -63.84 | Battery:  36.36% | Loss: 10.8953
Placing Sensors
[Episode 526/1000] Steps: 720 | Reward:  -65.56 | Battery:  34.91% | Loss: 
Placing Sensors
[Episode 527/1000] Steps: 720 | Reward:  -63.78 | Battery:  35.97% | Loss: 
Placing Sensors
[Episode 528/1000] Steps: 720 | Reward:  -75.52 | Battery:  32.57% | Loss: 
Placing Sensors
[Episode 529/1000] Steps: 720 | Reward:  -64.69 | Battery:  35.46% | Loss: 
Placing Sensors
[Episode 530/1000] Steps: 720 | Reward:  -63.24 | Battery:  35.87% | Loss: 12.4114
Placing Sensors
[Episode 531/1000] Steps: 720 | Reward:  -60.44 | Battery:  36.19% | Loss: 
Placing Sensors
[Episode 532/1000] Steps: 720 | Reward:  -75.79 | Battery:  36.45% | Loss: 
Placing Sensors
[Episode 533/1000] Steps: 720 | Reward:  -69.50 | Battery:  36.09% | Loss: 
Placing Sensors
[Episode 534/1000] Steps: 720 | Reward:  -71.63 | Battery:  32.39% | Loss: 
Placing Sensors
[Episode 535/1000] Steps: 720 | Reward:  -68.20 | Battery:  36.01% | Loss: 9.7737
Placing Sensors
[Episode 536/1000] Steps: 720 | Reward:  -68.23 | Battery:  36.04% | Loss: 
Placing Sensors
[Episode 537/1000] Steps: 720 | Reward:  -64.92 | Battery:  36.42% | Loss: 
Placing Sensors
[Episode 538/1000] Steps: 720 | Reward:  -58.22 | Battery:  36.08% | Loss: 
Placing Sensors
[Episode 539/1000] Steps: 720 | Reward:  -62.92 | Battery:  35.71% | Loss: 
Placing Sensors
[Episode 540/1000] Steps: 720 | Reward:  -65.46 | Battery:  35.66% | Loss: 11.3028
Placing Sensors
[Episode 541/1000] Steps: 720 | Reward:  -69.11 | Battery:  36.07% | Loss: 
Placing Sensors
[Episode 542/1000] Steps: 720 | Reward:  -62.61 | Battery:  36.08% | Loss: 
Placing Sensors
[Episode 543/1000] Steps: 720 | Reward:  -67.61 | Battery:  36.16% | Loss: 
Placing Sensors
[Episode 544/1000] Steps: 720 | Reward:  -63.41 | Battery:  35.98% | Loss: 
Placing Sensors
[Episode 545/1000] Steps: 720 | Reward:  -61.63 | Battery:  35.94% | Loss: 10.6537
Placing Sensors
[Episode 546/1000] Steps: 720 | Reward:  -66.42 | Battery:  35.83% | Loss: 
Placing Sensors
[Episode 547/1000] Steps: 720 | Reward:  -59.70 | Battery:  36.30% | Loss: 
Placing Sensors
[Episode 548/1000] Steps: 720 | Reward:  -63.66 | Battery:  36.15% | Loss: 
Placing Sensors
[Episode 549/1000] Steps: 720 | Reward:  -64.80 | Battery:  36.20% | Loss: 
Placing Sensors
[Episode 550/1000] Steps: 720 | Reward:  -63.07 | Battery:  36.28% | Loss: 12.2232
Placing Sensors
[Episode 551/1000] Steps: 720 | Reward:  -71.69 | Battery:  35.60% | Loss: 
Placing Sensors
[Episode 552/1000] Steps: 720 | Reward:  -60.23 | Battery:  35.96% | Loss: 
Placing Sensors
[Episode 553/1000] Steps: 720 | Reward:  -61.96 | Battery:  36.17% | Loss: 
Placing Sensors
[Episode 554/1000] Steps: 720 | Reward:  -68.29 | Battery:  35.98% | Loss: 
Placing Sensors
[Episode 555/1000] Steps: 720 | Reward:  -69.43 | Battery:  35.89% | Loss: 10.6590
Placing Sensors
[Episode 556/1000] Steps: 720 | Reward:  -62.52 | Battery:  36.14% | Loss: 
Placing Sensors
[Episode 557/1000] Steps: 720 | Reward:  -59.36 | Battery:  35.44% | Loss: 
Placing Sensors
[Episode 558/1000] Steps: 720 | Reward:  -69.17 | Battery:  35.87% | Loss: 
Placing Sensors
[Episode 559/1000] Steps: 720 | Reward:  -71.64 | Battery:  35.55% | Loss: 
Placing Sensors
[Episode 560/1000] Steps: 720 | Reward:  -65.28 | Battery:  35.50% | Loss: 11.2648
Placing Sensors
[Episode 561/1000] Steps: 720 | Reward:  -59.29 | Battery:  36.03% | Loss: 
Placing Sensors
[Episode 562/1000] Steps: 720 | Reward:  -63.50 | Battery:  35.22% | Loss: 
Placing Sensors
[Episode 563/1000] Steps: 720 | Reward:  -62.76 | Battery:  36.01% | Loss: 
Placing Sensors
[Episode 564/1000] Steps: 720 | Reward:  -65.57 | Battery:  36.13% | Loss: 
Placing Sensors
[Episode 565/1000] Steps: 720 | Reward:  -61.44 | Battery:  36.08% | Loss: 14.0016
Placing Sensors
[Episode 566/1000] Steps: 720 | Reward:  -59.68 | Battery:  35.62% | Loss: 
Placing Sensors
[Episode 567/1000] Steps: 720 | Reward:  -59.10 | Battery:  35.63% | Loss: 
Placing Sensors
[Episode 568/1000] Steps: 720 | Reward:  -66.75 | Battery:  36.17% | Loss: 
Placing Sensors
[Episode 569/1000] Steps: 720 | Reward:  -69.00 | Battery:  36.03% | Loss: 
Placing Sensors
[Episode 570/1000] Steps: 720 | Reward:  -66.15 | Battery:  36.23% | Loss: 9.9321
Placing Sensors
[Episode 571/1000] Steps: 720 | Reward:  -68.41 | Battery:  34.69% | Loss: 
Placing Sensors
[Episode 572/1000] Steps: 720 | Reward:  -71.36 | Battery:  35.97% | Loss: 
Placing Sensors
[Episode 573/1000] Steps: 720 | Reward:  -67.72 | Battery:  35.85% | Loss: 
Placing Sensors
[Episode 574/1000] Steps: 720 | Reward:  -76.10 | Battery:  34.28% | Loss: 
Placing Sensors
[Episode 575/1000] Steps: 720 | Reward:  -69.01 | Battery:  36.25% | Loss: 8.3795
Placing Sensors
[Episode 576/1000] Steps: 720 | Reward:  -61.25 | Battery:  35.82% | Loss: 
Placing Sensors
[Episode 577/1000] Steps: 720 | Reward:  -68.57 | Battery:  36.16% | Loss: 
Placing Sensors
[Episode 578/1000] Steps: 720 | Reward:  -59.04 | Battery:  35.87% | Loss: 
Placing Sensors
[Episode 579/1000] Steps: 720 | Reward:  -64.64 | Battery:  35.73% | Loss: 
Placing Sensors
[Episode 580/1000] Steps: 720 | Reward:  -63.46 | Battery:  36.11% | Loss: 10.9332
Placing Sensors
[Episode 581/1000] Steps: 720 | Reward:  -65.51 | Battery:  35.73% | Loss: 
Placing Sensors
[Episode 582/1000] Steps: 720 | Reward:  -65.06 | Battery:  36.07% | Loss: 
Placing Sensors
[Episode 583/1000] Steps: 720 | Reward:  -70.53 | Battery:  35.06% | Loss: 
Placing Sensors
[Episode 584/1000] Steps: 720 | Reward:  -63.57 | Battery:  36.14% | Loss: 
Placing Sensors
[Episode 585/1000] Steps: 720 | Reward:  -59.60 | Battery:  35.65% | Loss: 10.9474
Placing Sensors
[Episode 586/1000] Steps: 720 | Reward:  -71.34 | Battery:  34.66% | Loss: 
Placing Sensors
[Episode 587/1000] Steps: 720 | Reward:  -65.73 | Battery:  35.58% | Loss: 
Placing Sensors
[Episode 588/1000] Steps: 720 | Reward:  -62.23 | Battery:  35.65% | Loss: 
Placing Sensors
[Episode 589/1000] Steps: 720 | Reward:  -65.43 | Battery:  36.21% | Loss: 
Placing Sensors
[Episode 590/1000] Steps: 720 | Reward:  -69.33 | Battery:  36.00% | Loss: 8.7580
Placing Sensors
[Episode 591/1000] Steps: 720 | Reward:  -73.40 | Battery:  33.72% | Loss: 
Placing Sensors
[Episode 592/1000] Steps: 720 | Reward:  -65.25 | Battery:  36.18% | Loss: 
Placing Sensors
[Episode 593/1000] Steps: 720 | Reward:  -64.15 | Battery:  35.57% | Loss: 
Placing Sensors
[Episode 594/1000] Steps: 720 | Reward:  -65.69 | Battery:  34.70% | Loss: 
Placing Sensors
[Episode 595/1000] Steps: 720 | Reward:  -63.56 | Battery:  36.22% | Loss: 12.6862
Placing Sensors
[Episode 596/1000] Steps: 720 | Reward:  -70.46 | Battery:  36.00% | Loss: 
Placing Sensors
[Episode 597/1000] Steps: 720 | Reward:  -67.19 | Battery:  36.22% | Loss: 
Placing Sensors
[Episode 598/1000] Steps: 720 | Reward:  -66.54 | Battery:  35.96% | Loss: 
Placing Sensors
[Episode 599/1000] Steps: 720 | Reward:  -67.16 | Battery:  36.18% | Loss: 
Placing Sensors
[Episode 600/1000] Steps: 720 | Reward:  -62.36 | Battery:  36.16% | Loss: 9.7765
Placing Sensors
[Episode 601/1000] Steps: 720 | Reward:  -72.88 | Battery:  36.15% | Loss: 
Placing Sensors
[Episode 602/1000] Steps: 720 | Reward:  -70.74 | Battery:  36.26% | Loss: 
Placing Sensors
[Episode 603/1000] Steps: 720 | Reward:  -83.43 | Battery:  36.13% | Loss: 
Placing Sensors
[Episode 604/1000] Steps: 720 | Reward:  -71.80 | Battery:  36.63% | Loss: 
Placing Sensors
[Episode 605/1000] Steps: 720 | Reward:  -69.52 | Battery:  35.33% | Loss: 19.2335
Placing Sensors
[Episode 606/1000] Steps: 720 | Reward:  -69.78 | Battery:  36.45% | Loss: 
Placing Sensors
[Episode 607/1000] Steps: 720 | Reward:  -74.05 | Battery:  36.11% | Loss: 
Placing Sensors
[Episode 608/1000] Steps: 720 | Reward:  -70.71 | Battery:  35.98% | Loss: 
Placing Sensors
[Episode 609/1000] Steps: 720 | Reward:  -67.84 | Battery:  36.16% | Loss: 
Placing Sensors
[Episode 610/1000] Steps: 720 | Reward:  -66.76 | Battery:  36.35% | Loss: 8.3893
Placing Sensors
[Episode 611/1000] Steps: 720 | Reward:  -70.70 | Battery:  36.35% | Loss: 
Placing Sensors
[Episode 612/1000] Steps: 720 | Reward:  -66.29 | Battery:  35.76% | Loss: 
Placing Sensors
[Episode 613/1000] Steps: 720 | Reward:  -65.51 | Battery:  36.17% | Loss: 
Placing Sensors
[Episode 614/1000] Steps: 720 | Reward:  -67.24 | Battery:  36.28% | Loss: 
Placing Sensors
[Episode 615/1000] Steps: 720 | Reward:  -73.75 | Battery:  36.40% | Loss: 8.9942
Placing Sensors
[Episode 616/1000] Steps: 720 | Reward:  -67.18 | Battery:  35.94% | Loss: 
Placing Sensors
[Episode 617/1000] Steps: 720 | Reward:  -71.14 | Battery:  36.23% | Loss: 
Placing Sensors
[Episode 618/1000] Steps: 720 | Reward:  -60.52 | Battery:  35.73% | Loss: 
Placing Sensors
[Episode 619/1000] Steps: 720 | Reward:  -62.68 | Battery:  35.90% | Loss: 
Placing Sensors
[Episode 620/1000] Steps: 720 | Reward:  -68.33 | Battery:  35.68% | Loss: 9.8670
Placing Sensors
[Episode 621/1000] Steps: 720 | Reward:  -97.58 | Battery:  27.51% | Loss: 
Placing Sensors
[Episode 622/1000] Steps: 720 | Reward: -125.30 | Battery:  19.84% | Loss: 
Placing Sensors
[Episode 623/1000] Steps: 720 | Reward:  -62.48 | Battery:  35.76% | Loss: 
Placing Sensors
[Episode 624/1000] Steps: 720 | Reward:  -74.45 | Battery:  35.97% | Loss: 
Placing Sensors
[Episode 625/1000] Steps: 720 | Reward:  -72.23 | Battery:  34.55% | Loss: 18.6755
Placing Sensors
[Episode 626/1000] Steps: 720 | Reward:  -69.39 | Battery:  35.80% | Loss: 
Placing Sensors
[Episode 627/1000] Steps: 720 | Reward:  -62.43 | Battery:  35.84% | Loss: 
Placing Sensors
[Episode 628/1000] Steps: 720 | Reward:  -65.29 | Battery:  36.02% | Loss: 
Placing Sensors
[Episode 629/1000] Steps: 720 | Reward:  -62.09 | Battery:  35.96% | Loss: 
Placing Sensors
[Episode 630/1000] Steps: 720 | Reward:  -63.81 | Battery:  35.23% | Loss: 16.2477
Placing Sensors
[Episode 631/1000] Steps: 720 | Reward:  -73.49 | Battery:  36.10% | Loss: 
Placing Sensors
[Episode 632/1000] Steps: 720 | Reward:  -58.71 | Battery:  35.94% | Loss: 
Placing Sensors
[Episode 633/1000] Steps: 720 | Reward:  -67.31 | Battery:  35.95% | Loss: 
Placing Sensors
[Episode 634/1000] Steps: 720 | Reward:  -75.39 | Battery:  35.96% | Loss: 
Placing Sensors
[Episode 635/1000] Steps: 720 | Reward:  -68.66 | Battery:  35.82% | Loss: 13.9567
Placing Sensors
[Episode 636/1000] Steps: 720 | Reward:  -69.84 | Battery:  35.86% | Loss: 
Placing Sensors
[Episode 637/1000] Steps: 720 | Reward: -125.72 | Battery:  19.95% | Loss: 
Placing Sensors
[Episode 638/1000] Steps: 720 | Reward: -125.23 | Battery:  19.95% | Loss: 
Placing Sensors
[Episode 639/1000] Steps: 720 | Reward:  -90.83 | Battery:  31.37% | Loss: 
Placing Sensors
[Episode 640/1000] Steps: 720 | Reward:  -64.46 | Battery:  36.05% | Loss: 24.8512
Placing Sensors
[Episode 641/1000] Steps: 720 | Reward:  -59.32 | Battery:  36.15% | Loss: 
Placing Sensors
[Episode 642/1000] Steps: 720 | Reward:  -60.08 | Battery:  35.91% | Loss: 
Placing Sensors
[Episode 643/1000] Steps: 720 | Reward:  -62.92 | Battery:  36.15% | Loss: 
Placing Sensors
[Episode 644/1000] Steps: 720 | Reward:  -60.67 | Battery:  35.40% | Loss: 
Placing Sensors
[Episode 645/1000] Steps: 720 | Reward:  -64.45 | Battery:  36.21% | Loss: 14.5988
Placing Sensors
[Episode 646/1000] Steps: 720 | Reward:  -61.29 | Battery:  35.46% | Loss: 
Placing Sensors
[Episode 647/1000] Steps: 720 | Reward:  -70.05 | Battery:  35.03% | Loss: 
Placing Sensors
[Episode 648/1000] Steps: 720 | Reward:  -62.62 | Battery:  36.04% | Loss: 
Placing Sensors
[Episode 649/1000] Steps: 720 | Reward:  -67.17 | Battery:  36.27% | Loss: 
Placing Sensors
[Episode 650/1000] Steps: 720 | Reward:  -63.70 | Battery:  36.02% | Loss: 11.3288
Placing Sensors
[Episode 651/1000] Steps: 720 | Reward:  -74.38 | Battery:  35.81% | Loss: 
Placing Sensors
[Episode 652/1000] Steps: 720 | Reward:  -67.17 | Battery:  35.13% | Loss: 
Placing Sensors
[Episode 653/1000] Steps: 720 | Reward:  -67.53 | Battery:  36.08% | Loss: 
Placing Sensors
[Episode 654/1000] Steps: 720 | Reward:  -70.71 | Battery:  35.99% | Loss: 
Placing Sensors
[Episode 655/1000] Steps: 720 | Reward:  -68.96 | Battery:  35.91% | Loss: 9.5177
Placing Sensors
[Episode 656/1000] Steps: 720 | Reward: -129.79 | Battery:  20.18% | Loss: 
Placing Sensors
[Episode 657/1000] Steps: 720 | Reward:  -68.16 | Battery:  36.17% | Loss: 
Placing Sensors
[Episode 658/1000] Steps: 720 | Reward:  -69.81 | Battery:  36.20% | Loss: 
Placing Sensors
[Episode 659/1000] Steps: 720 | Reward:  -64.20 | Battery:  36.20% | Loss: 
Placing Sensors
[Episode 660/1000] Steps: 720 | Reward:  -72.17 | Battery:  35.66% | Loss: 17.7973
Placing Sensors
[Episode 661/1000] Steps: 720 | Reward:  -70.55 | Battery:  35.87% | Loss: 
Placing Sensors
[Episode 662/1000] Steps: 720 | Reward:  -82.06 | Battery:  36.52% | Loss: 
Placing Sensors
[Episode 663/1000] Steps: 720 | Reward:  -69.43 | Battery:  35.97% | Loss: 
Placing Sensors
[Episode 664/1000] Steps: 720 | Reward:  -64.58 | Battery:  35.65% | Loss: 
Placing Sensors
[Episode 665/1000] Steps: 720 | Reward:  -81.93 | Battery:  34.61% | Loss: 10.7603
Placing Sensors
[Episode 666/1000] Steps: 720 | Reward:  -74.40 | Battery:  34.40% | Loss: 
Placing Sensors
[Episode 667/1000] Steps: 720 | Reward:  -85.90 | Battery:  32.69% | Loss: 
Placing Sensors
[Episode 668/1000] Steps: 720 | Reward:  -75.23 | Battery:  35.26% | Loss: 
Placing Sensors
[Episode 669/1000] Steps: 720 | Reward:  -76.98 | Battery:  36.21% | Loss: 
Placing Sensors
[Episode 670/1000] Steps: 720 | Reward:  -75.24 | Battery:  36.30% | Loss: 9.5559
Placing Sensors
[Episode 671/1000] Steps: 720 | Reward:  -62.83 | Battery:  36.07% | Loss: 
Placing Sensors
[Episode 672/1000] Steps: 720 | Reward:  -72.06 | Battery:  36.38% | Loss: 
Placing Sensors
[Episode 673/1000] Steps: 720 | Reward:  -79.42 | Battery:  33.85% | Loss: 
Placing Sensors
[Episode 674/1000] Steps: 720 | Reward:  -76.36 | Battery:  36.28% | Loss: 
Placing Sensors
[Episode 675/1000] Steps: 720 | Reward: -130.29 | Battery:  20.15% | Loss: 14.4428
Placing Sensors
[Episode 676/1000] Steps: 720 | Reward:  -67.64 | Battery:  35.96% | Loss: 
Placing Sensors
[Episode 677/1000] Steps: 720 | Reward:  -65.29 | Battery:  36.26% | Loss: 
Placing Sensors
[Episode 678/1000] Steps: 720 | Reward:  -66.03 | Battery:  33.83% | Loss: 
Placing Sensors
[Episode 679/1000] Steps: 720 | Reward:  -76.35 | Battery:  36.58% | Loss: 
Placing Sensors
[Episode 680/1000] Steps: 720 | Reward:  -67.68 | Battery:  36.09% | Loss: 10.7716
Placing Sensors
[Episode 681/1000] Steps: 720 | Reward:  -74.95 | Battery:  35.94% | Loss: 
Placing Sensors
[Episode 682/1000] Steps: 720 | Reward:  -64.40 | Battery:  35.77% | Loss: 
Placing Sensors
[Episode 683/1000] Steps: 720 | Reward:  -65.69 | Battery:  36.07% | Loss: 
Placing Sensors
[Episode 684/1000] Steps: 720 | Reward:  -69.68 | Battery:  36.15% | Loss: 
Placing Sensors
[Episode 685/1000] Steps: 720 | Reward:  -76.86 | Battery:  33.18% | Loss: 8.0176
Placing Sensors
[Episode 686/1000] Steps: 720 | Reward:  -68.54 | Battery:  36.05% | Loss: 
Placing Sensors
[Episode 687/1000] Steps: 720 | Reward:  -64.35 | Battery:  36.08% | Loss: 
Placing Sensors
[Episode 688/1000] Steps: 720 | Reward:  -71.30 | Battery:  36.03% | Loss: 
Placing Sensors
[Episode 689/1000] Steps: 720 | Reward:  -71.25 | Battery:  36.69% | Loss: 
Placing Sensors
[Episode 690/1000] Steps: 720 | Reward:  -62.28 | Battery:  36.04% | Loss: 10.3722
Placing Sensors
[Episode 691/1000] Steps: 720 | Reward:  -67.79 | Battery:  35.75% | Loss: 
Placing Sensors
[Episode 692/1000] Steps: 720 | Reward:  -70.75 | Battery:  35.96% | Loss: 
Placing Sensors
[Episode 693/1000] Steps: 720 | Reward:  -62.96 | Battery:  36.24% | Loss: 
Placing Sensors
[Episode 694/1000] Steps: 720 | Reward:  -74.35 | Battery:  35.89% | Loss: 
Placing Sensors
[Episode 695/1000] Steps: 720 | Reward:  -61.94 | Battery:  35.85% | Loss: 11.8101
Placing Sensors
[Episode 696/1000] Steps: 720 | Reward:  -71.20 | Battery:  35.99% | Loss: 
Placing Sensors
[Episode 697/1000] Steps: 720 | Reward:  -72.10 | Battery:  35.96% | Loss: 
Placing Sensors
[Episode 698/1000] Steps: 720 | Reward:  -76.23 | Battery:  36.05% | Loss: 
Placing Sensors
[Episode 699/1000] Steps: 720 | Reward:  -68.14 | Battery:  36.21% | Loss: 
Placing Sensors
[Episode 700/1000] Steps: 720 | Reward:  -63.62 | Battery:  36.00% | Loss: 8.6849
Placing Sensors
[Episode 701/1000] Steps: 720 | Reward:  -74.51 | Battery:  36.24% | Loss: 
Placing Sensors
[Episode 702/1000] Steps: 720 | Reward:  -73.68 | Battery:  33.27% | Loss: 
Placing Sensors
[Episode 703/1000] Steps: 720 | Reward:  -78.84 | Battery:  36.58% | Loss: 
Placing Sensors
[Episode 704/1000] Steps: 720 | Reward:  -63.29 | Battery:  35.76% | Loss: 
Placing Sensors
[Episode 705/1000] Steps: 720 | Reward:  -66.12 | Battery:  36.20% | Loss: 8.4754
Placing Sensors
[Episode 706/1000] Steps: 720 | Reward:  -79.39 | Battery:  36.35% | Loss: 
Placing Sensors
[Episode 707/1000] Steps: 720 | Reward: -100.60 | Battery:  38.39% | Loss: 
Placing Sensors
[Episode 708/1000] Steps: 720 | Reward:  -83.14 | Battery:  36.74% | Loss: 
Placing Sensors
[Episode 709/1000] Steps: 720 | Reward:  -70.43 | Battery:  35.24% | Loss: 
Placing Sensors
[Episode 710/1000] Steps: 720 | Reward:  -74.76 | Battery:  36.00% | Loss: 18.7181
Placing Sensors
[Episode 711/1000] Steps: 720 | Reward:  -83.17 | Battery:  36.92% | Loss: 
Placing Sensors
[Episode 712/1000] Steps: 720 | Reward: -118.05 | Battery:  38.73% | Loss: 
Placing Sensors
[Episode 713/1000] Steps: 720 | Reward:  -90.00 | Battery:  37.58% | Loss: 
Placing Sensors
[Episode 714/1000] Steps: 720 | Reward:  -84.58 | Battery:  36.18% | Loss: 
Placing Sensors
[Episode 715/1000] Steps: 720 | Reward:  -70.61 | Battery:  35.81% | Loss: 33.8533
Placing Sensors
[Episode 716/1000] Steps: 720 | Reward:  -80.76 | Battery:  36.44% | Loss: 
Placing Sensors
[Episode 717/1000] Steps: 720 | Reward:  -72.03 | Battery:  35.93% | Loss: 
Placing Sensors
[Episode 718/1000] Steps: 720 | Reward:  -78.12 | Battery:  36.93% | Loss: 
Placing Sensors
[Episode 719/1000] Steps: 720 | Reward:  -82.03 | Battery:  37.09% | Loss: 
Placing Sensors
[Episode 720/1000] Steps: 720 | Reward: -102.51 | Battery:  38.26% | Loss: 24.9651
Placing Sensors
[Episode 721/1000] Steps: 720 | Reward:  -85.95 | Battery:  36.97% | Loss: 
Placing Sensors
[Episode 722/1000] Steps: 720 | Reward: -101.33 | Battery:  37.92% | Loss: 
Placing Sensors
[Episode 723/1000] Steps: 720 | Reward: -112.85 | Battery:  39.39% | Loss: 
Placing Sensors
[Episode 724/1000] Steps: 720 | Reward:  -74.02 | Battery:  36.39% | Loss: 
Placing Sensors
[Episode 725/1000] Steps: 720 | Reward:  -85.27 | Battery:  37.10% | Loss: 42.0697
Placing Sensors
[Episode 726/1000] Steps: 720 | Reward:  -79.50 | Battery:  36.77% | Loss: 
Placing Sensors
[Episode 727/1000] Steps: 720 | Reward:  -96.41 | Battery:  37.89% | Loss: 
Placing Sensors
[Episode 728/1000] Steps: 720 | Reward:  -80.51 | Battery:  36.83% | Loss: 
Placing Sensors
[Episode 729/1000] Steps: 720 | Reward:  -68.25 | Battery:  35.58% | Loss: 
Placing Sensors
[Episode 730/1000] Steps: 720 | Reward:  -55.49 | Battery:  36.12% | Loss: 14.3211
Placing Sensors
[Episode 731/1000] Steps: 720 | Reward: -109.42 | Battery:  39.13% | Loss: 
Placing Sensors
[Episode 732/1000] Steps: 720 | Reward:  -67.67 | Battery:  33.70% | Loss: 
Placing Sensors
[Episode 733/1000] Steps: 720 | Reward: -106.79 | Battery:  38.75% | Loss: 
Placing Sensors
[Episode 734/1000] Steps: 720 | Reward:  -62.48 | Battery:  36.02% | Loss: 
Placing Sensors
[Episode 735/1000] Steps: 720 | Reward:  -68.81 | Battery:  36.30% | Loss: 37.8530
Placing Sensors
[Episode 736/1000] Steps: 720 | Reward:  -96.53 | Battery:  38.10% | Loss: 
Placing Sensors
[Episode 737/1000] Steps: 720 | Reward:  -85.77 | Battery:  36.83% | Loss: 
Placing Sensors
[Episode 738/1000] Steps: 720 | Reward:  -69.02 | Battery:  35.91% | Loss: 
Placing Sensors
[Episode 739/1000] Steps: 720 | Reward:  -59.15 | Battery:  35.69% | Loss: 
Placing Sensors
[Episode 740/1000] Steps: 720 | Reward:  -76.31 | Battery:  36.44% | Loss: 15.6958
Placing Sensors
[Episode 741/1000] Steps: 720 | Reward:  -65.18 | Battery:  36.16% | Loss: 
Placing Sensors
[Episode 742/1000] Steps: 720 | Reward:  -60.49 | Battery:  35.86% | Loss: 
Placing Sensors
[Episode 743/1000] Steps: 720 | Reward:  -62.92 | Battery:  35.64% | Loss: 
Placing Sensors
[Episode 744/1000] Steps: 720 | Reward:  -67.18 | Battery:  35.92% | Loss: 
Placing Sensors
[Episode 745/1000] Steps: 720 | Reward:  -68.47 | Battery:  35.67% | Loss: 13.4818
Placing Sensors
[Episode 746/1000] Steps: 720 | Reward:  -58.87 | Battery:  36.16% | Loss: 
Placing Sensors
[Episode 747/1000] Steps: 720 | Reward:  -76.14 | Battery:  36.43% | Loss: 
Placing Sensors
[Episode 748/1000] Steps: 720 | Reward:  -66.43 | Battery:  35.74% | Loss: 
Placing Sensors
[Episode 749/1000] Steps: 720 | Reward:  -56.62 | Battery:  35.97% | Loss: 
Placing Sensors
[Episode 750/1000] Steps: 720 | Reward:  -62.98 | Battery:  36.24% | Loss: 16.7571
Placing Sensors
[Episode 751/1000] Steps: 720 | Reward:  -69.71 | Battery:  35.80% | Loss: 
Placing Sensors
[Episode 752/1000] Steps: 720 | Reward:  -66.45 | Battery:  35.99% | Loss: 
Placing Sensors
[Episode 753/1000] Steps: 720 | Reward:  -61.67 | Battery:  35.96% | Loss: 
Placing Sensors
[Episode 754/1000] Steps: 720 | Reward:  -56.64 | Battery:  36.00% | Loss: 
Placing Sensors
[Episode 755/1000] Steps: 720 | Reward:  -60.59 | Battery:  36.20% | Loss: 11.8584
Placing Sensors
[Episode 756/1000] Steps: 720 | Reward:  -61.03 | Battery:  35.31% | Loss: 
Placing Sensors
[Episode 757/1000] Steps: 720 | Reward:  -62.86 | Battery:  36.26% | Loss: 
Placing Sensors
[Episode 758/1000] Steps: 720 | Reward:  -60.37 | Battery:  35.87% | Loss: 
Placing Sensors
[Episode 759/1000] Steps: 720 | Reward:  -64.41 | Battery:  36.17% | Loss: 
Placing Sensors
[Episode 760/1000] Steps: 720 | Reward:  -67.08 | Battery:  35.95% | Loss: 13.8857
Placing Sensors
[Episode 761/1000] Steps: 720 | Reward:  -65.65 | Battery:  36.29% | Loss: 
Placing Sensors
[Episode 762/1000] Steps: 720 | Reward:  -67.67 | Battery:  35.78% | Loss: 
Placing Sensors
[Episode 763/1000] Steps: 720 | Reward:  -67.43 | Battery:  35.98% | Loss: 
Placing Sensors
[Episode 764/1000] Steps: 720 | Reward:  -60.03 | Battery:  35.97% | Loss: 
Placing Sensors
[Episode 765/1000] Steps: 720 | Reward:  -65.76 | Battery:  36.00% | Loss: 8.9570
Placing Sensors
[Episode 766/1000] Steps: 720 | Reward:  -60.31 | Battery:  35.22% | Loss: 
Placing Sensors
[Episode 767/1000] Steps: 720 | Reward:  -63.02 | Battery:  35.89% | Loss: 
Placing Sensors
[Episode 768/1000] Steps: 720 | Reward:  -61.73 | Battery:  36.14% | Loss: 
Placing Sensors
[Episode 769/1000] Steps: 720 | Reward:  -59.35 | Battery:  35.88% | Loss: 
Placing Sensors
[Episode 770/1000] Steps: 720 | Reward:  -66.92 | Battery:  35.99% | Loss: 14.8469
Placing Sensors
[Episode 771/1000] Steps: 720 | Reward:  -64.86 | Battery:  36.30% | Loss: 
Placing Sensors
[Episode 772/1000] Steps: 720 | Reward:  -64.35 | Battery:  35.99% | Loss: 
Placing Sensors
[Episode 773/1000] Steps: 720 | Reward:  -68.06 | Battery:  36.38% | Loss: 
Placing Sensors
[Episode 774/1000] Steps: 720 | Reward:  -68.66 | Battery:  36.26% | Loss: 
Placing Sensors
[Episode 775/1000] Steps: 720 | Reward:  -68.64 | Battery:  36.23% | Loss: 10.1796
Placing Sensors
[Episode 776/1000] Steps: 720 | Reward:  -64.51 | Battery:  36.35% | Loss: 
Placing Sensors
[Episode 777/1000] Steps: 720 | Reward:  -62.35 | Battery:  35.94% | Loss: 
Placing Sensors
[Episode 778/1000] Steps: 720 | Reward:  -69.30 | Battery:  35.79% | Loss: 
Placing Sensors
[Episode 779/1000] Steps: 720 | Reward:  -65.19 | Battery:  36.07% | Loss: 
Placing Sensors
[Episode 780/1000] Steps: 720 | Reward:  -61.56 | Battery:  36.17% | Loss: 13.0565
Placing Sensors
[Episode 781/1000] Steps: 720 | Reward:  -61.31 | Battery:  36.06% | Loss: 
Placing Sensors
[Episode 782/1000] Steps: 720 | Reward:  -65.87 | Battery:  35.58% | Loss: 
Placing Sensors
[Episode 783/1000] Steps: 720 | Reward:  -62.35 | Battery:  35.75% | Loss: 
Placing Sensors
[Episode 784/1000] Steps: 720 | Reward:  -61.98 | Battery:  36.25% | Loss: 
Placing Sensors
[Episode 785/1000] Steps: 720 | Reward:  -69.24 | Battery:  36.09% | Loss: 12.3466
Placing Sensors
[Episode 786/1000] Steps: 720 | Reward:  -62.56 | Battery:  35.84% | Loss: 
Placing Sensors
[Episode 787/1000] Steps: 720 | Reward:  -66.66 | Battery:  35.83% | Loss: 
Placing Sensors
[Episode 788/1000] Steps: 720 | Reward:  -70.69 | Battery:  36.14% | Loss: 
Placing Sensors
[Episode 789/1000] Steps: 720 | Reward:  -72.57 | Battery:  36.25% | Loss: 
Placing Sensors
[Episode 790/1000] Steps: 720 | Reward:  -63.43 | Battery:  35.97% | Loss: 11.0022
Placing Sensors
[Episode 791/1000] Steps: 720 | Reward:  -57.80 | Battery:  36.15% | Loss: 
Placing Sensors
[Episode 792/1000] Steps: 720 | Reward:  -71.30 | Battery:  35.99% | Loss: 
Placing Sensors
[Episode 793/1000] Steps: 720 | Reward:  -63.28 | Battery:  35.98% | Loss: 
Placing Sensors
[Episode 794/1000] Steps: 720 | Reward:  -67.31 | Battery:  36.21% | Loss: 
Placing Sensors
[Episode 795/1000] Steps: 720 | Reward:  -65.66 | Battery:  36.20% | Loss: 11.4662
Placing Sensors
[Episode 796/1000] Steps: 720 | Reward:  -64.17 | Battery:  35.97% | Loss: 
Placing Sensors
[Episode 797/1000] Steps: 720 | Reward:  -69.42 | Battery:  35.91% | Loss: 
Placing Sensors
[Episode 798/1000] Steps: 720 | Reward:  -67.51 | Battery:  35.81% | Loss: 
Placing Sensors
[Episode 799/1000] Steps: 720 | Reward:  -63.97 | Battery:  35.84% | Loss: 
Placing Sensors
[Episode 800/1000] Steps: 720 | Reward:  -54.66 | Battery:  36.10% | Loss: 11.3583
Placing Sensors
[Episode 801/1000] Steps: 720 | Reward:  -62.41 | Battery:  35.78% | Loss: 
Placing Sensors
[Episode 802/1000] Steps: 720 | Reward:  -62.91 | Battery:  35.92% | Loss: 
Placing Sensors
[Episode 803/1000] Steps: 720 | Reward:  -61.73 | Battery:  35.87% | Loss: 
Placing Sensors
[Episode 804/1000] Steps: 720 | Reward:  -65.71 | Battery:  35.69% | Loss: 
Placing Sensors
[Episode 805/1000] Steps: 720 | Reward:  -68.05 | Battery:  35.72% | Loss: 10.7916
Placing Sensors
[Episode 806/1000] Steps: 720 | Reward:  -67.66 | Battery:  35.66% | Loss: 
Placing Sensors
[Episode 807/1000] Steps: 720 | Reward:  -59.69 | Battery:  35.83% | Loss: 
Placing Sensors
[Episode 808/1000] Steps: 720 | Reward:  -69.19 | Battery:  35.82% | Loss: 
Placing Sensors
[Episode 809/1000] Steps: 720 | Reward:  -64.60 | Battery:  35.28% | Loss: 
Placing Sensors
[Episode 810/1000] Steps: 720 | Reward:  -61.68 | Battery:  35.37% | Loss: 12.6590
Placing Sensors
[Episode 811/1000] Steps: 720 | Reward:  -59.35 | Battery:  35.92% | Loss: 
Placing Sensors
[Episode 812/1000] Steps: 720 | Reward:  -63.62 | Battery:  36.00% | Loss: 
Placing Sensors
[Episode 813/1000] Steps: 720 | Reward:  -62.36 | Battery:  35.77% | Loss: 
Placing Sensors
[Episode 814/1000] Steps: 720 | Reward:  -64.40 | Battery:  36.23% | Loss: 
Placing Sensors
[Episode 815/1000] Steps: 720 | Reward:  -62.37 | Battery:  35.97% | Loss: 11.6620
Placing Sensors
[Episode 816/1000] Steps: 720 | Reward:  -72.14 | Battery:  36.09% | Loss: 
Placing Sensors
[Episode 817/1000] Steps: 720 | Reward:  -68.39 | Battery:  36.45% | Loss: 
Placing Sensors
[Episode 818/1000] Steps: 720 | Reward:  -67.06 | Battery:  36.12% | Loss: 
Placing Sensors
[Episode 819/1000] Steps: 720 | Reward:  -68.35 | Battery:  36.11% | Loss: 
Placing Sensors
[Episode 820/1000] Steps: 720 | Reward:  -80.86 | Battery:  32.24% | Loss: 9.6799
Placing Sensors
[Episode 821/1000] Steps: 720 | Reward:  -70.98 | Battery:  36.09% | Loss: 
Placing Sensors
[Episode 822/1000] Steps: 720 | Reward:  -70.13 | Battery:  36.13% | Loss: 
Placing Sensors
[Episode 823/1000] Steps: 720 | Reward:  -67.55 | Battery:  35.86% | Loss: 
Placing Sensors
[Episode 824/1000] Steps: 720 | Reward:  -67.42 | Battery:  36.26% | Loss: 
Placing Sensors
[Episode 825/1000] Steps: 720 | Reward:  -72.61 | Battery:  36.04% | Loss: 7.4828
Placing Sensors
[Episode 826/1000] Steps: 720 | Reward:  -63.79 | Battery:  36.09% | Loss: 
Placing Sensors
[Episode 827/1000] Steps: 720 | Reward:  -71.06 | Battery:  36.06% | Loss: 
Placing Sensors
[Episode 828/1000] Steps: 720 | Reward:  -71.56 | Battery:  36.06% | Loss: 
Placing Sensors
[Episode 829/1000] Steps: 720 | Reward:  -81.06 | Battery:  35.42% | Loss: 
Placing Sensors
[Episode 830/1000] Steps: 720 | Reward:  -70.99 | Battery:  36.20% | Loss: 9.9090
Placing Sensors
[Episode 831/1000] Steps: 720 | Reward:  -69.68 | Battery:  36.33% | Loss: 
Placing Sensors
[Episode 832/1000] Steps: 720 | Reward:  -63.25 | Battery:  35.76% | Loss: 
Placing Sensors
[Episode 833/1000] Steps: 720 | Reward:  -76.34 | Battery:  34.44% | Loss: 
Placing Sensors
[Episode 834/1000] Steps: 720 | Reward:  -75.30 | Battery:  34.60% | Loss: 
Placing Sensors
[Episode 835/1000] Steps: 720 | Reward:  -62.85 | Battery:  36.17% | Loss: 7.9924
Placing Sensors
[Episode 836/1000] Steps: 720 | Reward:  -73.15 | Battery:  35.65% | Loss: 
Placing Sensors
[Episode 837/1000] Steps: 720 | Reward:  -65.78 | Battery:  35.99% | Loss: 
Placing Sensors
[Episode 838/1000] Steps: 720 | Reward:  -65.02 | Battery:  36.15% | Loss: 
Placing Sensors
[Episode 839/1000] Steps: 720 | Reward:  -65.34 | Battery:  35.96% | Loss: 
Placing Sensors
[Episode 840/1000] Steps: 720 | Reward:  -63.04 | Battery:  36.16% | Loss: 11.3126
Placing Sensors
[Episode 841/1000] Steps: 720 | Reward:  -69.17 | Battery:  36.04% | Loss: 
Placing Sensors
[Episode 842/1000] Steps: 720 | Reward:  -77.78 | Battery:  35.86% | Loss: 
Placing Sensors
[Episode 843/1000] Steps: 720 | Reward:  -66.15 | Battery:  35.74% | Loss: 
Placing Sensors
[Episode 844/1000] Steps: 720 | Reward:  -65.46 | Battery:  35.93% | Loss: 
Placing Sensors
[Episode 845/1000] Steps: 720 | Reward:  -76.17 | Battery:  34.04% | Loss: 7.8010
Placing Sensors
[Episode 846/1000] Steps: 720 | Reward:  -62.71 | Battery:  36.11% | Loss: 
Placing Sensors
[Episode 847/1000] Steps: 720 | Reward:  -68.63 | Battery:  36.01% | Loss: 
Placing Sensors
[Episode 848/1000] Steps: 720 | Reward:  -73.11 | Battery:  36.20% | Loss: 
Placing Sensors
[Episode 849/1000] Steps: 720 | Reward:  -72.42 | Battery:  34.24% | Loss: 
Placing Sensors
[Episode 850/1000] Steps: 720 | Reward:  -66.13 | Battery:  35.81% | Loss: 7.8245
Placing Sensors
[Episode 851/1000] Steps: 720 | Reward:  -84.14 | Battery:  33.75% | Loss: 
Placing Sensors
[Episode 852/1000] Steps: 720 | Reward:  -69.71 | Battery:  36.28% | Loss: 
Placing Sensors
[Episode 853/1000] Steps: 720 | Reward:  -67.18 | Battery:  36.00% | Loss: 
Placing Sensors
[Episode 854/1000] Steps: 720 | Reward:  -64.28 | Battery:  36.05% | Loss: 
Placing Sensors
[Episode 855/1000] Steps: 720 | Reward:  -61.08 | Battery:  36.05% | Loss: 12.6443
Placing Sensors
[Episode 856/1000] Steps: 720 | Reward:  -73.20 | Battery:  36.25% | Loss: 
Placing Sensors
[Episode 857/1000] Steps: 720 | Reward:  -75.06 | Battery:  36.84% | Loss: 
Placing Sensors
[Episode 858/1000] Steps: 720 | Reward:  -65.60 | Battery:  36.19% | Loss: 
Placing Sensors
[Episode 859/1000] Steps: 720 | Reward:  -71.74 | Battery:  36.11% | Loss: 
Placing Sensors
[Episode 860/1000] Steps: 720 | Reward:  -75.73 | Battery:  35.83% | Loss: 8.0992
Placing Sensors
[Episode 861/1000] Steps: 720 | Reward:  -75.35 | Battery:  36.38% | Loss: 
Placing Sensors
[Episode 862/1000] Steps: 720 | Reward:  -78.23 | Battery:  35.41% | Loss: 
Placing Sensors
[Episode 863/1000] Steps: 720 | Reward:  -71.71 | Battery:  35.95% | Loss: 
Placing Sensors
[Episode 864/1000] Steps: 720 | Reward:  -69.85 | Battery:  34.13% | Loss: 
Placing Sensors
[Episode 865/1000] Steps: 720 | Reward:  -83.68 | Battery:  36.08% | Loss: 9.1141
Placing Sensors
[Episode 866/1000] Steps: 720 | Reward:  -72.53 | Battery:  35.55% | Loss: 
Placing Sensors
[Episode 867/1000] Steps: 720 | Reward:  -72.72 | Battery:  35.81% | Loss: 
Placing Sensors
[Episode 868/1000] Steps: 720 | Reward:  -64.75 | Battery:  36.16% | Loss: 
Placing Sensors
[Episode 869/1000] Steps: 720 | Reward:  -74.57 | Battery:  36.24% | Loss: 
Placing Sensors
[Episode 870/1000] Steps: 720 | Reward:  -74.34 | Battery:  34.97% | Loss: 8.2594
Placing Sensors
[Episode 871/1000] Steps: 720 | Reward:  -86.15 | Battery:  33.06% | Loss: 
Placing Sensors
[Episode 872/1000] Steps: 720 | Reward:  -70.23 | Battery:  36.18% | Loss: 
Placing Sensors
[Episode 873/1000] Steps: 720 | Reward:  -81.10 | Battery:  35.70% | Loss: 
Placing Sensors
[Episode 874/1000] Steps: 720 | Reward:  -79.70 | Battery:  34.69% | Loss: 
Placing Sensors
[Episode 875/1000] Steps: 720 | Reward:  -67.78 | Battery:  35.81% | Loss: 9.5887
Placing Sensors
[Episode 876/1000] Steps: 720 | Reward: -127.30 | Battery:  20.01% | Loss: 
Placing Sensors
[Episode 877/1000] Steps: 720 | Reward: -133.12 | Battery:  20.43% | Loss: 
Placing Sensors
[Episode 878/1000] Steps: 720 | Reward:  -73.06 | Battery:  35.57% | Loss: 
Placing Sensors
[Episode 879/1000] Steps: 720 | Reward:  -70.68 | Battery:  35.82% | Loss: 
Placing Sensors
[Episode 880/1000] Steps: 720 | Reward:  -65.17 | Battery:  35.85% | Loss: 18.6962
Placing Sensors
[Episode 881/1000] Steps: 720 | Reward: -133.36 | Battery:  20.49% | Loss: 
Placing Sensors
[Episode 882/1000] Steps: 720 | Reward:  -67.45 | Battery:  36.06% | Loss: 
Placing Sensors
[Episode 883/1000] Steps: 720 | Reward:  -64.77 | Battery:  36.09% | Loss: 
Placing Sensors
[Episode 884/1000] Steps: 720 | Reward: -124.59 | Battery:  19.75% | Loss: 
Placing Sensors
[Episode 885/1000] Steps: 720 | Reward:  -56.77 | Battery:  35.71% | Loss: 14.1004
Placing Sensors
[Episode 886/1000] Steps: 720 | Reward: -134.77 | Battery:  20.63% | Loss: 
Placing Sensors
[Episode 887/1000] Steps: 720 | Reward: -165.78 | Battery:  23.04% | Loss: 
Placing Sensors
[Episode 888/1000] Steps: 720 | Reward:  -64.00 | Battery:  35.49% | Loss: 
Placing Sensors
[Episode 889/1000] Steps: 720 | Reward:  -60.42 | Battery:  36.05% | Loss: 
Placing Sensors
[Episode 890/1000] Steps: 720 | Reward:  -69.76 | Battery:  35.60% | Loss: 30.4985
Placing Sensors
[Episode 891/1000] Steps: 720 | Reward: -169.54 | Battery:  23.19% | Loss: 
Placing Sensors
[Episode 892/1000] Steps: 720 | Reward:  -53.83 | Battery:  35.90% | Loss: 
Placing Sensors
[Episode 893/1000] Steps: 720 | Reward: -144.78 | Battery:  21.40% | Loss: 
Placing Sensors
[Episode 894/1000] Steps: 720 | Reward: -169.21 | Battery:  23.17% | Loss: 
Placing Sensors
[Episode 895/1000] Steps: 720 | Reward:  -56.71 | Battery:  35.69% | Loss: 57.4988
Placing Sensors
[Episode 896/1000] Steps: 720 | Reward:  -59.16 | Battery:  35.73% | Loss: 
Placing Sensors
[Episode 897/1000] Steps: 720 | Reward:  -44.71 | Battery:  71.65% | Loss: 
Placing Sensors
[Episode 898/1000] Steps: 720 | Reward:  -57.27 | Battery:  36.07% | Loss: 
Placing Sensors
[Episode 899/1000] Steps: 720 | Reward:  -22.04 | Battery:  77.14% | Loss: 
Placing Sensors
[Episode 900/1000] Steps: 720 | Reward:  -58.80 | Battery:  35.80% | Loss: 86.4041
Placing Sensors
[Episode 901/1000] Steps: 720 | Reward:  -26.60 | Battery:  76.51% | Loss: 
Placing Sensors
[Episode 902/1000] Steps: 720 | Reward:  -56.73 | Battery:  35.91% | Loss: 
Placing Sensors
[Episode 903/1000] Steps: 720 | Reward:  -58.58 | Battery:  36.07% | Loss: 
Placing Sensors
[Episode 904/1000] Steps: 720 | Reward:  -25.18 | Battery:  76.83% | Loss: 
Placing Sensors
[Episode 905/1000] Steps: 720 | Reward:  -59.56 | Battery:  36.19% | Loss: 143.0263
Placing Sensors
[Episode 906/1000] Steps: 720 | Reward:  -14.60 | Battery:  77.11% | Loss: 
Placing Sensors
[Episode 907/1000] Steps: 720 | Reward:  -59.02 | Battery:  35.66% | Loss: 
Placing Sensors
[Episode 908/1000] Steps: 720 | Reward:  -59.50 | Battery:  36.09% | Loss: 
Placing Sensors
[Episode 909/1000] Steps: 720 | Reward:  -58.29 | Battery:  36.15% | Loss: 
Placing Sensors
[Episode 910/1000] Steps: 720 | Reward:  -57.57 | Battery:  35.57% | Loss: 101.4518
Placing Sensors
[Episode 911/1000] Steps: 720 | Reward:  -60.18 | Battery:  35.90% | Loss: 
Placing Sensors
[Episode 912/1000] Steps: 720 | Reward:  -60.36 | Battery:  36.16% | Loss: 
Placing Sensors
[Episode 913/1000] Steps: 720 | Reward:  -61.59 | Battery:  35.92% | Loss: 
Placing Sensors
[Episode 914/1000] Steps: 720 | Reward:  -60.48 | Battery:  35.85% | Loss: 
Placing Sensors
[Episode 915/1000] Steps: 720 | Reward:  -58.75 | Battery:  36.19% | Loss: 45.7538
Placing Sensors
[Episode 916/1000] Steps: 720 | Reward:  -60.61 | Battery:  35.91% | Loss: 
Placing Sensors
[Episode 917/1000] Steps: 720 | Reward:  -19.14 | Battery:  76.98% | Loss: 
Placing Sensors
[Episode 918/1000] Steps: 720 | Reward:  -58.62 | Battery:  35.85% | Loss: 
Placing Sensors
[Episode 919/1000] Steps: 720 | Reward:  -21.10 | Battery:  78.02% | Loss: 
Placing Sensors
[Episode 920/1000] Steps: 720 | Reward:  -23.34 | Battery:  75.82% | Loss: 152.9962
Placing Sensors
[Episode 921/1000] Steps: 720 | Reward:  -51.70 | Battery:  36.01% | Loss: 
Placing Sensors
[Episode 922/1000] Steps: 720 | Reward:  -26.05 | Battery:  76.55% | Loss: 
Placing Sensors
[Episode 923/1000] Steps: 720 | Reward:  -58.09 | Battery:  36.10% | Loss: 
Placing Sensors
[Episode 924/1000] Steps: 720 | Reward:  -24.65 | Battery:  76.04% | Loss: 
Placing Sensors
[Episode 925/1000] Steps: 720 | Reward:  -30.90 | Battery:  76.02% | Loss: 146.9634
Placing Sensors
[Episode 926/1000] Steps: 720 | Reward:  -55.37 | Battery:  35.15% | Loss: 
Placing Sensors
[Episode 927/1000] Steps: 720 | Reward:  -20.51 | Battery:  76.01% | Loss: 
Placing Sensors
[Episode 928/1000] Steps: 720 | Reward:  -10.80 | Battery:  78.43% | Loss: 
Placing Sensors
[Episode 929/1000] Steps: 720 | Reward:  -62.37 | Battery:  36.46% | Loss: 
Placing Sensors
[Episode 930/1000] Steps: 720 | Reward:  -61.93 | Battery:  35.81% | Loss: 115.8810
Placing Sensors
[Episode 931/1000] Steps: 720 | Reward:  -53.21 | Battery:  36.10% | Loss: 
Placing Sensors
[Episode 932/1000] Steps: 720 | Reward:  -57.85 | Battery:  35.81% | Loss: 
Placing Sensors
[Episode 933/1000] Steps: 720 | Reward:  -61.16 | Battery:  35.85% | Loss: 
Placing Sensors
[Episode 934/1000] Steps: 720 | Reward:  -59.44 | Battery:  35.99% | Loss: 
Placing Sensors
[Episode 935/1000] Steps: 720 | Reward:  -10.32 | Battery:  76.88% | Loss: 89.1513
Placing Sensors
[Episode 936/1000] Steps: 720 | Reward:  -29.79 | Battery:  72.07% | Loss: 
Placing Sensors
[Episode 937/1000] Steps: 720 | Reward:  -61.27 | Battery:  35.97% | Loss: 
Placing Sensors
[Episode 938/1000] Steps: 720 | Reward:  -57.63 | Battery:  36.10% | Loss: 
Placing Sensors
[Episode 939/1000] Steps: 720 | Reward:  -61.07 | Battery:  35.79% | Loss: 
Placing Sensors
[Episode 940/1000] Steps: 720 | Reward:  -54.44 | Battery:  36.26% | Loss: 65.7706
Placing Sensors
[Episode 941/1000] Steps: 720 | Reward:  -56.48 | Battery:  35.88% | Loss: 
Placing Sensors
[Episode 942/1000] Steps: 720 | Reward:  -60.11 | Battery:  36.08% | Loss: 
Placing Sensors
[Episode 943/1000] Steps: 720 | Reward:  -58.00 | Battery:  35.89% | Loss: 
Placing Sensors
[Episode 944/1000] Steps: 720 | Reward:  -20.32 | Battery:  76.93% | Loss: 
Placing Sensors
[Episode 945/1000] Steps: 720 | Reward:  -12.57 | Battery:  77.42% | Loss: 116.9365
Placing Sensors
[Episode 946/1000] Steps: 720 | Reward:  -58.69 | Battery:  36.18% | Loss: 
Placing Sensors
[Episode 947/1000] Steps: 720 | Reward:  -54.59 | Battery:  36.12% | Loss: 
Placing Sensors
[Episode 948/1000] Steps: 720 | Reward:  -57.69 | Battery:  36.28% | Loss: 
Placing Sensors
[Episode 949/1000] Steps: 720 | Reward:  -57.23 | Battery:  36.10% | Loss: 
Placing Sensors
[Episode 950/1000] Steps: 720 | Reward:  -16.47 | Battery:  77.37% | Loss: 71.1117
Placing Sensors
[Episode 951/1000] Steps: 720 | Reward:   -2.65 | Battery:  78.19% | Loss: 
Placing Sensors
[Episode 952/1000] Steps: 720 | Reward:  -59.85 | Battery:  35.59% | Loss: 
Placing Sensors
[Episode 953/1000] Steps: 720 | Reward:  -17.26 | Battery:  77.83% | Loss: 
Placing Sensors
[Episode 954/1000] Steps: 720 | Reward:   -5.63 | Battery:  78.51% | Loss: 
Placing Sensors
[Episode 955/1000] Steps: 720 | Reward:  -63.73 | Battery:  35.67% | Loss: 138.7153
Placing Sensors
[Episode 956/1000] Steps: 720 | Reward:  -14.34 | Battery:  77.11% | Loss: 
Placing Sensors
[Episode 957/1000] Steps: 720 | Reward:   -8.98 | Battery:  78.17% | Loss: 
Placing Sensors
[Episode 958/1000] Steps: 720 | Reward:   -3.58 | Battery:  77.18% | Loss: 
Placing Sensors
/home/ece_p/UGV-EH-Maximization/venv/lib/python3.8/site-packages/torch/nn/modules/transformer.py:307: UserWarning: enable_nested_tensor is True, but self.use_nested_tensor is False because encoder_layer.norm_first was True
  warnings.warn(f"enable_nested_tensor is True, but self.use_nested_tensor is False because {why_not_sparsity_fast_path}")
[Episode 959/1000] Steps: 720 | Reward:  -67.69 | Battery:  36.01% | Loss: 
Placing Sensors
[Episode 960/1000] Steps: 720 | Reward:   -6.45 | Battery:  77.94% | Loss: 149.2053
Placing Sensors
[Episode 961/1000] Steps: 720 | Reward:  -25.10 | Battery:  74.22% | Loss: 
Placing Sensors
[Episode 962/1000] Steps: 720 | Reward:   -7.56 | Battery:  78.32% | Loss: 
Placing Sensors
[Episode 963/1000] Steps: 720 | Reward:   -5.95 | Battery:  78.20% | Loss: 
Placing Sensors
[Episode 964/1000] Steps: 720 | Reward:  -10.57 | Battery:  77.46% | Loss: 
Placing Sensors
[Episode 965/1000] Steps: 720 | Reward:   -9.12 | Battery:  78.11% | Loss: 131.2286
Placing Sensors
[Episode 966/1000] Steps: 720 | Reward:  -19.07 | Battery:  77.56% | Loss: 
Placing Sensors
[Episode 967/1000] Steps: 720 | Reward:  -13.41 | Battery:  78.12% | Loss: 
Placing Sensors
[Episode 968/1000] Steps: 720 | Reward:  -10.43 | Battery:  77.89% | Loss: 
Placing Sensors
[Episode 969/1000] Steps: 720 | Reward:   -8.81 | Battery:  77.63% | Loss: 
Placing Sensors
[Episode 970/1000] Steps: 720 | Reward:  -14.14 | Battery:  77.66% | Loss: 164.7769
Placing Sensors
[Episode 971/1000] Steps: 720 | Reward:   -8.03 | Battery:  77.92% | Loss: 
Placing Sensors
[Episode 972/1000] Steps: 720 | Reward:  -12.91 | Battery:  77.45% | Loss: 
Placing Sensors
[Episode 973/1000] Steps: 720 | Reward:  -12.41 | Battery:  78.30% | Loss: 
Placing Sensors
[Episode 974/1000] Steps: 720 | Reward:   -2.10 | Battery:  78.40% | Loss: 
Placing Sensors
[Episode 975/1000] Steps: 720 | Reward:   -5.15 | Battery:  78.05% | Loss: 168.1569
Placing Sensors
[Episode 976/1000] Steps: 720 | Reward:  -12.81 | Battery:  77.41% | Loss: 
Placing Sensors
[Episode 977/1000] Steps: 720 | Reward:  -15.90 | Battery:  77.65% | Loss: 
Placing Sensors
[Episode 978/1000] Steps: 720 | Reward:   -2.84 | Battery:  78.38% | Loss: 
Placing Sensors
[Episode 979/1000] Steps: 720 | Reward:   -0.40 | Battery:  78.50% | Loss: 
Placing Sensors
[Episode 980/1000] Steps: 720 | Reward:  -11.07 | Battery:  78.28% | Loss: 166.1141
Placing Sensors
[Episode 981/1000] Steps: 720 | Reward:  -16.15 | Battery:  78.01% | Loss: 
Placing Sensors
[Episode 982/1000] Steps: 720 | Reward:  -10.44 | Battery:  77.65% | Loss: 
Placing Sensors
[Episode 983/1000] Steps: 720 | Reward:   -4.17 | Battery:  78.41% | Loss: 
Placing Sensors
[Episode 984/1000] Steps: 720 | Reward:   -1.16 | Battery:  77.85% | Loss: 
Placing Sensors
[Episode 985/1000] Steps: 720 | Reward:  -16.32 | Battery:  77.34% | Loss: 177.9950
Placing Sensors
[Episode 986/1000] Steps: 720 | Reward:   -4.52 | Battery:  78.53% | Loss: 
Placing Sensors
[Episode 987/1000] Steps: 720 | Reward:  -11.72 | Battery:  78.38% | Loss: 
Placing Sensors
[Episode 988/1000] Steps: 720 | Reward:  -16.79 | Battery:  77.89% | Loss: 
Placing Sensors
[Episode 989/1000] Steps: 720 | Reward:  -14.23 | Battery:  77.99% | Loss: 
Placing Sensors
[Episode 990/1000] Steps: 720 | Reward:   -9.86 | Battery:  78.65% | Loss: 183.0418
Placing Sensors
[Episode 991/1000] Steps: 720 | Reward:  -16.54 | Battery:  78.83% | Loss: 
Placing Sensors
[Episode 992/1000] Steps: 720 | Reward:   -8.96 | Battery:  78.54% | Loss: 
Placing Sensors
[Episode 993/1000] Steps: 720 | Reward:   -6.22 | Battery:  78.47% | Loss: 
Placing Sensors
[Episode 994/1000] Steps: 720 | Reward:   -6.27 | Battery:  78.51% | Loss: 
Placing Sensors
[Episode 995/1000] Steps: 720 | Reward:   -8.67 | Battery:  78.23% | Loss: 172.6818
Placing Sensors
[Episode 996/1000] Steps: 720 | Reward:  -20.77 | Battery:  77.78% | Loss: 
Placing Sensors
[Episode 997/1000] Steps: 720 | Reward:   -7.02 | Battery:  77.96% | Loss: 
Placing Sensors
[Episode 998/1000] Steps: 720 | Reward:  -10.81 | Battery:  78.57% | Loss: 
Placing Sensors
[Episode 999/1000] Steps: 720 | Reward:   -6.98 | Battery:  78.59% | Loss: 
Placing Sensors
[Episode 1000/1000] Steps: 720 | Reward:   -6.88 | Battery:  78.65% | Loss: 176.8636
Placing Sensors

==============================
FINAL EVALUATION COMPLETE
==============================

==============================
FINAL EVALUATION COMPLETE
==============================
Total Steps Performed: 720
Final Battery Level: 77.97%
