Placing Sensors
File header (hex): 49492a00
Successfully loaded topography: (801, 801)
Placing Sensors
[Episode 1/1000] Steps: 720 | Reward: -151.09 | Battery:  41.12% | Loss: 
Placing Sensors
[Episode 2/1000] Steps: 720 | Reward: -156.40 | Battery:  41.96% | Loss: 
Placing Sensors
[Episode 3/1000] Steps: 720 | Reward:  -98.66 | Battery:  63.32% | Loss: 
Placing Sensors
[Episode 4/1000] Steps: 720 | Reward:  -63.89 | Battery:  76.54% | Loss: 
Placing Sensors
[Episode 5/1000] Steps: 720 | Reward:  -63.10 | Battery:  76.28% | Loss: 193.2475
Placing Sensors
[Episode 6/1000] Steps: 720 | Reward:  -80.24 | Battery:  77.65% | Loss: 
Placing Sensors
[Episode 7/1000] Steps: 720 | Reward:  -75.84 | Battery:  78.99% | Loss: 
Placing Sensors
[Episode 8/1000] Steps: 720 | Reward:  -77.39 | Battery:  78.99% | Loss: 
Placing Sensors
[Episode 9/1000] Steps: 720 | Reward:  -80.88 | Battery:  77.09% | Loss: 
Placing Sensors
[Episode 10/1000] Steps: 720 | Reward:  -79.93 | Battery:  77.03% | Loss: 40.5158
Placing Sensors
[Episode 11/1000] Steps: 720 | Reward:  -46.37 | Battery:  79.41% | Loss: 
Placing Sensors
[Episode 12/1000] Steps: 720 | Reward:  -44.51 | Battery:  79.75% | Loss: 
Placing Sensors
[Episode 13/1000] Steps: 720 | Reward:  -57.27 | Battery:  79.76% | Loss: 
Placing Sensors
[Episode 14/1000] Steps: 720 | Reward:  -50.88 | Battery:  79.80% | Loss: 
Placing Sensors
[Episode 15/1000] Steps: 720 | Reward:  -47.28 | Battery:  79.75% | Loss: 27.8299
Placing Sensors
[Episode 16/1000] Steps: 720 | Reward:  -42.31 | Battery:  79.55% | Loss: 
Placing Sensors
[Episode 17/1000] Steps: 720 | Reward:  -39.67 | Battery:  79.63% | Loss: 
Placing Sensors
[Episode 18/1000] Steps: 720 | Reward:  -33.04 | Battery:  79.24% | Loss: 
Placing Sensors
[Episode 19/1000] Steps: 720 | Reward:  -41.38 | Battery:  79.73% | Loss: 
Placing Sensors
[Episode 20/1000] Steps: 720 | Reward:  -42.38 | Battery:  79.41% | Loss: 25.1458
Placing Sensors
[Episode 21/1000] Steps: 720 | Reward:  -14.10 | Battery:  79.24% | Loss: 
Placing Sensors
[Episode 22/1000] Steps: 720 | Reward:  -17.52 | Battery:  78.97% | Loss: 
Placing Sensors
[Episode 23/1000] Steps: 720 | Reward:   -6.46 | Battery:  79.12% | Loss: 
Placing Sensors
[Episode 24/1000] Steps: 720 | Reward:  -21.99 | Battery:  79.18% | Loss: 
Placing Sensors
[Episode 25/1000] Steps: 720 | Reward:  -18.83 | Battery:  79.42% | Loss: 22.5921
Placing Sensors
[Episode 26/1000] Steps: 720 | Reward:   14.77 | Battery:  79.17% | Loss: 
Placing Sensors
[Episode 27/1000] Steps: 720 | Reward:   12.20 | Battery:  79.00% | Loss: 
Placing Sensors
[Episode 28/1000] Steps: 720 | Reward:   10.62 | Battery:  78.92% | Loss: 
Placing Sensors
[Episode 29/1000] Steps: 720 | Reward:    8.41 | Battery:  78.92% | Loss: 
Placing Sensors
[Episode 30/1000] Steps: 720 | Reward:   11.63 | Battery:  78.82% | Loss: 30.1423
Placing Sensors
[Episode 31/1000] Steps: 720 | Reward:   18.26 | Battery:  78.96% | Loss: 
Placing Sensors
[Episode 32/1000] Steps: 720 | Reward:   19.50 | Battery:  79.19% | Loss: 
Placing Sensors
[Episode 33/1000] Steps: 720 | Reward:   24.95 | Battery:  79.11% | Loss: 
Placing Sensors
[Episode 34/1000] Steps: 720 | Reward:   24.91 | Battery:  79.21% | Loss: 
Placing Sensors
[Episode 35/1000] Steps: 720 | Reward:   20.96 | Battery:  79.08% | Loss: 29.3058
Placing Sensors
[Episode 36/1000] Steps: 720 | Reward:   13.32 | Battery:  79.24% | Loss: 
Placing Sensors
[Episode 37/1000] Steps: 720 | Reward:   24.90 | Battery:  79.06% | Loss: 
Placing Sensors
[Episode 38/1000] Steps: 720 | Reward:   20.37 | Battery:  78.95% | Loss: 
Placing Sensors
[Episode 39/1000] Steps: 720 | Reward:   22.87 | Battery:  78.92% | Loss: 
Placing Sensors
[Episode 40/1000] Steps: 720 | Reward:   14.24 | Battery:  79.12% | Loss: 27.6025
Placing Sensors
[Episode 41/1000] Steps: 720 | Reward:   33.75 | Battery:  79.15% | Loss: 
Placing Sensors
[Episode 42/1000] Steps: 720 | Reward:   38.43 | Battery:  79.08% | Loss: 
Placing Sensors
[Episode 43/1000] Steps: 720 | Reward:   22.54 | Battery:  78.89% | Loss: 
Placing Sensors
[Episode 44/1000] Steps: 720 | Reward:   32.10 | Battery:  78.98% | Loss: 
Placing Sensors
[Episode 45/1000] Steps: 720 | Reward:   29.54 | Battery:  78.77% | Loss: 27.6788
Placing Sensors
[Episode 46/1000] Steps: 720 | Reward:   32.79 | Battery:  79.10% | Loss: 
Placing Sensors
[Episode 47/1000] Steps: 720 | Reward:   30.45 | Battery:  78.89% | Loss: 
Placing Sensors
[Episode 48/1000] Steps: 720 | Reward:   28.59 | Battery:  79.00% | Loss: 
Placing Sensors
[Episode 49/1000] Steps: 720 | Reward:   32.30 | Battery:  78.98% | Loss: 
Placing Sensors
[Episode 50/1000] Steps: 720 | Reward:   31.38 | Battery:  79.08% | Loss: 25.9899
Placing Sensors
[Episode 51/1000] Steps: 720 | Reward:   34.31 | Battery:  79.05% | Loss: 
Placing Sensors
[Episode 52/1000] Steps: 720 | Reward:   31.12 | Battery:  78.77% | Loss: 
Placing Sensors
[Episode 53/1000] Steps: 720 | Reward:   36.32 | Battery:  78.92% | Loss: 
Placing Sensors
[Episode 54/1000] Steps: 720 | Reward:   37.86 | Battery:  78.83% | Loss: 
Placing Sensors
[Episode 55/1000] Steps: 720 | Reward:   33.06 | Battery:  79.02% | Loss: 25.8138
Placing Sensors
[Episode 56/1000] Steps: 720 | Reward:   44.85 | Battery:  78.87% | Loss: 
Placing Sensors
[Episode 57/1000] Steps: 720 | Reward:   38.03 | Battery:  78.99% | Loss: 
Placing Sensors
[Episode 58/1000] Steps: 720 | Reward:   37.26 | Battery:  79.03% | Loss: 
Placing Sensors
[Episode 59/1000] Steps: 720 | Reward:   45.51 | Battery:  78.96% | Loss: 
Placing Sensors
[Episode 60/1000] Steps: 720 | Reward:   36.57 | Battery:  79.07% | Loss: 26.3496
Placing Sensors
[Episode 61/1000] Steps: 720 | Reward:   35.83 | Battery:  78.94% | Loss: 
Placing Sensors
[Episode 62/1000] Steps: 720 | Reward:   36.22 | Battery:  79.05% | Loss: 
Placing Sensors
[Episode 63/1000] Steps: 720 | Reward:   43.50 | Battery:  79.06% | Loss: 
Placing Sensors
[Episode 64/1000] Steps: 720 | Reward:   33.06 | Battery:  78.99% | Loss: 
Placing Sensors
[Episode 65/1000] Steps: 720 | Reward:   36.38 | Battery:  78.98% | Loss: 24.2464
Placing Sensors
[Episode 66/1000] Steps: 720 | Reward:   42.56 | Battery:  78.94% | Loss: 
Placing Sensors
[Episode 67/1000] Steps: 720 | Reward:   40.47 | Battery:  78.88% | Loss: 
Placing Sensors
[Episode 68/1000] Steps: 720 | Reward:   35.35 | Battery:  78.81% | Loss: 
Placing Sensors
[Episode 69/1000] Steps: 720 | Reward:   32.78 | Battery:  79.08% | Loss: 
Placing Sensors
[Episode 70/1000] Steps: 720 | Reward:   39.27 | Battery:  78.76% | Loss: 24.3121
Placing Sensors
[Episode 71/1000] Steps: 720 | Reward:   34.87 | Battery:  78.96% | Loss: 
Placing Sensors
[Episode 72/1000] Steps: 720 | Reward:   40.86 | Battery:  78.82% | Loss: 
Placing Sensors
[Episode 73/1000] Steps: 720 | Reward:   40.40 | Battery:  79.03% | Loss: 
Placing Sensors
[Episode 74/1000] Steps: 720 | Reward:   37.31 | Battery:  78.68% | Loss: 
Placing Sensors
[Episode 75/1000] Steps: 720 | Reward:   33.70 | Battery:  78.87% | Loss: 21.7141
Placing Sensors
[Episode 76/1000] Steps: 720 | Reward:   35.74 | Battery:  79.00% | Loss: 
Placing Sensors
[Episode 77/1000] Steps: 720 | Reward:   33.65 | Battery:  78.98% | Loss: 
Placing Sensors
[Episode 78/1000] Steps: 720 | Reward:   40.36 | Battery:  78.97% | Loss: 
Placing Sensors
[Episode 79/1000] Steps: 720 | Reward:   39.62 | Battery:  79.04% | Loss: 
Placing Sensors
[Episode 80/1000] Steps: 720 | Reward:   43.24 | Battery:  78.93% | Loss: 20.5332
Placing Sensors
[Episode 81/1000] Steps: 720 | Reward:   33.65 | Battery:  78.61% | Loss: 
Placing Sensors
[Episode 82/1000] Steps: 720 | Reward:   43.42 | Battery:  79.03% | Loss: 
Placing Sensors
[Episode 83/1000] Steps: 720 | Reward:   36.46 | Battery:  79.02% | Loss: 
Placing Sensors
[Episode 84/1000] Steps: 720 | Reward:   28.80 | Battery:  78.88% | Loss: 
Placing Sensors
[Episode 85/1000] Steps: 720 | Reward:   37.95 | Battery:  79.04% | Loss: 20.9130
Placing Sensors
[Episode 86/1000] Steps: 720 | Reward:   35.15 | Battery:  78.95% | Loss: 
Placing Sensors
[Episode 87/1000] Steps: 720 | Reward:   35.67 | Battery:  78.91% | Loss: 
Placing Sensors
[Episode 88/1000] Steps: 720 | Reward:   43.41 | Battery:  78.98% | Loss: 
Placing Sensors
[Episode 89/1000] Steps: 720 | Reward:   37.25 | Battery:  78.72% | Loss: 
Placing Sensors
[Episode 90/1000] Steps: 720 | Reward:   34.02 | Battery:  79.04% | Loss: 19.2591
Placing Sensors
[Episode 91/1000] Steps: 720 | Reward:   31.62 | Battery:  78.98% | Loss: 
Placing Sensors
[Episode 92/1000] Steps: 720 | Reward:   28.23 | Battery:  78.98% | Loss: 
Placing Sensors
[Episode 93/1000] Steps: 720 | Reward:   32.29 | Battery:  79.00% | Loss: 
Placing Sensors
[Episode 94/1000] Steps: 720 | Reward:   33.18 | Battery:  79.00% | Loss: 
Placing Sensors
[Episode 95/1000] Steps: 720 | Reward:   41.41 | Battery:  78.93% | Loss: 20.1120
Placing Sensors
[Episode 96/1000] Steps: 720 | Reward:   37.64 | Battery:  78.75% | Loss: 
Placing Sensors
[Episode 97/1000] Steps: 720 | Reward:   25.91 | Battery:  78.96% | Loss: 
Placing Sensors
[Episode 98/1000] Steps: 720 | Reward:   32.95 | Battery:  78.94% | Loss: 
Placing Sensors
[Episode 99/1000] Steps: 720 | Reward:   37.04 | Battery:  79.06% | Loss: 
Placing Sensors
[Episode 100/1000] Steps: 720 | Reward:   27.18 | Battery:  78.78% | Loss: 17.5529
Placing Sensors
[Episode 101/1000] Steps: 720 | Reward:   33.70 | Battery:  78.73% | Loss: 
Placing Sensors
[Episode 102/1000] Steps: 720 | Reward:   30.57 | Battery:  79.06% | Loss: 
Placing Sensors
[Episode 103/1000] Steps: 720 | Reward:   35.44 | Battery:  78.94% | Loss: 
Placing Sensors
[Episode 104/1000] Steps: 720 | Reward:   37.97 | Battery:  78.77% | Loss: 
Placing Sensors
[Episode 105/1000] Steps: 720 | Reward:   29.37 | Battery:  78.90% | Loss: 19.4373
Placing Sensors
[Episode 106/1000] Steps: 720 | Reward:   27.39 | Battery:  79.09% | Loss: 
Placing Sensors
[Episode 107/1000] Steps: 720 | Reward:   38.70 | Battery:  78.87% | Loss: 
Placing Sensors
[Episode 108/1000] Steps: 720 | Reward:   42.43 | Battery:  78.91% | Loss: 
Placing Sensors
[Episode 109/1000] Steps: 720 | Reward:   34.49 | Battery:  78.94% | Loss: 
Placing Sensors
[Episode 110/1000] Steps: 720 | Reward:   34.60 | Battery:  79.02% | Loss: 17.4294
Placing Sensors
[Episode 111/1000] Steps: 720 | Reward:   39.91 | Battery:  79.00% | Loss: 
Placing Sensors
[Episode 112/1000] Steps: 720 | Reward:   34.35 | Battery:  78.95% | Loss: 
Placing Sensors
[Episode 113/1000] Steps: 720 | Reward:   40.68 | Battery:  79.00% | Loss: 
Placing Sensors
[Episode 114/1000] Steps: 720 | Reward:   39.89 | Battery:  78.93% | Loss: 
Placing Sensors
[Episode 115/1000] Steps: 720 | Reward:   35.23 | Battery:  78.71% | Loss: 17.4805
Placing Sensors
[Episode 116/1000] Steps: 720 | Reward:   34.35 | Battery:  79.03% | Loss: 
Placing Sensors
[Episode 117/1000] Steps: 720 | Reward:   39.71 | Battery:  78.76% | Loss: 
Placing Sensors
[Episode 118/1000] Steps: 720 | Reward:   39.52 | Battery:  78.86% | Loss: 
Placing Sensors
[Episode 119/1000] Steps: 720 | Reward:   34.52 | Battery:  78.85% | Loss: 
Placing Sensors
[Episode 120/1000] Steps: 720 | Reward:   42.81 | Battery:  78.99% | Loss: 16.9483
Placing Sensors
[Episode 121/1000] Steps: 720 | Reward:   37.37 | Battery:  79.03% | Loss: 
Placing Sensors
[Episode 122/1000] Steps: 720 | Reward:   38.57 | Battery:  78.94% | Loss: 
Placing Sensors
[Episode 123/1000] Steps: 720 | Reward:   39.61 | Battery:  78.97% | Loss: 
Placing Sensors
[Episode 124/1000] Steps: 720 | Reward:   33.84 | Battery:  78.72% | Loss: 
Placing Sensors
[Episode 125/1000] Steps: 720 | Reward:   43.30 | Battery:  78.99% | Loss: 15.8906
Placing Sensors
[Episode 126/1000] Steps: 720 | Reward:   33.14 | Battery:  79.10% | Loss: 
Placing Sensors
[Episode 127/1000] Steps: 720 | Reward:   40.12 | Battery:  78.94% | Loss: 
Placing Sensors
[Episode 128/1000] Steps: 720 | Reward:   27.63 | Battery:  78.93% | Loss: 
Placing Sensors
[Episode 129/1000] Steps: 720 | Reward:   36.79 | Battery:  79.00% | Loss: 
Placing Sensors
[Episode 130/1000] Steps: 720 | Reward:   31.84 | Battery:  78.90% | Loss: 15.7649
Placing Sensors
[Episode 131/1000] Steps: 720 | Reward:   36.38 | Battery:  78.96% | Loss: 
Placing Sensors
[Episode 132/1000] Steps: 720 | Reward:   32.53 | Battery:  79.08% | Loss: 
Placing Sensors
[Episode 133/1000] Steps: 720 | Reward:   41.88 | Battery:  78.81% | Loss: 
Placing Sensors
[Episode 134/1000] Steps: 720 | Reward:   37.25 | Battery:  79.02% | Loss: 
Placing Sensors
[Episode 135/1000] Steps: 720 | Reward:   43.06 | Battery:  78.85% | Loss: 16.2562
Placing Sensors
[Episode 136/1000] Steps: 720 | Reward:   44.03 | Battery:  79.04% | Loss: 
Placing Sensors
[Episode 137/1000] Steps: 720 | Reward:   38.05 | Battery:  78.94% | Loss: 
Placing Sensors
[Episode 138/1000] Steps: 720 | Reward:   39.69 | Battery:  78.99% | Loss: 
Placing Sensors
[Episode 139/1000] Steps: 720 | Reward:   34.97 | Battery:  78.96% | Loss: 
Placing Sensors
[Episode 140/1000] Steps: 720 | Reward:   35.51 | Battery:  79.01% | Loss: 15.3671
Placing Sensors
[Episode 141/1000] Steps: 720 | Reward:   32.57 | Battery:  78.90% | Loss: 
Placing Sensors
[Episode 142/1000] Steps: 720 | Reward:   46.67 | Battery:  78.77% | Loss: 
Placing Sensors
[Episode 143/1000] Steps: 720 | Reward:   47.47 | Battery:  78.98% | Loss: 
Placing Sensors
[Episode 144/1000] Steps: 720 | Reward:   39.30 | Battery:  78.68% | Loss: 
Placing Sensors
[Episode 145/1000] Steps: 720 | Reward:   35.89 | Battery:  78.70% | Loss: 17.9939
Placing Sensors
[Episode 146/1000] Steps: 720 | Reward:   40.94 | Battery:  78.83% | Loss: 
Placing Sensors
[Episode 147/1000] Steps: 720 | Reward:   34.96 | Battery:  79.07% | Loss: 
Placing Sensors
[Episode 148/1000] Steps: 720 | Reward:   42.72 | Battery:  78.93% | Loss: 
Placing Sensors
[Episode 149/1000] Steps: 720 | Reward:   34.91 | Battery:  78.92% | Loss: 
Placing Sensors
[Episode 150/1000] Steps: 720 | Reward:   31.97 | Battery:  78.96% | Loss: 15.1090
Placing Sensors
[Episode 151/1000] Steps: 720 | Reward:   39.74 | Battery:  79.05% | Loss: 
Placing Sensors
[Episode 152/1000] Steps: 720 | Reward:   39.57 | Battery:  78.91% | Loss: 
Placing Sensors
[Episode 153/1000] Steps: 720 | Reward:   45.22 | Battery:  79.04% | Loss: 
Placing Sensors
[Episode 154/1000] Steps: 720 | Reward:   35.92 | Battery:  79.02% | Loss: 
Placing Sensors
[Episode 155/1000] Steps: 720 | Reward:   39.51 | Battery:  78.90% | Loss: 12.4797
Placing Sensors
[Episode 156/1000] Steps: 720 | Reward:   35.10 | Battery:  78.99% | Loss: 
Placing Sensors
[Episode 157/1000] Steps: 720 | Reward:   48.13 | Battery:  78.99% | Loss: 
Placing Sensors
[Episode 158/1000] Steps: 720 | Reward:   37.49 | Battery:  79.00% | Loss: 
Placing Sensors
[Episode 159/1000] Steps: 720 | Reward:   36.47 | Battery:  78.89% | Loss: 
Placing Sensors
[Episode 160/1000] Steps: 720 | Reward:   37.43 | Battery:  79.08% | Loss: 15.4141
Placing Sensors
[Episode 161/1000] Steps: 720 | Reward:   37.06 | Battery:  78.87% | Loss: 
Placing Sensors
[Episode 162/1000] Steps: 720 | Reward:   42.47 | Battery:  78.87% | Loss: 
Placing Sensors
[Episode 163/1000] Steps: 720 | Reward:   41.49 | Battery:  78.97% | Loss: 
Placing Sensors
[Episode 164/1000] Steps: 720 | Reward:   38.77 | Battery:  78.99% | Loss: 
Placing Sensors
[Episode 165/1000] Steps: 720 | Reward:   45.03 | Battery:  78.98% | Loss: 15.4169
Placing Sensors
[Episode 166/1000] Steps: 720 | Reward:   43.39 | Battery:  78.96% | Loss: 
Placing Sensors
[Episode 167/1000] Steps: 720 | Reward:   36.99 | Battery:  78.88% | Loss: 
Placing Sensors
[Episode 168/1000] Steps: 720 | Reward:   33.99 | Battery:  78.90% | Loss: 
Placing Sensors
[Episode 169/1000] Steps: 720 | Reward:   45.48 | Battery:  78.84% | Loss: 
Placing Sensors
[Episode 170/1000] Steps: 720 | Reward:   38.10 | Battery:  78.65% | Loss: 15.1213
Placing Sensors
[Episode 171/1000] Steps: 720 | Reward:   42.32 | Battery:  78.82% | Loss: 
Placing Sensors
[Episode 172/1000] Steps: 720 | Reward:   44.77 | Battery:  78.96% | Loss: 
Placing Sensors
[Episode 173/1000] Steps: 720 | Reward:   40.46 | Battery:  78.96% | Loss: 
Placing Sensors
[Episode 174/1000] Steps: 720 | Reward:   36.45 | Battery:  78.96% | Loss: 
Placing Sensors
[Episode 175/1000] Steps: 720 | Reward:   37.41 | Battery:  78.91% | Loss: 14.7984
Placing Sensors
[Episode 176/1000] Steps: 720 | Reward:   42.34 | Battery:  79.02% | Loss: 
Placing Sensors
[Episode 177/1000] Steps: 720 | Reward:   43.85 | Battery:  79.07% | Loss: 
Placing Sensors
[Episode 178/1000] Steps: 720 | Reward:   43.26 | Battery:  78.97% | Loss: 
Placing Sensors
[Episode 179/1000] Steps: 720 | Reward:   42.01 | Battery:  78.86% | Loss: 
Placing Sensors
[Episode 180/1000] Steps: 720 | Reward:   42.29 | Battery:  78.92% | Loss: 13.1842
Placing Sensors
[Episode 181/1000] Steps: 720 | Reward:   42.67 | Battery:  79.10% | Loss: 
Placing Sensors
[Episode 182/1000] Steps: 720 | Reward:   34.41 | Battery:  79.10% | Loss: 
Placing Sensors
[Episode 183/1000] Steps: 720 | Reward:   36.49 | Battery:  79.07% | Loss: 
Placing Sensors
[Episode 184/1000] Steps: 720 | Reward:   38.01 | Battery:  79.00% | Loss: 
Placing Sensors
[Episode 185/1000] Steps: 720 | Reward:   34.14 | Battery:  79.01% | Loss: 17.1249
Placing Sensors
[Episode 186/1000] Steps: 720 | Reward:   37.02 | Battery:  78.92% | Loss: 
Placing Sensors
[Episode 187/1000] Steps: 720 | Reward:   32.13 | Battery:  78.71% | Loss: 
Placing Sensors
[Episode 188/1000] Steps: 720 | Reward:   34.75 | Battery:  78.83% | Loss: 
Placing Sensors
[Episode 189/1000] Steps: 720 | Reward:   36.71 | Battery:  79.01% | Loss: 
Placing Sensors
[Episode 190/1000] Steps: 720 | Reward:   35.46 | Battery:  79.00% | Loss: 12.5252
Placing Sensors
[Episode 191/1000] Steps: 720 | Reward:   36.56 | Battery:  78.72% | Loss: 
Placing Sensors
[Episode 192/1000] Steps: 720 | Reward:   38.77 | Battery:  78.85% | Loss: 
Placing Sensors
[Episode 193/1000] Steps: 720 | Reward:   41.18 | Battery:  78.84% | Loss: 
Placing Sensors
[Episode 194/1000] Steps: 720 | Reward:   40.04 | Battery:  78.89% | Loss: 
Placing Sensors
[Episode 195/1000] Steps: 720 | Reward:   32.14 | Battery:  78.92% | Loss: 12.6962
Placing Sensors
[Episode 196/1000] Steps: 720 | Reward:   33.18 | Battery:  79.09% | Loss: 
Placing Sensors
[Episode 197/1000] Steps: 720 | Reward:   40.35 | Battery:  79.00% | Loss: 
Placing Sensors
[Episode 198/1000] Steps: 720 | Reward:   39.63 | Battery:  78.94% | Loss: 
Placing Sensors
[Episode 199/1000] Steps: 720 | Reward:   36.21 | Battery:  78.72% | Loss: 
Placing Sensors
[Episode 200/1000] Steps: 720 | Reward:   39.13 | Battery:  79.04% | Loss: 14.2307
Placing Sensors
[Episode 201/1000] Steps: 720 | Reward:   37.92 | Battery:  78.83% | Loss: 
Placing Sensors
[Episode 202/1000] Steps: 720 | Reward:   38.14 | Battery:  78.96% | Loss: 
Placing Sensors
[Episode 203/1000] Steps: 720 | Reward:   45.41 | Battery:  78.91% | Loss: 
Placing Sensors
[Episode 204/1000] Steps: 720 | Reward:   32.56 | Battery:  78.96% | Loss: 
Placing Sensors
[Episode 205/1000] Steps: 720 | Reward:   35.88 | Battery:  79.00% | Loss: 12.9273
Placing Sensors
[Episode 206/1000] Steps: 720 | Reward:   46.84 | Battery:  78.96% | Loss: 
Placing Sensors
[Episode 207/1000] Steps: 720 | Reward:   37.72 | Battery:  78.72% | Loss: 
Placing Sensors
[Episode 208/1000] Steps: 720 | Reward:   31.06 | Battery:  79.09% | Loss: 
Placing Sensors
[Episode 209/1000] Steps: 720 | Reward:   35.75 | Battery:  79.03% | Loss: 
Placing Sensors
[Episode 210/1000] Steps: 720 | Reward:   43.40 | Battery:  78.82% | Loss: 12.3047
Placing Sensors
[Episode 211/1000] Steps: 720 | Reward:   48.05 | Battery:  78.80% | Loss: 
Placing Sensors
[Episode 212/1000] Steps: 720 | Reward:   31.96 | Battery:  78.85% | Loss: 
Placing Sensors
[Episode 213/1000] Steps: 720 | Reward:   29.97 | Battery:  78.69% | Loss: 
Placing Sensors
[Episode 214/1000] Steps: 720 | Reward:   37.58 | Battery:  78.99% | Loss: 
Placing Sensors
[Episode 215/1000] Steps: 720 | Reward:   37.73 | Battery:  78.93% | Loss: 13.8983
Placing Sensors
[Episode 216/1000] Steps: 720 | Reward:   36.30 | Battery:  78.81% | Loss: 
Placing Sensors
[Episode 217/1000] Steps: 720 | Reward:   32.94 | Battery:  78.86% | Loss: 
Placing Sensors
[Episode 218/1000] Steps: 720 | Reward:   25.70 | Battery:  78.79% | Loss: 
Placing Sensors
[Episode 219/1000] Steps: 720 | Reward:   29.22 | Battery:  78.89% | Loss: 
Placing Sensors
[Episode 220/1000] Steps: 720 | Reward:   30.35 | Battery:  79.01% | Loss: 12.6615
Placing Sensors
[Episode 221/1000] Steps: 720 | Reward:   30.33 | Battery:  78.70% | Loss: 
Placing Sensors
[Episode 222/1000] Steps: 720 | Reward:   29.77 | Battery:  78.70% | Loss: 
Placing Sensors
[Episode 223/1000] Steps: 720 | Reward:   36.84 | Battery:  78.70% | Loss: 
Placing Sensors
[Episode 224/1000] Steps: 720 | Reward:   29.80 | Battery:  79.02% | Loss: 
Placing Sensors
[Episode 225/1000] Steps: 720 | Reward:   31.65 | Battery:  78.87% | Loss: 12.6332
Placing Sensors
[Episode 226/1000] Steps: 720 | Reward:   35.75 | Battery:  78.64% | Loss: 
Placing Sensors
[Episode 227/1000] Steps: 720 | Reward:   26.91 | Battery:  78.90% | Loss: 
Placing Sensors
[Episode 228/1000] Steps: 720 | Reward:   26.86 | Battery:  78.86% | Loss: 
Placing Sensors
[Episode 229/1000] Steps: 720 | Reward:   28.59 | Battery:  78.94% | Loss: 
Placing Sensors
[Episode 230/1000] Steps: 720 | Reward:   35.60 | Battery:  78.78% | Loss: 13.2293
Placing Sensors
[Episode 231/1000] Steps: 720 | Reward:   31.11 | Battery:  78.81% | Loss: 
Placing Sensors
[Episode 232/1000] Steps: 720 | Reward:   34.83 | Battery:  78.80% | Loss: 
Placing Sensors
[Episode 233/1000] Steps: 720 | Reward:   32.33 | Battery:  79.00% | Loss: 
Placing Sensors
[Episode 234/1000] Steps: 720 | Reward:   43.11 | Battery:  78.79% | Loss: 
Placing Sensors
[Episode 235/1000] Steps: 720 | Reward:   28.63 | Battery:  78.87% | Loss: 12.0508
Placing Sensors
[Episode 236/1000] Steps: 720 | Reward:   40.37 | Battery:  78.78% | Loss: 
Placing Sensors
[Episode 237/1000] Steps: 720 | Reward:   39.71 | Battery:  78.75% | Loss: 
Placing Sensors
[Episode 238/1000] Steps: 720 | Reward:   40.51 | Battery:  78.87% | Loss: 
Placing Sensors
[Episode 239/1000] Steps: 720 | Reward:   35.38 | Battery:  79.09% | Loss: 
Placing Sensors
[Episode 240/1000] Steps: 720 | Reward:   46.34 | Battery:  78.73% | Loss: 12.1717
Placing Sensors
[Episode 241/1000] Steps: 720 | Reward:   45.15 | Battery:  79.07% | Loss: 
Placing Sensors
[Episode 242/1000] Steps: 720 | Reward:   45.61 | Battery:  79.01% | Loss: 
Placing Sensors
[Episode 243/1000] Steps: 720 | Reward:   37.13 | Battery:  78.98% | Loss: 
Placing Sensors
[Episode 244/1000] Steps: 720 | Reward:   39.85 | Battery:  78.81% | Loss: 
Placing Sensors
[Episode 245/1000] Steps: 720 | Reward:   36.34 | Battery:  78.98% | Loss: 11.3352
Placing Sensors
[Episode 246/1000] Steps: 720 | Reward:   38.64 | Battery:  78.94% | Loss: 
Placing Sensors
[Episode 247/1000] Steps: 720 | Reward:   44.09 | Battery:  78.94% | Loss: 
Placing Sensors
[Episode 248/1000] Steps: 720 | Reward:   37.81 | Battery:  78.82% | Loss: 
Placing Sensors
[Episode 249/1000] Steps: 720 | Reward:   37.79 | Battery:  79.03% | Loss: 
Placing Sensors
[Episode 250/1000] Steps: 720 | Reward:   36.89 | Battery:  78.95% | Loss: 13.4850
Placing Sensors
[Episode 251/1000] Steps: 720 | Reward:   39.78 | Battery:  79.03% | Loss: 
Placing Sensors
[Episode 252/1000] Steps: 720 | Reward:   41.42 | Battery:  79.01% | Loss: 
Placing Sensors
[Episode 253/1000] Steps: 720 | Reward:   46.57 | Battery:  79.00% | Loss: 
Placing Sensors
[Episode 254/1000] Steps: 720 | Reward:   42.20 | Battery:  78.91% | Loss: 
Placing Sensors
[Episode 255/1000] Steps: 720 | Reward:   33.73 | Battery:  78.72% | Loss: 11.3290
Placing Sensors
[Episode 256/1000] Steps: 720 | Reward:   32.54 | Battery:  79.10% | Loss: 
Placing Sensors
[Episode 257/1000] Steps: 720 | Reward:   42.20 | Battery:  79.06% | Loss: 
Placing Sensors
[Episode 258/1000] Steps: 720 | Reward:   31.69 | Battery:  78.97% | Loss: 
Placing Sensors
[Episode 259/1000] Steps: 720 | Reward:   41.74 | Battery:  78.88% | Loss: 
Placing Sensors
[Episode 260/1000] Steps: 720 | Reward:   48.65 | Battery:  78.93% | Loss: 13.9751
Placing Sensors
[Episode 261/1000] Steps: 720 | Reward:   35.75 | Battery:  78.85% | Loss: 
Placing Sensors
[Episode 262/1000] Steps: 720 | Reward:   43.55 | Battery:  79.00% | Loss: 
Placing Sensors
[Episode 263/1000] Steps: 720 | Reward:   38.14 | Battery:  78.95% | Loss: 
Placing Sensors
[Episode 264/1000] Steps: 720 | Reward:   40.00 | Battery:  78.79% | Loss: 
Placing Sensors
[Episode 265/1000] Steps: 720 | Reward:   34.78 | Battery:  79.02% | Loss: 12.3021
Placing Sensors
[Episode 266/1000] Steps: 720 | Reward:   39.71 | Battery:  78.90% | Loss: 
Placing Sensors
[Episode 267/1000] Steps: 720 | Reward:   38.30 | Battery:  79.07% | Loss: 
Placing Sensors
[Episode 268/1000] Steps: 720 | Reward:   44.05 | Battery:  78.71% | Loss: 
Placing Sensors
[Episode 269/1000] Steps: 720 | Reward:   37.38 | Battery:  78.70% | Loss: 
Placing Sensors
[Episode 270/1000] Steps: 720 | Reward:   40.47 | Battery:  79.01% | Loss: 11.2115
Placing Sensors
[Episode 271/1000] Steps: 720 | Reward:   31.94 | Battery:  78.67% | Loss: 
Placing Sensors
[Episode 272/1000] Steps: 720 | Reward:   38.76 | Battery:  78.83% | Loss: 
Placing Sensors
[Episode 273/1000] Steps: 720 | Reward:   39.59 | Battery:  79.02% | Loss: 
Placing Sensors
[Episode 274/1000] Steps: 720 | Reward:   46.28 | Battery:  78.79% | Loss: 
Placing Sensors
[Episode 275/1000] Steps: 720 | Reward:   39.15 | Battery:  79.00% | Loss: 14.8070
Placing Sensors
[Episode 276/1000] Steps: 720 | Reward:   42.45 | Battery:  78.96% | Loss: 
Placing Sensors
[Episode 277/1000] Steps: 720 | Reward:   41.93 | Battery:  79.12% | Loss: 
Placing Sensors
[Episode 278/1000] Steps: 720 | Reward:   35.51 | Battery:  79.05% | Loss: 
Placing Sensors
[Episode 279/1000] Steps: 720 | Reward:   36.71 | Battery:  78.94% | Loss: 
Placing Sensors
[Episode 280/1000] Steps: 720 | Reward:   43.54 | Battery:  78.92% | Loss: 13.7336
Placing Sensors
[Episode 281/1000] Steps: 720 | Reward:   38.07 | Battery:  78.97% | Loss: 
Placing Sensors
[Episode 282/1000] Steps: 720 | Reward:   38.49 | Battery:  78.98% | Loss: 
Placing Sensors
[Episode 283/1000] Steps: 720 | Reward:   36.20 | Battery:  79.03% | Loss: 
Placing Sensors
[Episode 284/1000] Steps: 720 | Reward:   39.38 | Battery:  78.78% | Loss: 
Placing Sensors
[Episode 285/1000] Steps: 720 | Reward:   41.84 | Battery:  78.98% | Loss: 10.6719
Placing Sensors
[Episode 286/1000] Steps: 720 | Reward:   45.70 | Battery:  78.89% | Loss: 
Placing Sensors
[Episode 287/1000] Steps: 720 | Reward:   39.40 | Battery:  78.97% | Loss: 
Placing Sensors
[Episode 288/1000] Steps: 720 | Reward:   37.99 | Battery:  78.95% | Loss: 
Placing Sensors
[Episode 289/1000] Steps: 720 | Reward:   44.35 | Battery:  78.95% | Loss: 
Placing Sensors
[Episode 290/1000] Steps: 720 | Reward:   38.18 | Battery:  78.80% | Loss: 12.1324
Placing Sensors
[Episode 291/1000] Steps: 720 | Reward:   35.47 | Battery:  79.11% | Loss: 
Placing Sensors
[Episode 292/1000] Steps: 720 | Reward:   34.24 | Battery:  78.84% | Loss: 
Placing Sensors
[Episode 293/1000] Steps: 720 | Reward:   39.86 | Battery:  78.95% | Loss: 
Placing Sensors
[Episode 294/1000] Steps: 720 | Reward:   47.18 | Battery:  79.11% | Loss: 
Placing Sensors
[Episode 295/1000] Steps: 720 | Reward:   42.17 | Battery:  78.85% | Loss: 14.3641
Placing Sensors
[Episode 296/1000] Steps: 720 | Reward:   32.52 | Battery:  78.97% | Loss: 
Placing Sensors
[Episode 297/1000] Steps: 720 | Reward:   35.82 | Battery:  79.04% | Loss: 
Placing Sensors
[Episode 298/1000] Steps: 720 | Reward:   42.35 | Battery:  78.99% | Loss: 
Placing Sensors
[Episode 299/1000] Steps: 720 | Reward:   43.41 | Battery:  78.95% | Loss: 
Placing Sensors
[Episode 300/1000] Steps: 720 | Reward:   35.34 | Battery:  79.03% | Loss: 14.7717
Placing Sensors
[Episode 301/1000] Steps: 720 | Reward:   45.96 | Battery:  78.93% | Loss: 
Placing Sensors
[Episode 302/1000] Steps: 720 | Reward:   36.54 | Battery:  78.62% | Loss: 
Placing Sensors
[Episode 303/1000] Steps: 720 | Reward:   37.43 | Battery:  79.00% | Loss: 
Placing Sensors
[Episode 304/1000] Steps: 720 | Reward:   38.23 | Battery:  78.89% | Loss: 
Placing Sensors
[Episode 305/1000] Steps: 720 | Reward:   45.99 | Battery:  78.90% | Loss: 14.0381
Placing Sensors
[Episode 306/1000] Steps: 720 | Reward:   32.55 | Battery:  78.81% | Loss: 
Placing Sensors
[Episode 307/1000] Steps: 720 | Reward:   48.96 | Battery:  78.90% | Loss: 
Placing Sensors
[Episode 308/1000] Steps: 720 | Reward:   38.71 | Battery:  78.90% | Loss: 
Placing Sensors
[Episode 309/1000] Steps: 720 | Reward:   36.34 | Battery:  78.98% | Loss: 
Placing Sensors
[Episode 310/1000] Steps: 720 | Reward:   44.66 | Battery:  78.93% | Loss: 12.2264
Placing Sensors
[Episode 311/1000] Steps: 720 | Reward:   40.49 | Battery:  78.91% | Loss: 
Placing Sensors
[Episode 312/1000] Steps: 720 | Reward:   38.44 | Battery:  78.56% | Loss: 
Placing Sensors
[Episode 313/1000] Steps: 720 | Reward:   45.98 | Battery:  78.98% | Loss: 
Placing Sensors
[Episode 314/1000] Steps: 720 | Reward:   37.20 | Battery:  78.72% | Loss: 
Placing Sensors
[Episode 315/1000] Steps: 720 | Reward:   52.64 | Battery:  78.98% | Loss: 11.6979
Placing Sensors
[Episode 316/1000] Steps: 720 | Reward:   38.67 | Battery:  78.98% | Loss: 
Placing Sensors
[Episode 317/1000] Steps: 720 | Reward:   40.30 | Battery:  78.79% | Loss: 
Placing Sensors
[Episode 318/1000] Steps: 720 | Reward:   38.62 | Battery:  79.07% | Loss: 
Placing Sensors
[Episode 319/1000] Steps: 720 | Reward:   36.28 | Battery:  78.84% | Loss: 
Placing Sensors
[Episode 320/1000] Steps: 720 | Reward:   40.08 | Battery:  78.98% | Loss: 14.7687
Placing Sensors
[Episode 321/1000] Steps: 720 | Reward:   43.81 | Battery:  78.98% | Loss: 
Placing Sensors
[Episode 322/1000] Steps: 720 | Reward:   53.41 | Battery:  79.08% | Loss: 
Placing Sensors
[Episode 323/1000] Steps: 720 | Reward:   36.30 | Battery:  79.01% | Loss: 
Placing Sensors
[Episode 324/1000] Steps: 720 | Reward:   45.44 | Battery:  78.81% | Loss: 
Placing Sensors
[Episode 325/1000] Steps: 720 | Reward:   33.47 | Battery:  79.10% | Loss: 10.9159
Placing Sensors
[Episode 326/1000] Steps: 720 | Reward:   40.62 | Battery:  78.70% | Loss: 
Placing Sensors
[Episode 327/1000] Steps: 720 | Reward:   38.38 | Battery:  78.83% | Loss: 
Placing Sensors
[Episode 328/1000] Steps: 720 | Reward:   39.28 | Battery:  78.95% | Loss: 
Placing Sensors
[Episode 329/1000] Steps: 720 | Reward:   34.50 | Battery:  79.01% | Loss: 
Placing Sensors
[Episode 330/1000] Steps: 720 | Reward:   51.20 | Battery:  78.75% | Loss: 10.9058
Placing Sensors
[Episode 331/1000] Steps: 720 | Reward:   41.01 | Battery:  78.88% | Loss: 
Placing Sensors
[Episode 332/1000] Steps: 720 | Reward:   40.00 | Battery:  79.09% | Loss: 
Placing Sensors
[Episode 333/1000] Steps: 720 | Reward:   36.52 | Battery:  79.01% | Loss: 
Placing Sensors
[Episode 334/1000] Steps: 720 | Reward:   43.91 | Battery:  78.66% | Loss: 
Placing Sensors
[Episode 335/1000] Steps: 720 | Reward:   43.23 | Battery:  78.93% | Loss: 11.7700
Placing Sensors
[Episode 336/1000] Steps: 720 | Reward:   38.03 | Battery:  78.69% | Loss: 
Placing Sensors
[Episode 337/1000] Steps: 720 | Reward:   35.40 | Battery:  78.95% | Loss: 
Placing Sensors
[Episode 338/1000] Steps: 720 | Reward:   39.83 | Battery:  79.01% | Loss: 
Placing Sensors
[Episode 339/1000] Steps: 720 | Reward:   41.28 | Battery:  78.85% | Loss: 
Placing Sensors
[Episode 340/1000] Steps: 720 | Reward:   41.56 | Battery:  79.02% | Loss: 11.4178
Placing Sensors
[Episode 341/1000] Steps: 720 | Reward:   40.83 | Battery:  78.97% | Loss: 
Placing Sensors
[Episode 342/1000] Steps: 720 | Reward:   35.34 | Battery:  78.99% | Loss: 
Placing Sensors
[Episode 343/1000] Steps: 720 | Reward:   36.00 | Battery:  78.94% | Loss: 
Placing Sensors
[Episode 344/1000] Steps: 720 | Reward:   48.74 | Battery:  78.92% | Loss: 
Placing Sensors
[Episode 345/1000] Steps: 720 | Reward:   50.86 | Battery:  78.84% | Loss: 13.2971
Placing Sensors
[Episode 346/1000] Steps: 720 | Reward:   39.08 | Battery:  78.91% | Loss: 
Placing Sensors
[Episode 347/1000] Steps: 720 | Reward:   37.46 | Battery:  79.03% | Loss: 
Placing Sensors
[Episode 348/1000] Steps: 720 | Reward:   44.79 | Battery:  78.93% | Loss: 
Placing Sensors
[Episode 349/1000] Steps: 720 | Reward:   35.35 | Battery:  79.00% | Loss: 
Placing Sensors
[Episode 350/1000] Steps: 720 | Reward:   33.25 | Battery:  79.10% | Loss: 9.5177
Placing Sensors
[Episode 351/1000] Steps: 720 | Reward:   50.17 | Battery:  78.88% | Loss: 
Placing Sensors
[Episode 352/1000] Steps: 720 | Reward:   42.50 | Battery:  78.87% | Loss: 
Placing Sensors
[Episode 353/1000] Steps: 720 | Reward:   40.20 | Battery:  79.05% | Loss: 
Placing Sensors
[Episode 354/1000] Steps: 720 | Reward:   42.11 | Battery:  79.03% | Loss: 
Placing Sensors
[Episode 355/1000] Steps: 720 | Reward:   41.26 | Battery:  78.92% | Loss: 9.2979
Placing Sensors
[Episode 356/1000] Steps: 720 | Reward:   40.23 | Battery:  79.02% | Loss: 
Placing Sensors
[Episode 357/1000] Steps: 720 | Reward:   41.96 | Battery:  79.10% | Loss: 
Placing Sensors
[Episode 358/1000] Steps: 720 | Reward:   42.02 | Battery:  78.98% | Loss: 
Placing Sensors
[Episode 359/1000] Steps: 720 | Reward:   38.03 | Battery:  78.96% | Loss: 
Placing Sensors
[Episode 360/1000] Steps: 720 | Reward:   35.88 | Battery:  78.80% | Loss: 13.7672
Placing Sensors
[Episode 361/1000] Steps: 720 | Reward:   39.36 | Battery:  78.89% | Loss: 
Placing Sensors
[Episode 362/1000] Steps: 720 | Reward:   35.48 | Battery:  78.91% | Loss: 
Placing Sensors
[Episode 363/1000] Steps: 720 | Reward:   35.62 | Battery:  79.05% | Loss: 
Placing Sensors
[Episode 364/1000] Steps: 720 | Reward:   40.96 | Battery:  79.04% | Loss: 
Placing Sensors
[Episode 365/1000] Steps: 720 | Reward:   39.95 | Battery:  78.87% | Loss: 14.2108
Placing Sensors
[Episode 366/1000] Steps: 720 | Reward:   36.90 | Battery:  78.63% | Loss: 
Placing Sensors
[Episode 367/1000] Steps: 720 | Reward:   39.59 | Battery:  78.93% | Loss: 
Placing Sensors
[Episode 368/1000] Steps: 720 | Reward:   37.38 | Battery:  78.97% | Loss: 
Placing Sensors
[Episode 369/1000] Steps: 720 | Reward:   33.19 | Battery:  78.93% | Loss: 
Placing Sensors
[Episode 370/1000] Steps: 720 | Reward:   43.33 | Battery:  79.10% | Loss: 14.8960
Placing Sensors
[Episode 371/1000] Steps: 720 | Reward:   35.48 | Battery:  78.99% | Loss: 
Placing Sensors
[Episode 372/1000] Steps: 720 | Reward:   42.67 | Battery:  78.95% | Loss: 
Placing Sensors
[Episode 373/1000] Steps: 720 | Reward:   40.62 | Battery:  78.76% | Loss: 
Placing Sensors
[Episode 374/1000] Steps: 720 | Reward:   37.29 | Battery:  79.05% | Loss: 
Placing Sensors
[Episode 375/1000] Steps: 720 | Reward:   44.86 | Battery:  78.77% | Loss: 12.1174
Placing Sensors
[Episode 376/1000] Steps: 720 | Reward:   47.17 | Battery:  78.99% | Loss: 
Placing Sensors
[Episode 377/1000] Steps: 720 | Reward:   45.43 | Battery:  78.93% | Loss: 
Placing Sensors
[Episode 378/1000] Steps: 720 | Reward:   34.85 | Battery:  79.05% | Loss: 
Placing Sensors
[Episode 379/1000] Steps: 720 | Reward:   39.06 | Battery:  78.74% | Loss: 
Placing Sensors
[Episode 380/1000] Steps: 720 | Reward:   38.93 | Battery:  79.05% | Loss: 10.2209
Placing Sensors
[Episode 381/1000] Steps: 720 | Reward:   39.08 | Battery:  78.93% | Loss: 
Placing Sensors
[Episode 382/1000] Steps: 720 | Reward:   43.18 | Battery:  78.88% | Loss: 
Placing Sensors
[Episode 383/1000] Steps: 720 | Reward:   38.68 | Battery:  78.98% | Loss: 
Placing Sensors
[Episode 384/1000] Steps: 720 | Reward:   40.84 | Battery:  79.03% | Loss: 
Placing Sensors
[Episode 385/1000] Steps: 720 | Reward:   39.75 | Battery:  79.01% | Loss: 10.3152
Placing Sensors
[Episode 386/1000] Steps: 720 | Reward:   38.56 | Battery:  79.08% | Loss: 
Placing Sensors
[Episode 387/1000] Steps: 720 | Reward:   44.82 | Battery:  78.86% | Loss: 
Placing Sensors
[Episode 388/1000] Steps: 720 | Reward:   37.99 | Battery:  78.62% | Loss: 
Placing Sensors
[Episode 389/1000] Steps: 720 | Reward:   34.67 | Battery:  78.98% | Loss: 
Placing Sensors
[Episode 390/1000] Steps: 720 | Reward:   37.19 | Battery:  78.81% | Loss: 14.4956
Placing Sensors
[Episode 391/1000] Steps: 720 | Reward:   45.48 | Battery:  79.02% | Loss: 
Placing Sensors
[Episode 392/1000] Steps: 720 | Reward:   51.96 | Battery:  78.62% | Loss: 
Placing Sensors
[Episode 393/1000] Steps: 720 | Reward:   45.35 | Battery:  78.76% | Loss: 
Placing Sensors
[Episode 394/1000] Steps: 720 | Reward:   45.63 | Battery:  79.08% | Loss: 
Placing Sensors
[Episode 395/1000] Steps: 720 | Reward:   32.51 | Battery:  79.09% | Loss: 12.9091
Placing Sensors
[Episode 396/1000] Steps: 720 | Reward:   47.27 | Battery:  78.66% | Loss: 
Placing Sensors
[Episode 397/1000] Steps: 720 | Reward:   40.39 | Battery:  78.98% | Loss: 
Placing Sensors
[Episode 398/1000] Steps: 720 | Reward:   44.80 | Battery:  79.01% | Loss: 
Placing Sensors
[Episode 399/1000] Steps: 720 | Reward:   40.97 | Battery:  78.99% | Loss: 
Placing Sensors
[Episode 400/1000] Steps: 720 | Reward:   40.63 | Battery:  78.73% | Loss: 15.3947
Placing Sensors
[Episode 401/1000] Steps: 720 | Reward:   45.59 | Battery:  78.92% | Loss: 
Placing Sensors
[Episode 402/1000] Steps: 720 | Reward:   33.64 | Battery:  78.93% | Loss: 
Placing Sensors
[Episode 403/1000] Steps: 720 | Reward:   34.09 | Battery:  79.08% | Loss: 
Placing Sensors
[Episode 404/1000] Steps: 720 | Reward:   39.53 | Battery:  78.80% | Loss: 
Placing Sensors
[Episode 405/1000] Steps: 720 | Reward:   39.04 | Battery:  78.93% | Loss: 11.7609
Placing Sensors
[Episode 406/1000] Steps: 720 | Reward:   36.40 | Battery:  79.03% | Loss: 
Placing Sensors
[Episode 407/1000] Steps: 720 | Reward:   42.07 | Battery:  79.01% | Loss: 
Placing Sensors
[Episode 408/1000] Steps: 720 | Reward:   51.63 | Battery:  79.00% | Loss: 
Placing Sensors
[Episode 409/1000] Steps: 720 | Reward:   38.75 | Battery:  79.00% | Loss: 
Placing Sensors
[Episode 410/1000] Steps: 720 | Reward:   41.00 | Battery:  78.92% | Loss: 11.1796
Placing Sensors
[Episode 411/1000] Steps: 720 | Reward:   41.68 | Battery:  78.99% | Loss: 
Placing Sensors
[Episode 412/1000] Steps: 720 | Reward:   45.73 | Battery:  79.07% | Loss: 
Placing Sensors
[Episode 413/1000] Steps: 720 | Reward:   38.61 | Battery:  79.07% | Loss: 
Placing Sensors
[Episode 414/1000] Steps: 720 | Reward:   42.74 | Battery:  78.69% | Loss: 
Placing Sensors
[Episode 415/1000] Steps: 720 | Reward:   48.42 | Battery:  78.92% | Loss: 12.1381
Placing Sensors
[Episode 416/1000] Steps: 720 | Reward:   41.13 | Battery:  79.09% | Loss: 
Placing Sensors
[Episode 417/1000] Steps: 720 | Reward:   34.35 | Battery:  78.83% | Loss: 
Placing Sensors
[Episode 418/1000] Steps: 720 | Reward:   40.86 | Battery:  78.79% | Loss: 
Placing Sensors
[Episode 419/1000] Steps: 720 | Reward:   43.75 | Battery:  79.06% | Loss: 
Placing Sensors
[Episode 420/1000] Steps: 720 | Reward:   46.24 | Battery:  79.09% | Loss: 16.2312
Placing Sensors
[Episode 421/1000] Steps: 720 | Reward:   41.54 | Battery:  78.97% | Loss: 
Placing Sensors
[Episode 422/1000] Steps: 720 | Reward:   44.93 | Battery:  79.02% | Loss: 
Placing Sensors
[Episode 423/1000] Steps: 720 | Reward:   36.52 | Battery:  78.88% | Loss: 
Placing Sensors
[Episode 424/1000] Steps: 720 | Reward:   42.88 | Battery:  78.85% | Loss: 
Placing Sensors
[Episode 425/1000] Steps: 720 | Reward:   40.25 | Battery:  78.87% | Loss: 11.3626
Placing Sensors
[Episode 426/1000] Steps: 720 | Reward:   47.74 | Battery:  78.99% | Loss: 
Placing Sensors
[Episode 427/1000] Steps: 720 | Reward:   35.72 | Battery:  78.95% | Loss: 
Placing Sensors
[Episode 428/1000] Steps: 720 | Reward:   36.58 | Battery:  79.09% | Loss: 
Placing Sensors
[Episode 429/1000] Steps: 720 | Reward:   45.32 | Battery:  78.99% | Loss: 
Placing Sensors
[Episode 430/1000] Steps: 720 | Reward:   35.00 | Battery:  78.85% | Loss: 12.0240
Placing Sensors
[Episode 431/1000] Steps: 720 | Reward:   43.72 | Battery:  78.90% | Loss: 
Placing Sensors
[Episode 432/1000] Steps: 720 | Reward:   38.72 | Battery:  78.98% | Loss: 
Placing Sensors
[Episode 433/1000] Steps: 720 | Reward:   46.44 | Battery:  78.62% | Loss: 
Placing Sensors
[Episode 434/1000] Steps: 720 | Reward:   38.58 | Battery:  78.96% | Loss: 
Placing Sensors
[Episode 435/1000] Steps: 720 | Reward:   48.10 | Battery:  78.96% | Loss: 9.0375
Placing Sensors
[Episode 436/1000] Steps: 720 | Reward:   39.62 | Battery:  79.09% | Loss: 
Placing Sensors
[Episode 437/1000] Steps: 720 | Reward:   39.63 | Battery:  78.75% | Loss: 
Placing Sensors
[Episode 438/1000] Steps: 720 | Reward:   36.08 | Battery:  79.12% | Loss: 
Placing Sensors
[Episode 439/1000] Steps: 720 | Reward:   39.69 | Battery:  78.80% | Loss: 
Placing Sensors
[Episode 440/1000] Steps: 720 | Reward:   37.62 | Battery:  78.73% | Loss: 13.6977
Placing Sensors
[Episode 441/1000] Steps: 720 | Reward:   36.68 | Battery:  78.95% | Loss: 
Placing Sensors
[Episode 442/1000] Steps: 720 | Reward:   39.74 | Battery:  78.92% | Loss: 
Placing Sensors
[Episode 443/1000] Steps: 720 | Reward:   34.66 | Battery:  78.88% | Loss: 
Placing Sensors
[Episode 444/1000] Steps: 720 | Reward:   51.55 | Battery:  79.03% | Loss: 
Placing Sensors
[Episode 445/1000] Steps: 720 | Reward:   40.20 | Battery:  79.02% | Loss: 11.4821
Placing Sensors
[Episode 446/1000] Steps: 720 | Reward:   39.70 | Battery:  79.03% | Loss: 
Placing Sensors
[Episode 447/1000] Steps: 720 | Reward:   40.62 | Battery:  79.02% | Loss: 
Placing Sensors
[Episode 448/1000] Steps: 720 | Reward:   40.71 | Battery:  78.88% | Loss: 
Placing Sensors
[Episode 449/1000] Steps: 720 | Reward:   33.56 | Battery:  78.78% | Loss: 
Placing Sensors
[Episode 450/1000] Steps: 720 | Reward:   42.82 | Battery:  78.87% | Loss: 10.8135
Placing Sensors
[Episode 451/1000] Steps: 720 | Reward:   45.40 | Battery:  78.58% | Loss: 
Placing Sensors
[Episode 452/1000] Steps: 720 | Reward:   38.95 | Battery:  78.58% | Loss: 
Placing Sensors
[Episode 453/1000] Steps: 720 | Reward:   34.51 | Battery:  78.81% | Loss: 
Placing Sensors
[Episode 454/1000] Steps: 720 | Reward:   42.63 | Battery:  78.84% | Loss: 
Placing Sensors
[Episode 455/1000] Steps: 720 | Reward:   35.38 | Battery:  78.83% | Loss: 11.6796
Placing Sensors
[Episode 456/1000] Steps: 720 | Reward:   40.99 | Battery:  78.96% | Loss: 
Placing Sensors
[Episode 457/1000] Steps: 720 | Reward:   45.94 | Battery:  79.03% | Loss: 
Placing Sensors
[Episode 458/1000] Steps: 720 | Reward:   30.91 | Battery:  79.01% | Loss: 
Placing Sensors
[Episode 459/1000] Steps: 720 | Reward:   38.06 | Battery:  79.05% | Loss: 
Placing Sensors
[Episode 460/1000] Steps: 720 | Reward:   35.49 | Battery:  78.85% | Loss: 9.9092
Placing Sensors
[Episode 461/1000] Steps: 720 | Reward:   46.72 | Battery:  78.95% | Loss: 
Placing Sensors
[Episode 462/1000] Steps: 720 | Reward:   45.61 | Battery:  78.67% | Loss: 
Placing Sensors
[Episode 463/1000] Steps: 720 | Reward:   43.04 | Battery:  78.94% | Loss: 
Placing Sensors
[Episode 464/1000] Steps: 720 | Reward:   44.19 | Battery:  79.10% | Loss: 
Placing Sensors
[Episode 465/1000] Steps: 720 | Reward:   46.69 | Battery:  78.93% | Loss: 9.3010
Placing Sensors
[Episode 466/1000] Steps: 720 | Reward:   48.29 | Battery:  78.93% | Loss: 
Placing Sensors
[Episode 467/1000] Steps: 720 | Reward:   44.98 | Battery:  78.68% | Loss: 
Placing Sensors
[Episode 468/1000] Steps: 720 | Reward:   36.13 | Battery:  78.92% | Loss: 
Placing Sensors
[Episode 469/1000] Steps: 720 | Reward:   38.76 | Battery:  78.66% | Loss: 
Placing Sensors
[Episode 470/1000] Steps: 720 | Reward:   38.37 | Battery:  78.93% | Loss: 10.2702
Placing Sensors
[Episode 471/1000] Steps: 720 | Reward:   44.99 | Battery:  79.06% | Loss: 
Placing Sensors
[Episode 472/1000] Steps: 720 | Reward:   32.50 | Battery:  78.99% | Loss: 
Placing Sensors
[Episode 473/1000] Steps: 720 | Reward:   41.83 | Battery:  78.76% | Loss: 
Placing Sensors
[Episode 474/1000] Steps: 720 | Reward:   37.37 | Battery:  78.82% | Loss: 
Placing Sensors
[Episode 475/1000] Steps: 720 | Reward:   48.00 | Battery:  79.01% | Loss: 12.6294
Placing Sensors
[Episode 476/1000] Steps: 720 | Reward:   50.25 | Battery:  78.85% | Loss: 
Placing Sensors
[Episode 477/1000] Steps: 720 | Reward:   40.46 | Battery:  78.93% | Loss: 
Placing Sensors
[Episode 478/1000] Steps: 720 | Reward:   37.21 | Battery:  78.78% | Loss: 
Placing Sensors
[Episode 479/1000] Steps: 720 | Reward:   41.84 | Battery:  78.74% | Loss: 
Placing Sensors
[Episode 480/1000] Steps: 720 | Reward:   37.95 | Battery:  79.03% | Loss: 10.9002
Placing Sensors
[Episode 481/1000] Steps: 720 | Reward:   45.99 | Battery:  79.03% | Loss: 
Placing Sensors
[Episode 482/1000] Steps: 720 | Reward:   47.14 | Battery:  79.05% | Loss: 
Placing Sensors
[Episode 483/1000] Steps: 720 | Reward:   43.89 | Battery:  78.94% | Loss: 
Placing Sensors
[Episode 484/1000] Steps: 720 | Reward:   36.43 | Battery:  79.05% | Loss: 
Placing Sensors
[Episode 485/1000] Steps: 720 | Reward:   36.48 | Battery:  78.72% | Loss: 12.9436
Placing Sensors
[Episode 486/1000] Steps: 720 | Reward:   35.48 | Battery:  78.89% | Loss: 
Placing Sensors
[Episode 487/1000] Steps: 720 | Reward:   41.71 | Battery:  79.09% | Loss: 
Placing Sensors
[Episode 488/1000] Steps: 720 | Reward:   35.82 | Battery:  78.86% | Loss: 
Placing Sensors
[Episode 489/1000] Steps: 720 | Reward:   35.37 | Battery:  79.10% | Loss: 
Placing Sensors
[Episode 490/1000] Steps: 720 | Reward:   41.87 | Battery:  78.87% | Loss: 10.8236
Placing Sensors
[Episode 491/1000] Steps: 720 | Reward:   40.49 | Battery:  78.70% | Loss: 
Placing Sensors
[Episode 492/1000] Steps: 720 | Reward:   44.24 | Battery:  78.94% | Loss: 
Placing Sensors
[Episode 493/1000] Steps: 720 | Reward:   42.17 | Battery:  78.98% | Loss: 
Placing Sensors
[Episode 494/1000] Steps: 720 | Reward:   42.26 | Battery:  78.77% | Loss: 
Placing Sensors
[Episode 495/1000] Steps: 720 | Reward:   34.59 | Battery:  78.93% | Loss: 9.5312
Placing Sensors
[Episode 496/1000] Steps: 720 | Reward:   46.77 | Battery:  79.05% | Loss: 
Placing Sensors
[Episode 497/1000] Steps: 720 | Reward:   36.11 | Battery:  78.83% | Loss: 
Placing Sensors
[Episode 498/1000] Steps: 720 | Reward:   44.29 | Battery:  78.98% | Loss: 
Placing Sensors
[Episode 499/1000] Steps: 720 | Reward:   41.45 | Battery:  79.02% | Loss: 
Placing Sensors
[Episode 500/1000] Steps: 720 | Reward:   44.44 | Battery:  78.94% | Loss: 12.2850
Placing Sensors
[Episode 501/1000] Steps: 720 | Reward:   38.94 | Battery:  78.83% | Loss: 
Placing Sensors
[Episode 502/1000] Steps: 720 | Reward:   38.66 | Battery:  78.78% | Loss: 
Placing Sensors
[Episode 503/1000] Steps: 720 | Reward:   39.43 | Battery:  78.70% | Loss: 
Placing Sensors
[Episode 504/1000] Steps: 720 | Reward:   35.30 | Battery:  78.66% | Loss: 
Placing Sensors
[Episode 505/1000] Steps: 720 | Reward:   39.22 | Battery:  78.80% | Loss: 12.2160
Placing Sensors
[Episode 506/1000] Steps: 720 | Reward:   49.28 | Battery:  79.11% | Loss: 
Placing Sensors
[Episode 507/1000] Steps: 720 | Reward:   50.07 | Battery:  79.01% | Loss: 
Placing Sensors
[Episode 508/1000] Steps: 720 | Reward:   40.48 | Battery:  78.98% | Loss: 
Placing Sensors
[Episode 509/1000] Steps: 720 | Reward:   38.25 | Battery:  79.04% | Loss: 
Placing Sensors
[Episode 510/1000] Steps: 720 | Reward:   43.64 | Battery:  78.95% | Loss: 10.6579
Placing Sensors
[Episode 511/1000] Steps: 720 | Reward:   46.94 | Battery:  78.93% | Loss: 
Placing Sensors
[Episode 512/1000] Steps: 720 | Reward:   47.82 | Battery:  78.83% | Loss: 
Placing Sensors
[Episode 513/1000] Steps: 720 | Reward:   39.89 | Battery:  78.95% | Loss: 
Placing Sensors
[Episode 514/1000] Steps: 720 | Reward:   45.44 | Battery:  79.03% | Loss: 
Placing Sensors
[Episode 515/1000] Steps: 720 | Reward:   38.06 | Battery:  78.64% | Loss: 10.3673
Placing Sensors
[Episode 516/1000] Steps: 720 | Reward:   37.10 | Battery:  79.03% | Loss: 
Placing Sensors
[Episode 517/1000] Steps: 720 | Reward:   40.20 | Battery:  78.86% | Loss: 
Placing Sensors
[Episode 518/1000] Steps: 720 | Reward:   50.86 | Battery:  78.81% | Loss: 
Placing Sensors
[Episode 519/1000] Steps: 720 | Reward:   35.63 | Battery:  78.90% | Loss: 
Placing Sensors
[Episode 520/1000] Steps: 720 | Reward:   41.42 | Battery:  79.01% | Loss: 8.4426
Placing Sensors
[Episode 521/1000] Steps: 720 | Reward:   50.47 | Battery:  78.95% | Loss: 
Placing Sensors
[Episode 522/1000] Steps: 720 | Reward:   40.70 | Battery:  78.82% | Loss: 
Placing Sensors
[Episode 523/1000] Steps: 720 | Reward:   38.50 | Battery:  78.81% | Loss: 
Placing Sensors
[Episode 524/1000] Steps: 720 | Reward:   36.45 | Battery:  78.82% | Loss: 
Placing Sensors
[Episode 525/1000] Steps: 720 | Reward:   37.31 | Battery:  78.95% | Loss: 11.1059
Placing Sensors
[Episode 526/1000] Steps: 720 | Reward:   44.16 | Battery:  78.82% | Loss: 
Placing Sensors
[Episode 527/1000] Steps: 720 | Reward:   37.74 | Battery:  78.77% | Loss: 
Placing Sensors
[Episode 528/1000] Steps: 720 | Reward:   35.99 | Battery:  79.00% | Loss: 
Placing Sensors
[Episode 529/1000] Steps: 720 | Reward:   36.50 | Battery:  78.73% | Loss: 
Placing Sensors
[Episode 530/1000] Steps: 720 | Reward:   40.67 | Battery:  79.15% | Loss: 9.9019
Placing Sensors
[Episode 531/1000] Steps: 720 | Reward:   42.72 | Battery:  78.70% | Loss: 
Placing Sensors
[Episode 532/1000] Steps: 720 | Reward:   46.26 | Battery:  78.81% | Loss: 
Placing Sensors
[Episode 533/1000] Steps: 720 | Reward:   37.65 | Battery:  79.01% | Loss: 
Placing Sensors
[Episode 534/1000] Steps: 720 | Reward:   39.21 | Battery:  78.93% | Loss: 
Placing Sensors
[Episode 535/1000] Steps: 720 | Reward:   43.28 | Battery:  79.02% | Loss: 7.4036
Placing Sensors
[Episode 536/1000] Steps: 720 | Reward:   34.74 | Battery:  78.98% | Loss: 
Placing Sensors
[Episode 537/1000] Steps: 720 | Reward:   35.80 | Battery:  78.91% | Loss: 
Placing Sensors
[Episode 538/1000] Steps: 720 | Reward:   38.81 | Battery:  78.98% | Loss: 
Placing Sensors
[Episode 539/1000] Steps: 720 | Reward:   40.42 | Battery:  78.93% | Loss: 
Placing Sensors
[Episode 540/1000] Steps: 720 | Reward:   39.24 | Battery:  79.07% | Loss: 9.5831
Placing Sensors
[Episode 541/1000] Steps: 720 | Reward:   42.29 | Battery:  79.05% | Loss: 
Placing Sensors
[Episode 542/1000] Steps: 720 | Reward:   42.16 | Battery:  79.07% | Loss: 
Placing Sensors
[Episode 543/1000] Steps: 720 | Reward:   42.02 | Battery:  79.03% | Loss: 
Placing Sensors
[Episode 544/1000] Steps: 720 | Reward:   42.93 | Battery:  78.72% | Loss: 
Placing Sensors
[Episode 545/1000] Steps: 720 | Reward:   36.05 | Battery:  78.79% | Loss: 13.0211
Placing Sensors
[Episode 546/1000] Steps: 720 | Reward:   49.20 | Battery:  78.93% | Loss: 
Placing Sensors
[Episode 547/1000] Steps: 720 | Reward:   39.25 | Battery:  78.89% | Loss: 
Placing Sensors
[Episode 548/1000] Steps: 720 | Reward:   41.28 | Battery:  79.04% | Loss: 
Placing Sensors
[Episode 549/1000] Steps: 720 | Reward:   40.08 | Battery:  78.93% | Loss: 
Placing Sensors
[Episode 550/1000] Steps: 720 | Reward:   39.86 | Battery:  78.91% | Loss: 10.0751
Placing Sensors
[Episode 551/1000] Steps: 720 | Reward:   41.35 | Battery:  78.85% | Loss: 
Placing Sensors
[Episode 552/1000] Steps: 720 | Reward:   43.78 | Battery:  78.96% | Loss: 
Placing Sensors
[Episode 553/1000] Steps: 720 | Reward:   41.25 | Battery:  78.86% | Loss: 
Placing Sensors
[Episode 554/1000] Steps: 720 | Reward:   46.29 | Battery:  79.03% | Loss: 
Placing Sensors
[Episode 555/1000] Steps: 720 | Reward:   35.88 | Battery:  79.00% | Loss: 10.1369
Placing Sensors
[Episode 556/1000] Steps: 720 | Reward:   36.59 | Battery:  78.93% | Loss: 
Placing Sensors
[Episode 557/1000] Steps: 720 | Reward:   39.68 | Battery:  78.82% | Loss: 
Placing Sensors
[Episode 558/1000] Steps: 720 | Reward:   41.05 | Battery:  78.93% | Loss: 
Placing Sensors
[Episode 559/1000] Steps: 720 | Reward:   39.29 | Battery:  78.97% | Loss: 
Placing Sensors
[Episode 560/1000] Steps: 720 | Reward:   40.71 | Battery:  78.82% | Loss: 9.4244
Placing Sensors
[Episode 561/1000] Steps: 720 | Reward:   36.23 | Battery:  78.73% | Loss: 
Placing Sensors
[Episode 562/1000] Steps: 720 | Reward:   38.97 | Battery:  78.96% | Loss: 
Placing Sensors
[Episode 563/1000] Steps: 720 | Reward:   45.85 | Battery:  78.91% | Loss: 
Placing Sensors
[Episode 564/1000] Steps: 720 | Reward:   38.51 | Battery:  78.97% | Loss: 
Placing Sensors
[Episode 565/1000] Steps: 720 | Reward:   40.46 | Battery:  78.95% | Loss: 9.5618
Placing Sensors
[Episode 566/1000] Steps: 720 | Reward:   38.16 | Battery:  79.02% | Loss: 
Placing Sensors
[Episode 567/1000] Steps: 720 | Reward:   42.63 | Battery:  79.07% | Loss: 
Placing Sensors
[Episode 568/1000] Steps: 720 | Reward:   33.08 | Battery:  78.75% | Loss: 
Placing Sensors
[Episode 569/1000] Steps: 720 | Reward:   37.04 | Battery:  78.86% | Loss: 
Placing Sensors
[Episode 570/1000] Steps: 720 | Reward:   41.69 | Battery:  78.73% | Loss: 11.9958
Placing Sensors
[Episode 571/1000] Steps: 720 | Reward:   42.98 | Battery:  79.05% | Loss: 
Placing Sensors
[Episode 572/1000] Steps: 720 | Reward:   38.48 | Battery:  78.78% | Loss: 
Placing Sensors
[Episode 573/1000] Steps: 720 | Reward:   41.51 | Battery:  78.95% | Loss: 
Placing Sensors
[Episode 574/1000] Steps: 720 | Reward:   41.40 | Battery:  78.74% | Loss: 
Placing Sensors
[Episode 575/1000] Steps: 720 | Reward:   37.89 | Battery:  78.92% | Loss: 11.0026
Placing Sensors
[Episode 576/1000] Steps: 720 | Reward:   35.72 | Battery:  78.76% | Loss: 
Placing Sensors
[Episode 577/1000] Steps: 720 | Reward:   35.66 | Battery:  78.69% | Loss: 
Placing Sensors
[Episode 578/1000] Steps: 720 | Reward:   40.50 | Battery:  79.08% | Loss: 
Placing Sensors
[Episode 579/1000] Steps: 720 | Reward:   35.05 | Battery:  78.92% | Loss: 
Placing Sensors
[Episode 580/1000] Steps: 720 | Reward:   43.57 | Battery:  78.77% | Loss: 8.4579
Placing Sensors
[Episode 581/1000] Steps: 720 | Reward:   45.78 | Battery:  78.68% | Loss: 
Placing Sensors
[Episode 582/1000] Steps: 720 | Reward:   44.30 | Battery:  78.70% | Loss: 
Placing Sensors
[Episode 583/1000] Steps: 720 | Reward:   37.78 | Battery:  78.84% | Loss: 
Placing Sensors
[Episode 584/1000] Steps: 720 | Reward:   40.49 | Battery:  78.90% | Loss: 
Placing Sensors
[Episode 585/1000] Steps: 720 | Reward:   45.54 | Battery:  79.03% | Loss: 11.5797
Placing Sensors
[Episode 586/1000] Steps: 720 | Reward:   41.18 | Battery:  79.01% | Loss: 
Placing Sensors
[Episode 587/1000] Steps: 720 | Reward:   36.38 | Battery:  79.04% | Loss: 
Placing Sensors
[Episode 588/1000] Steps: 720 | Reward:   47.96 | Battery:  78.72% | Loss: 
Placing Sensors
[Episode 589/1000] Steps: 720 | Reward:   48.09 | Battery:  78.95% | Loss: 
Placing Sensors
[Episode 590/1000] Steps: 720 | Reward:   38.24 | Battery:  78.96% | Loss: 11.3147
Placing Sensors
[Episode 591/1000] Steps: 720 | Reward:   35.39 | Battery:  78.82% | Loss: 
Placing Sensors
[Episode 592/1000] Steps: 720 | Reward:   41.61 | Battery:  79.04% | Loss: 
Placing Sensors
[Episode 593/1000] Steps: 720 | Reward:   37.57 | Battery:  79.08% | Loss: 
Placing Sensors
[Episode 594/1000] Steps: 720 | Reward:   41.12 | Battery:  78.93% | Loss: 
Placing Sensors
[Episode 595/1000] Steps: 720 | Reward:   36.69 | Battery:  79.12% | Loss: 9.1686
Placing Sensors
[Episode 596/1000] Steps: 720 | Reward:   48.43 | Battery:  78.99% | Loss: 
Placing Sensors
[Episode 597/1000] Steps: 720 | Reward:   34.98 | Battery:  79.00% | Loss: 
Placing Sensors
[Episode 598/1000] Steps: 720 | Reward:   38.77 | Battery:  78.89% | Loss: 
Placing Sensors
[Episode 599/1000] Steps: 720 | Reward:   41.88 | Battery:  79.06% | Loss: 
Placing Sensors
[Episode 600/1000] Steps: 720 | Reward:   40.22 | Battery:  79.01% | Loss: 8.4330
Placing Sensors
[Episode 601/1000] Steps: 720 | Reward:   41.99 | Battery:  79.08% | Loss: 
Placing Sensors
[Episode 602/1000] Steps: 720 | Reward:   41.47 | Battery:  78.81% | Loss: 
Placing Sensors
[Episode 603/1000] Steps: 720 | Reward:   39.43 | Battery:  79.11% | Loss: 
Placing Sensors
[Episode 604/1000] Steps: 720 | Reward:   45.49 | Battery:  79.02% | Loss: 
Placing Sensors
[Episode 605/1000] Steps: 720 | Reward:   41.90 | Battery:  79.02% | Loss: 9.9516
Placing Sensors
[Episode 606/1000] Steps: 720 | Reward:   37.22 | Battery:  78.99% | Loss: 
Placing Sensors
[Episode 607/1000] Steps: 720 | Reward:   42.85 | Battery:  79.06% | Loss: 
Placing Sensors
[Episode 608/1000] Steps: 720 | Reward:   49.24 | Battery:  78.60% | Loss: 
Placing Sensors
[Episode 609/1000] Steps: 720 | Reward:   41.52 | Battery:  79.07% | Loss: 
Placing Sensors
[Episode 610/1000] Steps: 720 | Reward:   44.96 | Battery:  79.00% | Loss: 9.1673
Placing Sensors
[Episode 611/1000] Steps: 720 | Reward:   33.56 | Battery:  78.93% | Loss: 
Placing Sensors
[Episode 612/1000] Steps: 720 | Reward:   42.11 | Battery:  79.00% | Loss: 
Placing Sensors
[Episode 613/1000] Steps: 720 | Reward:   40.00 | Battery:  78.90% | Loss: 
Placing Sensors
[Episode 614/1000] Steps: 720 | Reward:   36.51 | Battery:  78.98% | Loss: 
Placing Sensors
[Episode 615/1000] Steps: 720 | Reward:   38.41 | Battery:  79.02% | Loss: 8.3799
Placing Sensors
[Episode 616/1000] Steps: 720 | Reward:   40.27 | Battery:  79.05% | Loss: 
Placing Sensors
[Episode 617/1000] Steps: 720 | Reward:   36.61 | Battery:  78.90% | Loss: 
Placing Sensors
[Episode 618/1000] Steps: 720 | Reward:   38.85 | Battery:  78.59% | Loss: 
Placing Sensors
[Episode 619/1000] Steps: 720 | Reward:   39.56 | Battery:  78.90% | Loss: 
Placing Sensors
[Episode 620/1000] Steps: 720 | Reward:   45.13 | Battery:  78.93% | Loss: 10.2224
Placing Sensors
[Episode 621/1000] Steps: 720 | Reward:   40.20 | Battery:  79.00% | Loss: 
Placing Sensors
[Episode 622/1000] Steps: 720 | Reward:   38.08 | Battery:  79.01% | Loss: 
Placing Sensors
[Episode 623/1000] Steps: 720 | Reward:   47.89 | Battery:  78.79% | Loss: 
Placing Sensors
[Episode 624/1000] Steps: 720 | Reward:   36.58 | Battery:  78.87% | Loss: 
Placing Sensors
[Episode 625/1000] Steps: 720 | Reward:   37.41 | Battery:  78.87% | Loss: 9.8789
Placing Sensors
[Episode 626/1000] Steps: 720 | Reward:   33.89 | Battery:  78.65% | Loss: 
Placing Sensors
[Episode 627/1000] Steps: 720 | Reward:   33.89 | Battery:  78.69% | Loss: 
Placing Sensors
[Episode 628/1000] Steps: 720 | Reward:   44.10 | Battery:  78.95% | Loss: 
Placing Sensors
[Episode 629/1000] Steps: 720 | Reward:   34.04 | Battery:  79.04% | Loss: 
Placing Sensors
[Episode 630/1000] Steps: 720 | Reward:   40.23 | Battery:  78.94% | Loss: 12.5361
Placing Sensors
[Episode 631/1000] Steps: 720 | Reward:   41.68 | Battery:  78.83% | Loss: 
Placing Sensors
[Episode 632/1000] Steps: 720 | Reward:   37.14 | Battery:  78.94% | Loss: 
Placing Sensors
[Episode 633/1000] Steps: 720 | Reward:   36.75 | Battery:  78.93% | Loss: 
Placing Sensors
[Episode 634/1000] Steps: 720 | Reward:   38.95 | Battery:  78.90% | Loss: 
Placing Sensors
[Episode 635/1000] Steps: 720 | Reward:   43.38 | Battery:  78.92% | Loss: 12.4832
Placing Sensors
[Episode 636/1000] Steps: 720 | Reward:   34.67 | Battery:  78.93% | Loss: 
Placing Sensors
[Episode 637/1000] Steps: 720 | Reward:   37.68 | Battery:  78.96% | Loss: 
Placing Sensors
[Episode 638/1000] Steps: 720 | Reward:   40.66 | Battery:  78.93% | Loss: 
Placing Sensors
[Episode 639/1000] Steps: 720 | Reward:   36.94 | Battery:  78.88% | Loss: 
Placing Sensors
[Episode 640/1000] Steps: 720 | Reward:   46.32 | Battery:  78.99% | Loss: 13.0271
Placing Sensors
[Episode 641/1000] Steps: 720 | Reward:   38.49 | Battery:  78.93% | Loss: 
Placing Sensors
[Episode 642/1000] Steps: 720 | Reward:   46.94 | Battery:  78.87% | Loss: 
Placing Sensors
[Episode 643/1000] Steps: 720 | Reward:   34.43 | Battery:  78.90% | Loss: 
Placing Sensors
[Episode 644/1000] Steps: 720 | Reward:   41.79 | Battery:  78.94% | Loss: 
Placing Sensors
[Episode 645/1000] Steps: 720 | Reward:   35.75 | Battery:  78.82% | Loss: 10.9357
Placing Sensors
[Episode 646/1000] Steps: 720 | Reward:   36.10 | Battery:  78.76% | Loss: 
Placing Sensors
[Episode 647/1000] Steps: 720 | Reward:   38.15 | Battery:  79.02% | Loss: 
Placing Sensors
[Episode 648/1000] Steps: 720 | Reward:   43.26 | Battery:  78.94% | Loss: 
Placing Sensors
[Episode 649/1000] Steps: 720 | Reward:   42.77 | Battery:  78.91% | Loss: 
Placing Sensors
[Episode 650/1000] Steps: 720 | Reward:   46.54 | Battery:  79.03% | Loss: 10.9337
Placing Sensors
[Episode 651/1000] Steps: 720 | Reward:   34.44 | Battery:  78.71% | Loss: 
Placing Sensors
[Episode 652/1000] Steps: 720 | Reward:   43.91 | Battery:  79.01% | Loss: 
Placing Sensors
[Episode 653/1000] Steps: 720 | Reward:   44.26 | Battery:  79.01% | Loss: 
Placing Sensors
[Episode 654/1000] Steps: 720 | Reward:   39.32 | Battery:  78.99% | Loss: 
Placing Sensors
[Episode 655/1000] Steps: 720 | Reward:   40.45 | Battery:  79.12% | Loss: 9.4013
Placing Sensors
[Episode 656/1000] Steps: 720 | Reward:   40.02 | Battery:  78.75% | Loss: 
Placing Sensors
[Episode 657/1000] Steps: 720 | Reward:   47.83 | Battery:  78.97% | Loss: 
Placing Sensors
[Episode 658/1000] Steps: 720 | Reward:   45.80 | Battery:  78.97% | Loss: 
Placing Sensors
[Episode 659/1000] Steps: 720 | Reward:   46.17 | Battery:  78.64% | Loss: 
Placing Sensors
[Episode 660/1000] Steps: 720 | Reward:   33.88 | Battery:  79.04% | Loss: 9.0242
Placing Sensors
[Episode 661/1000] Steps: 720 | Reward:   38.47 | Battery:  78.73% | Loss: 
Placing Sensors
[Episode 662/1000] Steps: 720 | Reward:   40.66 | Battery:  79.06% | Loss: 
Placing Sensors
[Episode 663/1000] Steps: 720 | Reward:   41.27 | Battery:  78.94% | Loss: 
Placing Sensors
[Episode 664/1000] Steps: 720 | Reward:   40.51 | Battery:  79.06% | Loss: 
Placing Sensors
[Episode 665/1000] Steps: 720 | Reward:   42.01 | Battery:  78.59% | Loss: 12.2981
Placing Sensors
[Episode 666/1000] Steps: 720 | Reward:   35.17 | Battery:  78.99% | Loss: 
Placing Sensors
[Episode 667/1000] Steps: 720 | Reward:   35.96 | Battery:  79.05% | Loss: 
Placing Sensors
[Episode 668/1000] Steps: 720 | Reward:   37.97 | Battery:  78.97% | Loss: 
Placing Sensors
[Episode 669/1000] Steps: 720 | Reward:   43.66 | Battery:  78.88% | Loss: 
Placing Sensors
[Episode 670/1000] Steps: 720 | Reward:   46.91 | Battery:  78.80% | Loss: 11.3537
Placing Sensors
[Episode 671/1000] Steps: 720 | Reward:   40.15 | Battery:  78.84% | Loss: 
Placing Sensors
[Episode 672/1000] Steps: 720 | Reward:   42.96 | Battery:  79.06% | Loss: 
Placing Sensors
[Episode 673/1000] Steps: 720 | Reward:   39.82 | Battery:  78.88% | Loss: 
Placing Sensors
[Episode 674/1000] Steps: 720 | Reward:   43.56 | Battery:  78.62% | Loss: 
Placing Sensors
[Episode 675/1000] Steps: 720 | Reward:   41.36 | Battery:  79.02% | Loss: 9.1965
Placing Sensors
[Episode 676/1000] Steps: 720 | Reward:   40.30 | Battery:  78.99% | Loss: 
Placing Sensors
[Episode 677/1000] Steps: 720 | Reward:   48.25 | Battery:  78.96% | Loss: 
Placing Sensors
[Episode 678/1000] Steps: 720 | Reward:   42.50 | Battery:  78.95% | Loss: 
Placing Sensors
[Episode 679/1000] Steps: 720 | Reward:   36.82 | Battery:  79.03% | Loss: 
Placing Sensors
[Episode 680/1000] Steps: 720 | Reward:   45.76 | Battery:  78.94% | Loss: 8.9845
Placing Sensors
[Episode 681/1000] Steps: 720 | Reward:   34.83 | Battery:  78.87% | Loss: 
Placing Sensors
[Episode 682/1000] Steps: 720 | Reward:   38.13 | Battery:  78.81% | Loss: 
Placing Sensors
[Episode 683/1000] Steps: 720 | Reward:   41.04 | Battery:  79.04% | Loss: 
Placing Sensors
[Episode 684/1000] Steps: 720 | Reward:   44.82 | Battery:  79.13% | Loss: 
Placing Sensors
[Episode 685/1000] Steps: 720 | Reward:   44.07 | Battery:  78.72% | Loss: 12.3731
Placing Sensors
[Episode 686/1000] Steps: 720 | Reward:   36.72 | Battery:  78.97% | Loss: 
Placing Sensors
[Episode 687/1000] Steps: 720 | Reward:   41.78 | Battery:  78.95% | Loss: 
Placing Sensors
[Episode 688/1000] Steps: 720 | Reward:   36.28 | Battery:  78.65% | Loss: 
Placing Sensors
[Episode 689/1000] Steps: 720 | Reward:   35.73 | Battery:  78.88% | Loss: 
Placing Sensors
[Episode 690/1000] Steps: 720 | Reward:   44.14 | Battery:  78.97% | Loss: 11.0619
Placing Sensors
[Episode 691/1000] Steps: 720 | Reward:   38.60 | Battery:  78.71% | Loss: 
Placing Sensors
[Episode 692/1000] Steps: 720 | Reward:   40.28 | Battery:  78.93% | Loss: 
Placing Sensors
[Episode 693/1000] Steps: 720 | Reward:   42.27 | Battery:  79.03% | Loss: 
Placing Sensors
[Episode 694/1000] Steps: 720 | Reward:   43.46 | Battery:  79.04% | Loss: 
Placing Sensors
[Episode 695/1000] Steps: 720 | Reward:   43.94 | Battery:  78.97% | Loss: 12.7068
Placing Sensors
[Episode 696/1000] Steps: 720 | Reward:   36.25 | Battery:  78.82% | Loss: 
Placing Sensors
[Episode 697/1000] Steps: 720 | Reward:   39.75 | Battery:  78.68% | Loss: 
Placing Sensors
[Episode 698/1000] Steps: 720 | Reward:   33.44 | Battery:  78.58% | Loss: 
Placing Sensors
[Episode 699/1000] Steps: 720 | Reward:   43.62 | Battery:  78.94% | Loss: 
Placing Sensors
[Episode 700/1000] Steps: 720 | Reward:   38.50 | Battery:  78.96% | Loss: 10.9132
Placing Sensors
[Episode 701/1000] Steps: 720 | Reward:   41.47 | Battery:  78.98% | Loss: 
Placing Sensors
[Episode 702/1000] Steps: 720 | Reward:   33.06 | Battery:  78.94% | Loss: 
Placing Sensors
[Episode 703/1000] Steps: 720 | Reward:   35.00 | Battery:  79.06% | Loss: 
Placing Sensors
[Episode 704/1000] Steps: 720 | Reward:   38.63 | Battery:  78.89% | Loss: 
Placing Sensors
[Episode 705/1000] Steps: 720 | Reward:   42.47 | Battery:  78.68% | Loss: 10.7854
Placing Sensors
[Episode 706/1000] Steps: 720 | Reward:   50.35 | Battery:  78.91% | Loss: 
Placing Sensors
[Episode 707/1000] Steps: 720 | Reward:   45.23 | Battery:  79.09% | Loss: 
Placing Sensors
[Episode 708/1000] Steps: 720 | Reward:   35.95 | Battery:  78.79% | Loss: 
Placing Sensors
[Episode 709/1000] Steps: 720 | Reward:   36.50 | Battery:  79.01% | Loss: 
Placing Sensors
[Episode 710/1000] Steps: 720 | Reward:   36.36 | Battery:  78.91% | Loss: 11.5905
Placing Sensors
[Episode 711/1000] Steps: 720 | Reward:   43.25 | Battery:  78.95% | Loss: 
Placing Sensors
[Episode 712/1000] Steps: 720 | Reward:   40.90 | Battery:  78.95% | Loss: 
Placing Sensors
[Episode 713/1000] Steps: 720 | Reward:   44.13 | Battery:  78.94% | Loss: 
Placing Sensors
[Episode 714/1000] Steps: 720 | Reward:   40.46 | Battery:  79.00% | Loss: 
Placing Sensors
[Episode 715/1000] Steps: 720 | Reward:   37.38 | Battery:  78.96% | Loss: 8.1989
Placing Sensors
[Episode 716/1000] Steps: 720 | Reward:   45.48 | Battery:  78.87% | Loss: 
Placing Sensors
[Episode 717/1000] Steps: 720 | Reward:   36.40 | Battery:  79.01% | Loss: 
Placing Sensors
[Episode 718/1000] Steps: 720 | Reward:   50.96 | Battery:  78.91% | Loss: 
Placing Sensors
[Episode 719/1000] Steps: 720 | Reward:   47.71 | Battery:  78.95% | Loss: 
Placing Sensors
[Episode 720/1000] Steps: 720 | Reward:   48.96 | Battery:  78.70% | Loss: 9.9997
Placing Sensors
[Episode 721/1000] Steps: 720 | Reward:   38.81 | Battery:  78.96% | Loss: 
Placing Sensors
[Episode 722/1000] Steps: 720 | Reward:   36.66 | Battery:  78.97% | Loss: 
Placing Sensors
[Episode 723/1000] Steps: 720 | Reward:   39.00 | Battery:  78.87% | Loss: 
Placing Sensors
[Episode 724/1000] Steps: 720 | Reward:   44.06 | Battery:  78.99% | Loss: 
Placing Sensors
[Episode 725/1000] Steps: 720 | Reward:   43.02 | Battery:  78.75% | Loss: 11.0615
Placing Sensors
[Episode 726/1000] Steps: 720 | Reward:   38.98 | Battery:  79.00% | Loss: 
Placing Sensors
[Episode 727/1000] Steps: 720 | Reward:   34.96 | Battery:  78.99% | Loss: 
Placing Sensors
[Episode 728/1000] Steps: 720 | Reward:   41.22 | Battery:  78.73% | Loss: 
Placing Sensors
[Episode 729/1000] Steps: 720 | Reward:   47.15 | Battery:  78.72% | Loss: 
Placing Sensors
[Episode 730/1000] Steps: 720 | Reward:   40.94 | Battery:  78.67% | Loss: 11.8122
Placing Sensors
[Episode 731/1000] Steps: 720 | Reward:   40.18 | Battery:  78.94% | Loss: 
Placing Sensors
[Episode 732/1000] Steps: 720 | Reward:   41.95 | Battery:  79.02% | Loss: 
Placing Sensors
[Episode 733/1000] Steps: 720 | Reward:   40.98 | Battery:  78.92% | Loss: 
Placing Sensors
[Episode 734/1000] Steps: 720 | Reward:   40.58 | Battery:  78.73% | Loss: 
Placing Sensors
[Episode 735/1000] Steps: 720 | Reward:   43.40 | Battery:  79.03% | Loss: 10.6498
Placing Sensors
[Episode 736/1000] Steps: 720 | Reward:   41.42 | Battery:  79.03% | Loss: 
Placing Sensors
[Episode 737/1000] Steps: 720 | Reward:   41.81 | Battery:  78.79% | Loss: 
Placing Sensors
[Episode 738/1000] Steps: 720 | Reward:   38.38 | Battery:  79.06% | Loss: 
Placing Sensors
[Episode 739/1000] Steps: 720 | Reward:   41.48 | Battery:  78.96% | Loss: 
Placing Sensors
[Episode 740/1000] Steps: 720 | Reward:   37.98 | Battery:  79.08% | Loss: 12.1577
Placing Sensors
[Episode 741/1000] Steps: 720 | Reward:   40.02 | Battery:  78.99% | Loss: 
Placing Sensors
[Episode 742/1000] Steps: 720 | Reward:   43.29 | Battery:  78.91% | Loss: 
Placing Sensors
[Episode 743/1000] Steps: 720 | Reward:   35.47 | Battery:  78.96% | Loss: 
Placing Sensors
[Episode 744/1000] Steps: 720 | Reward:   38.79 | Battery:  78.99% | Loss: 
Placing Sensors
[Episode 745/1000] Steps: 720 | Reward:   43.79 | Battery:  79.03% | Loss: 11.4241
Placing Sensors
[Episode 746/1000] Steps: 720 | Reward:   42.31 | Battery:  79.04% | Loss: 
Placing Sensors
[Episode 747/1000] Steps: 720 | Reward:   51.75 | Battery:  79.05% | Loss: 
Placing Sensors
[Episode 748/1000] Steps: 720 | Reward:   38.75 | Battery:  78.97% | Loss: 
Placing Sensors
[Episode 749/1000] Steps: 720 | Reward:   37.56 | Battery:  78.86% | Loss: 
Placing Sensors
[Episode 750/1000] Steps: 720 | Reward:   38.68 | Battery:  78.62% | Loss: 13.2488
Placing Sensors
[Episode 751/1000] Steps: 720 | Reward:   44.89 | Battery:  78.98% | Loss: 
Placing Sensors
[Episode 752/1000] Steps: 720 | Reward:   45.84 | Battery:  78.93% | Loss: 
Placing Sensors
[Episode 753/1000] Steps: 720 | Reward:   39.09 | Battery:  78.83% | Loss: 
Placing Sensors
[Episode 754/1000] Steps: 720 | Reward:   33.64 | Battery:  78.87% | Loss: 
Placing Sensors
[Episode 755/1000] Steps: 720 | Reward:   45.72 | Battery:  78.83% | Loss: 10.5593
Placing Sensors
[Episode 756/1000] Steps: 720 | Reward:   47.26 | Battery:  78.88% | Loss: 
Placing Sensors
[Episode 757/1000] Steps: 720 | Reward:   45.59 | Battery:  79.03% | Loss: 
Placing Sensors
[Episode 758/1000] Steps: 720 | Reward:   38.52 | Battery:  78.88% | Loss: 
Placing Sensors
[Episode 759/1000] Steps: 720 | Reward:   37.08 | Battery:  78.75% | Loss: 
Placing Sensors
[Episode 760/1000] Steps: 720 | Reward:   39.29 | Battery:  79.01% | Loss: 9.6020
Placing Sensors
[Episode 761/1000] Steps: 720 | Reward:   39.11 | Battery:  79.02% | Loss: 
Placing Sensors
[Episode 762/1000] Steps: 720 | Reward:   39.52 | Battery:  78.75% | Loss: 
Placing Sensors
[Episode 763/1000] Steps: 720 | Reward:   34.78 | Battery:  78.71% | Loss: 
Placing Sensors
[Episode 764/1000] Steps: 720 | Reward:   35.82 | Battery:  79.07% | Loss: 
Placing Sensors
[Episode 765/1000] Steps: 720 | Reward:   36.47 | Battery:  78.96% | Loss: 9.4455
Placing Sensors
[Episode 766/1000] Steps: 720 | Reward:   34.64 | Battery:  78.84% | Loss: 
Placing Sensors
[Episode 767/1000] Steps: 720 | Reward:   45.88 | Battery:  79.04% | Loss: 
Placing Sensors
[Episode 768/1000] Steps: 720 | Reward:   40.11 | Battery:  78.98% | Loss: 
Placing Sensors
[Episode 769/1000] Steps: 720 | Reward:   40.76 | Battery:  78.69% | Loss: 
Placing Sensors
[Episode 770/1000] Steps: 720 | Reward:   44.08 | Battery:  78.90% | Loss: 12.2273
Placing Sensors
[Episode 771/1000] Steps: 720 | Reward:   52.41 | Battery:  78.63% | Loss: 
Placing Sensors
[Episode 772/1000] Steps: 720 | Reward:   46.40 | Battery:  78.97% | Loss: 
Placing Sensors
[Episode 773/1000] Steps: 720 | Reward:   38.86 | Battery:  78.73% | Loss: 
Placing Sensors
[Episode 774/1000] Steps: 720 | Reward:   48.95 | Battery:  78.79% | Loss: 
Placing Sensors
[Episode 775/1000] Steps: 720 | Reward:   44.77 | Battery:  78.96% | Loss: 9.9126
Placing Sensors
[Episode 776/1000] Steps: 720 | Reward:   34.51 | Battery:  78.74% | Loss: 
Placing Sensors
[Episode 777/1000] Steps: 720 | Reward:   39.28 | Battery:  79.02% | Loss: 
Placing Sensors
[Episode 778/1000] Steps: 720 | Reward:   36.23 | Battery:  78.92% | Loss: 
Placing Sensors
[Episode 779/1000] Steps: 720 | Reward:   37.39 | Battery:  79.04% | Loss: 
Placing Sensors
[Episode 780/1000] Steps: 720 | Reward:   38.39 | Battery:  78.88% | Loss: 9.5924
Placing Sensors
[Episode 781/1000] Steps: 720 | Reward:   40.41 | Battery:  78.94% | Loss: 
Placing Sensors
[Episode 782/1000] Steps: 720 | Reward:   37.31 | Battery:  78.60% | Loss: 
Placing Sensors
[Episode 783/1000] Steps: 720 | Reward:   39.09 | Battery:  78.99% | Loss: 
Placing Sensors
[Episode 784/1000] Steps: 720 | Reward:   39.79 | Battery:  78.69% | Loss: 
Placing Sensors
[Episode 785/1000] Steps: 720 | Reward:   36.55 | Battery:  79.07% | Loss: 8.7800
Placing Sensors
[Episode 786/1000] Steps: 720 | Reward:   35.16 | Battery:  78.78% | Loss: 
Placing Sensors
[Episode 787/1000] Steps: 720 | Reward:   38.49 | Battery:  78.97% | Loss: 
Placing Sensors
[Episode 788/1000] Steps: 720 | Reward:   41.99 | Battery:  78.83% | Loss: 
Placing Sensors
[Episode 789/1000] Steps: 720 | Reward:   39.09 | Battery:  79.02% | Loss: 
Placing Sensors
[Episode 790/1000] Steps: 720 | Reward:   48.49 | Battery:  78.78% | Loss: 10.4702
Placing Sensors
[Episode 791/1000] Steps: 720 | Reward:   40.30 | Battery:  78.75% | Loss: 
Placing Sensors
[Episode 792/1000] Steps: 720 | Reward:   35.38 | Battery:  78.67% | Loss: 
Placing Sensors
[Episode 793/1000] Steps: 720 | Reward:   46.76 | Battery:  78.99% | Loss: 
Placing Sensors
[Episode 794/1000] Steps: 720 | Reward:   37.19 | Battery:  79.11% | Loss: 
Placing Sensors
[Episode 795/1000] Steps: 720 | Reward:   41.94 | Battery:  78.57% | Loss: 11.3315
Placing Sensors
[Episode 796/1000] Steps: 720 | Reward:   31.38 | Battery:  78.74% | Loss: 
Placing Sensors
[Episode 797/1000] Steps: 720 | Reward:   39.34 | Battery:  78.98% | Loss: 
Placing Sensors
[Episode 798/1000] Steps: 720 | Reward:   38.93 | Battery:  78.91% | Loss: 
Placing Sensors
[Episode 799/1000] Steps: 720 | Reward:   50.20 | Battery:  79.05% | Loss: 
Placing Sensors
[Episode 800/1000] Steps: 720 | Reward:   39.15 | Battery:  79.07% | Loss: 11.0188
Placing Sensors
[Episode 801/1000] Steps: 720 | Reward:   40.92 | Battery:  79.01% | Loss: 
Placing Sensors
[Episode 802/1000] Steps: 720 | Reward:   45.04 | Battery:  78.97% | Loss: 
Placing Sensors
[Episode 803/1000] Steps: 720 | Reward:   43.77 | Battery:  78.79% | Loss: 
Placing Sensors
[Episode 804/1000] Steps: 720 | Reward:   45.24 | Battery:  79.00% | Loss: 
Placing Sensors
[Episode 805/1000] Steps: 720 | Reward:   37.58 | Battery:  79.04% | Loss: 8.4470
Placing Sensors
[Episode 806/1000] Steps: 720 | Reward:   44.82 | Battery:  78.74% | Loss: 
Placing Sensors
[Episode 807/1000] Steps: 720 | Reward:   43.73 | Battery:  78.98% | Loss: 
Placing Sensors
[Episode 808/1000] Steps: 720 | Reward:   42.54 | Battery:  78.93% | Loss: 
Placing Sensors
[Episode 809/1000] Steps: 720 | Reward:   39.01 | Battery:  79.06% | Loss: 
Placing Sensors
[Episode 810/1000] Steps: 720 | Reward:   43.38 | Battery:  78.90% | Loss: 10.0145
Placing Sensors
[Episode 811/1000] Steps: 720 | Reward:   39.48 | Battery:  78.95% | Loss: 
Placing Sensors
[Episode 812/1000] Steps: 720 | Reward:   37.58 | Battery:  79.00% | Loss: 
Placing Sensors
[Episode 813/1000] Steps: 720 | Reward:   33.96 | Battery:  78.96% | Loss: 
Placing Sensors
[Episode 814/1000] Steps: 720 | Reward:   45.38 | Battery:  79.09% | Loss: 
Placing Sensors
[Episode 815/1000] Steps: 720 | Reward:   36.49 | Battery:  78.98% | Loss: 10.3907
Placing Sensors
[Episode 816/1000] Steps: 720 | Reward:   38.01 | Battery:  78.78% | Loss: 
Placing Sensors
[Episode 817/1000] Steps: 720 | Reward:   44.06 | Battery:  78.99% | Loss: 
Placing Sensors
[Episode 818/1000] Steps: 720 | Reward:   44.84 | Battery:  78.83% | Loss: 
Placing Sensors
[Episode 819/1000] Steps: 720 | Reward:   35.80 | Battery:  79.00% | Loss: 
Placing Sensors
[Episode 820/1000] Steps: 720 | Reward:   50.56 | Battery:  78.90% | Loss: 9.0561
Placing Sensors
[Episode 821/1000] Steps: 720 | Reward:   42.20 | Battery:  79.00% | Loss: 
Placing Sensors
[Episode 822/1000] Steps: 720 | Reward:   37.07 | Battery:  78.94% | Loss: 
Placing Sensors
[Episode 823/1000] Steps: 720 | Reward:   42.44 | Battery:  78.88% | Loss: 
Placing Sensors
[Episode 824/1000] Steps: 720 | Reward:   38.48 | Battery:  78.99% | Loss: 
Placing Sensors
[Episode 825/1000] Steps: 720 | Reward:   44.29 | Battery:  78.77% | Loss: 8.8741
Placing Sensors
[Episode 826/1000] Steps: 720 | Reward:   37.00 | Battery:  78.91% | Loss: 
Placing Sensors
[Episode 827/1000] Steps: 720 | Reward:   39.36 | Battery:  79.07% | Loss: 
Placing Sensors
[Episode 828/1000] Steps: 720 | Reward:   33.16 | Battery:  79.10% | Loss: 
Placing Sensors
[Episode 829/1000] Steps: 720 | Reward:   41.15 | Battery:  78.99% | Loss: 
Placing Sensors
[Episode 830/1000] Steps: 720 | Reward:   41.72 | Battery:  78.92% | Loss: 8.0635
Placing Sensors
[Episode 831/1000] Steps: 720 | Reward:   47.38 | Battery:  78.88% | Loss: 
Placing Sensors
[Episode 832/1000] Steps: 720 | Reward:   45.45 | Battery:  78.99% | Loss: 
Placing Sensors
[Episode 833/1000] Steps: 720 | Reward:   44.44 | Battery:  79.01% | Loss: 
Placing Sensors
[Episode 834/1000] Steps: 720 | Reward:   39.86 | Battery:  78.95% | Loss: 
Placing Sensors
[Episode 835/1000] Steps: 720 | Reward:   50.00 | Battery:  78.99% | Loss: 9.4069
Placing Sensors
[Episode 836/1000] Steps: 720 | Reward:   39.48 | Battery:  78.83% | Loss: 
Placing Sensors
[Episode 837/1000] Steps: 720 | Reward:   40.64 | Battery:  78.98% | Loss: 
Placing Sensors
[Episode 838/1000] Steps: 720 | Reward:   34.82 | Battery:  78.92% | Loss: 
Placing Sensors
[Episode 839/1000] Steps: 720 | Reward:   38.39 | Battery:  78.82% | Loss: 
Placing Sensors
[Episode 840/1000] Steps: 720 | Reward:   37.88 | Battery:  79.03% | Loss: 9.5960
Placing Sensors
[Episode 841/1000] Steps: 720 | Reward:   43.17 | Battery:  78.74% | Loss: 
Placing Sensors
[Episode 842/1000] Steps: 720 | Reward:   37.93 | Battery:  78.86% | Loss: 
Placing Sensors
[Episode 843/1000] Steps: 720 | Reward:   47.35 | Battery:  78.87% | Loss: 
Placing Sensors
[Episode 844/1000] Steps: 720 | Reward:   42.96 | Battery:  79.04% | Loss: 
Placing Sensors
[Episode 845/1000] Steps: 720 | Reward:   40.70 | Battery:  78.72% | Loss: 9.5900
Placing Sensors
[Episode 846/1000] Steps: 720 | Reward:   40.61 | Battery:  79.01% | Loss: 
Placing Sensors
[Episode 847/1000] Steps: 720 | Reward:   38.84 | Battery:  79.01% | Loss: 
Placing Sensors
[Episode 848/1000] Steps: 720 | Reward:   39.19 | Battery:  78.97% | Loss: 
Placing Sensors
[Episode 849/1000] Steps: 720 | Reward:   32.62 | Battery:  79.05% | Loss: 
Placing Sensors
[Episode 850/1000] Steps: 720 | Reward:   37.02 | Battery:  78.75% | Loss: 9.4374
Placing Sensors
[Episode 851/1000] Steps: 720 | Reward:   38.21 | Battery:  79.05% | Loss: 
Placing Sensors
[Episode 852/1000] Steps: 720 | Reward:   38.10 | Battery:  78.85% | Loss: 
Placing Sensors
[Episode 853/1000] Steps: 720 | Reward:   47.19 | Battery:  79.00% | Loss: 
Placing Sensors
[Episode 854/1000] Steps: 720 | Reward:   44.57 | Battery:  78.90% | Loss: 
Placing Sensors
[Episode 855/1000] Steps: 720 | Reward:   38.28 | Battery:  79.07% | Loss: 14.0139
Placing Sensors
[Episode 856/1000] Steps: 720 | Reward:   44.69 | Battery:  78.86% | Loss: 
Placing Sensors
[Episode 857/1000] Steps: 720 | Reward:   46.56 | Battery:  79.03% | Loss: 
Placing Sensors
[Episode 858/1000] Steps: 720 | Reward:   38.99 | Battery:  78.97% | Loss: 
Placing Sensors
[Episode 859/1000] Steps: 720 | Reward:   36.72 | Battery:  78.94% | Loss: 
Placing Sensors
[Episode 860/1000] Steps: 720 | Reward:   39.60 | Battery:  78.85% | Loss: 11.2198
Placing Sensors
[Episode 861/1000] Steps: 720 | Reward:   35.82 | Battery:  78.67% | Loss: 
Placing Sensors
[Episode 862/1000] Steps: 720 | Reward:   36.24 | Battery:  78.95% | Loss: 
Placing Sensors
[Episode 863/1000] Steps: 720 | Reward:   39.85 | Battery:  78.99% | Loss: 
Placing Sensors
[Episode 864/1000] Steps: 720 | Reward:   36.47 | Battery:  78.98% | Loss: 
Placing Sensors
[Episode 865/1000] Steps: 720 | Reward:   36.68 | Battery:  79.02% | Loss: 9.8238
Placing Sensors
[Episode 866/1000] Steps: 720 | Reward:   34.31 | Battery:  79.05% | Loss: 
Placing Sensors
[Episode 867/1000] Steps: 720 | Reward:   44.49 | Battery:  79.01% | Loss: 
Placing Sensors
[Episode 868/1000] Steps: 720 | Reward:   43.01 | Battery:  78.79% | Loss: 
Placing Sensors
[Episode 869/1000] Steps: 720 | Reward:   44.39 | Battery:  78.57% | Loss: 
Placing Sensors
[Episode 870/1000] Steps: 720 | Reward:   39.26 | Battery:  78.86% | Loss: 11.4990
Placing Sensors
[Episode 871/1000] Steps: 720 | Reward:   35.45 | Battery:  78.94% | Loss: 
Placing Sensors
[Episode 872/1000] Steps: 720 | Reward:   33.88 | Battery:  78.71% | Loss: 
Placing Sensors
[Episode 873/1000] Steps: 720 | Reward:   38.63 | Battery:  79.05% | Loss: 
Placing Sensors
[Episode 874/1000] Steps: 720 | Reward:   37.93 | Battery:  79.03% | Loss: 
Placing Sensors
[Episode 875/1000] Steps: 720 | Reward:   38.68 | Battery:  78.86% | Loss: 11.8731
Placing Sensors
[Episode 876/1000] Steps: 720 | Reward:   37.56 | Battery:  78.93% | Loss: 
Placing Sensors
[Episode 877/1000] Steps: 720 | Reward:   40.09 | Battery:  78.90% | Loss: 
Placing Sensors
[Episode 878/1000] Steps: 720 | Reward:   46.75 | Battery:  78.79% | Loss: 
Placing Sensors
[Episode 879/1000] Steps: 720 | Reward:   34.96 | Battery:  78.94% | Loss: 
Placing Sensors
[Episode 880/1000] Steps: 720 | Reward:   39.65 | Battery:  78.99% | Loss: 10.2940
Placing Sensors
[Episode 881/1000] Steps: 720 | Reward:   39.04 | Battery:  79.01% | Loss: 
Placing Sensors
[Episode 882/1000] Steps: 720 | Reward:   34.44 | Battery:  79.13% | Loss: 
Placing Sensors
[Episode 883/1000] Steps: 720 | Reward:   37.81 | Battery:  78.89% | Loss: 
Placing Sensors
[Episode 884/1000] Steps: 720 | Reward:   38.72 | Battery:  78.63% | Loss: 
Placing Sensors
[Episode 885/1000] Steps: 720 | Reward:   38.30 | Battery:  78.91% | Loss: 9.2566
Placing Sensors
[Episode 886/1000] Steps: 720 | Reward:   39.82 | Battery:  78.97% | Loss: 
Placing Sensors
[Episode 887/1000] Steps: 720 | Reward:   44.89 | Battery:  78.98% | Loss: 
Placing Sensors
[Episode 888/1000] Steps: 720 | Reward:   32.68 | Battery:  78.93% | Loss: 
Placing Sensors
[Episode 889/1000] Steps: 720 | Reward:   40.09 | Battery:  78.84% | Loss: 
Placing Sensors
[Episode 890/1000] Steps: 720 | Reward:   30.83 | Battery:  78.57% | Loss: 10.3969
Placing Sensors
[Episode 891/1000] Steps: 720 | Reward:   39.58 | Battery:  78.92% | Loss: 
Placing Sensors
[Episode 892/1000] Steps: 720 | Reward:   38.02 | Battery:  79.11% | Loss: 
Placing Sensors
[Episode 893/1000] Steps: 720 | Reward:   36.76 | Battery:  78.97% | Loss: 
Placing Sensors
[Episode 894/1000] Steps: 720 | Reward:   35.94 | Battery:  78.94% | Loss: 
Placing Sensors
[Episode 895/1000] Steps: 720 | Reward:   37.54 | Battery:  78.77% | Loss: 10.6402
Placing Sensors
[Episode 896/1000] Steps: 720 | Reward:   39.54 | Battery:  78.96% | Loss: 
Placing Sensors
[Episode 897/1000] Steps: 720 | Reward:   39.75 | Battery:  78.63% | Loss: 
Placing Sensors
[Episode 898/1000] Steps: 720 | Reward:   41.61 | Battery:  78.89% | Loss: 
Placing Sensors
[Episode 899/1000] Steps: 720 | Reward:   40.31 | Battery:  78.96% | Loss: 
Placing Sensors
[Episode 900/1000] Steps: 720 | Reward:   40.73 | Battery:  78.87% | Loss: 10.8692
Placing Sensors
[Episode 901/1000] Steps: 720 | Reward:   40.68 | Battery:  78.96% | Loss: 
Placing Sensors
[Episode 902/1000] Steps: 720 | Reward:   38.83 | Battery:  78.94% | Loss: 
Placing Sensors
[Episode 903/1000] Steps: 720 | Reward:   39.30 | Battery:  78.94% | Loss: 
Placing Sensors
[Episode 904/1000] Steps: 720 | Reward:   38.20 | Battery:  78.98% | Loss: 
Placing Sensors
[Episode 905/1000] Steps: 720 | Reward:   45.11 | Battery:  78.96% | Loss: 9.0111
Placing Sensors
[Episode 906/1000] Steps: 720 | Reward:   38.50 | Battery:  78.94% | Loss: 
Placing Sensors
[Episode 907/1000] Steps: 720 | Reward:   41.43 | Battery:  78.79% | Loss: 
Placing Sensors
[Episode 908/1000] Steps: 720 | Reward:   36.76 | Battery:  78.86% | Loss: 
Placing Sensors
[Episode 909/1000] Steps: 720 | Reward:   32.94 | Battery:  78.97% | Loss: 
Placing Sensors
[Episode 910/1000] Steps: 720 | Reward:   35.47 | Battery:  78.79% | Loss: 9.1990
Placing Sensors
[Episode 911/1000] Steps: 720 | Reward:   37.42 | Battery:  78.97% | Loss: 
Placing Sensors
[Episode 912/1000] Steps: 720 | Reward:   34.81 | Battery:  78.98% | Loss: 
Placing Sensors
[Episode 913/1000] Steps: 720 | Reward:   43.09 | Battery:  78.99% | Loss: 
Placing Sensors
[Episode 914/1000] Steps: 720 | Reward:   39.20 | Battery:  78.94% | Loss: 
Placing Sensors
[Episode 915/1000] Steps: 720 | Reward:   38.54 | Battery:  78.89% | Loss: 8.6533
Placing Sensors
[Episode 916/1000] Steps: 720 | Reward:   36.86 | Battery:  78.79% | Loss: 
Placing Sensors
[Episode 917/1000] Steps: 720 | Reward:   44.87 | Battery:  78.72% | Loss: 
Placing Sensors
[Episode 918/1000] Steps: 720 | Reward:   40.91 | Battery:  78.87% | Loss: 
Placing Sensors
[Episode 919/1000] Steps: 720 | Reward:   39.69 | Battery:  79.11% | Loss: 
Placing Sensors
[Episode 920/1000] Steps: 720 | Reward:   41.88 | Battery:  79.04% | Loss: 10.1362
Placing Sensors
[Episode 921/1000] Steps: 720 | Reward:   37.48 | Battery:  78.89% | Loss: 
Placing Sensors
[Episode 922/1000] Steps: 720 | Reward:   42.19 | Battery:  79.04% | Loss: 
Placing Sensors
[Episode 923/1000] Steps: 720 | Reward:   34.08 | Battery:  78.80% | Loss: 
Placing Sensors
[Episode 924/1000] Steps: 720 | Reward:   36.74 | Battery:  79.12% | Loss: 
Placing Sensors
[Episode 925/1000] Steps: 720 | Reward:   40.88 | Battery:  78.96% | Loss: 10.6673
Placing Sensors
[Episode 926/1000] Steps: 720 | Reward:   39.58 | Battery:  79.00% | Loss: 
Placing Sensors
[Episode 927/1000] Steps: 720 | Reward:   43.43 | Battery:  79.04% | Loss: 
Placing Sensors
[Episode 928/1000] Steps: 720 | Reward:   40.96 | Battery:  78.93% | Loss: 
Placing Sensors
[Episode 929/1000] Steps: 720 | Reward:   39.69 | Battery:  78.90% | Loss: 
Placing Sensors
[Episode 930/1000] Steps: 720 | Reward:   40.46 | Battery:  78.71% | Loss: 10.1909
Placing Sensors
[Episode 931/1000] Steps: 720 | Reward:   46.49 | Battery:  78.78% | Loss: 
Placing Sensors
[Episode 932/1000] Steps: 720 | Reward:   45.06 | Battery:  78.93% | Loss: 
Placing Sensors
[Episode 933/1000] Steps: 720 | Reward:   36.86 | Battery:  78.98% | Loss: 
Placing Sensors
[Episode 934/1000] Steps: 720 | Reward:   37.98 | Battery:  78.65% | Loss: 
Placing Sensors
[Episode 935/1000] Steps: 720 | Reward:   49.05 | Battery:  78.93% | Loss: 10.0887
Placing Sensors
[Episode 936/1000] Steps: 720 | Reward:   36.73 | Battery:  79.07% | Loss: 
Placing Sensors
[Episode 937/1000] Steps: 720 | Reward:   37.38 | Battery:  78.99% | Loss: 
Placing Sensors
[Episode 938/1000] Steps: 720 | Reward:   47.45 | Battery:  78.77% | Loss: 
Placing Sensors
[Episode 939/1000] Steps: 720 | Reward:   41.87 | Battery:  78.92% | Loss: 
Placing Sensors
[Episode 940/1000] Steps: 720 | Reward:   45.68 | Battery:  78.93% | Loss: 10.7025
Placing Sensors
[Episode 941/1000] Steps: 720 | Reward:   45.08 | Battery:  78.93% | Loss: 
Placing Sensors
[Episode 942/1000] Steps: 720 | Reward:   33.94 | Battery:  78.85% | Loss: 
Placing Sensors
[Episode 943/1000] Steps: 720 | Reward:   43.07 | Battery:  78.94% | Loss: 
Placing Sensors
[Episode 944/1000] Steps: 720 | Reward:   46.32 | Battery:  79.08% | Loss: 
Placing Sensors
[Episode 945/1000] Steps: 720 | Reward:   51.56 | Battery:  79.00% | Loss: 11.0140
Placing Sensors
[Episode 946/1000] Steps: 720 | Reward:   50.01 | Battery:  79.05% | Loss: 
Placing Sensors
[Episode 947/1000] Steps: 720 | Reward:   39.02 | Battery:  78.94% | Loss: 
Placing Sensors
[Episode 948/1000] Steps: 720 | Reward:   38.35 | Battery:  79.01% | Loss: 
Placing Sensors
[Episode 949/1000] Steps: 720 | Reward:   39.53 | Battery:  78.89% | Loss: 
Placing Sensors
[Episode 950/1000] Steps: 720 | Reward:   43.44 | Battery:  78.83% | Loss: 10.7869
Placing Sensors
[Episode 951/1000] Steps: 720 | Reward:   36.01 | Battery:  78.87% | Loss: 
Placing Sensors
[Episode 952/1000] Steps: 720 | Reward:   37.31 | Battery:  79.12% | Loss: 
Placing Sensors
[Episode 953/1000] Steps: 720 | Reward:   44.22 | Battery:  78.64% | Loss: 
Placing Sensors
[Episode 954/1000] Steps: 720 | Reward:   43.78 | Battery:  79.02% | Loss: 
Placing Sensors
[Episode 955/1000] Steps: 720 | Reward:   41.61 | Battery:  78.91% | Loss: 8.8353
Placing Sensors
[Episode 956/1000] Steps: 720 | Reward:   45.02 | Battery:  79.01% | Loss: 
Placing Sensors
[Episode 957/1000] Steps: 720 | Reward:   40.30 | Battery:  78.82% | Loss: 
Placing Sensors
[Episode 958/1000] Steps: 720 | Reward:   47.17 | Battery:  78.96% | Loss: 
Placing Sensors
/home/ece_p/UGV-EH-Maximization/venv/lib/python3.8/site-packages/torch/nn/modules/transformer.py:307: UserWarning: enable_nested_tensor is True, but self.use_nested_tensor is False because encoder_layer.norm_first was True
  warnings.warn(f"enable_nested_tensor is True, but self.use_nested_tensor is False because {why_not_sparsity_fast_path}")
[Episode 959/1000] Steps: 720 | Reward:   36.69 | Battery:  78.99% | Loss: 
Placing Sensors
[Episode 960/1000] Steps: 720 | Reward:   45.51 | Battery:  78.96% | Loss: 9.1571
Placing Sensors
[Episode 961/1000] Steps: 720 | Reward:   33.86 | Battery:  78.90% | Loss: 
Placing Sensors
[Episode 962/1000] Steps: 720 | Reward:   37.15 | Battery:  79.05% | Loss: 
Placing Sensors
[Episode 963/1000] Steps: 720 | Reward:   36.26 | Battery:  78.95% | Loss: 
Placing Sensors
[Episode 964/1000] Steps: 720 | Reward:   38.21 | Battery:  78.99% | Loss: 
Placing Sensors
[Episode 965/1000] Steps: 720 | Reward:   40.49 | Battery:  78.91% | Loss: 8.9303
Placing Sensors
[Episode 966/1000] Steps: 720 | Reward:   41.99 | Battery:  79.06% | Loss: 
Placing Sensors
[Episode 967/1000] Steps: 720 | Reward:   35.97 | Battery:  78.96% | Loss: 
Placing Sensors
[Episode 968/1000] Steps: 720 | Reward:   40.35 | Battery:  78.86% | Loss: 
Placing Sensors
[Episode 969/1000] Steps: 720 | Reward:   37.84 | Battery:  78.84% | Loss: 
Placing Sensors
[Episode 970/1000] Steps: 720 | Reward:   39.30 | Battery:  78.95% | Loss: 8.6020
Placing Sensors
[Episode 971/1000] Steps: 720 | Reward:   36.38 | Battery:  79.00% | Loss: 
Placing Sensors
[Episode 972/1000] Steps: 720 | Reward:   47.69 | Battery:  79.01% | Loss: 
Placing Sensors
[Episode 973/1000] Steps: 720 | Reward:   37.74 | Battery:  78.87% | Loss: 
Placing Sensors
[Episode 974/1000] Steps: 720 | Reward:   42.02 | Battery:  79.09% | Loss: 
Placing Sensors
[Episode 975/1000] Steps: 720 | Reward:   44.59 | Battery:  79.09% | Loss: 12.4414
Placing Sensors
[Episode 976/1000] Steps: 720 | Reward:   35.97 | Battery:  78.73% | Loss: 
Placing Sensors
[Episode 977/1000] Steps: 720 | Reward:   47.26 | Battery:  78.72% | Loss: 
Placing Sensors
[Episode 978/1000] Steps: 720 | Reward:   39.97 | Battery:  78.92% | Loss: 
Placing Sensors
[Episode 979/1000] Steps: 720 | Reward:   34.82 | Battery:  78.62% | Loss: 
Placing Sensors
[Episode 980/1000] Steps: 720 | Reward:   49.76 | Battery:  79.05% | Loss: 10.7217
Placing Sensors
[Episode 981/1000] Steps: 720 | Reward:   42.87 | Battery:  78.87% | Loss: 
Placing Sensors
[Episode 982/1000] Steps: 720 | Reward:   33.73 | Battery:  79.07% | Loss: 
Placing Sensors
[Episode 983/1000] Steps: 720 | Reward:   46.68 | Battery:  78.95% | Loss: 
Placing Sensors
[Episode 984/1000] Steps: 720 | Reward:   43.13 | Battery:  79.05% | Loss: 
Placing Sensors
[Episode 985/1000] Steps: 720 | Reward:   38.36 | Battery:  78.92% | Loss: 11.2887
Placing Sensors
[Episode 986/1000] Steps: 720 | Reward:   44.89 | Battery:  78.95% | Loss: 
Placing Sensors
[Episode 987/1000] Steps: 720 | Reward:   32.12 | Battery:  78.77% | Loss: 
Placing Sensors
[Episode 988/1000] Steps: 720 | Reward:   34.77 | Battery:  78.89% | Loss: 
Placing Sensors
[Episode 989/1000] Steps: 720 | Reward:   46.71 | Battery:  79.00% | Loss: 
Placing Sensors
[Episode 990/1000] Steps: 720 | Reward:   38.32 | Battery:  78.64% | Loss: 10.1512
Placing Sensors
[Episode 991/1000] Steps: 720 | Reward:   41.99 | Battery:  79.07% | Loss: 
Placing Sensors
[Episode 992/1000] Steps: 720 | Reward:   40.41 | Battery:  79.12% | Loss: 
Placing Sensors
[Episode 993/1000] Steps: 720 | Reward:   43.77 | Battery:  79.01% | Loss: 
Placing Sensors
[Episode 994/1000] Steps: 720 | Reward:   37.17 | Battery:  79.05% | Loss: 
Placing Sensors
[Episode 995/1000] Steps: 720 | Reward:   44.76 | Battery:  79.05% | Loss: 9.6079
Placing Sensors
[Episode 996/1000] Steps: 720 | Reward:   41.61 | Battery:  78.83% | Loss: 
Placing Sensors
[Episode 997/1000] Steps: 720 | Reward:   39.20 | Battery:  79.03% | Loss: 
Placing Sensors
[Episode 998/1000] Steps: 720 | Reward:   40.22 | Battery:  78.97% | Loss: 
Placing Sensors
[Episode 999/1000] Steps: 720 | Reward:   40.65 | Battery:  78.96% | Loss: 
Placing Sensors
[Episode 1000/1000] Steps: 720 | Reward:   41.16 | Battery:  79.07% | Loss: 9.5584
Placing Sensors

==============================
FINAL EVALUATION COMPLETE
==============================

==============================
FINAL EVALUATION COMPLETE
==============================
Total Steps Performed: 720
Final Battery Level: 78.46%
